[2024-06-19 19:19:37,045][utils.model][INFO] - LeNet model built
[2024-06-19 19:19:37,616][utils.model][INFO] - Size of serialized model: 279.0341796875 kbytes
[2024-06-19 19:19:37,623][flwr][INFO] - Opened insecure gRPC connection (no certificates were passed)
[2024-06-19 19:19:37,625][flwr][DEBUG] - ChannelConnectivity.IDLE
[2024-06-19 19:19:37,626][flwr][DEBUG] - ChannelConnectivity.CONNECTING
[2024-06-19 19:19:37,627][flwr][DEBUG] - ChannelConnectivity.READY
[2024-06-19 19:19:45,403][utils.model][INFO] - ========================== Epoch Start ==========================
[2024-06-19 19:19:46,393][utils.model][INFO] - (In epoch/Overall): (1/1)| inst_loss: 0.9871 - Mean loss: 2.2989 - acc: 0.0625 - norm: 0.16 - 2.30s
[2024-06-19 19:19:46,936][utils.model][INFO] - (In epoch/Overall): (11/11)| inst_loss: 1.5309 - Mean loss: 2.1444 - acc: 0.2727 - norm: 1.98 - 1.86s
[2024-06-19 19:19:47,485][utils.model][INFO] - (In epoch/Overall): (21/21)| inst_loss: 2.0782 - Mean loss: 1.9527 - acc: 0.3571 - norm: 4.17 - 1.61s
[2024-06-19 19:19:47,728][utils.model][INFO] - Epoch Results:
[2024-06-19 19:19:47,731][utils.model][INFO] - (In epoch/Overall): (25/25)| inst_loss: 1.2829 - Mean loss: 1.8553 - acc: 0.4038 - norm: 5.02 - 2.33s
[2024-06-19 19:19:49,622][utils.model][INFO] - Evaluation Results - Val Loss: 1.2643, Val Accuracy: 0.6590 in 32 steps
[2024-06-19 19:19:54,336][utils.model][INFO] - ========================== Epoch Start ==========================
[2024-06-19 19:19:54,449][utils.model][INFO] - (In epoch/Overall): (1/26)| inst_loss: 0.1118 - Mean loss: 1.2663 - acc: 0.7500 - norm: 0.06 - 1.27s
[2024-06-19 19:19:54,953][utils.model][INFO] - (In epoch/Overall): (11/36)| inst_loss: 0.6157 - Mean loss: 1.1331 - acc: 0.6705 - norm: 0.68 - 1.15s
[2024-06-19 19:19:55,413][utils.model][INFO] - (In epoch/Overall): (21/46)| inst_loss: 1.0759 - Mean loss: 1.0286 - acc: 0.6905 - norm: 1.38 - 0.68s
[2024-06-19 19:19:56,004][utils.model][INFO] - (In epoch/Overall): (31/56)| inst_loss: 1.6656 - Mean loss: 0.9305 - acc: 0.7238 - norm: 2.07 - 0.67s
[2024-06-19 19:19:56,599][utils.model][INFO] - (In epoch/Overall): (41/66)| inst_loss: 2.2613 - Mean loss: 0.8529 - acc: 0.7470 - norm: 2.88 - 0.63s
[2024-06-19 19:19:57,132][utils.model][INFO] - (In epoch/Overall): (51/76)| inst_loss: 2.7944 - Mean loss: 0.7792 - acc: 0.7678 - norm: 3.72 - 0.41s
[2024-06-19 19:19:57,672][utils.model][INFO] - (In epoch/Overall): (61/86)| inst_loss: 3.3345 - Mean loss: 0.7522 - acc: 0.7705 - norm: 4.34 - 0.61s
[2024-06-19 19:19:58,208][utils.model][INFO] - (In epoch/Overall): (71/96)| inst_loss: 3.8708 - Mean loss: 0.7126 - acc: 0.7857 - norm: 5.05 - 0.50s
[2024-06-19 19:19:58,214][utils.model][INFO] - Epoch Results:
[2024-06-19 19:19:58,217][utils.model][INFO] - (In epoch/Overall): (71/96)| inst_loss: 0.5036 - Mean loss: 0.7126 - acc: 0.7857 - norm: 5.05 - 3.88s
[2024-06-19 19:19:59,813][utils.model][INFO] - Evaluation Results - Val Loss: 0.4115, Val Accuracy: 0.8685 in 32 steps
[2024-06-19 19:20:04,292][utils.model][INFO] - ========================== Epoch Start ==========================
[2024-06-19 19:20:04,417][utils.model][INFO] - (In epoch/Overall): (1/97)| inst_loss: 0.1230 - Mean loss: 0.1643 - acc: 0.9375 - norm: 0.01 - 0.16s
[2024-06-19 19:20:05,049][utils.model][INFO] - (In epoch/Overall): (11/107)| inst_loss: 0.7544 - Mean loss: 0.4472 - acc: 0.8608 - norm: 0.18 - 0.43s
[2024-06-19 19:20:05,618][utils.model][INFO] - (In epoch/Overall): (21/117)| inst_loss: 1.3241 - Mean loss: 0.4491 - acc: 0.8512 - norm: 0.38 - 0.35s
[2024-06-19 19:20:06,277][utils.model][INFO] - (In epoch/Overall): (31/127)| inst_loss: 1.9829 - Mean loss: 0.4217 - acc: 0.8619 - norm: 0.63 - 0.70s
[2024-06-19 19:20:06,879][utils.model][INFO] - (In epoch/Overall): (41/137)| inst_loss: 2.5851 - Mean loss: 0.4136 - acc: 0.8643 - norm: 0.87 - 0.34s
[2024-06-19 19:20:07,393][utils.model][INFO] - (In epoch/Overall): (51/147)| inst_loss: 3.0999 - Mean loss: 0.4165 - acc: 0.8689 - norm: 1.17 - 0.37s
[2024-06-19 19:20:07,909][utils.model][INFO] - (In epoch/Overall): (61/157)| inst_loss: 3.6153 - Mean loss: 0.4028 - acc: 0.8740 - norm: 1.48 - 0.45s
[2024-06-19 19:20:08,546][utils.model][INFO] - (In epoch/Overall): (71/167)| inst_loss: 4.2512 - Mean loss: 0.3952 - acc: 0.8750 - norm: 1.84 - 0.26s
[2024-06-19 19:20:09,240][utils.model][INFO] - (In epoch/Overall): (81/177)| inst_loss: 4.9454 - Mean loss: 0.3939 - acc: 0.8789 - norm: 2.22 - 0.22s
[2024-06-19 19:20:09,784][utils.model][INFO] - (In epoch/Overall): (91/187)| inst_loss: 5.4902 - Mean loss: 0.3850 - acc: 0.8805 - norm: 2.77 - 0.41s
[2024-06-19 19:20:10,385][utils.model][INFO] - (In epoch/Overall): (101/197)| inst_loss: 6.0874 - Mean loss: 0.3769 - acc: 0.8827 - norm: 3.20 - 0.44s
[2024-06-19 19:20:10,990][utils.model][INFO] - (In epoch/Overall): (111/207)| inst_loss: 6.6962 - Mean loss: 0.3714 - acc: 0.8834 - norm: 3.61 - 0.45s
[2024-06-19 19:20:11,614][utils.model][INFO] - (In epoch/Overall): (121/217)| inst_loss: 7.3209 - Mean loss: 0.3676 - acc: 0.8843 - norm: 4.16 - 0.39s
[2024-06-19 19:20:12,107][utils.model][INFO] - (In epoch/Overall): (131/227)| inst_loss: 7.8133 - Mean loss: 0.3621 - acc: 0.8872 - norm: 4.64 - 0.41s
[2024-06-19 19:20:12,494][utils.model][INFO] - Epoch Results:
[2024-06-19 19:20:12,497][utils.model][INFO] - (In epoch/Overall): (138/234)| inst_loss: 0.2522 - Mean loss: 0.3554 - acc: 0.8893 - norm: 4.94 - 8.20s
[2024-06-19 19:20:14,279][utils.model][INFO] - Evaluation Results - Val Loss: 0.2082, Val Accuracy: 0.9360 in 32 steps
[2024-06-19 19:20:19,477][utils.model][INFO] - ========================== Epoch Start ==========================
[2024-06-19 19:20:19,676][utils.model][INFO] - (In epoch/Overall): (1/235)| inst_loss: 0.1953 - Mean loss: 0.0875 - acc: 0.9688 - norm: 0.01 - 0.09s
[2024-06-19 19:20:20,443][utils.model][INFO] - (In epoch/Overall): (11/245)| inst_loss: 0.9626 - Mean loss: 0.2052 - acc: 0.9347 - norm: 0.25 - 0.14s
[2024-06-19 19:20:21,143][utils.model][INFO] - (In epoch/Overall): (21/255)| inst_loss: 1.6623 - Mean loss: 0.2590 - acc: 0.9211 - norm: 0.49 - 0.52s
[2024-06-19 19:20:21,891][utils.model][INFO] - (In epoch/Overall): (31/265)| inst_loss: 2.4128 - Mean loss: 0.2653 - acc: 0.9244 - norm: 0.65 - 0.13s
[2024-06-19 19:20:22,431][utils.model][INFO] - (In epoch/Overall): (41/275)| inst_loss: 2.9512 - Mean loss: 0.2357 - acc: 0.9306 - norm: 0.80 - 0.19s
[2024-06-19 19:20:23,018][utils.model][INFO] - (In epoch/Overall): (51/285)| inst_loss: 3.5381 - Mean loss: 0.2297 - acc: 0.9326 - norm: 1.04 - 0.34s
[2024-06-19 19:20:23,613][utils.model][INFO] - (In epoch/Overall): (61/295)| inst_loss: 4.1339 - Mean loss: 0.2251 - acc: 0.9324 - norm: 1.34 - 0.11s
[2024-06-19 19:20:24,248][utils.model][INFO] - (In epoch/Overall): (71/305)| inst_loss: 4.7697 - Mean loss: 0.2219 - acc: 0.9327 - norm: 1.60 - 0.22s
[2024-06-19 19:20:24,793][utils.model][INFO] - (In epoch/Overall): (81/315)| inst_loss: 5.3141 - Mean loss: 0.2241 - acc: 0.9325 - norm: 1.94 - 0.32s
[2024-06-19 19:20:25,490][utils.model][INFO] - (In epoch/Overall): (91/325)| inst_loss: 6.0118 - Mean loss: 0.2222 - acc: 0.9341 - norm: 2.09 - 0.03s
[2024-06-19 19:20:26,078][utils.model][INFO] - (In epoch/Overall): (101/335)| inst_loss: 6.5992 - Mean loss: 0.2134 - acc: 0.9366 - norm: 2.37 - 0.10s
[2024-06-19 19:20:26,666][utils.model][INFO] - (In epoch/Overall): (111/345)| inst_loss: 7.1878 - Mean loss: 0.2133 - acc: 0.9361 - norm: 2.77 - 0.27s
[2024-06-19 19:20:27,213][utils.model][INFO] - (In epoch/Overall): (121/355)| inst_loss: 7.7331 - Mean loss: 0.2134 - acc: 0.9360 - norm: 3.08 - 0.30s
[2024-06-19 19:20:27,824][utils.model][INFO] - (In epoch/Overall): (131/365)| inst_loss: 8.3439 - Mean loss: 0.2100 - acc: 0.9365 - norm: 3.40 - 0.31s
[2024-06-19 19:20:28,369][utils.model][INFO] - (In epoch/Overall): (141/375)| inst_loss: 8.8894 - Mean loss: 0.2070 - acc: 0.9375 - norm: 3.68 - 0.26s
[2024-06-19 19:20:28,921][utils.model][INFO] - (In epoch/Overall): (151/385)| inst_loss: 9.4431 - Mean loss: 0.2061 - acc: 0.9373 - norm: 3.98 - 0.18s
[2024-06-19 19:20:29,592][utils.model][INFO] - (In epoch/Overall): (161/395)| inst_loss: 10.1128 - Mean loss: 0.2044 - acc: 0.9379 - norm: 4.24 - 0.07s
[2024-06-19 19:20:30,406][utils.model][INFO] - (In epoch/Overall): (171/405)| inst_loss: 10.9270 - Mean loss: 0.2025 - acc: 0.9377 - norm: 4.60 - 0.21s
[2024-06-19 19:20:31,051][utils.model][INFO] - (In epoch/Overall): (181/415)| inst_loss: 11.5714 - Mean loss: 0.1987 - acc: 0.9391 - norm: 4.94 - 0.11s
[2024-06-19 19:20:31,442][utils.model][INFO] - Epoch Results:
[2024-06-19 19:20:31,448][utils.model][INFO] - (In epoch/Overall): (186/420)| inst_loss: 0.0357 - Mean loss: 0.1999 - acc: 0.9395 - norm: 5.08 - 11.97s
[2024-06-19 19:20:33,419][utils.model][INFO] - Evaluation Results - Val Loss: 0.1223, Val Accuracy: 0.9625 in 32 steps
[2024-06-19 19:20:38,224][utils.model][INFO] - ========================== Epoch Start ==========================
[2024-06-19 19:20:38,429][utils.model][INFO] - (In epoch/Overall): (1/421)| inst_loss: 0.2031 - Mean loss: 0.2723 - acc: 0.9062 - norm: 0.04 - 0.27s
[2024-06-19 19:20:39,003][utils.model][INFO] - (In epoch/Overall): (11/431)| inst_loss: 0.7770 - Mean loss: 0.1804 - acc: 0.9489 - norm: 0.24 - 0.09s
[2024-06-19 19:20:39,536][utils.model][INFO] - (In epoch/Overall): (21/441)| inst_loss: 1.3101 - Mean loss: 0.1716 - acc: 0.9420 - norm: 0.46 - 0.24s
[2024-06-19 19:20:40,061][utils.model][INFO] - (In epoch/Overall): (31/451)| inst_loss: 1.8351 - Mean loss: 0.1645 - acc: 0.9435 - norm: 0.60 - 0.04s
[2024-06-19 19:20:40,570][utils.model][INFO] - (In epoch/Overall): (41/461)| inst_loss: 2.3442 - Mean loss: 0.1589 - acc: 0.9459 - norm: 0.75 - 0.07s
[2024-06-19 19:20:41,107][utils.model][INFO] - (In epoch/Overall): (51/471)| inst_loss: 2.8802 - Mean loss: 0.1550 - acc: 0.9485 - norm: 0.85 - 0.05s
[2024-06-19 19:20:41,617][utils.model][INFO] - (In epoch/Overall): (61/481)| inst_loss: 3.3917 - Mean loss: 0.1510 - acc: 0.9503 - norm: 1.11 - 0.21s
[2024-06-19 19:20:42,105][utils.model][INFO] - (In epoch/Overall): (71/491)| inst_loss: 3.8801 - Mean loss: 0.1562 - acc: 0.9489 - norm: 1.29 - 0.05s
[2024-06-19 19:20:42,670][utils.model][INFO] - (In epoch/Overall): (81/501)| inst_loss: 4.4445 - Mean loss: 0.1511 - acc: 0.9510 - norm: 1.46 - 0.24s
[2024-06-19 19:20:43,264][utils.model][INFO] - (In epoch/Overall): (91/511)| inst_loss: 5.0373 - Mean loss: 0.1520 - acc: 0.9512 - norm: 1.67 - 0.19s
[2024-06-19 19:20:43,915][utils.model][INFO] - (In epoch/Overall): (101/521)| inst_loss: 5.6896 - Mean loss: 0.1459 - acc: 0.9533 - norm: 1.85 - 0.07s
[2024-06-19 19:20:44,434][utils.model][INFO] - (In epoch/Overall): (111/531)| inst_loss: 6.2083 - Mean loss: 0.1444 - acc: 0.9535 - norm: 2.15 - 0.31s
[2024-06-19 19:20:45,018][utils.model][INFO] - (In epoch/Overall): (121/541)| inst_loss: 6.7923 - Mean loss: 0.1457 - acc: 0.9533 - norm: 2.34 - 0.30s
[2024-06-19 19:20:45,606][utils.model][INFO] - (In epoch/Overall): (131/551)| inst_loss: 7.3809 - Mean loss: 0.1474 - acc: 0.9535 - norm: 2.55 - 0.05s
[2024-06-19 19:20:46,240][utils.model][INFO] - (In epoch/Overall): (141/561)| inst_loss: 8.0130 - Mean loss: 0.1512 - acc: 0.9515 - norm: 2.77 - 0.34s
[2024-06-19 19:20:46,828][utils.model][INFO] - (In epoch/Overall): (151/571)| inst_loss: 8.6013 - Mean loss: 0.1496 - acc: 0.9520 - norm: 2.95 - 0.10s
[2024-06-19 19:20:47,390][utils.model][INFO] - (In epoch/Overall): (161/581)| inst_loss: 9.1649 - Mean loss: 0.1488 - acc: 0.9528 - norm: 3.19 - 0.25s
[2024-06-19 19:20:48,048][utils.model][INFO] - (In epoch/Overall): (171/591)| inst_loss: 9.8219 - Mean loss: 0.1453 - acc: 0.9539 - norm: 3.41 - 0.12s
[2024-06-19 19:20:48,628][utils.model][INFO] - (In epoch/Overall): (181/601)| inst_loss: 10.4025 - Mean loss: 0.1445 - acc: 0.9544 - norm: 3.73 - 0.13s
[2024-06-19 19:20:49,253][utils.model][INFO] - (In epoch/Overall): (191/611)| inst_loss: 11.0275 - Mean loss: 0.1423 - acc: 0.9552 - norm: 4.05 - 0.12s
[2024-06-19 19:20:49,756][utils.model][INFO] - (In epoch/Overall): (201/621)| inst_loss: 11.5304 - Mean loss: 0.1417 - acc: 0.9551 - norm: 4.36 - 0.15s
[2024-06-19 19:20:50,265][utils.model][INFO] - (In epoch/Overall): (211/631)| inst_loss: 12.0396 - Mean loss: 0.1420 - acc: 0.9553 - norm: 4.57 - 0.05s
[2024-06-19 19:20:50,743][utils.model][INFO] - (In epoch/Overall): (221/641)| inst_loss: 12.5177 - Mean loss: 0.1403 - acc: 0.9562 - norm: 4.84 - 0.10s
[2024-06-19 19:20:50,944][utils.model][INFO] - Epoch Results:
[2024-06-19 19:20:50,948][utils.model][INFO] - (In epoch/Overall): (225/645)| inst_loss: 0.0097 - Mean loss: 0.1383 - acc: 0.9568 - norm: 4.93 - 12.72s
[2024-06-19 19:20:52,450][utils.model][INFO] - Evaluation Results - Val Loss: 0.1033, Val Accuracy: 0.9670 in 32 steps
[2024-06-19 19:20:52,883][flwr][DEBUG] - gRPC channel closed
[2024-06-19 19:20:52,883][flwr][INFO] - Disconnect and shut down
