[2024-06-19 02:27:08,132][root][INFO] - Initialized DataManager for experiment exp_20240619_022708
[2024-06-19 02:27:08,133][flwr][INFO] - Starting Flower server, config: ServerConfig(num_rounds=5, round_timeout=None)
[2024-06-19 02:27:08,135][flwr][INFO] - Flower ECE: gRPC server running (5 rounds), SSL is disabled
[2024-06-19 02:27:08,135][flwr][INFO] - Initializing global parameters
[2024-06-19 02:27:08,135][flwr][INFO] - Requesting initial parameters from one random client
[2024-06-19 02:27:14,863][flwr][INFO] - Received initial parameters from one random client
[2024-06-19 02:27:14,864][flwr][INFO] - Evaluating initial parameters
[2024-06-19 02:27:14,986][utils.model][INFO] - LeNet model built
[2024-06-19 02:27:15,249][utils.model][INFO] - Size of serialized model: 279.0341796875 kbytes
[2024-06-19 02:27:15,343][utils.model][INFO] - Step 1/40 - val_loss: 2.3069 - val_accuracy: 0.0977
[2024-06-19 02:27:15,365][utils.model][INFO] - Step 2/40 - val_loss: 2.2999 - val_accuracy: 0.0801
[2024-06-19 02:27:15,385][utils.model][INFO] - Step 3/40 - val_loss: 2.2990 - val_accuracy: 0.0833
[2024-06-19 02:27:15,410][utils.model][INFO] - Step 4/40 - val_loss: 2.2958 - val_accuracy: 0.0947
[2024-06-19 02:27:15,435][utils.model][INFO] - Step 5/40 - val_loss: 2.2964 - val_accuracy: 0.1000
[2024-06-19 02:27:15,459][utils.model][INFO] - Step 6/40 - val_loss: 2.2973 - val_accuracy: 0.1022
[2024-06-19 02:27:15,479][utils.model][INFO] - Step 7/40 - val_loss: 2.2973 - val_accuracy: 0.1038
[2024-06-19 02:27:15,498][utils.model][INFO] - Step 8/40 - val_loss: 2.2970 - val_accuracy: 0.1040
[2024-06-19 02:27:15,517][utils.model][INFO] - Step 9/40 - val_loss: 2.2976 - val_accuracy: 0.1024
[2024-06-19 02:27:15,537][utils.model][INFO] - Step 10/40 - val_loss: 2.2979 - val_accuracy: 0.1023
[2024-06-19 02:27:15,557][utils.model][INFO] - Step 11/40 - val_loss: 2.2984 - val_accuracy: 0.1016
[2024-06-19 02:27:15,576][utils.model][INFO] - Step 12/40 - val_loss: 2.2986 - val_accuracy: 0.1009
[2024-06-19 02:27:15,594][utils.model][INFO] - Step 13/40 - val_loss: 2.2978 - val_accuracy: 0.1034
[2024-06-19 02:27:15,615][utils.model][INFO] - Step 14/40 - val_loss: 2.2982 - val_accuracy: 0.1024
[2024-06-19 02:27:15,634][utils.model][INFO] - Step 15/40 - val_loss: 2.2984 - val_accuracy: 0.1016
[2024-06-19 02:27:15,658][utils.model][INFO] - Step 16/40 - val_loss: 2.2988 - val_accuracy: 0.1001
[2024-06-19 02:27:15,681][utils.model][INFO] - Step 17/40 - val_loss: 2.2982 - val_accuracy: 0.0995
[2024-06-19 02:27:15,703][utils.model][INFO] - Step 18/40 - val_loss: 2.2984 - val_accuracy: 0.1003
[2024-06-19 02:27:15,725][utils.model][INFO] - Step 19/40 - val_loss: 2.2985 - val_accuracy: 0.1005
[2024-06-19 02:27:15,746][utils.model][INFO] - Step 20/40 - val_loss: 2.2988 - val_accuracy: 0.1004
[2024-06-19 02:27:15,768][utils.model][INFO] - Step 21/40 - val_loss: 2.2992 - val_accuracy: 0.1023
[2024-06-19 02:27:15,791][utils.model][INFO] - Step 22/40 - val_loss: 2.2992 - val_accuracy: 0.1026
[2024-06-19 02:27:15,814][utils.model][INFO] - Step 23/40 - val_loss: 2.2990 - val_accuracy: 0.1022
[2024-06-19 02:27:15,838][utils.model][INFO] - Step 24/40 - val_loss: 2.2989 - val_accuracy: 0.1021
[2024-06-19 02:27:15,862][utils.model][INFO] - Step 25/40 - val_loss: 2.2988 - val_accuracy: 0.1011
[2024-06-19 02:27:15,885][utils.model][INFO] - Step 26/40 - val_loss: 2.2988 - val_accuracy: 0.1028
[2024-06-19 02:27:15,907][utils.model][INFO] - Step 27/40 - val_loss: 2.2989 - val_accuracy: 0.1043
[2024-06-19 02:27:15,928][utils.model][INFO] - Step 28/40 - val_loss: 2.2993 - val_accuracy: 0.1051
[2024-06-19 02:27:15,948][utils.model][INFO] - Step 29/40 - val_loss: 2.2992 - val_accuracy: 0.1057
[2024-06-19 02:27:15,967][utils.model][INFO] - Step 30/40 - val_loss: 2.2993 - val_accuracy: 0.1061
[2024-06-19 02:27:15,984][utils.model][INFO] - Step 31/40 - val_loss: 2.2993 - val_accuracy: 0.1075
[2024-06-19 02:27:16,001][utils.model][INFO] - Step 32/40 - val_loss: 2.2994 - val_accuracy: 0.1074
[2024-06-19 02:27:16,019][utils.model][INFO] - Step 33/40 - val_loss: 2.2993 - val_accuracy: 0.1101
[2024-06-19 02:27:16,037][utils.model][INFO] - Step 34/40 - val_loss: 2.2993 - val_accuracy: 0.1094
[2024-06-19 02:27:16,055][utils.model][INFO] - Step 35/40 - val_loss: 2.2995 - val_accuracy: 0.1103
[2024-06-19 02:27:16,076][utils.model][INFO] - Step 36/40 - val_loss: 2.2994 - val_accuracy: 0.1106
[2024-06-19 02:27:16,095][utils.model][INFO] - Step 37/40 - val_loss: 2.2994 - val_accuracy: 0.1109
[2024-06-19 02:27:16,114][utils.model][INFO] - Step 38/40 - val_loss: 2.2994 - val_accuracy: 0.1122
[2024-06-19 02:27:16,133][utils.model][INFO] - Step 39/40 - val_loss: 2.2995 - val_accuracy: 0.1131
[2024-06-19 02:27:16,142][utils.model][INFO] - Step 40/40 - val_loss: 2.2995 - val_accuracy: 0.1133
[2024-06-19 02:27:16,143][utils.model][INFO] - Evaluation Results - Val Loss: 2.2995, Val Accuracy: 0.1133 in 40 steps
[2024-06-19 02:27:16,145][flwr][INFO] - initial parameters (loss, other metrics): 2.2994664, {'accuracy': 0.1133}
[2024-06-19 02:27:16,146][flwr][INFO] - FL starting
[2024-06-19 02:27:20,413][flwr][DEBUG] - fit_round 1: strategy sampled 3 clients (out of 3)
[2024-06-19 02:27:21,868][flwr][DEBUG] - fit_round 1 received 3 results and 0 failures
[2024-06-19 02:27:21,940][utils.model][INFO] - LeNet model built
[2024-06-19 02:27:22,058][utils.model][INFO] - Size of serialized model: 279.0341796875 kbytes
[2024-06-19 02:27:22,092][utils.model][INFO] - Step 1/40 - val_loss: 1.4264 - val_accuracy: 0.6016
[2024-06-19 02:27:22,114][utils.model][INFO] - Step 2/40 - val_loss: 1.4251 - val_accuracy: 0.5957
[2024-06-19 02:27:22,136][utils.model][INFO] - Step 3/40 - val_loss: 1.4201 - val_accuracy: 0.6042
[2024-06-19 02:27:22,157][utils.model][INFO] - Step 4/40 - val_loss: 1.3923 - val_accuracy: 0.6182
[2024-06-19 02:27:22,177][utils.model][INFO] - Step 5/40 - val_loss: 1.4090 - val_accuracy: 0.6125
[2024-06-19 02:27:22,199][utils.model][INFO] - Step 6/40 - val_loss: 1.4156 - val_accuracy: 0.6061
[2024-06-19 02:27:22,220][utils.model][INFO] - Step 7/40 - val_loss: 1.4222 - val_accuracy: 0.6038
[2024-06-19 02:27:22,239][utils.model][INFO] - Step 8/40 - val_loss: 1.4115 - val_accuracy: 0.6143
[2024-06-19 02:27:22,258][utils.model][INFO] - Step 9/40 - val_loss: 1.4191 - val_accuracy: 0.6102
[2024-06-19 02:27:22,276][utils.model][INFO] - Step 10/40 - val_loss: 1.4203 - val_accuracy: 0.6074
[2024-06-19 02:27:22,295][utils.model][INFO] - Step 11/40 - val_loss: 1.4176 - val_accuracy: 0.6087
[2024-06-19 02:27:22,315][utils.model][INFO] - Step 12/40 - val_loss: 1.4178 - val_accuracy: 0.6090
[2024-06-19 02:27:22,334][utils.model][INFO] - Step 13/40 - val_loss: 1.4117 - val_accuracy: 0.6124
[2024-06-19 02:27:22,353][utils.model][INFO] - Step 14/40 - val_loss: 1.4141 - val_accuracy: 0.6105
[2024-06-19 02:27:22,374][utils.model][INFO] - Step 15/40 - val_loss: 1.4127 - val_accuracy: 0.6112
[2024-06-19 02:27:22,398][utils.model][INFO] - Step 16/40 - val_loss: 1.4138 - val_accuracy: 0.6104
[2024-06-19 02:27:22,425][utils.model][INFO] - Step 17/40 - val_loss: 1.4162 - val_accuracy: 0.6089
[2024-06-19 02:27:22,445][utils.model][INFO] - Step 18/40 - val_loss: 1.4215 - val_accuracy: 0.6070
[2024-06-19 02:27:22,465][utils.model][INFO] - Step 19/40 - val_loss: 1.4223 - val_accuracy: 0.6055
[2024-06-19 02:27:22,486][utils.model][INFO] - Step 20/40 - val_loss: 1.4191 - val_accuracy: 0.6043
[2024-06-19 02:27:22,509][utils.model][INFO] - Step 21/40 - val_loss: 1.4089 - val_accuracy: 0.6097
[2024-06-19 02:27:22,532][utils.model][INFO] - Step 22/40 - val_loss: 1.4048 - val_accuracy: 0.6099
[2024-06-19 02:27:22,555][utils.model][INFO] - Step 23/40 - val_loss: 1.3986 - val_accuracy: 0.6136
[2024-06-19 02:27:22,576][utils.model][INFO] - Step 24/40 - val_loss: 1.3985 - val_accuracy: 0.6133
[2024-06-19 02:27:22,597][utils.model][INFO] - Step 25/40 - val_loss: 1.3874 - val_accuracy: 0.6200
[2024-06-19 02:27:22,616][utils.model][INFO] - Step 26/40 - val_loss: 1.3850 - val_accuracy: 0.6214
[2024-06-19 02:27:22,636][utils.model][INFO] - Step 27/40 - val_loss: 1.3858 - val_accuracy: 0.6202
[2024-06-19 02:27:22,655][utils.model][INFO] - Step 28/40 - val_loss: 1.3869 - val_accuracy: 0.6173
[2024-06-19 02:27:22,672][utils.model][INFO] - Step 29/40 - val_loss: 1.3863 - val_accuracy: 0.6176
[2024-06-19 02:27:22,689][utils.model][INFO] - Step 30/40 - val_loss: 1.3866 - val_accuracy: 0.6168
[2024-06-19 02:27:22,708][utils.model][INFO] - Step 31/40 - val_loss: 1.3826 - val_accuracy: 0.6178
[2024-06-19 02:27:22,725][utils.model][INFO] - Step 32/40 - val_loss: 1.3792 - val_accuracy: 0.6195
[2024-06-19 02:27:22,744][utils.model][INFO] - Step 33/40 - val_loss: 1.3752 - val_accuracy: 0.6214
[2024-06-19 02:27:22,762][utils.model][INFO] - Step 34/40 - val_loss: 1.3702 - val_accuracy: 0.6248
[2024-06-19 02:27:22,780][utils.model][INFO] - Step 35/40 - val_loss: 1.3630 - val_accuracy: 0.6277
[2024-06-19 02:27:22,798][utils.model][INFO] - Step 36/40 - val_loss: 1.3627 - val_accuracy: 0.6264
[2024-06-19 02:27:22,817][utils.model][INFO] - Step 37/40 - val_loss: 1.3592 - val_accuracy: 0.6295
[2024-06-19 02:27:22,836][utils.model][INFO] - Step 38/40 - val_loss: 1.3604 - val_accuracy: 0.6290
[2024-06-19 02:27:22,855][utils.model][INFO] - Step 39/40 - val_loss: 1.3641 - val_accuracy: 0.6284
[2024-06-19 02:27:22,864][utils.model][INFO] - Step 40/40 - val_loss: 1.3600 - val_accuracy: 0.6284
[2024-06-19 02:27:22,865][utils.model][INFO] - Evaluation Results - Val Loss: 1.3600, Val Accuracy: 0.6284 in 40 steps
[2024-06-19 02:27:22,867][flwr][INFO] - fit progress: (1, 1.3599565, {'accuracy': 0.6284}, 6.721188698000333)
[2024-06-19 02:27:22,867][flwr][DEBUG] - evaluate_round 1: strategy sampled 3 clients (out of 3)
[2024-06-19 02:27:23,507][flwr][DEBUG] - evaluate_round 1 received 3 results and 0 failures
[2024-06-19 02:27:23,509][root][INFO] - Added epoch data: {'round': 1, 'epoch_steps': 23, 'total_steps': 23, 'l2_norm': 4.806947231292725, 'total_computation_time': 1.2156941890716553, 'total_rtc_check_time': 0.06475750001118286, 'total_duration': 1.4208481311798096, 'val_loss': 1.4062505960464478, 'val_accuracy': 0.5924999713897705, 'experiment_id': 'exp_20240619_022708'}
[2024-06-19 02:27:23,516][root][INFO] - Epoch data saved to /home/psklavos/fl/geom_aio/geom/exp_20240619_022708/clients/client_0/epoch.csv
[2024-06-19 02:27:23,531][root][INFO] - Added training data List. New Data Added: 23
[2024-06-19 02:27:23,532][root][INFO] - Training data saved to /home/psklavos/fl/geom_aio/geom/exp_20240619_022708/clients/client_0/training.csv
