[2024-03-03 13:32:18,726][flwr][INFO] - Starting Flower server, config: ServerConfig(num_rounds=3, round_timeout=None)
[2024-03-03 13:32:18,738][flwr][INFO] - Flower ECE: gRPC server running (3 rounds), SSL is disabled
[2024-03-03 13:32:18,739][flwr][INFO] - Initializing global parameters
[2024-03-03 13:32:18,741][flwr][INFO] - Requesting initial parameters from one random client
[2024-03-03 13:32:19,178][flwr][INFO] - Received initial parameters from one random client
[2024-03-03 13:32:19,178][flwr][INFO] - Evaluating initial parameters
[2024-03-03 13:32:19,178][flwr][INFO] - FL starting
[2024-03-03 13:32:47,020][flwr][DEBUG] - fit_round 1: strategy sampled 2 clients (out of 4)
[2024-03-03 13:33:02,686][flwr][DEBUG] - fit_round 1 received 2 results and 0 failures
[2024-03-03 13:33:02,698][flwr][DEBUG] - evaluate_round 1: strategy sampled 2 clients (out of 4)
[2024-03-03 13:33:06,571][flwr][DEBUG] - evaluate_round 1 received 2 results and 0 failures
[2024-03-03 13:33:41,355][flwr][DEBUG] - fit_round 2: strategy sampled 3 clients (out of 4)
[2024-03-03 13:34:00,061][flwr][DEBUG] - fit_round 2 received 3 results and 0 failures
[2024-03-03 13:34:00,078][flwr][DEBUG] - evaluate_round 2: strategy sampled 2 clients (out of 4)
[2024-03-03 13:34:03,482][flwr][DEBUG] - evaluate_round 2 received 2 results and 0 failures
[2024-03-03 13:34:37,117][flwr][DEBUG] - fit_round 3: strategy sampled 3 clients (out of 4)
[2024-03-03 13:34:57,464][flwr][DEBUG] - fit_round 3 received 3 results and 0 failures
[2024-03-03 13:34:57,477][flwr][DEBUG] - evaluate_round 3: strategy sampled 2 clients (out of 4)
[2024-03-03 13:35:00,867][flwr][DEBUG] - evaluate_round 3 received 2 results and 0 failures
[2024-03-03 13:35:00,867][flwr][INFO] - FL finished in 161.6886748259967
[2024-03-03 13:35:00,868][flwr][INFO] - app_fit: losses_distributed [(1, 0.9655609130859375), (2, 0.37788665294647217), (3, 0.23485015332698822)]
[2024-03-03 13:35:00,868][flwr][INFO] - app_fit: metrics_distributed_fit {'average_norm': [(1, 23.984137535095215), (2, 16.3285338083903), (3, 14.742504119873047)], 'round_time': [(1, 6.962520174), (2, 7.79711718), (3, 10.137599205)], 'average_throughput': [(1, 1963.7827424161876), (2, 1832.5992545379024), (3, 1614.9357825932368)], 'dropouts': [(1, 0), (2, 0), (3, 0)]}
[2024-03-03 13:35:00,868][flwr][INFO] - app_fit: metrics_distributed {'accuracy': [(1, 0.6891999840736389), (2, 0.8844000101089478), (3, 0.932200014591217)]}
[2024-03-03 13:35:00,868][flwr][INFO] - app_fit: losses_centralized []
[2024-03-03 13:35:00,869][flwr][INFO] - app_fit: metrics_centralized {}
