[2024-06-22 17:25:16,254][utils.model][INFO] - LeNet model built
[2024-06-22 17:25:16,362][utils.model][INFO] - LeNet model built
[2024-06-22 17:25:16,772][utils.model][INFO] - Size of serialized model: 279.0341796875 kbytes
[2024-06-22 17:25:16,797][flwr][INFO] - Opened insecure gRPC connection (no certificates were passed)
[2024-06-22 17:25:16,800][flwr][DEBUG] - ChannelConnectivity.IDLE
[2024-06-22 17:25:16,803][flwr][DEBUG] - ChannelConnectivity.CONNECTING
[2024-06-22 17:25:16,806][flwr][DEBUG] - ChannelConnectivity.READY
[2024-06-22 17:25:16,895][utils.model][INFO] - Size of serialized model: 279.0341796875 kbytes
[2024-06-22 17:25:16,925][flwr][INFO] - Opened insecure gRPC connection (no certificates were passed)
[2024-06-22 17:25:16,928][flwr][DEBUG] - ChannelConnectivity.IDLE
[2024-06-22 17:25:16,933][flwr][DEBUG] - ChannelConnectivity.READY
[2024-06-22 17:25:25,037][utils.model][INFO] - ========================== Epoch Start ==========================
[2024-06-22 17:25:25,038][utils.model][INFO] - ========================== Epoch Start ==========================
[2024-06-22 17:25:25,565][utils.model][INFO] - (In epoch/Overall): (1/1)| inst_loss: 0.5248 - Mean loss: 2.3177 - acc: 0.0625 - norm: 0.21 - 2.32s
[2024-06-22 17:25:25,566][utils.model][INFO] - (In epoch/Overall): (1/1)| inst_loss: 0.5267 - Mean loss: 2.2950 - acc: 0.0625 - norm: 0.22 - 2.30s
[2024-06-22 17:25:26,248][utils.model][INFO] - (In epoch/Overall): (11/11)| inst_loss: 1.2089 - Mean loss: 2.2092 - acc: 0.1932 - norm: 1.60 - 2.08s
[2024-06-22 17:25:26,248][utils.model][INFO] - (In epoch/Overall): (11/11)| inst_loss: 1.2076 - Mean loss: 2.1836 - acc: 0.1989 - norm: 1.75 - 2.14s
[2024-06-22 17:25:26,962][utils.model][INFO] - (In epoch/Overall): (21/21)| inst_loss: 1.9231 - Mean loss: 2.0037 - acc: 0.3274 - norm: 4.28 - 1.54s
[2024-06-22 17:25:26,962][utils.model][INFO] - (In epoch/Overall): (21/21)| inst_loss: 1.9218 - Mean loss: 1.9839 - acc: 0.3542 - norm: 4.41 - 1.54s
[2024-06-22 17:25:27,108][utils.model][INFO] - Epoch Results:
[2024-06-22 17:25:27,109][utils.model][INFO] - Epoch Results:
[2024-06-22 17:25:27,113][utils.model][INFO] - (In epoch/Overall): (23/23)| inst_loss: 1.5586 - Mean loss: 1.9378 - acc: 0.3764 - norm: 5.04 - 2.07s
[2024-06-22 17:25:27,114][utils.model][INFO] - (In epoch/Overall): (23/23)| inst_loss: 1.3154 - Mean loss: 1.9512 - acc: 0.3492 - norm: 4.84 - 2.07s
[2024-06-22 17:25:28,615][utils.model][INFO] - Evaluation Results - Val Loss: 1.3432, Val Accuracy: 0.6725 in 19 steps
[2024-06-22 17:25:28,628][utils.model][INFO] - Evaluation Results - Val Loss: 1.3389, Val Accuracy: 0.6892 in 19 steps
[2024-06-22 17:25:34,904][utils.model][INFO] - ========================== Epoch Start ==========================
[2024-06-22 17:25:34,906][utils.model][INFO] - ========================== Epoch Start ==========================
[2024-06-22 17:25:35,019][utils.model][INFO] - (In epoch/Overall): (1/24)| inst_loss: 0.1133 - Mean loss: 1.3782 - acc: 0.6562 - norm: 0.07 - 1.38s
[2024-06-22 17:25:35,021][utils.model][INFO] - (In epoch/Overall): (1/24)| inst_loss: 0.1116 - Mean loss: 1.3985 - acc: 0.7812 - norm: 0.10 - 1.40s
[2024-06-22 17:25:35,783][utils.model][INFO] - (In epoch/Overall): (11/34)| inst_loss: 0.8745 - Mean loss: 1.1573 - acc: 0.6449 - norm: 0.71 - 0.91s
[2024-06-22 17:25:35,783][utils.model][INFO] - (In epoch/Overall): (11/34)| inst_loss: 0.8767 - Mean loss: 1.1432 - acc: 0.6960 - norm: 0.73 - 0.75s
[2024-06-22 17:25:36,557][utils.model][INFO] - (In epoch/Overall): (21/44)| inst_loss: 1.6496 - Mean loss: 1.0741 - acc: 0.6845 - norm: 1.48 - 0.93s
[2024-06-22 17:25:36,557][utils.model][INFO] - (In epoch/Overall): (21/44)| inst_loss: 1.6479 - Mean loss: 1.0100 - acc: 0.6890 - norm: 1.56 - 0.69s
[2024-06-22 17:25:37,289][utils.model][INFO] - (In epoch/Overall): (31/54)| inst_loss: 2.3826 - Mean loss: 0.9322 - acc: 0.7137 - norm: 2.25 - 0.72s
[2024-06-22 17:25:37,289][utils.model][INFO] - (In epoch/Overall): (31/54)| inst_loss: 2.3806 - Mean loss: 0.9085 - acc: 0.7228 - norm: 2.28 - 0.63s
[2024-06-22 17:25:38,034][utils.model][INFO] - (In epoch/Overall): (41/64)| inst_loss: 3.1277 - Mean loss: 0.8554 - acc: 0.7409 - norm: 3.01 - 0.40s
[2024-06-22 17:25:38,034][utils.model][INFO] - (In epoch/Overall): (41/64)| inst_loss: 3.1263 - Mean loss: 0.8513 - acc: 0.7393 - norm: 3.21 - 0.79s
[2024-06-22 17:25:38,758][utils.model][INFO] - (In epoch/Overall): (51/74)| inst_loss: 3.8501 - Mean loss: 0.7921 - acc: 0.7616 - norm: 4.03 - 0.63s
[2024-06-22 17:25:38,758][utils.model][INFO] - (In epoch/Overall): (51/74)| inst_loss: 3.8521 - Mean loss: 0.8224 - acc: 0.7463 - norm: 3.79 - 0.22s
[2024-06-22 17:25:39,457][utils.model][INFO] - (In epoch/Overall): (61/84)| inst_loss: 4.5489 - Mean loss: 0.7574 - acc: 0.7715 - norm: 4.77 - 0.60s
[2024-06-22 17:25:39,458][utils.model][INFO] - (In epoch/Overall): (61/84)| inst_loss: 4.5514 - Mean loss: 0.7564 - acc: 0.7659 - norm: 4.63 - 0.59s
[2024-06-22 17:25:39,659][utils.model][INFO] - Epoch Results:
[2024-06-22 17:25:39,659][utils.model][INFO] - Epoch Results:
[2024-06-22 17:25:39,663][utils.model][INFO] - (In epoch/Overall): (64/87)| inst_loss: 0.4550 - Mean loss: 0.7475 - acc: 0.7671 - norm: 4.83 - 4.76s
[2024-06-22 17:25:39,663][utils.model][INFO] - (In epoch/Overall): (64/87)| inst_loss: 0.3662 - Mean loss: 0.7396 - acc: 0.7783 - norm: 5.06 - 4.75s
[2024-06-22 17:25:41,140][utils.model][INFO] - Evaluation Results - Val Loss: 0.4063, Val Accuracy: 0.8925 in 19 steps
[2024-06-22 17:25:41,144][utils.model][INFO] - Evaluation Results - Val Loss: 0.3696, Val Accuracy: 0.8983 in 19 steps
[2024-06-22 17:25:47,341][utils.model][INFO] - ========================== Epoch Start ==========================
[2024-06-22 17:25:47,346][utils.model][INFO] - ========================== Epoch Start ==========================
[2024-06-22 17:25:47,449][utils.model][INFO] - (In epoch/Overall): (1/88)| inst_loss: 0.1063 - Mean loss: 0.5739 - acc: 0.8438 - norm: 0.06 - 0.57s
[2024-06-22 17:25:47,451][utils.model][INFO] - (In epoch/Overall): (1/88)| inst_loss: 0.1021 - Mean loss: 0.3925 - acc: 0.9062 - norm: 0.03 - 0.39s
[2024-06-22 17:25:48,114][utils.model][INFO] - (In epoch/Overall): (11/98)| inst_loss: 0.7713 - Mean loss: 0.4381 - acc: 0.8636 - norm: 0.20 - 0.44s
[2024-06-22 17:25:48,116][utils.model][INFO] - (In epoch/Overall): (11/98)| inst_loss: 0.7673 - Mean loss: 0.3862 - acc: 0.8778 - norm: 0.19 - 0.18s
[2024-06-22 17:25:48,830][utils.model][INFO] - (In epoch/Overall): (21/108)| inst_loss: 1.4817 - Mean loss: 0.3768 - acc: 0.8884 - norm: 0.43 - 0.16s
[2024-06-22 17:25:48,831][utils.model][INFO] - (In epoch/Overall): (21/108)| inst_loss: 1.4865 - Mean loss: 0.4153 - acc: 0.8616 - norm: 0.43 - 0.31s
[2024-06-22 17:25:49,555][utils.model][INFO] - (In epoch/Overall): (31/118)| inst_loss: 2.2075 - Mean loss: 0.4127 - acc: 0.8861 - norm: 0.70 - 0.66s
[2024-06-22 17:25:49,556][utils.model][INFO] - (In epoch/Overall): (31/118)| inst_loss: 2.2127 - Mean loss: 0.3757 - acc: 0.8760 - norm: 0.62 - 0.22s
[2024-06-22 17:25:50,223][utils.model][INFO] - (In epoch/Overall): (41/128)| inst_loss: 2.8754 - Mean loss: 0.3917 - acc: 0.8887 - norm: 1.04 - 0.55s
[2024-06-22 17:25:50,224][utils.model][INFO] - (In epoch/Overall): (41/128)| inst_loss: 2.8804 - Mean loss: 0.3870 - acc: 0.8803 - norm: 1.06 - 0.37s
[2024-06-22 17:25:50,931][utils.model][INFO] - (In epoch/Overall): (51/138)| inst_loss: 3.5874 - Mean loss: 0.3736 - acc: 0.8860 - norm: 1.43 - 0.67s
[2024-06-22 17:25:50,932][utils.model][INFO] - (In epoch/Overall): (51/138)| inst_loss: 3.5830 - Mean loss: 0.3958 - acc: 0.8842 - norm: 1.33 - 0.33s
[2024-06-22 17:25:51,625][utils.model][INFO] - (In epoch/Overall): (61/148)| inst_loss: 4.2769 - Mean loss: 0.3834 - acc: 0.8847 - norm: 1.69 - 0.23s
[2024-06-22 17:25:51,626][utils.model][INFO] - (In epoch/Overall): (61/148)| inst_loss: 4.2825 - Mean loss: 0.3615 - acc: 0.8904 - norm: 1.81 - 0.45s
[2024-06-22 17:25:52,308][utils.model][INFO] - (In epoch/Overall): (71/158)| inst_loss: 4.9649 - Mean loss: 0.3532 - acc: 0.8926 - norm: 2.16 - 0.29s
[2024-06-22 17:25:52,309][utils.model][INFO] - (In epoch/Overall): (71/158)| inst_loss: 4.9603 - Mean loss: 0.3619 - acc: 0.8939 - norm: 2.07 - 0.28s
[2024-06-22 17:25:52,979][utils.model][INFO] - (In epoch/Overall): (81/168)| inst_loss: 5.6356 - Mean loss: 0.3528 - acc: 0.8927 - norm: 2.67 - 0.25s
[2024-06-22 17:25:52,981][utils.model][INFO] - (In epoch/Overall): (81/168)| inst_loss: 5.6316 - Mean loss: 0.3671 - acc: 0.8920 - norm: 2.42 - 0.50s
[2024-06-22 17:25:53,691][utils.model][INFO] - (In epoch/Overall): (91/178)| inst_loss: 6.3427 - Mean loss: 0.3683 - acc: 0.8908 - norm: 2.87 - 0.24s
[2024-06-22 17:25:53,691][utils.model][INFO] - (In epoch/Overall): (91/178)| inst_loss: 6.3477 - Mean loss: 0.3459 - acc: 0.8942 - norm: 3.09 - 0.19s
[2024-06-22 17:25:54,398][utils.model][INFO] - (In epoch/Overall): (101/188)| inst_loss: 7.0487 - Mean loss: 0.3583 - acc: 0.8942 - norm: 3.25 - 0.30s
[2024-06-22 17:25:54,398][utils.model][INFO] - (In epoch/Overall): (101/188)| inst_loss: 7.0539 - Mean loss: 0.3457 - acc: 0.8939 - norm: 3.56 - 0.19s
[2024-06-22 17:25:55,082][utils.model][INFO] - (In epoch/Overall): (111/198)| inst_loss: 7.7384 - Mean loss: 0.3425 - acc: 0.8956 - norm: 3.96 - 0.14s
[2024-06-22 17:25:55,082][utils.model][INFO] - (In epoch/Overall): (111/198)| inst_loss: 7.7337 - Mean loss: 0.3574 - acc: 0.8944 - norm: 3.72 - 0.16s
[2024-06-22 17:25:55,791][utils.model][INFO] - (In epoch/Overall): (121/208)| inst_loss: 8.4431 - Mean loss: 0.3485 - acc: 0.8970 - norm: 4.29 - 0.14s
[2024-06-22 17:25:55,791][utils.model][INFO] - (In epoch/Overall): (121/208)| inst_loss: 8.4479 - Mean loss: 0.3333 - acc: 0.8977 - norm: 4.36 - 0.06s
[2024-06-22 17:25:56,482][utils.model][INFO] - (In epoch/Overall): (131/218)| inst_loss: 9.1333 - Mean loss: 0.3473 - acc: 0.8967 - norm: 4.86 - 0.44s
[2024-06-22 17:25:56,484][utils.model][INFO] - (In epoch/Overall): (131/218)| inst_loss: 9.1390 - Mean loss: 0.3263 - acc: 0.9008 - norm: 4.95 - 0.30s
[2024-06-22 17:25:56,759][utils.model][INFO] - Epoch Results:
[2024-06-22 17:25:56,759][utils.model][INFO] - Epoch Results:
[2024-06-22 17:25:56,763][utils.model][INFO] - (In epoch/Overall): (135/222)| inst_loss: 0.1954 - Mean loss: 0.3234 - acc: 0.9012 - norm: 5.11 - 9.42s
[2024-06-22 17:25:56,764][utils.model][INFO] - (In epoch/Overall): (135/222)| inst_loss: 0.1981 - Mean loss: 0.3427 - acc: 0.8981 - norm: 4.98 - 9.42s
[2024-06-22 17:25:58,290][utils.model][INFO] - Evaluation Results - Val Loss: 0.1506, Val Accuracy: 0.9633 in 19 steps
[2024-06-22 17:25:58,301][utils.model][INFO] - Evaluation Results - Val Loss: 0.2057, Val Accuracy: 0.9450 in 19 steps
[2024-06-22 17:25:58,443][flwr][DEBUG] - gRPC channel closed
[2024-06-22 17:25:58,444][flwr][INFO] - Disconnect and shut down
[2024-06-22 17:25:58,443][flwr][DEBUG] - gRPC channel closed
[2024-06-22 17:25:58,444][flwr][INFO] - Disconnect and shut down
