[2024-06-19 03:09:21,348][root][INFO] - Initialized DataManager for experiment exp_20240619_030921
[2024-06-19 03:09:21,350][flwr][INFO] - Starting Flower server, config: ServerConfig(num_rounds=5, round_timeout=None)
[2024-06-19 03:09:21,354][flwr][INFO] - Flower ECE: gRPC server running (5 rounds), SSL is disabled
[2024-06-19 03:09:21,354][flwr][INFO] - Initializing global parameters
[2024-06-19 03:09:21,354][flwr][INFO] - Requesting initial parameters from one random client
[2024-06-19 03:09:29,344][flwr][INFO] - Received initial parameters from one random client
[2024-06-19 03:09:29,345][flwr][INFO] - Evaluating initial parameters
[2024-06-19 03:09:29,508][utils.model][INFO] - LeNet model built
[2024-06-19 03:09:29,748][utils.model][INFO] - Size of serialized model: 279.0341796875 kbytes
[2024-06-19 03:09:29,798][utils.model][INFO] - Step 1/40 - val_loss: 2.3117 - val_accuracy: 0.0547
[2024-06-19 03:09:29,818][utils.model][INFO] - Step 2/40 - val_loss: 2.3065 - val_accuracy: 0.0742
[2024-06-19 03:09:29,838][utils.model][INFO] - Step 3/40 - val_loss: 2.3058 - val_accuracy: 0.0807
[2024-06-19 03:09:29,858][utils.model][INFO] - Step 4/40 - val_loss: 2.3051 - val_accuracy: 0.0850
[2024-06-19 03:09:29,880][utils.model][INFO] - Step 5/40 - val_loss: 2.3050 - val_accuracy: 0.0867
[2024-06-19 03:09:29,899][utils.model][INFO] - Step 6/40 - val_loss: 2.3041 - val_accuracy: 0.0885
[2024-06-19 03:09:29,919][utils.model][INFO] - Step 7/40 - val_loss: 2.3045 - val_accuracy: 0.0921
[2024-06-19 03:09:29,940][utils.model][INFO] - Step 8/40 - val_loss: 2.3050 - val_accuracy: 0.0913
[2024-06-19 03:09:29,959][utils.model][INFO] - Step 9/40 - val_loss: 2.3046 - val_accuracy: 0.0959
[2024-06-19 03:09:29,981][utils.model][INFO] - Step 10/40 - val_loss: 2.3047 - val_accuracy: 0.0934
[2024-06-19 03:09:30,004][utils.model][INFO] - Step 11/40 - val_loss: 2.3049 - val_accuracy: 0.0909
[2024-06-19 03:09:30,027][utils.model][INFO] - Step 12/40 - val_loss: 2.3049 - val_accuracy: 0.0905
[2024-06-19 03:09:30,048][utils.model][INFO] - Step 13/40 - val_loss: 2.3053 - val_accuracy: 0.0913
[2024-06-19 03:09:30,069][utils.model][INFO] - Step 14/40 - val_loss: 2.3055 - val_accuracy: 0.0912
[2024-06-19 03:09:30,089][utils.model][INFO] - Step 15/40 - val_loss: 2.3057 - val_accuracy: 0.0911
[2024-06-19 03:09:30,110][utils.model][INFO] - Step 16/40 - val_loss: 2.3055 - val_accuracy: 0.0913
[2024-06-19 03:09:30,132][utils.model][INFO] - Step 17/40 - val_loss: 2.3052 - val_accuracy: 0.0915
[2024-06-19 03:09:30,155][utils.model][INFO] - Step 18/40 - val_loss: 2.3051 - val_accuracy: 0.0927
[2024-06-19 03:09:30,176][utils.model][INFO] - Step 19/40 - val_loss: 2.3051 - val_accuracy: 0.0950
[2024-06-19 03:09:30,195][utils.model][INFO] - Step 20/40 - val_loss: 2.3053 - val_accuracy: 0.0943
[2024-06-19 03:09:30,225][utils.model][INFO] - Step 21/40 - val_loss: 2.3056 - val_accuracy: 0.0939
[2024-06-19 03:09:30,245][utils.model][INFO] - Step 22/40 - val_loss: 2.3054 - val_accuracy: 0.0945
[2024-06-19 03:09:30,265][utils.model][INFO] - Step 23/40 - val_loss: 2.3055 - val_accuracy: 0.0946
[2024-06-19 03:09:30,287][utils.model][INFO] - Step 24/40 - val_loss: 2.3056 - val_accuracy: 0.0938
[2024-06-19 03:09:30,308][utils.model][INFO] - Step 25/40 - val_loss: 2.3057 - val_accuracy: 0.0942
[2024-06-19 03:09:30,326][utils.model][INFO] - Step 26/40 - val_loss: 2.3056 - val_accuracy: 0.0945
[2024-06-19 03:09:30,345][utils.model][INFO] - Step 27/40 - val_loss: 2.3058 - val_accuracy: 0.0943
[2024-06-19 03:09:30,362][utils.model][INFO] - Step 28/40 - val_loss: 2.3060 - val_accuracy: 0.0942
[2024-06-19 03:09:30,380][utils.model][INFO] - Step 29/40 - val_loss: 2.3060 - val_accuracy: 0.0943
[2024-06-19 03:09:30,402][utils.model][INFO] - Step 30/40 - val_loss: 2.3060 - val_accuracy: 0.0941
[2024-06-19 03:09:30,424][utils.model][INFO] - Step 31/40 - val_loss: 2.3059 - val_accuracy: 0.0949
[2024-06-19 03:09:30,447][utils.model][INFO] - Step 32/40 - val_loss: 2.3060 - val_accuracy: 0.0946
[2024-06-19 03:09:30,469][utils.model][INFO] - Step 33/40 - val_loss: 2.3061 - val_accuracy: 0.0948
[2024-06-19 03:09:30,490][utils.model][INFO] - Step 34/40 - val_loss: 2.3060 - val_accuracy: 0.0948
[2024-06-19 03:09:30,511][utils.model][INFO] - Step 35/40 - val_loss: 2.3061 - val_accuracy: 0.0949
[2024-06-19 03:09:30,532][utils.model][INFO] - Step 36/40 - val_loss: 2.3062 - val_accuracy: 0.0943
[2024-06-19 03:09:30,552][utils.model][INFO] - Step 37/40 - val_loss: 2.3062 - val_accuracy: 0.0945
[2024-06-19 03:09:30,573][utils.model][INFO] - Step 38/40 - val_loss: 2.3063 - val_accuracy: 0.0943
[2024-06-19 03:09:30,592][utils.model][INFO] - Step 39/40 - val_loss: 2.3064 - val_accuracy: 0.0946
[2024-06-19 03:09:30,600][utils.model][INFO] - Step 40/40 - val_loss: 2.3065 - val_accuracy: 0.0945
[2024-06-19 03:09:30,602][utils.model][INFO] - Evaluation Results - Val Loss: 2.3065, Val Accuracy: 0.0945 in 40 steps
[2024-06-19 03:09:30,604][flwr][INFO] - initial parameters (loss, other metrics): 2.306499, {'accuracy': 0.0945}
[2024-06-19 03:09:30,604][flwr][INFO] - FL starting
[2024-06-19 03:09:34,978][flwr][DEBUG] - fit_round 1: strategy sampled 3 clients (out of 3)
