[2024-06-19 17:32:55,797][utils.model][INFO] - LeNet model built
[2024-06-19 17:32:55,909][utils.model][INFO] - LeNet model built
[2024-06-19 17:32:56,050][utils.model][INFO] - Size of serialized model: 279.0341796875 kbytes
[2024-06-19 17:32:56,062][flwr][INFO] - Opened insecure gRPC connection (no certificates were passed)
[2024-06-19 17:32:56,063][flwr][DEBUG] - ChannelConnectivity.IDLE
[2024-06-19 17:32:56,067][flwr][DEBUG] - ChannelConnectivity.CONNECTING
[2024-06-19 17:32:56,067][flwr][DEBUG] - ChannelConnectivity.READY
[2024-06-19 17:32:56,122][utils.model][INFO] - Size of serialized model: 279.0341796875 kbytes
[2024-06-19 17:32:56,132][flwr][INFO] - Opened insecure gRPC connection (no certificates were passed)
[2024-06-19 17:32:56,135][flwr][DEBUG] - ChannelConnectivity.IDLE
[2024-06-19 17:32:56,136][flwr][DEBUG] - ChannelConnectivity.CONNECTING
[2024-06-19 17:32:56,139][flwr][DEBUG] - ChannelConnectivity.READY
[2024-06-19 17:33:02,679][utils.model][INFO] - ========================== Epoch Start ==========================
[2024-06-19 17:33:02,682][utils.model][INFO] - ========================== Epoch Start ==========================
[2024-06-19 17:33:03,086][utils.model][INFO] - (In epoch/Overall): (1/1)| inst_loss: 0.4055 - Mean loss: 2.3184 - acc: 0.1250 - norm: 0.19 - 2.32s
[2024-06-19 17:33:03,086][utils.model][INFO] - (In epoch/Overall): (1/1)| inst_loss: 0.4020 - Mean loss: 2.3317 - acc: 0.1250 - norm: 0.20 - 2.33s
[2024-06-19 17:33:03,597][utils.model][INFO] - (In epoch/Overall): (11/11)| inst_loss: 0.9162 - Mean loss: 2.2107 - acc: 0.2415 - norm: 1.78 - 2.05s
[2024-06-19 17:33:03,598][utils.model][INFO] - (In epoch/Overall): (11/11)| inst_loss: 0.9132 - Mean loss: 2.1785 - acc: 0.1989 - norm: 2.05 - 2.10s
[2024-06-19 17:33:04,153][utils.model][INFO] - (In epoch/Overall): (21/21)| inst_loss: 1.4687 - Mean loss: 1.9643 - acc: 0.3408 - norm: 4.74 - 1.40s
[2024-06-19 17:33:04,154][utils.model][INFO] - (In epoch/Overall): (21/21)| inst_loss: 1.4723 - Mean loss: 1.9507 - acc: 0.3795 - norm: 4.79 - 1.61s
[2024-06-19 17:33:04,216][utils.model][INFO] - Epoch Results:
[2024-06-19 17:33:04,217][utils.model][INFO] - Epoch Results:
[2024-06-19 17:33:04,220][utils.model][INFO] - (In epoch/Overall): (22/22)| inst_loss: 1.2746 - Mean loss: 1.9330 - acc: 0.3537 - norm: 5.11 - 1.54s
[2024-06-19 17:33:04,221][utils.model][INFO] - (In epoch/Overall): (22/22)| inst_loss: 1.6139 - Mean loss: 1.9354 - acc: 0.3864 - norm: 5.05 - 1.54s
[2024-06-19 17:33:05,837][utils.model][INFO] - Evaluation Results - Val Loss: 1.3523, Val Accuracy: 0.6195 in 32 steps
[2024-06-19 17:33:05,845][utils.model][INFO] - Evaluation Results - Val Loss: 1.3906, Val Accuracy: 0.6040 in 32 steps
[2024-06-19 17:33:10,436][utils.model][INFO] - ========================== Epoch Start ==========================
[2024-06-19 17:33:10,440][utils.model][INFO] - ========================== Epoch Start ==========================
[2024-06-19 17:33:10,550][utils.model][INFO] - (In epoch/Overall): (1/23)| inst_loss: 0.1084 - Mean loss: 1.2850 - acc: 0.7500 - norm: 0.06 - 1.29s
[2024-06-19 17:33:10,551][utils.model][INFO] - (In epoch/Overall): (1/23)| inst_loss: 0.1129 - Mean loss: 1.2757 - acc: 0.6562 - norm: 0.08 - 1.28s
[2024-06-19 17:33:11,142][utils.model][INFO] - (In epoch/Overall): (11/33)| inst_loss: 0.7000 - Mean loss: 1.1526 - acc: 0.6705 - norm: 0.78 - 0.97s
[2024-06-19 17:33:11,143][utils.model][INFO] - (In epoch/Overall): (11/33)| inst_loss: 0.7044 - Mean loss: 1.1496 - acc: 0.6705 - norm: 0.81 - 0.86s
[2024-06-19 17:33:11,713][utils.model][INFO] - (In epoch/Overall): (21/43)| inst_loss: 1.2746 - Mean loss: 1.0263 - acc: 0.6935 - norm: 1.57 - 0.70s
[2024-06-19 17:33:11,714][utils.model][INFO] - (In epoch/Overall): (21/43)| inst_loss: 1.2704 - Mean loss: 1.0100 - acc: 0.7039 - norm: 1.49 - 0.81s
[2024-06-19 17:33:12,374][utils.model][INFO] - (In epoch/Overall): (31/53)| inst_loss: 1.9361 - Mean loss: 0.9192 - acc: 0.7238 - norm: 2.40 - 0.76s
[2024-06-19 17:33:12,374][utils.model][INFO] - (In epoch/Overall): (31/53)| inst_loss: 1.9320 - Mean loss: 0.8959 - acc: 0.7339 - norm: 2.23 - 1.13s
[2024-06-19 17:33:12,967][utils.model][INFO] - (In epoch/Overall): (41/63)| inst_loss: 2.5252 - Mean loss: 0.8304 - acc: 0.7470 - norm: 3.13 - 0.35s
[2024-06-19 17:33:12,969][utils.model][INFO] - (In epoch/Overall): (41/63)| inst_loss: 2.5302 - Mean loss: 0.8378 - acc: 0.7462 - norm: 3.27 - 0.34s
[2024-06-19 17:33:13,483][utils.model][INFO] - (In epoch/Overall): (51/73)| inst_loss: 3.0413 - Mean loss: 0.7672 - acc: 0.7672 - norm: 3.86 - 0.93s
[2024-06-19 17:33:13,483][utils.model][INFO] - (In epoch/Overall): (51/73)| inst_loss: 3.0456 - Mean loss: 0.7724 - acc: 0.7696 - norm: 4.05 - 0.82s
[2024-06-19 17:33:14,117][utils.model][INFO] - (In epoch/Overall): (61/83)| inst_loss: 3.6748 - Mean loss: 0.7364 - acc: 0.7751 - norm: 4.66 - 0.52s
[2024-06-19 17:33:14,117][utils.model][INFO] - (In epoch/Overall): (61/83)| inst_loss: 3.6792 - Mean loss: 0.7306 - acc: 0.7751 - norm: 4.90 - 0.54s
[2024-06-19 17:33:14,349][utils.model][INFO] - Epoch Results:
[2024-06-19 17:33:14,349][utils.model][INFO] - Epoch Results:
[2024-06-19 17:33:14,353][utils.model][INFO] - (In epoch/Overall): (65/87)| inst_loss: 0.4624 - Mean loss: 0.7071 - acc: 0.7841 - norm: 5.23 - 3.92s
[2024-06-19 17:33:14,353][utils.model][INFO] - (In epoch/Overall): (65/87)| inst_loss: 0.5845 - Mean loss: 0.7208 - acc: 0.7803 - norm: 4.96 - 3.91s
[2024-06-19 17:33:15,820][utils.model][INFO] - Evaluation Results - Val Loss: 0.4145, Val Accuracy: 0.8685 in 32 steps
[2024-06-19 17:33:15,830][utils.model][INFO] - Evaluation Results - Val Loss: 0.4674, Val Accuracy: 0.8630 in 32 steps
[2024-06-19 17:33:20,289][utils.model][INFO] - ========================== Epoch Start ==========================
[2024-06-19 17:33:20,292][utils.model][INFO] - ========================== Epoch Start ==========================
[2024-06-19 17:33:20,388][utils.model][INFO] - (In epoch/Overall): (1/88)| inst_loss: 0.0972 - Mean loss: 0.4211 - acc: 0.8750 - norm: 0.05 - 0.42s
[2024-06-19 17:33:20,388][utils.model][INFO] - (In epoch/Overall): (1/88)| inst_loss: 0.0947 - Mean loss: 0.2507 - acc: 0.9375 - norm: 0.03 - 0.25s
[2024-06-19 17:33:20,854][utils.model][INFO] - (In epoch/Overall): (11/98)| inst_loss: 0.5603 - Mean loss: 0.5016 - acc: 0.8239 - norm: 0.22 - 0.51s
[2024-06-19 17:33:20,855][utils.model][INFO] - (In epoch/Overall): (11/98)| inst_loss: 0.5630 - Mean loss: 0.4343 - acc: 0.8636 - norm: 0.23 - 0.55s
[2024-06-19 17:33:21,360][utils.model][INFO] - (In epoch/Overall): (21/108)| inst_loss: 1.0669 - Mean loss: 0.4754 - acc: 0.8423 - norm: 0.47 - 0.46s
[2024-06-19 17:33:21,360][utils.model][INFO] - (In epoch/Overall): (21/108)| inst_loss: 1.0696 - Mean loss: 0.3772 - acc: 0.8914 - norm: 0.44 - 0.16s
[2024-06-19 17:33:21,901][utils.model][INFO] - (In epoch/Overall): (31/118)| inst_loss: 1.6076 - Mean loss: 0.4284 - acc: 0.8619 - norm: 0.68 - 0.26s
[2024-06-19 17:33:21,901][utils.model][INFO] - (In epoch/Overall): (31/118)| inst_loss: 1.6101 - Mean loss: 0.3834 - acc: 0.8881 - norm: 0.70 - 0.54s
[2024-06-19 17:33:22,445][utils.model][INFO] - (In epoch/Overall): (41/128)| inst_loss: 2.1537 - Mean loss: 0.3909 - acc: 0.8803 - norm: 1.02 - 0.40s
[2024-06-19 17:33:22,445][utils.model][INFO] - (In epoch/Overall): (41/128)| inst_loss: 2.1514 - Mean loss: 0.4371 - acc: 0.8575 - norm: 0.98 - 0.31s
[2024-06-19 17:33:22,916][utils.model][INFO] - (In epoch/Overall): (51/138)| inst_loss: 2.6252 - Mean loss: 0.3805 - acc: 0.8811 - norm: 1.36 - 0.34s
[2024-06-19 17:33:22,916][utils.model][INFO] - (In epoch/Overall): (51/138)| inst_loss: 2.6229 - Mean loss: 0.4149 - acc: 0.8676 - norm: 1.28 - 0.32s
[2024-06-19 17:33:23,520][utils.model][INFO] - (In epoch/Overall): (61/148)| inst_loss: 3.2263 - Mean loss: 0.4101 - acc: 0.8689 - norm: 1.68 - 0.73s
[2024-06-19 17:33:23,520][utils.model][INFO] - (In epoch/Overall): (61/148)| inst_loss: 3.2289 - Mean loss: 0.3811 - acc: 0.8806 - norm: 1.78 - 0.41s
[2024-06-19 17:33:24,042][utils.model][INFO] - (In epoch/Overall): (71/158)| inst_loss: 3.7504 - Mean loss: 0.3775 - acc: 0.8856 - norm: 2.11 - 0.30s
[2024-06-19 17:33:24,043][utils.model][INFO] - (In epoch/Overall): (71/158)| inst_loss: 3.7487 - Mean loss: 0.3980 - acc: 0.8724 - norm: 2.00 - 0.41s
[2024-06-19 17:33:24,580][utils.model][INFO] - (In epoch/Overall): (81/168)| inst_loss: 4.2869 - Mean loss: 0.3859 - acc: 0.8758 - norm: 2.43 - 0.27s
[2024-06-19 17:33:24,581][utils.model][INFO] - (In epoch/Overall): (81/168)| inst_loss: 4.2895 - Mean loss: 0.3740 - acc: 0.8858 - norm: 2.51 - 0.53s
[2024-06-19 17:33:25,126][utils.model][INFO] - (In epoch/Overall): (91/178)| inst_loss: 4.8328 - Mean loss: 0.3754 - acc: 0.8808 - norm: 2.91 - 0.15s
[2024-06-19 17:33:25,126][utils.model][INFO] - (In epoch/Overall): (91/178)| inst_loss: 4.8353 - Mean loss: 0.3746 - acc: 0.8846 - norm: 2.99 - 0.35s
[2024-06-19 17:33:25,669][utils.model][INFO] - (In epoch/Overall): (101/188)| inst_loss: 5.3755 - Mean loss: 0.3685 - acc: 0.8837 - norm: 3.42 - 0.29s
[2024-06-19 17:33:25,669][utils.model][INFO] - (In epoch/Overall): (101/188)| inst_loss: 5.3780 - Mean loss: 0.3677 - acc: 0.8871 - norm: 3.44 - 0.40s
[2024-06-19 17:33:26,157][utils.model][INFO] - (In epoch/Overall): (111/198)| inst_loss: 5.8654 - Mean loss: 0.3540 - acc: 0.8902 - norm: 4.05 - 0.18s
[2024-06-19 17:33:26,157][utils.model][INFO] - (In epoch/Overall): (111/198)| inst_loss: 5.8634 - Mean loss: 0.3632 - acc: 0.8854 - norm: 3.91 - 0.24s
[2024-06-19 17:33:26,760][utils.model][INFO] - (In epoch/Overall): (121/208)| inst_loss: 6.4692 - Mean loss: 0.3459 - acc: 0.8918 - norm: 4.49 - 0.33s
[2024-06-19 17:33:26,760][utils.model][INFO] - (In epoch/Overall): (121/208)| inst_loss: 6.4669 - Mean loss: 0.3536 - acc: 0.8882 - norm: 4.47 - 0.37s
[2024-06-19 17:33:27,231][utils.model][INFO] - Epoch Results:
[2024-06-19 17:33:27,234][utils.model][INFO] - Epoch Results:
[2024-06-19 17:33:27,236][utils.model][INFO] - (In epoch/Overall): (130/217)| inst_loss: 0.2996 - Mean loss: 0.3491 - acc: 0.8897 - norm: 4.95 - 6.94s
[2024-06-19 17:33:27,238][utils.model][INFO] - (In epoch/Overall): (130/217)| inst_loss: 0.1763 - Mean loss: 0.3365 - acc: 0.8952 - norm: 5.05 - 6.95s
[2024-06-19 17:33:29,994][utils.model][INFO] - Evaluation Results - Val Loss: 0.1956, Val Accuracy: 0.9420 in 32 steps
[2024-06-19 17:33:30,005][utils.model][INFO] - Evaluation Results - Val Loss: 0.2466, Val Accuracy: 0.9255 in 32 steps
[2024-06-19 17:33:34,559][utils.model][INFO] - ========================== Epoch Start ==========================
[2024-06-19 17:33:34,560][utils.model][INFO] - ========================== Epoch Start ==========================
[2024-06-19 17:33:34,658][utils.model][INFO] - (In epoch/Overall): (1/218)| inst_loss: 0.0966 - Mean loss: 0.2435 - acc: 0.9688 - norm: 0.05 - 0.24s
[2024-06-19 17:33:34,659][utils.model][INFO] - (In epoch/Overall): (1/218)| inst_loss: 0.0982 - Mean loss: 0.1493 - acc: 0.9688 - norm: 0.03 - 0.15s
[2024-06-19 17:33:35,160][utils.model][INFO] - (In epoch/Overall): (11/228)| inst_loss: 0.5989 - Mean loss: 0.3010 - acc: 0.8864 - norm: 0.23 - 0.17s
[2024-06-19 17:33:35,160][utils.model][INFO] - (In epoch/Overall): (11/228)| inst_loss: 0.5977 - Mean loss: 0.2548 - acc: 0.9205 - norm: 0.23 - 0.33s
[2024-06-19 17:33:35,670][utils.model][INFO] - (In epoch/Overall): (21/238)| inst_loss: 1.1083 - Mean loss: 0.2090 - acc: 0.9330 - norm: 0.38 - 0.14s
[2024-06-19 17:33:35,671][utils.model][INFO] - (In epoch/Overall): (21/238)| inst_loss: 1.1100 - Mean loss: 0.2599 - acc: 0.9062 - norm: 0.42 - 0.38s
[2024-06-19 17:33:36,263][utils.model][INFO] - (In epoch/Overall): (31/248)| inst_loss: 1.7012 - Mean loss: 0.2708 - acc: 0.9062 - norm: 0.56 - 0.42s
[2024-06-19 17:33:36,263][utils.model][INFO] - (In epoch/Overall): (31/248)| inst_loss: 1.7001 - Mean loss: 0.2193 - acc: 0.9284 - norm: 0.62 - 0.21s
[2024-06-19 17:33:36,839][utils.model][INFO] - (In epoch/Overall): (41/258)| inst_loss: 2.2787 - Mean loss: 0.2546 - acc: 0.9146 - norm: 0.74 - 0.08s
[2024-06-19 17:33:36,839][utils.model][INFO] - (In epoch/Overall): (41/258)| inst_loss: 2.2776 - Mean loss: 0.2227 - acc: 0.9268 - norm: 0.83 - 0.36s
[2024-06-19 17:33:37,343][utils.model][INFO] - (In epoch/Overall): (51/268)| inst_loss: 2.7830 - Mean loss: 0.2396 - acc: 0.9210 - norm: 0.98 - 0.25s
[2024-06-19 17:33:37,344][utils.model][INFO] - (In epoch/Overall): (51/268)| inst_loss: 2.7820 - Mean loss: 0.2264 - acc: 0.9259 - norm: 1.06 - 0.55s
[2024-06-19 17:33:37,880][utils.model][INFO] - (In epoch/Overall): (61/278)| inst_loss: 3.3195 - Mean loss: 0.2407 - acc: 0.9226 - norm: 1.26 - 0.33s
[2024-06-19 17:33:37,880][utils.model][INFO] - (In epoch/Overall): (61/278)| inst_loss: 3.3188 - Mean loss: 0.2250 - acc: 0.9278 - norm: 1.23 - 0.04s
[2024-06-19 17:33:38,390][utils.model][INFO] - (In epoch/Overall): (71/288)| inst_loss: 3.8295 - Mean loss: 0.2355 - acc: 0.9256 - norm: 1.51 - 0.16s
[2024-06-19 17:33:38,390][utils.model][INFO] - (In epoch/Overall): (71/288)| inst_loss: 3.8284 - Mean loss: 0.2169 - acc: 0.9305 - norm: 1.48 - 0.12s
[2024-06-19 17:33:38,946][utils.model][INFO] - (In epoch/Overall): (81/298)| inst_loss: 4.3845 - Mean loss: 0.2179 - acc: 0.9306 - norm: 1.81 - 0.17s
[2024-06-19 17:33:38,947][utils.model][INFO] - (In epoch/Overall): (81/298)| inst_loss: 4.3858 - Mean loss: 0.2355 - acc: 0.9275 - norm: 1.75 - 0.28s
[2024-06-19 17:33:39,486][utils.model][INFO] - (In epoch/Overall): (91/308)| inst_loss: 4.9247 - Mean loss: 0.2271 - acc: 0.9310 - norm: 1.91 - 0.23s
[2024-06-19 17:33:39,486][utils.model][INFO] - (In epoch/Overall): (91/308)| inst_loss: 4.9237 - Mean loss: 0.2246 - acc: 0.9286 - norm: 2.00 - 0.10s
[2024-06-19 17:33:39,953][utils.model][INFO] - (In epoch/Overall): (101/318)| inst_loss: 5.3929 - Mean loss: 0.2278 - acc: 0.9307 - norm: 2.26 - 0.30s
[2024-06-19 17:33:39,953][utils.model][INFO] - (In epoch/Overall): (101/318)| inst_loss: 5.3915 - Mean loss: 0.2220 - acc: 0.9295 - norm: 2.29 - 0.20s
[2024-06-19 17:33:40,457][utils.model][INFO] - (In epoch/Overall): (111/328)| inst_loss: 5.8971 - Mean loss: 0.2255 - acc: 0.9330 - norm: 2.55 - 0.07s
[2024-06-19 17:33:40,457][utils.model][INFO] - (In epoch/Overall): (111/328)| inst_loss: 5.8959 - Mean loss: 0.2147 - acc: 0.9299 - norm: 2.58 - 0.24s
[2024-06-19 17:33:40,960][utils.model][INFO] - (In epoch/Overall): (121/338)| inst_loss: 6.3989 - Mean loss: 0.2198 - acc: 0.9290 - norm: 2.88 - 0.31s
[2024-06-19 17:33:40,964][utils.model][INFO] - (In epoch/Overall): (121/338)| inst_loss: 6.4010 - Mean loss: 0.2226 - acc: 0.9336 - norm: 2.89 - 0.23s
[2024-06-19 17:33:41,509][utils.model][INFO] - (In epoch/Overall): (131/348)| inst_loss: 6.9470 - Mean loss: 0.2174 - acc: 0.9303 - norm: 3.18 - 0.22s
[2024-06-19 17:33:41,510][utils.model][INFO] - (In epoch/Overall): (131/348)| inst_loss: 6.9484 - Mean loss: 0.2182 - acc: 0.9344 - norm: 3.21 - 0.25s
[2024-06-19 17:33:41,993][utils.model][INFO] - (In epoch/Overall): (141/358)| inst_loss: 7.4319 - Mean loss: 0.2126 - acc: 0.9351 - norm: 3.65 - 0.27s
[2024-06-19 17:33:41,993][utils.model][INFO] - (In epoch/Overall): (141/358)| inst_loss: 7.4307 - Mean loss: 0.2156 - acc: 0.9311 - norm: 3.52 - 0.10s
[2024-06-19 17:33:42,489][utils.model][INFO] - (In epoch/Overall): (151/368)| inst_loss: 7.9286 - Mean loss: 0.2084 - acc: 0.9365 - norm: 3.95 - 0.32s
[2024-06-19 17:33:42,489][utils.model][INFO] - (In epoch/Overall): (151/368)| inst_loss: 7.9275 - Mean loss: 0.2186 - acc: 0.9294 - norm: 3.83 - 0.31s
[2024-06-19 17:33:42,984][utils.model][INFO] - (In epoch/Overall): (161/378)| inst_loss: 8.4221 - Mean loss: 0.2126 - acc: 0.9313 - norm: 4.10 - 0.05s
[2024-06-19 17:33:42,984][utils.model][INFO] - (In epoch/Overall): (161/378)| inst_loss: 8.4235 - Mean loss: 0.2066 - acc: 0.9371 - norm: 4.25 - 0.08s
[2024-06-19 17:33:43,564][utils.model][INFO] - (In epoch/Overall): (171/388)| inst_loss: 9.0031 - Mean loss: 0.2070 - acc: 0.9359 - norm: 4.74 - 0.21s
[2024-06-19 17:33:43,564][utils.model][INFO] - (In epoch/Overall): (171/388)| inst_loss: 9.0018 - Mean loss: 0.2073 - acc: 0.9327 - norm: 4.50 - 0.11s
[2024-06-19 17:33:44,116][utils.model][INFO] - (In epoch/Overall): (181/398)| inst_loss: 9.5558 - Mean loss: 0.2046 - acc: 0.9366 - norm: 5.21 - 0.13s
[2024-06-19 17:33:44,117][utils.model][INFO] - (In epoch/Overall): (181/398)| inst_loss: 9.5546 - Mean loss: 0.2045 - acc: 0.9335 - norm: 4.89 - 0.12s
[2024-06-19 17:33:44,123][utils.model][INFO] - Epoch Results:
[2024-06-19 17:33:44,124][utils.model][INFO] - Epoch Results:
[2024-06-19 17:33:44,127][utils.model][INFO] - (In epoch/Overall): (181/398)| inst_loss: 0.1332 - Mean loss: 0.2046 - acc: 0.9366 - norm: 5.21 - 9.57s
[2024-06-19 17:33:44,128][utils.model][INFO] - (In epoch/Overall): (181/398)| inst_loss: 0.1211 - Mean loss: 0.2045 - acc: 0.9335 - norm: 4.89 - 9.57s
[2024-06-19 17:33:45,854][utils.model][INFO] - Evaluation Results - Val Loss: 0.1230, Val Accuracy: 0.9600 in 32 steps
[2024-06-19 17:33:45,862][utils.model][INFO] - Evaluation Results - Val Loss: 0.1501, Val Accuracy: 0.9530 in 32 steps
[2024-06-19 17:33:50,473][utils.model][INFO] - ========================== Epoch Start ==========================
[2024-06-19 17:33:50,476][utils.model][INFO] - ========================== Epoch Start ==========================
[2024-06-19 17:33:50,600][utils.model][INFO] - (In epoch/Overall): (1/399)| inst_loss: 0.1222 - Mean loss: 0.1957 - acc: 0.9375 - norm: 0.04 - 0.20s
[2024-06-19 17:33:50,601][utils.model][INFO] - (In epoch/Overall): (1/399)| inst_loss: 0.1258 - Mean loss: 0.0845 - acc: 0.9688 - norm: 0.04 - 0.08s
[2024-06-19 17:33:51,118][utils.model][INFO] - (In epoch/Overall): (11/409)| inst_loss: 0.6402 - Mean loss: 0.0988 - acc: 0.9688 - norm: 0.20 - 0.12s
[2024-06-19 17:33:51,118][utils.model][INFO] - (In epoch/Overall): (11/409)| inst_loss: 0.6436 - Mean loss: 0.1735 - acc: 0.9460 - norm: 0.25 - 0.39s
[2024-06-19 17:33:51,676][utils.model][INFO] - (In epoch/Overall): (21/419)| inst_loss: 1.1984 - Mean loss: 0.1269 - acc: 0.9613 - norm: 0.42 - 0.13s
[2024-06-19 17:33:51,677][utils.model][INFO] - (In epoch/Overall): (21/419)| inst_loss: 1.2019 - Mean loss: 0.1474 - acc: 0.9568 - norm: 0.39 - 0.04s
[2024-06-19 17:33:52,261][utils.model][INFO] - (In epoch/Overall): (31/429)| inst_loss: 1.7862 - Mean loss: 0.1594 - acc: 0.9526 - norm: 0.62 - 0.24s
[2024-06-19 17:33:52,263][utils.model][INFO] - (In epoch/Overall): (31/429)| inst_loss: 1.7832 - Mean loss: 0.1244 - acc: 0.9647 - norm: 0.55 - 0.09s
[2024-06-19 17:33:52,886][utils.model][INFO] - (In epoch/Overall): (41/439)| inst_loss: 2.4086 - Mean loss: 0.1441 - acc: 0.9596 - norm: 0.76 - 0.08s
[2024-06-19 17:33:52,886][utils.model][INFO] - (In epoch/Overall): (41/439)| inst_loss: 2.4119 - Mean loss: 0.1424 - acc: 0.9573 - norm: 0.71 - 0.13s
[2024-06-19 17:33:53,430][utils.model][INFO] - (In epoch/Overall): (51/449)| inst_loss: 2.9551 - Mean loss: 0.1509 - acc: 0.9565 - norm: 0.98 - 0.51s
[2024-06-19 17:33:53,430][utils.model][INFO] - (In epoch/Overall): (51/449)| inst_loss: 2.9521 - Mean loss: 0.1444 - acc: 0.9559 - norm: 0.97 - 0.10s
[2024-06-19 17:33:53,968][utils.model][INFO] - (In epoch/Overall): (61/459)| inst_loss: 3.4907 - Mean loss: 0.1456 - acc: 0.9539 - norm: 1.13 - 0.08s
[2024-06-19 17:33:53,968][utils.model][INFO] - (In epoch/Overall): (61/459)| inst_loss: 3.4939 - Mean loss: 0.1555 - acc: 0.9559 - norm: 1.18 - 0.46s
[2024-06-19 17:33:54,458][utils.model][INFO] - (In epoch/Overall): (71/469)| inst_loss: 3.9799 - Mean loss: 0.1456 - acc: 0.9538 - norm: 1.41 - 0.22s
[2024-06-19 17:33:54,458][utils.model][INFO] - (In epoch/Overall): (71/469)| inst_loss: 3.9833 - Mean loss: 0.1576 - acc: 0.9551 - norm: 1.34 - 0.07s
[2024-06-19 17:33:54,982][utils.model][INFO] - (In epoch/Overall): (81/479)| inst_loss: 4.5045 - Mean loss: 0.1511 - acc: 0.9514 - norm: 1.63 - 0.06s
[2024-06-19 17:33:54,982][utils.model][INFO] - (In epoch/Overall): (81/479)| inst_loss: 4.5077 - Mean loss: 0.1516 - acc: 0.9560 - norm: 1.49 - 0.02s
[2024-06-19 17:33:55,441][utils.model][INFO] - (In epoch/Overall): (91/489)| inst_loss: 4.9636 - Mean loss: 0.1513 - acc: 0.9519 - norm: 1.86 - 0.12s
[2024-06-19 17:33:55,442][utils.model][INFO] - (In epoch/Overall): (91/489)| inst_loss: 4.9672 - Mean loss: 0.1495 - acc: 0.9550 - norm: 1.79 - 0.08s
[2024-06-19 17:33:55,910][utils.model][INFO] - (In epoch/Overall): (101/499)| inst_loss: 5.4322 - Mean loss: 0.1479 - acc: 0.9533 - norm: 2.04 - 0.07s
[2024-06-19 17:33:55,910][utils.model][INFO] - (In epoch/Overall): (101/499)| inst_loss: 5.4354 - Mean loss: 0.1427 - acc: 0.9573 - norm: 1.94 - 0.03s
[2024-06-19 17:33:56,460][utils.model][INFO] - (In epoch/Overall): (111/509)| inst_loss: 5.9827 - Mean loss: 0.1463 - acc: 0.9533 - norm: 2.14 - 0.28s
[2024-06-19 17:33:56,460][utils.model][INFO] - (In epoch/Overall): (111/509)| inst_loss: 5.9859 - Mean loss: 0.1485 - acc: 0.9555 - norm: 2.26 - 0.27s
[2024-06-19 17:33:56,995][utils.model][INFO] - (In epoch/Overall): (121/519)| inst_loss: 6.5206 - Mean loss: 0.1489 - acc: 0.9551 - norm: 2.48 - 0.12s
[2024-06-19 17:33:56,996][utils.model][INFO] - (In epoch/Overall): (121/519)| inst_loss: 6.5175 - Mean loss: 0.1415 - acc: 0.9548 - norm: 2.35 - 0.03s
[2024-06-19 17:33:57,481][utils.model][INFO] - (In epoch/Overall): (131/529)| inst_loss: 7.0065 - Mean loss: 0.1477 - acc: 0.9547 - norm: 2.60 - 0.18s
[2024-06-19 17:33:57,482][utils.model][INFO] - (In epoch/Overall): (131/529)| inst_loss: 7.0038 - Mean loss: 0.1406 - acc: 0.9559 - norm: 2.64 - 0.67s
[2024-06-19 17:33:57,982][utils.model][INFO] - (In epoch/Overall): (141/539)| inst_loss: 7.5071 - Mean loss: 0.1494 - acc: 0.9537 - norm: 2.90 - 0.05s
[2024-06-19 17:33:57,982][utils.model][INFO] - (In epoch/Overall): (141/539)| inst_loss: 7.5044 - Mean loss: 0.1401 - acc: 0.9557 - norm: 2.91 - 0.13s
[2024-06-19 17:33:58,460][utils.model][INFO] - (In epoch/Overall): (151/549)| inst_loss: 7.9857 - Mean loss: 0.1480 - acc: 0.9545 - norm: 3.16 - 0.18s
[2024-06-19 17:33:58,460][utils.model][INFO] - (In epoch/Overall): (151/549)| inst_loss: 7.9827 - Mean loss: 0.1431 - acc: 0.9551 - norm: 3.12 - 0.38s
[2024-06-19 17:33:58,944][utils.model][INFO] - (In epoch/Overall): (161/559)| inst_loss: 8.4693 - Mean loss: 0.1476 - acc: 0.9548 - norm: 3.31 - 0.05s
[2024-06-19 17:33:58,944][utils.model][INFO] - (In epoch/Overall): (161/559)| inst_loss: 8.4663 - Mean loss: 0.1424 - acc: 0.9556 - norm: 3.41 - 0.03s
[2024-06-19 17:33:59,452][utils.model][INFO] - (In epoch/Overall): (171/569)| inst_loss: 8.9779 - Mean loss: 0.1441 - acc: 0.9561 - norm: 3.47 - 0.01s
[2024-06-19 17:33:59,452][utils.model][INFO] - (In epoch/Overall): (171/569)| inst_loss: 8.9748 - Mean loss: 0.1399 - acc: 0.9563 - norm: 3.65 - 0.07s
[2024-06-19 17:33:59,935][utils.model][INFO] - (In epoch/Overall): (181/579)| inst_loss: 9.4572 - Mean loss: 0.1395 - acc: 0.9565 - norm: 3.95 - 0.05s
[2024-06-19 17:33:59,935][utils.model][INFO] - (In epoch/Overall): (181/579)| inst_loss: 9.4605 - Mean loss: 0.1449 - acc: 0.9556 - norm: 3.91 - 0.03s
[2024-06-19 17:34:00,428][utils.model][INFO] - (In epoch/Overall): (191/589)| inst_loss: 9.9503 - Mean loss: 0.1428 - acc: 0.9545 - norm: 4.30 - 0.46s
[2024-06-19 17:34:00,429][utils.model][INFO] - (In epoch/Overall): (191/589)| inst_loss: 9.9541 - Mean loss: 0.1410 - acc: 0.9571 - norm: 4.11 - 0.02s
[2024-06-19 17:34:00,903][utils.model][INFO] - (In epoch/Overall): (201/599)| inst_loss: 10.4255 - Mean loss: 0.1408 - acc: 0.9552 - norm: 4.47 - 0.09s
[2024-06-19 17:34:00,903][utils.model][INFO] - (In epoch/Overall): (201/599)| inst_loss: 10.4287 - Mean loss: 0.1406 - acc: 0.9572 - norm: 4.51 - 0.20s
[2024-06-19 17:34:01,416][utils.model][INFO] - (In epoch/Overall): (211/609)| inst_loss: 10.9374 - Mean loss: 0.1409 - acc: 0.9554 - norm: 4.74 - 0.09s
[2024-06-19 17:34:01,416][utils.model][INFO] - (In epoch/Overall): (211/609)| inst_loss: 10.9407 - Mean loss: 0.1391 - acc: 0.9573 - norm: 4.83 - 0.21s
[2024-06-19 17:34:01,784][utils.model][INFO] - Epoch Results:
[2024-06-19 17:34:01,784][utils.model][INFO] - Epoch Results:
[2024-06-19 17:34:01,788][utils.model][INFO] - (In epoch/Overall): (218/616)| inst_loss: 0.0563 - Mean loss: 0.1398 - acc: 0.9558 - norm: 4.87 - 11.31s
[2024-06-19 17:34:01,788][utils.model][INFO] - (In epoch/Overall): (218/616)| inst_loss: 0.1469 - Mean loss: 0.1373 - acc: 0.9580 - norm: 5.02 - 11.31s
[2024-06-19 17:34:03,451][utils.model][INFO] - Evaluation Results - Val Loss: 0.0843, Val Accuracy: 0.9780 in 32 steps
[2024-06-19 17:34:03,456][utils.model][INFO] - Evaluation Results - Val Loss: 0.1074, Val Accuracy: 0.9665 in 32 steps
[2024-06-19 17:34:03,708][flwr][DEBUG] - gRPC channel closed
[2024-06-19 17:34:03,708][flwr][DEBUG] - gRPC channel closed
[2024-06-19 17:34:03,708][flwr][INFO] - Disconnect and shut down
[2024-06-19 17:34:03,708][flwr][INFO] - Disconnect and shut down
