[2024-06-19 02:27:15,010][utils.model][INFO] - LeNet model built
[2024-06-19 02:27:15,273][utils.model][INFO] - Size of serialized model: 279.0341796875 kbytes
[2024-06-19 02:27:15,299][flwr][INFO] - Opened insecure gRPC connection (no certificates were passed)
[2024-06-19 02:27:15,303][flwr][DEBUG] - ChannelConnectivity.IDLE
[2024-06-19 02:27:15,304][flwr][DEBUG] - ChannelConnectivity.CONNECTING
[2024-06-19 02:27:15,309][flwr][DEBUG] - ChannelConnectivity.READY
[2024-06-19 02:27:15,595][utils.model][INFO] - LeNet model built
[2024-06-19 02:27:15,900][utils.model][INFO] - Size of serialized model: 279.0341796875 kbytes
[2024-06-19 02:27:15,909][flwr][INFO] - Opened insecure gRPC connection (no certificates were passed)
[2024-06-19 02:27:15,914][flwr][DEBUG] - ChannelConnectivity.IDLE
[2024-06-19 02:27:15,917][flwr][DEBUG] - ChannelConnectivity.CONNECTING
[2024-06-19 02:27:15,918][flwr][DEBUG] - ChannelConnectivity.READY
[2024-06-19 02:27:20,434][utils.model][INFO] - ========================== Epoch Start ==========================
[2024-06-19 02:27:20,435][utils.model][INFO] - ========================== Epoch Start ==========================
[2024-06-19 02:27:20,788][utils.model][INFO] - (In epoch/Overall): (1/1)| inst_loss: 2.3031 - Mean loss: 2.3031 - acc: 0.1562 - norm: 0.21 - 0.35s
[2024-06-19 02:27:20,788][utils.model][INFO] - (In epoch/Overall): (1/1)| inst_loss: 2.3113 - Mean loss: 2.3113 - acc: 0.0625 - norm: 0.20 - 0.35s
[2024-06-19 02:27:21,267][utils.model][INFO] - (In epoch/Overall): (11/11)| inst_loss: 1.9272 - Mean loss: 2.1474 - acc: 0.2983 - norm: 2.25 - 0.83s
[2024-06-19 02:27:21,267][utils.model][INFO] - (In epoch/Overall): (11/11)| inst_loss: 1.8295 - Mean loss: 2.1265 - acc: 0.3182 - norm: 2.35 - 0.83s
[2024-06-19 02:27:21,757][utils.model][INFO] - (In epoch/Overall): (21/21)| inst_loss: 1.4092 - Mean loss: 1.9209 - acc: 0.3765 - norm: 4.75 - 1.32s
[2024-06-19 02:27:21,757][utils.model][INFO] - (In epoch/Overall): (21/21)| inst_loss: 1.4489 - Mean loss: 1.8711 - acc: 0.4107 - norm: 4.96 - 1.32s
[2024-06-19 02:27:21,855][utils.model][INFO] - Epoch Results:
[2024-06-19 02:27:21,855][utils.model][INFO] - Epoch Results:
[2024-06-19 02:27:21,858][utils.model][INFO] - (In epoch/Overall): (23/23)| inst_loss: 1.3881 - Mean loss: 1.8811 - acc: 0.3899 - norm: 5.11 - 1.42s
[2024-06-19 02:27:21,858][utils.model][INFO] - (In epoch/Overall): (23/23)| inst_loss: 1.3509 - Mean loss: 1.8235 - acc: 0.4334 - norm: 5.39 - 1.42s
[2024-06-19 02:27:23,490][utils.model][INFO] - Evaluation Results - Val Loss: 1.3840, Val Accuracy: 0.6055 in 32 steps
[2024-06-19 02:27:23,503][utils.model][INFO] - Evaluation Results - Val Loss: 1.3823, Val Accuracy: 0.6045 in 32 steps
