[2024-06-22 14:42:32,450][utils.model][INFO] - LeNet model built
[2024-06-22 14:42:32,450][utils.model][INFO] - LeNet model built
[2024-06-22 14:42:32,866][utils.model][INFO] - Size of serialized model: 279.0341796875 kbytes
[2024-06-22 14:42:32,871][utils.model][INFO] - Size of serialized model: 279.0341796875 kbytes
[2024-06-22 14:42:32,880][flwr][INFO] - Opened insecure gRPC connection (no certificates were passed)
[2024-06-22 14:42:32,885][flwr][DEBUG] - ChannelConnectivity.IDLE
[2024-06-22 14:42:32,893][flwr][DEBUG] - ChannelConnectivity.CONNECTING
[2024-06-22 14:42:32,895][flwr][DEBUG] - ChannelConnectivity.READY
[2024-06-22 14:42:32,895][flwr][INFO] - Opened insecure gRPC connection (no certificates were passed)
[2024-06-22 14:42:32,898][flwr][DEBUG] - ChannelConnectivity.IDLE
[2024-06-22 14:42:32,900][flwr][DEBUG] - ChannelConnectivity.CONNECTING
[2024-06-22 14:42:32,902][flwr][DEBUG] - ChannelConnectivity.READY
[2024-06-22 14:42:33,047][utils.model][INFO] - LeNet model built
[2024-06-22 14:42:33,382][utils.model][INFO] - Size of serialized model: 279.0341796875 kbytes
[2024-06-22 14:42:33,391][flwr][INFO] - Opened insecure gRPC connection (no certificates were passed)
[2024-06-22 14:42:33,395][flwr][DEBUG] - ChannelConnectivity.IDLE
[2024-06-22 14:42:33,396][flwr][DEBUG] - ChannelConnectivity.CONNECTING
[2024-06-22 14:42:33,397][flwr][DEBUG] - ChannelConnectivity.READY
[2024-06-22 14:42:38,652][utils.model][INFO] - ========================== Epoch Start ==========================
[2024-06-22 14:42:38,661][utils.model][INFO] - ========================== Epoch Start ==========================
[2024-06-22 14:42:39,089][utils.model][INFO] - (In epoch/Overall): (1/1)| inst_loss: 0.4259 - Mean loss: 2.3568 - acc: 0.0938 - norm: 0.23 - 2.36s
[2024-06-22 14:42:39,090][utils.model][INFO] - (In epoch/Overall): (1/1)| inst_loss: 0.4352 - Mean loss: 2.2979 - acc: 0.1875 - norm: 0.26 - 2.30s
[2024-06-22 14:42:39,763][utils.model][INFO] - (In epoch/Overall): (11/11)| inst_loss: 1.1095 - Mean loss: 2.1831 - acc: 0.2443 - norm: 1.71 - 2.09s
[2024-06-22 14:42:39,764][utils.model][INFO] - (In epoch/Overall): (11/11)| inst_loss: 1.1014 - Mean loss: 2.1479 - acc: 0.2528 - norm: 1.91 - 1.92s
[2024-06-22 14:42:40,446][utils.model][INFO] - (In epoch/Overall): (21/21)| inst_loss: 1.7832 - Mean loss: 1.9241 - acc: 0.3586 - norm: 3.88 - 1.63s
[2024-06-22 14:42:40,447][utils.model][INFO] - (In epoch/Overall): (21/21)| inst_loss: 1.7926 - Mean loss: 2.0006 - acc: 0.3393 - norm: 3.80 - 1.57s
[2024-06-22 14:42:40,766][utils.model][INFO] - Epoch Results:
[2024-06-22 14:42:40,767][utils.model][INFO] - Epoch Results:
[2024-06-22 14:42:40,769][utils.model][INFO] - (In epoch/Overall): (26/26)| inst_loss: 1.1703 - Mean loss: 1.8796 - acc: 0.3882 - norm: 4.94 - 2.12s
[2024-06-22 14:42:40,770][utils.model][INFO] - (In epoch/Overall): (26/26)| inst_loss: 1.0787 - Mean loss: 1.7841 - acc: 0.4303 - norm: 4.88 - 2.11s
[2024-06-22 14:42:42,222][utils.model][INFO] - Evaluation Results - Val Loss: 1.1783, Val Accuracy: 0.6940 in 16 steps
[2024-06-22 14:42:42,225][utils.model][INFO] - Evaluation Results - Val Loss: 1.1709, Val Accuracy: 0.6980 in 16 steps
[2024-06-22 14:42:42,243][utils.model][INFO] - Evaluation Results - Val Loss: 1.1546, Val Accuracy: 0.7030 in 16 steps
[2024-06-22 14:42:47,418][utils.model][INFO] - ========================== Epoch Start ==========================
[2024-06-22 14:42:47,423][utils.model][INFO] - ========================== Epoch Start ==========================
[2024-06-22 14:42:47,424][utils.model][INFO] - ========================== Epoch Start ==========================
[2024-06-22 14:42:47,721][utils.model][INFO] - (In epoch/Overall): (1/27)| inst_loss: 0.3016 - Mean loss: 1.1779 - acc: 0.6875 - norm: 0.08 - 1.18s
[2024-06-22 14:42:47,722][utils.model][INFO] - (In epoch/Overall): (1/1)| inst_loss: 0.2960 - Mean loss: 1.0365 - acc: 0.7188 - norm: 0.37 - 1.04s
[2024-06-22 14:42:47,723][utils.model][INFO] - (In epoch/Overall): (1/27)| inst_loss: 0.2974 - Mean loss: 1.2055 - acc: 0.6250 - norm: 0.10 - 1.21s
[2024-06-22 14:42:48,450][utils.model][INFO] - (In epoch/Overall): (11/37)| inst_loss: 1.0258 - Mean loss: 1.0300 - acc: 0.6847 - norm: 0.54 - 0.81s
[2024-06-22 14:42:48,451][utils.model][INFO] - (In epoch/Overall): (11/37)| inst_loss: 1.0304 - Mean loss: 1.1393 - acc: 0.6591 - norm: 0.54 - 1.01s
[2024-06-22 14:42:48,452][utils.model][INFO] - (In epoch/Overall): (11/11)| inst_loss: 1.0250 - Mean loss: 1.1823 - acc: 0.6506 - norm: 0.93 - 1.07s
[2024-06-22 14:42:49,236][utils.model][INFO] - (In epoch/Overall): (21/21)| inst_loss: 1.8097 - Mean loss: 1.0071 - acc: 0.6830 - norm: 1.55 - 0.62s
[2024-06-22 14:42:49,237][utils.model][INFO] - (In epoch/Overall): (21/47)| inst_loss: 1.8159 - Mean loss: 1.0617 - acc: 0.6607 - norm: 1.10 - 0.69s
[2024-06-22 14:42:49,237][utils.model][INFO] - (In epoch/Overall): (21/47)| inst_loss: 1.8113 - Mean loss: 0.9476 - acc: 0.7158 - norm: 1.21 - 0.93s
[2024-06-22 14:42:50,094][utils.model][INFO] - (In epoch/Overall): (31/57)| inst_loss: 2.6693 - Mean loss: 0.8537 - acc: 0.7450 - norm: 1.73 - 0.53s
[2024-06-22 14:42:50,095][utils.model][INFO] - (In epoch/Overall): (31/57)| inst_loss: 2.6745 - Mean loss: 0.9298 - acc: 0.7127 - norm: 1.71 - 0.65s
[2024-06-22 14:42:50,095][utils.model][INFO] - (In epoch/Overall): (31/31)| inst_loss: 2.6685 - Mean loss: 0.9071 - acc: 0.7137 - norm: 2.24 - 0.86s
[2024-06-22 14:42:50,917][utils.model][INFO] - (In epoch/Overall): (41/67)| inst_loss: 3.4923 - Mean loss: 0.8072 - acc: 0.7569 - norm: 2.44 - 0.56s
[2024-06-22 14:42:50,917][utils.model][INFO] - (In epoch/Overall): (41/67)| inst_loss: 3.4969 - Mean loss: 0.8472 - acc: 0.7363 - norm: 2.30 - 0.46s
[2024-06-22 14:42:50,917][utils.model][INFO] - (In epoch/Overall): (41/41)| inst_loss: 3.4913 - Mean loss: 0.8206 - acc: 0.7424 - norm: 2.86 - 0.61s
[2024-06-22 14:42:51,681][utils.model][INFO] - (In epoch/Overall): (51/77)| inst_loss: 4.2614 - Mean loss: 0.8006 - acc: 0.7482 - norm: 2.97 - 0.53s
[2024-06-22 14:42:51,681][utils.model][INFO] - (In epoch/Overall): (51/51)| inst_loss: 4.2552 - Mean loss: 0.7595 - acc: 0.7610 - norm: 3.63 - 0.56s
[2024-06-22 14:42:51,681][utils.model][INFO] - (In epoch/Overall): (51/77)| inst_loss: 4.2565 - Mean loss: 0.7486 - acc: 0.7745 - norm: 3.06 - 0.42s
[2024-06-22 14:42:52,441][utils.model][INFO] - (In epoch/Overall): (61/87)| inst_loss: 5.0208 - Mean loss: 0.7634 - acc: 0.7618 - norm: 3.59 - 0.56s
[2024-06-22 14:42:52,441][utils.model][INFO] - (In epoch/Overall): (61/87)| inst_loss: 5.0165 - Mean loss: 0.7115 - acc: 0.7818 - norm: 3.68 - 0.48s
[2024-06-22 14:42:52,446][utils.model][INFO] - (In epoch/Overall): (61/61)| inst_loss: 5.0161 - Mean loss: 0.7237 - acc: 0.7751 - norm: 4.26 - 0.53s
[2024-06-22 14:42:53,195][utils.model][INFO] - (In epoch/Overall): (71/97)| inst_loss: 5.7748 - Mean loss: 0.7197 - acc: 0.7742 - norm: 4.20 - 0.69s
[2024-06-22 14:42:53,195][utils.model][INFO] - (In epoch/Overall): (71/71)| inst_loss: 5.7686 - Mean loss: 0.6881 - acc: 0.7883 - norm: 4.96 - 0.33s
[2024-06-22 14:42:53,196][utils.model][INFO] - (In epoch/Overall): (71/97)| inst_loss: 5.7702 - Mean loss: 0.6846 - acc: 0.7901 - norm: 4.42 - 0.43s
[2024-06-22 14:42:53,830][utils.model][INFO] - Epoch Results:
[2024-06-22 14:42:53,831][utils.model][INFO] - Epoch Results:
[2024-06-22 14:42:53,832][utils.model][INFO] - Epoch Results:
[2024-06-22 14:42:53,835][utils.model][INFO] - (In epoch/Overall): (79/105)| inst_loss: 0.5551 - Mean loss: 0.6956 - acc: 0.7824 - norm: 4.71 - 6.42s
[2024-06-22 14:42:53,836][utils.model][INFO] - (In epoch/Overall): (79/79)| inst_loss: 0.4942 - Mean loss: 0.6736 - acc: 0.7903 - norm: 5.64 - 6.41s
[2024-06-22 14:42:53,837][utils.model][INFO] - (In epoch/Overall): (79/105)| inst_loss: 0.3169 - Mean loss: 0.6532 - acc: 0.7998 - norm: 4.94 - 6.41s
[2024-06-22 14:42:55,275][utils.model][INFO] - Evaluation Results - Val Loss: 0.3262, Val Accuracy: 0.9150 in 16 steps
[2024-06-22 14:42:55,278][utils.model][INFO] - Evaluation Results - Val Loss: 0.3075, Val Accuracy: 0.9240 in 16 steps
[2024-06-22 14:42:55,278][utils.model][INFO] - Evaluation Results - Val Loss: 0.3177, Val Accuracy: 0.9070 in 16 steps
[2024-06-22 14:43:00,457][utils.model][INFO] - ========================== Epoch Start ==========================
[2024-06-22 14:43:00,460][utils.model][INFO] - ========================== Epoch Start ==========================
[2024-06-22 14:43:00,576][utils.model][INFO] - (In epoch/Overall): (1/106)| inst_loss: 0.1145 - Mean loss: 0.4309 - acc: 0.8438 - norm: 0.05 - 0.43s
[2024-06-22 14:43:00,576][utils.model][INFO] - (In epoch/Overall): (1/80)| inst_loss: 0.1177 - Mean loss: 0.4770 - acc: 0.9062 - norm: 0.04 - 0.48s
[2024-06-22 14:43:01,261][utils.model][INFO] - (In epoch/Overall): (11/116)| inst_loss: 0.7989 - Mean loss: 0.3713 - acc: 0.8864 - norm: 0.21 - 0.40s
[2024-06-22 14:43:01,262][utils.model][INFO] - (In epoch/Overall): (11/90)| inst_loss: 0.8020 - Mean loss: 0.3590 - acc: 0.8949 - norm: 0.18 - 0.39s
[2024-06-22 14:43:01,911][utils.model][INFO] - (In epoch/Overall): (21/126)| inst_loss: 1.4492 - Mean loss: 0.3743 - acc: 0.8884 - norm: 0.40 - 0.54s
[2024-06-22 14:43:01,912][utils.model][INFO] - (In epoch/Overall): (21/100)| inst_loss: 1.4519 - Mean loss: 0.3861 - acc: 0.8914 - norm: 0.40 - 0.25s
[2024-06-22 14:43:02,558][utils.model][INFO] - (In epoch/Overall): (31/136)| inst_loss: 2.0960 - Mean loss: 0.3624 - acc: 0.8921 - norm: 0.59 - 0.36s
[2024-06-22 14:43:02,559][utils.model][INFO] - (In epoch/Overall): (31/110)| inst_loss: 2.0990 - Mean loss: 0.3512 - acc: 0.8992 - norm: 0.61 - 0.45s
[2024-06-22 14:43:03,243][utils.model][INFO] - (In epoch/Overall): (41/120)| inst_loss: 2.7849 - Mean loss: 0.3480 - acc: 0.8994 - norm: 0.85 - 0.49s
[2024-06-22 14:43:03,244][utils.model][INFO] - (In epoch/Overall): (41/146)| inst_loss: 2.7817 - Mean loss: 0.3826 - acc: 0.8841 - norm: 0.88 - 0.30s
[2024-06-22 14:43:03,925][utils.model][INFO] - (In epoch/Overall): (51/130)| inst_loss: 3.4665 - Mean loss: 0.3524 - acc: 0.8964 - norm: 1.14 - 0.50s
[2024-06-22 14:43:03,925][utils.model][INFO] - (In epoch/Overall): (51/156)| inst_loss: 3.4639 - Mean loss: 0.3669 - acc: 0.8879 - norm: 1.11 - 0.23s
[2024-06-22 14:43:04,617][utils.model][INFO] - (In epoch/Overall): (61/166)| inst_loss: 4.1560 - Mean loss: 0.3573 - acc: 0.8863 - norm: 1.47 - 0.33s
[2024-06-22 14:43:04,619][utils.model][INFO] - (In epoch/Overall): (61/140)| inst_loss: 4.1596 - Mean loss: 0.3512 - acc: 0.8991 - norm: 1.50 - 0.45s
[2024-06-22 14:43:05,290][utils.model][INFO] - (In epoch/Overall): (71/150)| inst_loss: 4.8317 - Mean loss: 0.3387 - acc: 0.8988 - norm: 1.90 - 0.35s
[2024-06-22 14:43:05,290][utils.model][INFO] - (In epoch/Overall): (71/176)| inst_loss: 4.8290 - Mean loss: 0.3507 - acc: 0.8869 - norm: 1.87 - 0.32s
[2024-06-22 14:43:05,945][utils.model][INFO] - (In epoch/Overall): (81/160)| inst_loss: 5.4864 - Mean loss: 0.3294 - acc: 0.9012 - norm: 2.29 - 0.16s
[2024-06-22 14:43:05,945][utils.model][INFO] - (In epoch/Overall): (81/186)| inst_loss: 5.4838 - Mean loss: 0.3446 - acc: 0.8893 - norm: 2.17 - 0.23s
[2024-06-22 14:43:06,592][utils.model][INFO] - (In epoch/Overall): (91/170)| inst_loss: 6.1339 - Mean loss: 0.3248 - acc: 0.9021 - norm: 2.66 - 0.34s
[2024-06-22 14:43:06,593][utils.model][INFO] - (In epoch/Overall): (91/196)| inst_loss: 6.1312 - Mean loss: 0.3426 - acc: 0.8908 - norm: 2.63 - 0.28s
[2024-06-22 14:43:07,274][utils.model][INFO] - (In epoch/Overall): (101/180)| inst_loss: 6.8147 - Mean loss: 0.3152 - acc: 0.9050 - norm: 3.06 - 0.44s
[2024-06-22 14:43:07,274][utils.model][INFO] - (In epoch/Overall): (101/206)| inst_loss: 6.8120 - Mean loss: 0.3349 - acc: 0.8926 - norm: 3.09 - 0.14s
[2024-06-22 14:43:07,983][utils.model][INFO] - (In epoch/Overall): (111/190)| inst_loss: 7.5240 - Mean loss: 0.3133 - acc: 0.9046 - norm: 3.50 - 0.20s
[2024-06-22 14:43:07,983][utils.model][INFO] - (In epoch/Overall): (111/216)| inst_loss: 7.5216 - Mean loss: 0.3262 - acc: 0.8975 - norm: 3.44 - 0.10s
[2024-06-22 14:43:08,624][utils.model][INFO] - (In epoch/Overall): (121/200)| inst_loss: 8.1649 - Mean loss: 0.3009 - acc: 0.9093 - norm: 3.88 - 0.49s
[2024-06-22 14:43:08,624][utils.model][INFO] - (In epoch/Overall): (121/226)| inst_loss: 8.1621 - Mean loss: 0.3136 - acc: 0.9003 - norm: 3.97 - 0.35s
[2024-06-22 14:43:09,330][utils.model][INFO] - (In epoch/Overall): (131/210)| inst_loss: 8.8692 - Mean loss: 0.2989 - acc: 0.9108 - norm: 4.43 - 0.57s
[2024-06-22 14:43:09,332][utils.model][INFO] - (In epoch/Overall): (131/236)| inst_loss: 8.8671 - Mean loss: 0.3095 - acc: 0.9017 - norm: 4.55 - 0.26s
[2024-06-22 14:43:10,158][utils.model][INFO] - (In epoch/Overall): (141/220)| inst_loss: 9.6991 - Mean loss: 0.2948 - acc: 0.9120 - norm: 4.99 - 0.38s
[2024-06-22 14:43:10,159][utils.model][INFO] - (In epoch/Overall): (141/246)| inst_loss: 9.6969 - Mean loss: 0.3072 - acc: 0.9029 - norm: 5.01 - 0.21s
[2024-06-22 14:43:10,236][utils.model][INFO] - Epoch Results:
[2024-06-22 14:43:10,238][utils.model][INFO] - Epoch Results:
[2024-06-22 14:43:10,241][utils.model][INFO] - (In epoch/Overall): (142/247)| inst_loss: 0.2891 - Mean loss: 0.3070 - acc: 0.9032 - norm: 5.07 - 9.78s
[2024-06-22 14:43:10,242][utils.model][INFO] - (In epoch/Overall): (142/221)| inst_loss: 0.1843 - Mean loss: 0.2941 - acc: 0.9124 - norm: 5.03 - 9.78s
[2024-06-22 14:43:11,665][utils.model][INFO] - Evaluation Results - Val Loss: 0.1648, Val Accuracy: 0.9490 in 16 steps
[2024-06-22 14:43:11,676][utils.model][INFO] - Evaluation Results - Val Loss: 0.1629, Val Accuracy: 0.9550 in 16 steps
[2024-06-22 14:43:11,687][utils.model][INFO] - Evaluation Results - Val Loss: 0.1577, Val Accuracy: 0.9500 in 16 steps
[2024-06-22 14:43:11,860][flwr][DEBUG] - gRPC channel closed
[2024-06-22 14:43:11,861][flwr][INFO] - Disconnect and shut down
[2024-06-22 14:43:11,874][flwr][DEBUG] - gRPC channel closed
[2024-06-22 14:43:11,874][flwr][DEBUG] - gRPC channel closed
[2024-06-22 14:43:11,874][flwr][INFO] - Disconnect and shut down
[2024-06-22 14:43:11,874][flwr][INFO] - Disconnect and shut down
