[2024-03-02 19:05:05,305][flwr][INFO] - Starting Flower server, config: ServerConfig(num_rounds=3, round_timeout=None)
[2024-03-02 19:05:05,308][flwr][INFO] - Flower ECE: gRPC server running (3 rounds), SSL is disabled
[2024-03-02 19:05:05,309][flwr][INFO] - Initializing global parameters
[2024-03-02 19:05:05,309][flwr][INFO] - Requesting initial parameters from one random client
[2024-03-02 19:05:08,497][flwr][INFO] - Received initial parameters from one random client
[2024-03-02 19:05:08,498][flwr][INFO] - Evaluating initial parameters
[2024-03-02 19:05:08,498][flwr][INFO] - FL starting
[2024-03-02 19:05:44,876][flwr][DEBUG] - fit_round 1: strategy sampled 3 clients (out of 4)
[2024-03-02 19:06:00,820][flwr][DEBUG] - fit_round 1 received 3 results and 0 failures
[2024-03-02 19:06:00,831][flwr][DEBUG] - evaluate_round 1: strategy sampled 2 clients (out of 4)
[2024-03-02 19:06:04,694][flwr][DEBUG] - evaluate_round 1 received 2 results and 0 failures
[2024-03-02 19:06:28,992][flwr][DEBUG] - fit_round 2: strategy sampled 2 clients (out of 4)
[2024-03-02 19:06:44,832][flwr][DEBUG] - fit_round 2 received 2 results and 0 failures
[2024-03-02 19:06:44,837][flwr][DEBUG] - evaluate_round 2: strategy sampled 2 clients (out of 4)
[2024-03-02 19:06:48,316][flwr][DEBUG] - evaluate_round 2 received 2 results and 0 failures
[2024-03-02 19:07:21,621][flwr][DEBUG] - fit_round 3: strategy sampled 3 clients (out of 4)
[2024-03-02 19:07:42,328][flwr][DEBUG] - fit_round 3 received 3 results and 0 failures
[2024-03-02 19:07:42,334][flwr][DEBUG] - evaluate_round 3: strategy sampled 2 clients (out of 4)
[2024-03-02 19:07:45,944][flwr][DEBUG] - evaluate_round 3 received 2 results and 0 failures
[2024-03-02 19:07:45,944][flwr][INFO] - FL finished in 157.44584423500055
[2024-03-02 19:07:45,944][flwr][INFO] - app_fit: losses_distributed [(1, 0.7947068214416504), (2, 0.3340158462524414), (3, 0.209209606051445)]
[2024-03-02 19:07:45,945][flwr][INFO] - app_fit: metrics_distributed_fit {'average_norm': [(1, 24.63378397623698), (2, 18.876460075378418), (3, 14.780983924865723)], 'round_time': [(1, 199.014000569), (2, 10.187223872), (3, 10.137604537)], 'average_throughput': [(1, 1527.218531466944), (2, 1637.2358785471163), (3, 1614.9308661083044)], 'dropouts': [(1, 0), (2, 0), (3, 0)]}
[2024-03-02 19:07:45,945][flwr][INFO] - app_fit: metrics_distributed {'accuracy': [(1, 0.7645000219345093), (2, 0.894599974155426), (3, 0.9394999742507935)]}
[2024-03-02 19:07:45,945][flwr][INFO] - app_fit: losses_centralized []
[2024-03-02 19:07:45,945][flwr][INFO] - app_fit: metrics_centralized {}
