[2024-06-19 18:31:53,545][utils.model][INFO] - LeNet model built
[2024-06-19 18:31:53,853][utils.model][INFO] - LeNet model built
[2024-06-19 18:31:53,964][utils.model][INFO] - Size of serialized model: 279.0341796875 kbytes
[2024-06-19 18:31:53,980][flwr][INFO] - Opened insecure gRPC connection (no certificates were passed)
[2024-06-19 18:31:53,982][flwr][DEBUG] - ChannelConnectivity.IDLE
[2024-06-19 18:31:53,988][flwr][DEBUG] - ChannelConnectivity.READY
[2024-06-19 18:31:54,133][utils.model][INFO] - Size of serialized model: 279.0341796875 kbytes
[2024-06-19 18:31:54,162][flwr][INFO] - Opened insecure gRPC connection (no certificates were passed)
[2024-06-19 18:31:54,166][flwr][DEBUG] - ChannelConnectivity.IDLE
[2024-06-19 18:31:54,167][flwr][DEBUG] - ChannelConnectivity.READY
[2024-06-19 18:32:00,348][utils.model][INFO] - ========================== Epoch Start ==========================
[2024-06-19 18:32:00,349][utils.model][INFO] - ========================== Epoch Start ==========================
[2024-06-19 18:32:01,557][utils.model][INFO] - (In epoch/Overall): (1/1)| inst_loss: 1.2055 - Mean loss: 2.3221 - acc: 0.1250 - norm: 0.19 - 2.32s
[2024-06-19 18:32:01,558][utils.model][INFO] - (In epoch/Overall): (1/1)| inst_loss: 1.2080 - Mean loss: 2.3339 - acc: 0.0312 - norm: 0.23 - 2.33s
[2024-06-19 18:32:02,246][utils.model][INFO] - (In epoch/Overall): (11/11)| inst_loss: 1.8955 - Mean loss: 2.1790 - acc: 0.2358 - norm: 1.98 - 2.01s
[2024-06-19 18:32:02,246][utils.model][INFO] - (In epoch/Overall): (11/11)| inst_loss: 1.8943 - Mean loss: 2.1891 - acc: 0.2784 - norm: 2.00 - 2.04s
[2024-06-19 18:32:02,885][utils.model][INFO] - (In epoch/Overall): (21/21)| inst_loss: 2.5361 - Mean loss: 1.9535 - acc: 0.3676 - norm: 5.06 - 1.42s
[2024-06-19 18:32:02,886][utils.model][INFO] - (In epoch/Overall): (21/21)| inst_loss: 2.5347 - Mean loss: 1.9164 - acc: 0.4167 - norm: 5.28 - 1.30s
[2024-06-19 18:32:02,891][utils.model][INFO] - Epoch Results:
[2024-06-19 18:32:02,891][utils.model][INFO] - Epoch Results:
[2024-06-19 18:32:02,895][utils.model][INFO] - (In epoch/Overall): (21/21)| inst_loss: 1.4157 - Mean loss: 1.9535 - acc: 0.3676 - norm: 5.06 - 2.54s
[2024-06-19 18:32:02,895][utils.model][INFO] - (In epoch/Overall): (21/21)| inst_loss: 1.2951 - Mean loss: 1.9164 - acc: 0.4167 - norm: 5.28 - 2.54s
[2024-06-19 18:32:05,242][utils.model][INFO] - Evaluation Results - Val Loss: 1.2972, Val Accuracy: 0.7485 in 32 steps
[2024-06-19 18:32:05,264][utils.model][INFO] - Evaluation Results - Val Loss: 1.3124, Val Accuracy: 0.7375 in 32 steps
[2024-06-19 18:32:09,917][utils.model][INFO] - ========================== Epoch Start ==========================
[2024-06-19 18:32:09,916][utils.model][INFO] - ========================== Epoch Start ==========================
[2024-06-19 18:32:10,029][utils.model][INFO] - (In epoch/Overall): (1/22)| inst_loss: 0.1106 - Mean loss: 1.3655 - acc: 0.6562 - norm: 0.07 - 1.37s
[2024-06-19 18:32:10,029][utils.model][INFO] - (In epoch/Overall): (1/22)| inst_loss: 0.1106 - Mean loss: 1.2411 - acc: 0.8438 - norm: 0.06 - 1.24s
[2024-06-19 18:32:10,526][utils.model][INFO] - (In epoch/Overall): (11/32)| inst_loss: 0.6070 - Mean loss: 1.0701 - acc: 0.7017 - norm: 0.85 - 0.87s
[2024-06-19 18:32:10,526][utils.model][INFO] - (In epoch/Overall): (11/32)| inst_loss: 0.6069 - Mean loss: 1.1583 - acc: 0.6619 - norm: 0.77 - 0.79s
[2024-06-19 18:32:11,114][utils.model][INFO] - (In epoch/Overall): (21/42)| inst_loss: 1.1943 - Mean loss: 0.9734 - acc: 0.7113 - norm: 1.65 - 1.00s
[2024-06-19 18:32:11,115][utils.model][INFO] - (In epoch/Overall): (21/42)| inst_loss: 1.1945 - Mean loss: 0.9722 - acc: 0.7202 - norm: 1.65 - 0.73s
[2024-06-19 18:32:11,679][utils.model][INFO] - (In epoch/Overall): (31/52)| inst_loss: 1.7605 - Mean loss: 0.8759 - acc: 0.7440 - norm: 2.47 - 0.51s
[2024-06-19 18:32:11,679][utils.model][INFO] - (In epoch/Overall): (31/52)| inst_loss: 1.7607 - Mean loss: 0.8824 - acc: 0.7399 - norm: 2.52 - 0.88s
[2024-06-19 18:32:12,193][utils.model][INFO] - (In epoch/Overall): (41/62)| inst_loss: 2.2751 - Mean loss: 0.8001 - acc: 0.7607 - norm: 3.28 - 0.57s
[2024-06-19 18:32:12,193][utils.model][INFO] - (In epoch/Overall): (41/62)| inst_loss: 2.2752 - Mean loss: 0.8119 - acc: 0.7561 - norm: 3.35 - 0.51s
[2024-06-19 18:32:12,693][utils.model][INFO] - (In epoch/Overall): (51/72)| inst_loss: 2.7746 - Mean loss: 0.7382 - acc: 0.7800 - norm: 4.14 - 0.51s
[2024-06-19 18:32:12,693][utils.model][INFO] - (In epoch/Overall): (51/72)| inst_loss: 2.7747 - Mean loss: 0.7547 - acc: 0.7696 - norm: 4.19 - 0.54s
[2024-06-19 18:32:13,207][utils.model][INFO] - (In epoch/Overall): (61/82)| inst_loss: 3.2877 - Mean loss: 0.6995 - acc: 0.7889 - norm: 4.97 - 0.49s
[2024-06-19 18:32:13,207][utils.model][INFO] - (In epoch/Overall): (61/82)| inst_loss: 3.2877 - Mean loss: 0.7067 - acc: 0.7843 - norm: 4.97 - 0.63s
[2024-06-19 18:32:13,287][utils.model][INFO] - Epoch Results:
[2024-06-19 18:32:13,288][utils.model][INFO] - Epoch Results:
[2024-06-19 18:32:13,290][utils.model][INFO] - (In epoch/Overall): (62/83)| inst_loss: 0.5561 - Mean loss: 0.6972 - acc: 0.7898 - norm: 5.05 - 3.37s
[2024-06-19 18:32:13,292][utils.model][INFO] - (In epoch/Overall): (62/83)| inst_loss: 0.4527 - Mean loss: 0.7026 - acc: 0.7853 - norm: 5.06 - 3.37s
[2024-06-19 18:32:14,951][utils.model][INFO] - Evaluation Results - Val Loss: 0.3940, Val Accuracy: 0.8825 in 32 steps
[2024-06-19 18:32:14,952][utils.model][INFO] - Evaluation Results - Val Loss: 0.3862, Val Accuracy: 0.8800 in 32 steps
[2024-06-19 18:32:19,259][utils.model][INFO] - ========================== Epoch Start ==========================
[2024-06-19 18:32:19,261][utils.model][INFO] - ========================== Epoch Start ==========================
[2024-06-19 18:32:19,369][utils.model][INFO] - (In epoch/Overall): (1/84)| inst_loss: 0.1086 - Mean loss: 0.3617 - acc: 0.9062 - norm: 0.02 - 0.36s
[2024-06-19 18:32:19,370][utils.model][INFO] - (In epoch/Overall): (1/84)| inst_loss: 0.1074 - Mean loss: 0.1837 - acc: 1.0000 - norm: 0.02 - 0.18s
[2024-06-19 18:32:19,845][utils.model][INFO] - (In epoch/Overall): (11/94)| inst_loss: 0.5839 - Mean loss: 0.4251 - acc: 0.8864 - norm: 0.20 - 0.35s
[2024-06-19 18:32:19,845][utils.model][INFO] - (In epoch/Overall): (11/94)| inst_loss: 0.5826 - Mean loss: 0.3187 - acc: 0.9119 - norm: 0.19 - 0.10s
[2024-06-19 18:32:20,348][utils.model][INFO] - (In epoch/Overall): (21/104)| inst_loss: 1.0860 - Mean loss: 0.4025 - acc: 0.8839 - norm: 0.41 - 0.50s
[2024-06-19 18:32:20,348][utils.model][INFO] - (In epoch/Overall): (21/104)| inst_loss: 1.0848 - Mean loss: 0.3560 - acc: 0.8943 - norm: 0.40 - 0.37s
[2024-06-19 18:32:20,869][utils.model][INFO] - (In epoch/Overall): (31/114)| inst_loss: 1.6055 - Mean loss: 0.3715 - acc: 0.8891 - norm: 0.63 - 0.25s
[2024-06-19 18:32:20,870][utils.model][INFO] - (In epoch/Overall): (31/114)| inst_loss: 1.6076 - Mean loss: 0.3763 - acc: 0.8921 - norm: 0.57 - 0.50s
[2024-06-19 18:32:21,391][utils.model][INFO] - (In epoch/Overall): (41/124)| inst_loss: 2.1283 - Mean loss: 0.3563 - acc: 0.8956 - norm: 0.92 - 0.24s
[2024-06-19 18:32:21,391][utils.model][INFO] - (In epoch/Overall): (41/124)| inst_loss: 2.1296 - Mean loss: 0.3677 - acc: 0.8933 - norm: 0.87 - 0.20s
[2024-06-19 18:32:21,924][utils.model][INFO] - (In epoch/Overall): (51/134)| inst_loss: 2.6614 - Mean loss: 0.3541 - acc: 0.8909 - norm: 1.24 - 0.49s
[2024-06-19 18:32:21,924][utils.model][INFO] - (In epoch/Overall): (51/134)| inst_loss: 2.6629 - Mean loss: 0.3831 - acc: 0.8879 - norm: 1.25 - 0.46s
[2024-06-19 18:32:22,405][utils.model][INFO] - (In epoch/Overall): (61/144)| inst_loss: 3.1446 - Mean loss: 0.3652 - acc: 0.8899 - norm: 1.56 - 0.31s
[2024-06-19 18:32:22,406][utils.model][INFO] - (In epoch/Overall): (61/144)| inst_loss: 3.1433 - Mean loss: 0.3563 - acc: 0.8929 - norm: 1.51 - 0.41s
[2024-06-19 18:32:22,907][utils.model][INFO] - (In epoch/Overall): (71/154)| inst_loss: 3.6448 - Mean loss: 0.3607 - acc: 0.8948 - norm: 1.94 - 0.22s
[2024-06-19 18:32:22,907][utils.model][INFO] - (In epoch/Overall): (71/154)| inst_loss: 3.6464 - Mean loss: 0.3622 - acc: 0.8930 - norm: 2.00 - 0.33s
[2024-06-19 18:32:23,393][utils.model][INFO] - (In epoch/Overall): (81/164)| inst_loss: 4.1303 - Mean loss: 0.3551 - acc: 0.8966 - norm: 2.38 - 0.31s
[2024-06-19 18:32:23,393][utils.model][INFO] - (In epoch/Overall): (81/164)| inst_loss: 4.1318 - Mean loss: 0.3507 - acc: 0.8962 - norm: 2.45 - 0.37s
[2024-06-19 18:32:23,860][utils.model][INFO] - (In epoch/Overall): (91/174)| inst_loss: 4.5991 - Mean loss: 0.3475 - acc: 0.8980 - norm: 2.90 - 0.32s
[2024-06-19 18:32:23,861][utils.model][INFO] - (In epoch/Overall): (91/174)| inst_loss: 4.5980 - Mean loss: 0.3375 - acc: 0.9014 - norm: 2.77 - 0.42s
[2024-06-19 18:32:24,324][utils.model][INFO] - (In epoch/Overall): (101/184)| inst_loss: 5.0631 - Mean loss: 0.3566 - acc: 0.8951 - norm: 3.37 - 0.47s
[2024-06-19 18:32:24,324][utils.model][INFO] - (In epoch/Overall): (101/184)| inst_loss: 5.0617 - Mean loss: 0.3376 - acc: 0.9007 - norm: 3.26 - 0.52s
[2024-06-19 18:32:24,829][utils.model][INFO] - (In epoch/Overall): (111/194)| inst_loss: 5.5678 - Mean loss: 0.3494 - acc: 0.8970 - norm: 3.75 - 0.18s
[2024-06-19 18:32:24,830][utils.model][INFO] - (In epoch/Overall): (111/194)| inst_loss: 5.5666 - Mean loss: 0.3255 - acc: 0.9046 - norm: 3.70 - 0.06s
[2024-06-19 18:32:25,300][utils.model][INFO] - (In epoch/Overall): (121/204)| inst_loss: 6.0394 - Mean loss: 0.3439 - acc: 0.8985 - norm: 4.19 - 0.18s
[2024-06-19 18:32:25,300][utils.model][INFO] - (In epoch/Overall): (121/204)| inst_loss: 6.0378 - Mean loss: 0.3169 - acc: 0.9083 - norm: 4.17 - 0.17s
[2024-06-19 18:32:25,806][utils.model][INFO] - (In epoch/Overall): (131/214)| inst_loss: 6.5457 - Mean loss: 0.3371 - acc: 0.9010 - norm: 4.69 - 0.13s
[2024-06-19 18:32:25,806][utils.model][INFO] - (In epoch/Overall): (131/214)| inst_loss: 6.5442 - Mean loss: 0.3140 - acc: 0.9091 - norm: 4.70 - 0.19s
[2024-06-19 18:32:26,236][utils.model][INFO] - Epoch Results:
[2024-06-19 18:32:26,236][utils.model][INFO] - Epoch Results:
[2024-06-19 18:32:26,239][utils.model][INFO] - (In epoch/Overall): (140/223)| inst_loss: 0.2594 - Mean loss: 0.3316 - acc: 0.9011 - norm: 5.04 - 6.98s
[2024-06-19 18:32:26,240][utils.model][INFO] - (In epoch/Overall): (140/223)| inst_loss: 0.3591 - Mean loss: 0.3101 - acc: 0.9098 - norm: 5.19 - 6.98s
[2024-06-19 18:32:27,751][utils.model][INFO] - Evaluation Results - Val Loss: 0.2010, Val Accuracy: 0.9370 in 32 steps
[2024-06-19 18:32:27,751][utils.model][INFO] - Evaluation Results - Val Loss: 0.1943, Val Accuracy: 0.9445 in 32 steps
[2024-06-19 18:32:32,381][utils.model][INFO] - ========================== Epoch Start ==========================
[2024-06-19 18:32:32,382][utils.model][INFO] - ========================== Epoch Start ==========================
[2024-06-19 18:32:32,505][utils.model][INFO] - (In epoch/Overall): (1/224)| inst_loss: 0.1206 - Mean loss: 0.3328 - acc: 0.9062 - norm: 0.04 - 0.33s
[2024-06-19 18:32:32,505][utils.model][INFO] - (In epoch/Overall): (1/224)| inst_loss: 0.1220 - Mean loss: 0.2233 - acc: 0.9062 - norm: 0.04 - 0.22s
[2024-06-19 18:32:33,114][utils.model][INFO] - (In epoch/Overall): (11/234)| inst_loss: 0.7297 - Mean loss: 0.2632 - acc: 0.9062 - norm: 0.23 - 0.09s
[2024-06-19 18:32:33,115][utils.model][INFO] - (In epoch/Overall): (11/234)| inst_loss: 0.7313 - Mean loss: 0.1804 - acc: 0.9347 - norm: 0.20 - 0.18s
[2024-06-19 18:32:33,799][utils.model][INFO] - (In epoch/Overall): (21/244)| inst_loss: 1.4146 - Mean loss: 0.2327 - acc: 0.9211 - norm: 0.40 - 0.08s
[2024-06-19 18:32:33,800][utils.model][INFO] - (In epoch/Overall): (21/244)| inst_loss: 1.4160 - Mean loss: 0.2403 - acc: 0.9330 - norm: 0.43 - 0.09s
[2024-06-19 18:32:34,431][utils.model][INFO] - (In epoch/Overall): (31/254)| inst_loss: 2.0474 - Mean loss: 0.2228 - acc: 0.9355 - norm: 0.60 - 0.12s
[2024-06-19 18:32:34,433][utils.model][INFO] - (In epoch/Overall): (31/254)| inst_loss: 2.0463 - Mean loss: 0.2513 - acc: 0.9143 - norm: 0.65 - 0.19s
[2024-06-19 18:32:34,956][utils.model][INFO] - (In epoch/Overall): (41/264)| inst_loss: 2.5732 - Mean loss: 0.2309 - acc: 0.9291 - norm: 0.92 - 0.43s
[2024-06-19 18:32:34,956][utils.model][INFO] - (In epoch/Overall): (41/264)| inst_loss: 2.5718 - Mean loss: 0.2291 - acc: 0.9230 - norm: 0.83 - 0.17s
[2024-06-19 18:32:35,450][utils.model][INFO] - (In epoch/Overall): (51/274)| inst_loss: 3.0679 - Mean loss: 0.2267 - acc: 0.9252 - norm: 1.03 - 0.20s
[2024-06-19 18:32:35,451][utils.model][INFO] - (In epoch/Overall): (51/274)| inst_loss: 3.0666 - Mean loss: 0.2279 - acc: 0.9246 - norm: 1.02 - 0.07s
[2024-06-19 18:32:35,971][utils.model][INFO] - (In epoch/Overall): (61/284)| inst_loss: 3.5885 - Mean loss: 0.2299 - acc: 0.9262 - norm: 1.26 - 0.24s
[2024-06-19 18:32:35,972][utils.model][INFO] - (In epoch/Overall): (61/284)| inst_loss: 3.5872 - Mean loss: 0.2268 - acc: 0.9278 - norm: 1.25 - 0.04s
[2024-06-19 18:32:36,450][utils.model][INFO] - (In epoch/Overall): (71/294)| inst_loss: 4.0666 - Mean loss: 0.2154 - acc: 0.9322 - norm: 1.50 - 0.17s
[2024-06-19 18:32:36,451][utils.model][INFO] - (In epoch/Overall): (71/294)| inst_loss: 4.0681 - Mean loss: 0.2243 - acc: 0.9265 - norm: 1.49 - 0.07s
[2024-06-19 18:32:36,914][utils.model][INFO] - (In epoch/Overall): (81/304)| inst_loss: 4.5296 - Mean loss: 0.2202 - acc: 0.9309 - norm: 1.88 - 0.18s
[2024-06-19 18:32:36,914][utils.model][INFO] - (In epoch/Overall): (81/304)| inst_loss: 4.5313 - Mean loss: 0.2205 - acc: 0.9286 - norm: 1.69 - 0.14s
[2024-06-19 18:32:37,385][utils.model][INFO] - (In epoch/Overall): (91/314)| inst_loss: 5.0020 - Mean loss: 0.2158 - acc: 0.9299 - norm: 2.07 - 0.38s
[2024-06-19 18:32:37,385][utils.model][INFO] - (In epoch/Overall): (91/314)| inst_loss: 5.0004 - Mean loss: 0.2225 - acc: 0.9306 - norm: 2.14 - 0.11s
[2024-06-19 18:32:37,863][utils.model][INFO] - (In epoch/Overall): (101/324)| inst_loss: 5.4787 - Mean loss: 0.2170 - acc: 0.9335 - norm: 2.39 - 0.20s
[2024-06-19 18:32:37,863][utils.model][INFO] - (In epoch/Overall): (101/324)| inst_loss: 5.4802 - Mean loss: 0.2112 - acc: 0.9310 - norm: 2.35 - 0.30s
[2024-06-19 18:32:38,399][utils.model][INFO] - (In epoch/Overall): (111/334)| inst_loss: 6.0153 - Mean loss: 0.2200 - acc: 0.9338 - norm: 2.63 - 0.16s
[2024-06-19 18:32:38,399][utils.model][INFO] - (In epoch/Overall): (111/334)| inst_loss: 6.0166 - Mean loss: 0.2067 - acc: 0.9327 - norm: 2.49 - 0.12s
[2024-06-19 18:32:38,884][utils.model][INFO] - (In epoch/Overall): (121/344)| inst_loss: 6.5018 - Mean loss: 0.2119 - acc: 0.9323 - norm: 2.90 - 0.08s
[2024-06-19 18:32:38,884][utils.model][INFO] - (In epoch/Overall): (121/344)| inst_loss: 6.5005 - Mean loss: 0.2167 - acc: 0.9341 - norm: 3.00 - 0.18s
[2024-06-19 18:32:39,354][utils.model][INFO] - (In epoch/Overall): (131/354)| inst_loss: 6.9717 - Mean loss: 0.2065 - acc: 0.9344 - norm: 3.18 - 0.39s
[2024-06-19 18:32:39,354][utils.model][INFO] - (In epoch/Overall): (131/354)| inst_loss: 6.9704 - Mean loss: 0.2130 - acc: 0.9354 - norm: 3.31 - 0.03s
[2024-06-19 18:32:39,836][utils.model][INFO] - (In epoch/Overall): (141/364)| inst_loss: 7.4524 - Mean loss: 0.2145 - acc: 0.9351 - norm: 3.70 - 0.14s
[2024-06-19 18:32:39,837][utils.model][INFO] - (In epoch/Overall): (141/364)| inst_loss: 7.4539 - Mean loss: 0.2027 - acc: 0.9351 - norm: 3.50 - 0.06s
[2024-06-19 18:32:40,320][utils.model][INFO] - (In epoch/Overall): (151/374)| inst_loss: 7.9370 - Mean loss: 0.2049 - acc: 0.9346 - norm: 3.83 - 0.27s
[2024-06-19 18:32:40,320][utils.model][INFO] - (In epoch/Overall): (151/374)| inst_loss: 7.9357 - Mean loss: 0.2121 - acc: 0.9361 - norm: 4.06 - 0.07s
[2024-06-19 18:32:40,825][utils.model][INFO] - (In epoch/Overall): (161/384)| inst_loss: 8.4408 - Mean loss: 0.2127 - acc: 0.9356 - norm: 4.51 - 0.11s
[2024-06-19 18:32:40,825][utils.model][INFO] - (In epoch/Overall): (161/384)| inst_loss: 8.4422 - Mean loss: 0.2058 - acc: 0.9342 - norm: 4.19 - 0.02s
[2024-06-19 18:32:41,290][utils.model][INFO] - (In epoch/Overall): (171/394)| inst_loss: 8.9060 - Mean loss: 0.2070 - acc: 0.9371 - norm: 4.78 - 0.05s
[2024-06-19 18:32:41,290][utils.model][INFO] - (In epoch/Overall): (171/394)| inst_loss: 8.9075 - Mean loss: 0.2052 - acc: 0.9344 - norm: 4.59 - 0.06s
[2024-06-19 18:32:41,774][utils.model][INFO] - (In epoch/Overall): (181/404)| inst_loss: 9.3903 - Mean loss: 0.2050 - acc: 0.9378 - norm: 5.21 - 0.07s
[2024-06-19 18:32:41,774][utils.model][INFO] - (In epoch/Overall): (181/404)| inst_loss: 9.3917 - Mean loss: 0.2053 - acc: 0.9351 - norm: 4.99 - 0.06s
[2024-06-19 18:32:41,875][utils.model][INFO] - Epoch Results:
[2024-06-19 18:32:41,875][utils.model][INFO] - Epoch Results:
[2024-06-19 18:32:41,878][utils.model][INFO] - (In epoch/Overall): (183/406)| inst_loss: 0.1181 - Mean loss: 0.2043 - acc: 0.9353 - norm: 5.04 - 9.50s
[2024-06-19 18:32:41,878][utils.model][INFO] - (In epoch/Overall): (183/406)| inst_loss: 0.0741 - Mean loss: 0.2038 - acc: 0.9384 - norm: 5.27 - 9.49s
[2024-06-19 18:32:43,436][utils.model][INFO] - Evaluation Results - Val Loss: 0.1439, Val Accuracy: 0.9590 in 32 steps
[2024-06-19 18:32:43,436][utils.model][INFO] - Evaluation Results - Val Loss: 0.1431, Val Accuracy: 0.9570 in 32 steps
[2024-06-19 18:32:47,792][utils.model][INFO] - ========================== Epoch Start ==========================
[2024-06-19 18:32:47,795][utils.model][INFO] - ========================== Epoch Start ==========================
[2024-06-19 18:32:47,936][utils.model][INFO] - (In epoch/Overall): (1/407)| inst_loss: 0.1424 - Mean loss: 0.0452 - acc: 1.0000 - norm: 0.01 - 0.05s
[2024-06-19 18:32:47,936][utils.model][INFO] - (In epoch/Overall): (1/407)| inst_loss: 0.1403 - Mean loss: 0.0236 - acc: 1.0000 - norm: 0.00 - 0.02s
[2024-06-19 18:32:48,447][utils.model][INFO] - (In epoch/Overall): (11/417)| inst_loss: 0.6531 - Mean loss: 0.1743 - acc: 0.9545 - norm: 0.26 - 0.12s
[2024-06-19 18:32:48,448][utils.model][INFO] - (In epoch/Overall): (11/417)| inst_loss: 0.6509 - Mean loss: 0.1609 - acc: 0.9403 - norm: 0.27 - 0.26s
[2024-06-19 18:32:48,952][utils.model][INFO] - (In epoch/Overall): (21/427)| inst_loss: 1.1575 - Mean loss: 0.1649 - acc: 0.9524 - norm: 0.42 - 0.04s
[2024-06-19 18:32:48,952][utils.model][INFO] - (In epoch/Overall): (21/427)| inst_loss: 1.1553 - Mean loss: 0.1574 - acc: 0.9464 - norm: 0.43 - 0.14s
[2024-06-19 18:32:49,527][utils.model][INFO] - (In epoch/Overall): (31/437)| inst_loss: 1.7331 - Mean loss: 0.1576 - acc: 0.9546 - norm: 0.58 - 0.02s
[2024-06-19 18:32:49,528][utils.model][INFO] - (In epoch/Overall): (31/437)| inst_loss: 1.7310 - Mean loss: 0.1563 - acc: 0.9466 - norm: 0.60 - 0.09s
[2024-06-19 18:32:50,047][utils.model][INFO] - (In epoch/Overall): (41/447)| inst_loss: 2.2497 - Mean loss: 0.1401 - acc: 0.9520 - norm: 0.72 - 0.18s
[2024-06-19 18:32:50,047][utils.model][INFO] - (In epoch/Overall): (41/447)| inst_loss: 2.2520 - Mean loss: 0.1683 - acc: 0.9497 - norm: 0.83 - 0.21s
[2024-06-19 18:32:50,515][utils.model][INFO] - (In epoch/Overall): (51/457)| inst_loss: 2.7215 - Mean loss: 0.1612 - acc: 0.9510 - norm: 1.01 - 0.30s
[2024-06-19 18:32:50,516][utils.model][INFO] - (In epoch/Overall): (51/457)| inst_loss: 2.7193 - Mean loss: 0.1607 - acc: 0.9485 - norm: 0.95 - 0.23s
[2024-06-19 18:32:51,004][utils.model][INFO] - (In epoch/Overall): (61/467)| inst_loss: 3.2097 - Mean loss: 0.1666 - acc: 0.9503 - norm: 1.21 - 0.35s
[2024-06-19 18:32:51,004][utils.model][INFO] - (In epoch/Overall): (61/467)| inst_loss: 3.2076 - Mean loss: 0.1541 - acc: 0.9503 - norm: 1.10 - 0.13s
[2024-06-19 18:32:51,482][utils.model][INFO] - (In epoch/Overall): (71/477)| inst_loss: 3.6859 - Mean loss: 0.1500 - acc: 0.9507 - norm: 1.30 - 0.15s
[2024-06-19 18:32:51,484][utils.model][INFO] - (In epoch/Overall): (71/477)| inst_loss: 3.6885 - Mean loss: 0.1615 - acc: 0.9516 - norm: 1.45 - 0.15s
[2024-06-19 18:32:51,977][utils.model][INFO] - (In epoch/Overall): (81/487)| inst_loss: 4.1810 - Mean loss: 0.1625 - acc: 0.9471 - norm: 1.50 - 0.11s
[2024-06-19 18:32:51,977][utils.model][INFO] - (In epoch/Overall): (81/487)| inst_loss: 4.1834 - Mean loss: 0.1549 - acc: 0.9545 - norm: 1.61 - 0.14s
[2024-06-19 18:32:52,455][utils.model][INFO] - (In epoch/Overall): (91/497)| inst_loss: 4.6609 - Mean loss: 0.1503 - acc: 0.9554 - norm: 1.78 - 0.12s
[2024-06-19 18:32:52,455][utils.model][INFO] - (In epoch/Overall): (91/497)| inst_loss: 4.6587 - Mean loss: 0.1595 - acc: 0.9481 - norm: 1.68 - 0.07s
[2024-06-19 18:32:52,947][utils.model][INFO] - (In epoch/Overall): (101/507)| inst_loss: 5.1532 - Mean loss: 0.1518 - acc: 0.9542 - norm: 2.16 - 0.02s
[2024-06-19 18:32:52,948][utils.model][INFO] - (In epoch/Overall): (101/507)| inst_loss: 5.1515 - Mean loss: 0.1600 - acc: 0.9480 - norm: 1.90 - 0.02s
[2024-06-19 18:32:53,456][utils.model][INFO] - (In epoch/Overall): (111/517)| inst_loss: 5.6599 - Mean loss: 0.1642 - acc: 0.9459 - norm: 2.14 - 0.20s
[2024-06-19 18:32:53,456][utils.model][INFO] - (In epoch/Overall): (111/517)| inst_loss: 5.6621 - Mean loss: 0.1503 - acc: 0.9541 - norm: 2.36 - 0.17s
[2024-06-19 18:32:53,962][utils.model][INFO] - (In epoch/Overall): (121/527)| inst_loss: 6.1685 - Mean loss: 0.1527 - acc: 0.9533 - norm: 2.46 - 0.03s
[2024-06-19 18:32:53,962][utils.model][INFO] - (In epoch/Overall): (121/527)| inst_loss: 6.1662 - Mean loss: 0.1679 - acc: 0.9452 - norm: 2.34 - 0.14s
[2024-06-19 18:32:54,425][utils.model][INFO] - (In epoch/Overall): (131/537)| inst_loss: 6.6309 - Mean loss: 0.1529 - acc: 0.9528 - norm: 2.66 - 0.13s
[2024-06-19 18:32:54,426][utils.model][INFO] - (In epoch/Overall): (131/537)| inst_loss: 6.6286 - Mean loss: 0.1671 - acc: 0.9456 - norm: 2.60 - 0.39s
[2024-06-19 18:32:54,922][utils.model][INFO] - (In epoch/Overall): (141/547)| inst_loss: 7.1283 - Mean loss: 0.1547 - acc: 0.9519 - norm: 2.89 - 0.13s
[2024-06-19 18:32:54,922][utils.model][INFO] - (In epoch/Overall): (141/547)| inst_loss: 7.1262 - Mean loss: 0.1654 - acc: 0.9466 - norm: 2.83 - 0.13s
[2024-06-19 18:32:55,390][utils.model][INFO] - (In epoch/Overall): (151/557)| inst_loss: 7.5963 - Mean loss: 0.1518 - acc: 0.9526 - norm: 3.07 - 0.06s
[2024-06-19 18:32:55,390][utils.model][INFO] - (In epoch/Overall): (151/557)| inst_loss: 7.5940 - Mean loss: 0.1645 - acc: 0.9476 - norm: 3.03 - 0.05s
[2024-06-19 18:32:55,869][utils.model][INFO] - (In epoch/Overall): (161/567)| inst_loss: 8.0755 - Mean loss: 0.1502 - acc: 0.9530 - norm: 3.38 - 0.19s
[2024-06-19 18:32:55,870][utils.model][INFO] - (In epoch/Overall): (161/567)| inst_loss: 8.0733 - Mean loss: 0.1614 - acc: 0.9490 - norm: 3.43 - 0.11s
[2024-06-19 18:32:56,395][utils.model][INFO] - (In epoch/Overall): (171/577)| inst_loss: 8.6015 - Mean loss: 0.1505 - acc: 0.9527 - norm: 3.53 - 0.10s
[2024-06-19 18:32:56,395][utils.model][INFO] - (In epoch/Overall): (171/577)| inst_loss: 8.5992 - Mean loss: 0.1620 - acc: 0.9494 - norm: 3.71 - 0.09s
[2024-06-19 18:32:56,874][utils.model][INFO] - (In epoch/Overall): (181/587)| inst_loss: 9.0776 - Mean loss: 0.1577 - acc: 0.9508 - norm: 3.96 - 0.11s
[2024-06-19 18:32:56,874][utils.model][INFO] - (In epoch/Overall): (181/587)| inst_loss: 9.0798 - Mean loss: 0.1472 - acc: 0.9530 - norm: 3.73 - 0.14s
[2024-06-19 18:32:57,349][utils.model][INFO] - (In epoch/Overall): (191/597)| inst_loss: 9.5532 - Mean loss: 0.1593 - acc: 0.9503 - norm: 4.31 - 0.15s
[2024-06-19 18:32:57,350][utils.model][INFO] - (In epoch/Overall): (191/597)| inst_loss: 9.5556 - Mean loss: 0.1459 - acc: 0.9535 - norm: 4.01 - 0.15s
[2024-06-19 18:32:57,873][utils.model][INFO] - (In epoch/Overall): (201/607)| inst_loss: 10.0787 - Mean loss: 0.1432 - acc: 0.9548 - norm: 4.32 - 0.01s
[2024-06-19 18:32:57,873][utils.model][INFO] - (In epoch/Overall): (201/607)| inst_loss: 10.0765 - Mean loss: 0.1595 - acc: 0.9506 - norm: 4.61 - 0.09s
[2024-06-19 18:32:58,424][utils.model][INFO] - (In epoch/Overall): (211/617)| inst_loss: 10.6273 - Mean loss: 0.1568 - acc: 0.9516 - norm: 4.90 - 0.23s
[2024-06-19 18:32:58,425][utils.model][INFO] - (In epoch/Overall): (211/617)| inst_loss: 10.6303 - Mean loss: 0.1460 - acc: 0.9545 - norm: 4.79 - 0.22s
[2024-06-19 18:32:58,687][utils.model][INFO] - Epoch Results:
[2024-06-19 18:32:58,691][utils.model][INFO] - (In epoch/Overall): (216/622)| inst_loss: 0.1812 - Mean loss: 0.1455 - acc: 0.9550 - norm: 4.96 - 10.90s
[2024-06-19 18:32:58,690][utils.model][INFO] - Epoch Results:
[2024-06-19 18:32:58,693][utils.model][INFO] - (In epoch/Overall): (216/622)| inst_loss: 0.1761 - Mean loss: 0.1551 - acc: 0.9518 - norm: 5.11 - 10.90s
[2024-06-19 18:33:00,343][utils.model][INFO] - Evaluation Results - Val Loss: 0.1392, Val Accuracy: 0.9540 in 32 steps
[2024-06-19 18:33:00,345][utils.model][INFO] - Evaluation Results - Val Loss: 0.1272, Val Accuracy: 0.9630 in 32 steps
[2024-06-19 18:33:00,556][flwr][DEBUG] - gRPC channel closed
[2024-06-19 18:33:00,556][flwr][DEBUG] - gRPC channel closed
[2024-06-19 18:33:00,557][flwr][INFO] - Disconnect and shut down
[2024-06-19 18:33:00,557][flwr][INFO] - Disconnect and shut down
