[2024-03-02 15:20:45,104][flwr][INFO] - Starting Flower server, config: ServerConfig(num_rounds=3, round_timeout=None)
[2024-03-02 15:20:45,109][flwr][INFO] - Flower ECE: gRPC server running (3 rounds), SSL is disabled
[2024-03-02 15:20:45,109][flwr][INFO] - Initializing global parameters
[2024-03-02 15:20:45,109][flwr][INFO] - Requesting initial parameters from one random client
[2024-03-02 15:20:49,151][flwr][INFO] - Received initial parameters from one random client
[2024-03-02 15:20:49,151][flwr][INFO] - Evaluating initial parameters
[2024-03-02 15:20:49,152][flwr][INFO] - FL starting
[2024-03-02 15:21:27,652][flwr][DEBUG] - fit_round 1: strategy sampled 3 clients (out of 4)
[2024-03-02 15:21:43,884][flwr][DEBUG] - fit_round 1 received 3 results and 0 failures
[2024-03-02 15:21:43,897][flwr][DEBUG] - evaluate_round 1: strategy sampled 2 clients (out of 4)
[2024-03-02 15:21:47,994][flwr][DEBUG] - evaluate_round 1 received 2 results and 0 failures
[2024-03-02 15:22:14,513][flwr][DEBUG] - fit_round 2: strategy sampled 3 clients (out of 4)
[2024-03-02 15:22:37,675][flwr][DEBUG] - fit_round 2 received 3 results and 0 failures
[2024-03-02 15:22:37,681][flwr][DEBUG] - evaluate_round 2: strategy sampled 2 clients (out of 4)
[2024-03-02 15:22:41,109][flwr][DEBUG] - evaluate_round 2 received 2 results and 0 failures
[2024-03-02 15:23:21,427][flwr][DEBUG] - fit_round 3: strategy sampled 3 clients (out of 4)
[2024-03-02 15:23:46,609][flwr][DEBUG] - fit_round 3 received 3 results and 0 failures
[2024-03-02 15:23:46,616][flwr][DEBUG] - evaluate_round 3: strategy sampled 2 clients (out of 4)
[2024-03-02 15:23:50,087][flwr][DEBUG] - evaluate_round 3 received 2 results and 0 failures
[2024-03-02 15:23:50,087][flwr][INFO] - FL finished in 180.935525193
[2024-03-02 15:23:50,144][flwr][INFO] - app_fit: losses_distributed [(1, 0.665215253829956), (2, 0.3830706477165222), (3, 0.2599014639854431)]
[2024-03-02 15:23:50,146][flwr][INFO] - app_fit: metrics_distributed_fit {'average_norm': [(1, 25.053485870361328), (2, 19.491240819295246), (3, 14.023810386657715)], 'round_time': [(1, 10.78390491), (2, 10.187223872), (3, 10.473141845)], 'average_throughput': [(1, 1702.2830508008658), (2, 1637.2358785471163), (3, 1527.2202996191547)], 'dropouts': [(1, 0), (2, 1), (3, 0)]}
[2024-03-02 15:23:50,146][flwr][INFO] - app_fit: metrics_distributed {'accuracy': [(1, 0.8105999827384949), (2, 0.8834999799728394), (3, 0.9233999848365784)]}
[2024-03-02 15:23:50,146][flwr][INFO] - app_fit: losses_centralized []
[2024-03-02 15:23:50,146][flwr][INFO] - app_fit: metrics_centralized {}
