[2024-03-05 22:56:43,324][flwr][INFO] - Starting Flower server, config: ServerConfig(num_rounds=3, round_timeout=None)
[2024-03-05 22:56:43,327][flwr][INFO] - Flower ECE: gRPC server running (3 rounds), SSL is disabled
[2024-03-05 22:56:43,329][flwr][INFO] - Initializing global parameters
[2024-03-05 22:56:43,329][flwr][INFO] - Requesting initial parameters from one random client
[2024-03-05 22:56:47,191][flwr][INFO] - Received initial parameters from one random client
[2024-03-05 22:56:47,192][flwr][INFO] - Evaluating initial parameters
[2024-03-05 22:56:47,192][flwr][INFO] - FL starting
[2024-03-05 22:57:16,309][flwr][DEBUG] - fit_round 1: strategy sampled 2 clients (out of 4)
[2024-03-05 22:57:30,198][flwr][DEBUG] - fit_round 1 received 2 results and 0 failures
[2024-03-05 22:57:30,212][flwr][DEBUG] - evaluate_round 1: strategy sampled 2 clients (out of 4)
[2024-03-05 22:57:33,559][flwr][DEBUG] - evaluate_round 1 received 2 results and 0 failures
[2024-03-05 22:57:58,670][flwr][DEBUG] - fit_round 2: strategy sampled 2 clients (out of 4)
[2024-03-05 22:58:16,015][flwr][DEBUG] - fit_round 2 received 2 results and 0 failures
[2024-03-05 22:58:16,021][flwr][DEBUG] - evaluate_round 2: strategy sampled 2 clients (out of 4)
[2024-03-05 22:58:19,309][flwr][DEBUG] - evaluate_round 2 received 2 results and 0 failures
[2024-03-05 22:58:53,812][flwr][DEBUG] - fit_round 3: strategy sampled 3 clients (out of 4)
[2024-03-05 22:59:14,466][flwr][DEBUG] - fit_round 3 received 3 results and 0 failures
[2024-03-05 22:59:14,475][flwr][DEBUG] - evaluate_round 3: strategy sampled 2 clients (out of 4)
[2024-03-05 22:59:17,767][flwr][DEBUG] - evaluate_round 3 received 2 results and 0 failures
[2024-03-05 22:59:17,767][flwr][INFO] - FL finished in 150.57452770299642
[2024-03-05 22:59:17,768][flwr][INFO] - app_fit: losses_distributed [(1, 1.0433971881866455), (2, 0.32662075757980347), (3, 0.24182960391044617)]
[2024-03-05 22:59:17,768][flwr][INFO] - app_fit: metrics_distributed_fit {'average_norm': [(1, 24.692341804504395), (2, 18.137736320495605), (3, 13.80644957224528)], 'round_time': [(1, 23.562631284), (2, 26.787345544), (3, 26.737717417)], 'average_throughput': [(1, 1963.785116468314), (2, 1637.2349459042453), (3, 1614.9315648879865)], 'dropouts': [(1, 0), (2, 0), (3, 0)]}
[2024-03-05 22:59:17,768][flwr][INFO] - app_fit: metrics_distributed {'accuracy': [(1, 0.6984000205993652), (2, 0.9021999835968018), (3, 0.9258999824523926)]}
[2024-03-05 22:59:17,768][flwr][INFO] - app_fit: losses_centralized []
[2024-03-05 22:59:17,768][flwr][INFO] - app_fit: metrics_centralized {}
