[2024-06-19 14:29:36,505][utils.model][INFO] - LeNet model built
[2024-06-19 14:29:36,865][utils.model][INFO] - LeNet model built
[2024-06-19 14:29:36,888][utils.model][INFO] - Size of serialized model: 279.0341796875 kbytes
[2024-06-19 14:29:36,899][flwr][INFO] - Opened insecure gRPC connection (no certificates were passed)
[2024-06-19 14:29:36,902][flwr][DEBUG] - ChannelConnectivity.IDLE
[2024-06-19 14:29:36,904][flwr][DEBUG] - ChannelConnectivity.CONNECTING
[2024-06-19 14:29:36,904][flwr][DEBUG] - ChannelConnectivity.READY
[2024-06-19 14:29:37,209][utils.model][INFO] - Size of serialized model: 279.0341796875 kbytes
[2024-06-19 14:29:37,225][flwr][INFO] - Opened insecure gRPC connection (no certificates were passed)
[2024-06-19 14:29:37,230][flwr][DEBUG] - ChannelConnectivity.IDLE
[2024-06-19 14:29:37,234][flwr][DEBUG] - ChannelConnectivity.READY
[2024-06-19 14:29:42,690][utils.model][INFO] - ========================== Epoch Start ==========================
[2024-06-19 14:29:42,695][utils.model][INFO] - ========================== Epoch Start ==========================
[2024-06-19 14:29:43,297][utils.model][INFO] - (In epoch/Overall): (1/1)| inst_loss: 0.6043 - Mean loss: 2.3409 - acc: 0.0938 - norm: 0.27 - 2.34s
[2024-06-19 14:29:43,298][utils.model][INFO] - (In epoch/Overall): (1/1)| inst_loss: 0.5994 - Mean loss: 2.2612 - acc: 0.0625 - norm: 0.26 - 2.26s
[2024-06-19 14:29:43,979][utils.model][INFO] - (In epoch/Overall): (11/11)| inst_loss: 1.2870 - Mean loss: 2.0809 - acc: 0.3125 - norm: 2.24 - 1.53s
[2024-06-19 14:29:43,979][utils.model][INFO] - (In epoch/Overall): (11/11)| inst_loss: 1.2818 - Mean loss: 2.1008 - acc: 0.2699 - norm: 2.08 - 1.87s
[2024-06-19 14:29:44,550][utils.model][INFO] - (In epoch/Overall): (21/21)| inst_loss: 1.8527 - Mean loss: 1.8248 - acc: 0.4048 - norm: 4.32 - 1.42s
[2024-06-19 14:29:44,550][utils.model][INFO] - (In epoch/Overall): (21/21)| inst_loss: 1.8578 - Mean loss: 1.8111 - acc: 0.4092 - norm: 4.61 - 1.57s
[2024-06-19 14:29:44,735][utils.model][INFO] - Epoch Results:
[2024-06-19 14:29:44,735][utils.model][INFO] - Epoch Results:
[2024-06-19 14:29:44,738][utils.model][INFO] - (In epoch/Overall): (24/24)| inst_loss: 1.1275 - Mean loss: 1.7480 - acc: 0.4297 - norm: 5.11 - 2.05s
[2024-06-19 14:29:44,739][utils.model][INFO] - (In epoch/Overall): (24/24)| inst_loss: 1.3022 - Mean loss: 1.7506 - acc: 0.4336 - norm: 4.91 - 2.04s
[2024-06-19 14:29:46,297][utils.model][INFO] - Evaluation Results - Val Loss: 1.1673, Val Accuracy: 0.6480 in 32 steps
[2024-06-19 14:29:46,298][utils.model][INFO] - Evaluation Results - Val Loss: 1.1724, Val Accuracy: 0.6380 in 32 steps
[2024-06-19 14:29:50,793][utils.model][INFO] - ========================== Epoch Start ==========================
[2024-06-19 14:29:50,795][utils.model][INFO] - ========================== Epoch Start ==========================
[2024-06-19 14:29:50,901][utils.model][INFO] - (In epoch/Overall): (1/25)| inst_loss: 0.1061 - Mean loss: 1.2379 - acc: 0.5625 - norm: 0.06 - 1.24s
[2024-06-19 14:29:50,901][utils.model][INFO] - (In epoch/Overall): (1/25)| inst_loss: 0.1038 - Mean loss: 1.2004 - acc: 0.6875 - norm: 0.08 - 1.20s
[2024-06-19 14:29:51,444][utils.model][INFO] - (In epoch/Overall): (11/35)| inst_loss: 0.6471 - Mean loss: 1.1049 - acc: 0.6875 - norm: 0.60 - 0.93s
[2024-06-19 14:29:51,444][utils.model][INFO] - (In epoch/Overall): (11/35)| inst_loss: 0.6497 - Mean loss: 1.0383 - acc: 0.6506 - norm: 0.52 - 0.92s
[2024-06-19 14:29:51,924][utils.model][INFO] - (In epoch/Overall): (21/45)| inst_loss: 1.1288 - Mean loss: 0.9756 - acc: 0.6726 - norm: 1.15 - 0.94s
[2024-06-19 14:29:51,925][utils.model][INFO] - (In epoch/Overall): (21/45)| inst_loss: 1.1266 - Mean loss: 0.9519 - acc: 0.7128 - norm: 1.20 - 0.61s
[2024-06-19 14:29:52,449][utils.model][INFO] - (In epoch/Overall): (31/55)| inst_loss: 1.6524 - Mean loss: 0.8782 - acc: 0.7389 - norm: 1.98 - 0.36s
[2024-06-19 14:29:52,450][utils.model][INFO] - (In epoch/Overall): (31/55)| inst_loss: 1.6555 - Mean loss: 0.8969 - acc: 0.7046 - norm: 1.85 - 0.38s
[2024-06-19 14:29:52,937][utils.model][INFO] - (In epoch/Overall): (41/65)| inst_loss: 2.1399 - Mean loss: 0.8092 - acc: 0.7553 - norm: 2.78 - 0.54s
[2024-06-19 14:29:52,937][utils.model][INFO] - (In epoch/Overall): (41/65)| inst_loss: 2.1430 - Mean loss: 0.8141 - acc: 0.7363 - norm: 2.66 - 0.53s
[2024-06-19 14:29:53,456][utils.model][INFO] - (In epoch/Overall): (51/75)| inst_loss: 2.6614 - Mean loss: 0.7645 - acc: 0.7506 - norm: 3.33 - 0.58s
[2024-06-19 14:29:53,456][utils.model][INFO] - (In epoch/Overall): (51/75)| inst_loss: 2.6592 - Mean loss: 0.7676 - acc: 0.7702 - norm: 3.50 - 0.78s
[2024-06-19 14:29:53,960][utils.model][INFO] - (In epoch/Overall): (61/85)| inst_loss: 3.1635 - Mean loss: 0.7345 - acc: 0.7818 - norm: 4.23 - 0.54s
[2024-06-19 14:29:53,961][utils.model][INFO] - (In epoch/Overall): (61/85)| inst_loss: 3.1660 - Mean loss: 0.7125 - acc: 0.7700 - norm: 4.14 - 0.33s
[2024-06-19 14:29:54,446][utils.model][INFO] - (In epoch/Overall): (71/95)| inst_loss: 3.6489 - Mean loss: 0.6818 - acc: 0.7984 - norm: 5.01 - 0.35s
[2024-06-19 14:29:54,446][utils.model][INFO] - (In epoch/Overall): (71/95)| inst_loss: 3.6514 - Mean loss: 0.6732 - acc: 0.7821 - norm: 4.94 - 0.58s
[2024-06-19 14:29:54,501][utils.model][INFO] - Epoch Results:
[2024-06-19 14:29:54,501][utils.model][INFO] - Epoch Results:
[2024-06-19 14:29:54,504][utils.model][INFO] - (In epoch/Overall): (72/96)| inst_loss: 0.4373 - Mean loss: 0.6699 - acc: 0.7826 - norm: 4.97 - 3.71s
[2024-06-19 14:29:54,504][utils.model][INFO] - (In epoch/Overall): (72/96)| inst_loss: 0.5594 - Mean loss: 0.6801 - acc: 0.7986 - norm: 5.14 - 3.71s
[2024-06-19 14:29:56,014][utils.model][INFO] - Evaluation Results - Val Loss: 0.4309, Val Accuracy: 0.8480 in 32 steps
[2024-06-19 14:29:56,015][utils.model][INFO] - Evaluation Results - Val Loss: 0.4196, Val Accuracy: 0.8670 in 32 steps
[2024-06-19 14:30:00,276][utils.model][INFO] - ========================== Epoch Start ==========================
[2024-06-19 14:30:00,278][utils.model][INFO] - ========================== Epoch Start ==========================
[2024-06-19 14:30:00,387][utils.model][INFO] - (In epoch/Overall): (1/97)| inst_loss: 0.1074 - Mean loss: 0.7273 - acc: 0.8750 - norm: 0.03 - 0.73s
[2024-06-19 14:30:00,387][utils.model][INFO] - (In epoch/Overall): (1/97)| inst_loss: 0.1092 - Mean loss: 0.2619 - acc: 0.9375 - norm: 0.03 - 0.26s
[2024-06-19 14:30:00,884][utils.model][INFO] - (In epoch/Overall): (11/107)| inst_loss: 0.6058 - Mean loss: 0.4427 - acc: 0.8494 - norm: 0.24 - 0.53s
[2024-06-19 14:30:00,884][utils.model][INFO] - (In epoch/Overall): (11/107)| inst_loss: 0.6042 - Mean loss: 0.5920 - acc: 0.8210 - norm: 0.23 - 0.80s
[2024-06-19 14:30:01,356][utils.model][INFO] - (In epoch/Overall): (21/117)| inst_loss: 1.0761 - Mean loss: 0.4957 - acc: 0.8408 - norm: 0.46 - 0.72s
[2024-06-19 14:30:01,356][utils.model][INFO] - (In epoch/Overall): (21/117)| inst_loss: 1.0780 - Mean loss: 0.4327 - acc: 0.8601 - norm: 0.49 - 0.37s
[2024-06-19 14:30:02,065][utils.model][INFO] - (In epoch/Overall): (31/127)| inst_loss: 1.7849 - Mean loss: 0.4633 - acc: 0.8508 - norm: 0.69 - 0.33s
[2024-06-19 14:30:02,065][utils.model][INFO] - (In epoch/Overall): (31/127)| inst_loss: 1.7864 - Mean loss: 0.4282 - acc: 0.8649 - norm: 0.76 - 0.70s
[2024-06-19 14:30:02,622][utils.model][INFO] - (In epoch/Overall): (41/137)| inst_loss: 2.3428 - Mean loss: 0.4343 - acc: 0.8651 - norm: 1.01 - 0.64s
[2024-06-19 14:30:02,622][utils.model][INFO] - (In epoch/Overall): (41/137)| inst_loss: 2.3446 - Mean loss: 0.4239 - acc: 0.8697 - norm: 0.96 - 0.18s
[2024-06-19 14:30:03,145][utils.model][INFO] - (In epoch/Overall): (51/147)| inst_loss: 2.8661 - Mean loss: 0.4148 - acc: 0.8683 - norm: 1.33 - 0.20s
[2024-06-19 14:30:03,146][utils.model][INFO] - (In epoch/Overall): (51/147)| inst_loss: 2.8678 - Mean loss: 0.4004 - acc: 0.8744 - norm: 1.22 - 0.26s
[2024-06-19 14:30:03,661][utils.model][INFO] - (In epoch/Overall): (61/157)| inst_loss: 3.3833 - Mean loss: 0.3765 - acc: 0.8817 - norm: 1.58 - 0.58s
[2024-06-19 14:30:03,662][utils.model][INFO] - (In epoch/Overall): (61/157)| inst_loss: 3.3819 - Mean loss: 0.3990 - acc: 0.8740 - norm: 1.68 - 0.60s
[2024-06-19 14:30:04,158][utils.model][INFO] - (In epoch/Overall): (71/167)| inst_loss: 3.8798 - Mean loss: 0.3782 - acc: 0.8816 - norm: 1.99 - 0.09s
[2024-06-19 14:30:04,158][utils.model][INFO] - (In epoch/Overall): (71/167)| inst_loss: 3.8781 - Mean loss: 0.3924 - acc: 0.8768 - norm: 2.00 - 0.19s
[2024-06-19 14:30:04,654][utils.model][INFO] - (In epoch/Overall): (81/177)| inst_loss: 4.3759 - Mean loss: 0.3650 - acc: 0.8866 - norm: 2.42 - 0.31s
[2024-06-19 14:30:04,655][utils.model][INFO] - (In epoch/Overall): (81/177)| inst_loss: 4.3751 - Mean loss: 0.3796 - acc: 0.8804 - norm: 2.40 - 0.20s
[2024-06-19 14:30:05,179][utils.model][INFO] - (In epoch/Overall): (91/187)| inst_loss: 4.9008 - Mean loss: 0.3590 - acc: 0.8877 - norm: 2.92 - 0.35s
[2024-06-19 14:30:05,180][utils.model][INFO] - (In epoch/Overall): (91/187)| inst_loss: 4.8993 - Mean loss: 0.3659 - acc: 0.8853 - norm: 2.82 - 0.16s
[2024-06-19 14:30:05,691][utils.model][INFO] - (In epoch/Overall): (101/197)| inst_loss: 5.4115 - Mean loss: 0.3510 - acc: 0.8908 - norm: 3.18 - 0.15s
[2024-06-19 14:30:05,691][utils.model][INFO] - (In epoch/Overall): (101/197)| inst_loss: 5.4133 - Mean loss: 0.3552 - acc: 0.8871 - norm: 3.29 - 0.36s
[2024-06-19 14:30:06,271][utils.model][INFO] - (In epoch/Overall): (111/207)| inst_loss: 5.9907 - Mean loss: 0.3483 - acc: 0.8930 - norm: 3.73 - 0.25s
[2024-06-19 14:30:06,271][utils.model][INFO] - (In epoch/Overall): (111/207)| inst_loss: 5.9929 - Mean loss: 0.3487 - acc: 0.8899 - norm: 3.74 - 0.17s
[2024-06-19 14:30:06,849][utils.model][INFO] - (In epoch/Overall): (121/217)| inst_loss: 6.5686 - Mean loss: 0.3363 - acc: 0.8959 - norm: 4.22 - 0.22s
[2024-06-19 14:30:06,849][utils.model][INFO] - (In epoch/Overall): (121/217)| inst_loss: 6.5702 - Mean loss: 0.3401 - acc: 0.8936 - norm: 4.18 - 0.19s
[2024-06-19 14:30:07,332][utils.model][INFO] - (In epoch/Overall): (131/227)| inst_loss: 7.0537 - Mean loss: 0.3360 - acc: 0.8941 - norm: 4.71 - 0.28s
[2024-06-19 14:30:07,332][utils.model][INFO] - (In epoch/Overall): (131/227)| inst_loss: 7.0522 - Mean loss: 0.3278 - acc: 0.8984 - norm: 4.65 - 0.26s
[2024-06-19 14:30:07,656][utils.model][INFO] - Epoch Results:
[2024-06-19 14:30:07,656][utils.model][INFO] - Epoch Results:
[2024-06-19 14:30:07,660][utils.model][INFO] - (In epoch/Overall): (137/233)| inst_loss: 0.0778 - Mean loss: 0.3304 - acc: 0.8955 - norm: 4.90 - 7.38s
[2024-06-19 14:30:07,660][utils.model][INFO] - (In epoch/Overall): (137/233)| inst_loss: 0.2114 - Mean loss: 0.3260 - acc: 0.8983 - norm: 5.19 - 7.38s
[2024-06-19 14:30:09,269][utils.model][INFO] - Evaluation Results - Val Loss: 0.1968, Val Accuracy: 0.9400 in 32 steps
[2024-06-19 14:30:09,272][utils.model][INFO] - Evaluation Results - Val Loss: 0.1933, Val Accuracy: 0.9395 in 32 steps
[2024-06-19 14:30:14,665][utils.model][INFO] - ========================== Epoch Start ==========================
[2024-06-19 14:30:14,667][utils.model][INFO] - ========================== Epoch Start ==========================
[2024-06-19 14:30:14,775][utils.model][INFO] - (In epoch/Overall): (1/234)| inst_loss: 0.1084 - Mean loss: 0.4253 - acc: 0.8750 - norm: 0.05 - 0.43s
[2024-06-19 14:30:14,775][utils.model][INFO] - (In epoch/Overall): (1/234)| inst_loss: 0.1070 - Mean loss: 0.1784 - acc: 0.9375 - norm: 0.03 - 0.18s
[2024-06-19 14:30:15,267][utils.model][INFO] - (In epoch/Overall): (11/244)| inst_loss: 0.6005 - Mean loss: 0.2554 - acc: 0.9062 - norm: 0.22 - 0.19s
[2024-06-19 14:30:15,267][utils.model][INFO] - (In epoch/Overall): (11/244)| inst_loss: 0.5988 - Mean loss: 0.2711 - acc: 0.9119 - norm: 0.23 - 0.07s
[2024-06-19 14:30:15,832][utils.model][INFO] - (In epoch/Overall): (21/254)| inst_loss: 1.1655 - Mean loss: 0.2199 - acc: 0.9167 - norm: 0.39 - 0.22s
[2024-06-19 14:30:15,832][utils.model][INFO] - (In epoch/Overall): (21/254)| inst_loss: 1.1642 - Mean loss: 0.2250 - acc: 0.9271 - norm: 0.40 - 0.27s
[2024-06-19 14:30:16,328][utils.model][INFO] - (In epoch/Overall): (31/264)| inst_loss: 1.6593 - Mean loss: 0.2325 - acc: 0.9214 - norm: 0.60 - 0.16s
[2024-06-19 14:30:16,328][utils.model][INFO] - (In epoch/Overall): (31/264)| inst_loss: 1.6612 - Mean loss: 0.2175 - acc: 0.9254 - norm: 0.57 - 0.24s
[2024-06-19 14:30:16,822][utils.model][INFO] - (In epoch/Overall): (41/274)| inst_loss: 2.1528 - Mean loss: 0.2459 - acc: 0.9215 - norm: 0.82 - 0.31s
[2024-06-19 14:30:16,822][utils.model][INFO] - (In epoch/Overall): (41/274)| inst_loss: 2.1546 - Mean loss: 0.2314 - acc: 0.9200 - norm: 0.83 - 0.10s
[2024-06-19 14:30:17,367][utils.model][INFO] - (In epoch/Overall): (51/284)| inst_loss: 2.7002 - Mean loss: 0.2319 - acc: 0.9210 - norm: 1.01 - 0.03s
[2024-06-19 14:30:17,367][utils.model][INFO] - (In epoch/Overall): (51/284)| inst_loss: 2.6990 - Mean loss: 0.2424 - acc: 0.9210 - norm: 1.01 - 0.10s
[2024-06-19 14:30:17,896][utils.model][INFO] - (In epoch/Overall): (61/294)| inst_loss: 3.2287 - Mean loss: 0.2287 - acc: 0.9237 - norm: 1.23 - 0.18s
[2024-06-19 14:30:17,896][utils.model][INFO] - (In epoch/Overall): (61/294)| inst_loss: 3.2272 - Mean loss: 0.2246 - acc: 0.9262 - norm: 1.20 - 0.12s
[2024-06-19 14:30:18,380][utils.model][INFO] - (In epoch/Overall): (71/304)| inst_loss: 3.7131 - Mean loss: 0.2252 - acc: 0.9252 - norm: 1.51 - 0.11s
[2024-06-19 14:30:18,380][utils.model][INFO] - (In epoch/Overall): (71/304)| inst_loss: 3.7117 - Mean loss: 0.2279 - acc: 0.9247 - norm: 1.52 - 0.18s
[2024-06-19 14:30:18,880][utils.model][INFO] - (In epoch/Overall): (81/314)| inst_loss: 4.2113 - Mean loss: 0.2257 - acc: 0.9252 - norm: 1.80 - 0.35s
[2024-06-19 14:30:18,880][utils.model][INFO] - (In epoch/Overall): (81/314)| inst_loss: 4.2130 - Mean loss: 0.2284 - acc: 0.9271 - norm: 1.84 - 0.09s
[2024-06-19 14:30:19,361][utils.model][INFO] - (In epoch/Overall): (91/324)| inst_loss: 4.6927 - Mean loss: 0.2180 - acc: 0.9282 - norm: 2.00 - 0.08s
[2024-06-19 14:30:19,362][utils.model][INFO] - (In epoch/Overall): (91/324)| inst_loss: 4.6951 - Mean loss: 0.2180 - acc: 0.9306 - norm: 2.12 - 0.24s
[2024-06-19 14:30:19,831][utils.model][INFO] - (In epoch/Overall): (101/334)| inst_loss: 5.1643 - Mean loss: 0.2186 - acc: 0.9301 - norm: 2.49 - 0.34s
[2024-06-19 14:30:19,831][utils.model][INFO] - (In epoch/Overall): (101/334)| inst_loss: 5.1628 - Mean loss: 0.2192 - acc: 0.9279 - norm: 2.39 - 0.47s
[2024-06-19 14:30:20,340][utils.model][INFO] - (In epoch/Overall): (111/344)| inst_loss: 5.6733 - Mean loss: 0.2148 - acc: 0.9316 - norm: 2.63 - 0.03s
[2024-06-19 14:30:20,341][utils.model][INFO] - (In epoch/Overall): (111/344)| inst_loss: 5.6721 - Mean loss: 0.2189 - acc: 0.9291 - norm: 2.61 - 0.15s
[2024-06-19 14:30:20,842][utils.model][INFO] - (In epoch/Overall): (121/354)| inst_loss: 6.1738 - Mean loss: 0.2149 - acc: 0.9308 - norm: 2.93 - 0.13s
[2024-06-19 14:30:20,842][utils.model][INFO] - (In epoch/Overall): (121/354)| inst_loss: 6.1752 - Mean loss: 0.2126 - acc: 0.9313 - norm: 2.91 - 0.17s
[2024-06-19 14:30:21,332][utils.model][INFO] - (In epoch/Overall): (131/364)| inst_loss: 6.6660 - Mean loss: 0.2117 - acc: 0.9313 - norm: 3.19 - 0.29s
[2024-06-19 14:30:21,333][utils.model][INFO] - (In epoch/Overall): (131/364)| inst_loss: 6.6645 - Mean loss: 0.2097 - acc: 0.9327 - norm: 3.26 - 0.17s
[2024-06-19 14:30:21,804][utils.model][INFO] - (In epoch/Overall): (141/374)| inst_loss: 7.1357 - Mean loss: 0.2046 - acc: 0.9344 - norm: 3.66 - 0.21s
[2024-06-19 14:30:21,805][utils.model][INFO] - (In epoch/Overall): (141/374)| inst_loss: 7.1374 - Mean loss: 0.2098 - acc: 0.9326 - norm: 3.52 - 0.31s
[2024-06-19 14:30:22,272][utils.model][INFO] - (In epoch/Overall): (151/384)| inst_loss: 7.6050 - Mean loss: 0.2094 - acc: 0.9334 - norm: 3.83 - 0.62s
[2024-06-19 14:30:22,273][utils.model][INFO] - (In epoch/Overall): (151/384)| inst_loss: 7.6037 - Mean loss: 0.2061 - acc: 0.9338 - norm: 4.01 - 0.23s
[2024-06-19 14:30:22,823][utils.model][INFO] - (In epoch/Overall): (161/394)| inst_loss: 8.1566 - Mean loss: 0.2083 - acc: 0.9338 - norm: 4.20 - 0.10s
[2024-06-19 14:30:22,823][utils.model][INFO] - (In epoch/Overall): (161/394)| inst_loss: 8.1550 - Mean loss: 0.2054 - acc: 0.9348 - norm: 4.23 - 0.44s
[2024-06-19 14:30:23,311][utils.model][INFO] - (In epoch/Overall): (171/404)| inst_loss: 8.6442 - Mean loss: 0.2079 - acc: 0.9337 - norm: 4.64 - 0.13s
[2024-06-19 14:30:23,311][utils.model][INFO] - (In epoch/Overall): (171/404)| inst_loss: 8.6426 - Mean loss: 0.2020 - acc: 0.9357 - norm: 4.57 - 0.07s
[2024-06-19 14:30:23,804][utils.model][INFO] - (In epoch/Overall): (181/414)| inst_loss: 9.1351 - Mean loss: 0.2011 - acc: 0.9356 - norm: 5.01 - 0.32s
[2024-06-19 14:30:23,804][utils.model][INFO] - (In epoch/Overall): (181/414)| inst_loss: 9.1368 - Mean loss: 0.2070 - acc: 0.9335 - norm: 5.04 - 0.18s
[2024-06-19 14:30:23,809][utils.model][INFO] - Epoch Results:
[2024-06-19 14:30:23,809][utils.model][INFO] - Epoch Results:
[2024-06-19 14:30:23,813][utils.model][INFO] - (In epoch/Overall): (181/414)| inst_loss: 0.3226 - Mean loss: 0.2011 - acc: 0.9356 - norm: 5.01 - 9.14s
[2024-06-19 14:30:23,813][utils.model][INFO] - (In epoch/Overall): (181/414)| inst_loss: 0.1840 - Mean loss: 0.2070 - acc: 0.9335 - norm: 5.04 - 9.15s
[2024-06-19 14:30:25,351][utils.model][INFO] - Evaluation Results - Val Loss: 0.1427, Val Accuracy: 0.9555 in 32 steps
[2024-06-19 14:30:25,351][utils.model][INFO] - Evaluation Results - Val Loss: 0.1365, Val Accuracy: 0.9625 in 32 steps
[2024-06-19 14:30:29,763][utils.model][INFO] - ========================== Epoch Start ==========================
[2024-06-19 14:30:29,765][utils.model][INFO] - ========================== Epoch Start ==========================
[2024-06-19 14:30:29,881][utils.model][INFO] - (In epoch/Overall): (1/415)| inst_loss: 0.1158 - Mean loss: 0.1847 - acc: 0.9375 - norm: 0.05 - 0.18s
[2024-06-19 14:30:29,881][utils.model][INFO] - (In epoch/Overall): (1/415)| inst_loss: 0.1134 - Mean loss: 0.0272 - acc: 1.0000 - norm: 0.00 - 0.03s
[2024-06-19 14:30:30,382][utils.model][INFO] - (In epoch/Overall): (11/425)| inst_loss: 0.6150 - Mean loss: 0.1672 - acc: 0.9460 - norm: 0.29 - 0.37s
[2024-06-19 14:30:30,383][utils.model][INFO] - (In epoch/Overall): (11/425)| inst_loss: 0.6180 - Mean loss: 0.1784 - acc: 0.9489 - norm: 0.23 - 0.06s
[2024-06-19 14:30:30,885][utils.model][INFO] - (In epoch/Overall): (21/435)| inst_loss: 1.1182 - Mean loss: 0.1907 - acc: 0.9405 - norm: 0.42 - 0.23s
[2024-06-19 14:30:30,887][utils.model][INFO] - (In epoch/Overall): (21/435)| inst_loss: 1.1210 - Mean loss: 0.1723 - acc: 0.9435 - norm: 0.48 - 0.26s
[2024-06-19 14:30:31,501][utils.model][INFO] - (In epoch/Overall): (31/445)| inst_loss: 1.7349 - Mean loss: 0.1782 - acc: 0.9476 - norm: 0.76 - 0.17s
[2024-06-19 14:30:31,501][utils.model][INFO] - (In epoch/Overall): (31/445)| inst_loss: 1.7327 - Mean loss: 0.1687 - acc: 0.9486 - norm: 0.54 - 0.04s
[2024-06-19 14:30:32,189][utils.model][INFO] - (In epoch/Overall): (41/455)| inst_loss: 2.4208 - Mean loss: 0.1759 - acc: 0.9459 - norm: 0.76 - 0.12s
[2024-06-19 14:30:32,189][utils.model][INFO] - (In epoch/Overall): (41/455)| inst_loss: 2.4233 - Mean loss: 0.1850 - acc: 0.9444 - norm: 0.88 - 0.04s
[2024-06-19 14:30:32,874][utils.model][INFO] - (In epoch/Overall): (51/465)| inst_loss: 3.1066 - Mean loss: 0.1654 - acc: 0.9491 - norm: 0.93 - 0.07s
[2024-06-19 14:30:32,877][utils.model][INFO] - (In epoch/Overall): (51/465)| inst_loss: 3.1095 - Mean loss: 0.1758 - acc: 0.9473 - norm: 1.08 - 0.12s
[2024-06-19 14:30:33,450][utils.model][INFO] - (In epoch/Overall): (61/475)| inst_loss: 3.6851 - Mean loss: 0.1611 - acc: 0.9518 - norm: 1.16 - 0.14s
[2024-06-19 14:30:33,450][utils.model][INFO] - (In epoch/Overall): (61/475)| inst_loss: 3.6829 - Mean loss: 0.1596 - acc: 0.9503 - norm: 1.10 - 0.03s
[2024-06-19 14:30:34,135][utils.model][INFO] - (In epoch/Overall): (71/485)| inst_loss: 4.3670 - Mean loss: 0.1641 - acc: 0.9489 - norm: 1.40 - 0.40s
[2024-06-19 14:30:34,142][utils.model][INFO] - (In epoch/Overall): (71/485)| inst_loss: 4.3743 - Mean loss: 0.1553 - acc: 0.9516 - norm: 1.42 - 0.12s
[2024-06-19 14:30:35,184][utils.model][INFO] - (In epoch/Overall): (81/495)| inst_loss: 5.4154 - Mean loss: 0.1574 - acc: 0.9510 - norm: 1.52 - 0.05s
[2024-06-19 14:30:35,184][utils.model][INFO] - (In epoch/Overall): (81/495)| inst_loss: 5.4179 - Mean loss: 0.1567 - acc: 0.9510 - norm: 1.59 - 0.08s
[2024-06-19 14:30:36,276][utils.model][INFO] - (In epoch/Overall): (91/505)| inst_loss: 6.5083 - Mean loss: 0.1596 - acc: 0.9495 - norm: 1.82 - 0.15s
[2024-06-19 14:30:36,278][utils.model][INFO] - (In epoch/Overall): (91/505)| inst_loss: 6.5070 - Mean loss: 0.1567 - acc: 0.9499 - norm: 1.76 - 0.12s
[2024-06-19 14:30:37,365][utils.model][INFO] - (In epoch/Overall): (101/515)| inst_loss: 7.5988 - Mean loss: 0.1530 - acc: 0.9508 - norm: 1.97 - 0.04s
[2024-06-19 14:30:37,365][utils.model][INFO] - (In epoch/Overall): (101/515)| inst_loss: 7.5965 - Mean loss: 0.1530 - acc: 0.9508 - norm: 1.96 - 0.17s
[2024-06-19 14:30:38,491][utils.model][INFO] - (In epoch/Overall): (111/525)| inst_loss: 8.7219 - Mean loss: 0.1513 - acc: 0.9513 - norm: 2.17 - 0.25s
[2024-06-19 14:30:38,491][utils.model][INFO] - (In epoch/Overall): (111/525)| inst_loss: 8.7244 - Mean loss: 0.1542 - acc: 0.9502 - norm: 2.31 - 0.07s
[2024-06-19 14:30:39,561][utils.model][INFO] - (In epoch/Overall): (121/535)| inst_loss: 9.7947 - Mean loss: 0.1553 - acc: 0.9491 - norm: 2.49 - 0.13s
[2024-06-19 14:30:39,561][utils.model][INFO] - (In epoch/Overall): (121/535)| inst_loss: 9.7926 - Mean loss: 0.1489 - acc: 0.9530 - norm: 2.36 - 0.07s
[2024-06-19 14:30:40,601][utils.model][INFO] - (In epoch/Overall): (131/545)| inst_loss: 10.8324 - Mean loss: 0.1562 - acc: 0.9497 - norm: 2.77 - 0.16s
[2024-06-19 14:30:40,602][utils.model][INFO] - (In epoch/Overall): (131/545)| inst_loss: 10.8318 - Mean loss: 0.1450 - acc: 0.9540 - norm: 2.52 - 0.01s
[2024-06-19 14:30:41,593][utils.model][INFO] - (In epoch/Overall): (141/555)| inst_loss: 11.8257 - Mean loss: 0.1449 - acc: 0.9541 - norm: 2.70 - 0.00s
[2024-06-19 14:30:41,594][utils.model][INFO] - (In epoch/Overall): (141/555)| inst_loss: 11.8280 - Mean loss: 0.1569 - acc: 0.9495 - norm: 2.97 - 0.08s
[2024-06-19 14:30:42,459][utils.model][INFO] - (In epoch/Overall): (151/565)| inst_loss: 12.6940 - Mean loss: 0.1524 - acc: 0.9512 - norm: 3.18 - 0.11s
[2024-06-19 14:30:42,461][utils.model][INFO] - (In epoch/Overall): (151/565)| inst_loss: 12.6922 - Mean loss: 0.1402 - acc: 0.9553 - norm: 2.90 - 0.03s
[2024-06-19 14:30:43,645][utils.model][INFO] - (In epoch/Overall): (161/575)| inst_loss: 13.8783 - Mean loss: 0.1450 - acc: 0.9538 - norm: 3.32 - 0.02s
[2024-06-19 14:30:43,645][utils.model][INFO] - (In epoch/Overall): (161/575)| inst_loss: 13.8763 - Mean loss: 0.1396 - acc: 0.9557 - norm: 3.27 - 0.05s
[2024-06-19 14:30:44,782][utils.model][INFO] - (In epoch/Overall): (171/585)| inst_loss: 15.0129 - Mean loss: 0.1435 - acc: 0.9554 - norm: 3.57 - 0.50s
[2024-06-19 14:30:44,783][utils.model][INFO] - (In epoch/Overall): (171/585)| inst_loss: 15.0162 - Mean loss: 0.1431 - acc: 0.9536 - norm: 3.60 - 0.04s
[2024-06-19 14:30:45,744][utils.model][INFO] - (In epoch/Overall): (181/595)| inst_loss: 15.9762 - Mean loss: 0.1419 - acc: 0.9561 - norm: 3.85 - 0.13s
[2024-06-19 14:30:45,744][utils.model][INFO] - (In epoch/Overall): (181/595)| inst_loss: 15.9785 - Mean loss: 0.1471 - acc: 0.9527 - norm: 4.08 - 0.32s
[2024-06-19 14:30:46,559][utils.model][INFO] - (In epoch/Overall): (191/605)| inst_loss: 16.7930 - Mean loss: 0.1459 - acc: 0.9534 - norm: 4.26 - 0.12s
[2024-06-19 14:30:46,560][utils.model][INFO] - (In epoch/Overall): (191/605)| inst_loss: 16.7908 - Mean loss: 0.1423 - acc: 0.9558 - norm: 4.15 - 0.23s
[2024-06-19 14:30:47,586][utils.model][INFO] - (In epoch/Overall): (201/615)| inst_loss: 17.8203 - Mean loss: 0.1455 - acc: 0.9535 - norm: 4.52 - 0.19s
[2024-06-19 14:30:47,586][utils.model][INFO] - (In epoch/Overall): (201/615)| inst_loss: 17.8182 - Mean loss: 0.1403 - acc: 0.9563 - norm: 4.44 - 0.05s
[2024-06-19 14:30:48,671][utils.model][INFO] - (In epoch/Overall): (211/625)| inst_loss: 18.9064 - Mean loss: 0.1448 - acc: 0.9541 - norm: 4.83 - 0.10s
[2024-06-19 14:30:48,672][utils.model][INFO] - (In epoch/Overall): (211/625)| inst_loss: 18.9041 - Mean loss: 0.1377 - acc: 0.9570 - norm: 4.77 - 0.20s
[2024-06-19 14:30:49,349][utils.model][INFO] - Epoch Results:
[2024-06-19 14:30:49,352][utils.model][INFO] - Epoch Results:
[2024-06-19 14:30:49,355][utils.model][INFO] - (In epoch/Overall): (218/632)| inst_loss: 0.1137 - Mean loss: 0.1366 - acc: 0.9570 - norm: 4.98 - 19.58s
[2024-06-19 14:30:49,358][utils.model][INFO] - (In epoch/Overall): (218/632)| inst_loss: 0.1953 - Mean loss: 0.1455 - acc: 0.9537 - norm: 5.13 - 19.59s
[2024-06-19 14:30:51,465][utils.model][INFO] - Evaluation Results - Val Loss: 0.0957, Val Accuracy: 0.9730 in 32 steps
[2024-06-19 14:30:51,466][utils.model][INFO] - Evaluation Results - Val Loss: 0.0976, Val Accuracy: 0.9685 in 32 steps
[2024-06-19 14:30:51,583][flwr][DEBUG] - gRPC channel closed
[2024-06-19 14:30:51,583][flwr][DEBUG] - gRPC channel closed
[2024-06-19 14:30:51,583][flwr][INFO] - Disconnect and shut down
[2024-06-19 14:30:51,583][flwr][INFO] - Disconnect and shut down
