[2024-06-19 16:59:04,516][utils.model][INFO] - LeNet model built
[2024-06-19 16:59:04,819][utils.model][INFO] - Size of serialized model: 279.0341796875 kbytes
[2024-06-19 16:59:04,830][flwr][INFO] - Opened insecure gRPC connection (no certificates were passed)
[2024-06-19 16:59:04,838][flwr][DEBUG] - ChannelConnectivity.IDLE
[2024-06-19 16:59:04,843][flwr][DEBUG] - ChannelConnectivity.READY
[2024-06-19 16:59:10,061][utils.model][INFO] - ========================== Epoch Start ==========================
[2024-06-19 16:59:10,526][utils.model][INFO] - (In epoch/Overall): (1/1)| inst_loss: 0.4626 - Mean loss: 2.3302 - acc: 0.0625 - norm: 0.20 - 2.33s
[2024-06-19 16:59:11,116][utils.model][INFO] - (In epoch/Overall): (11/11)| inst_loss: 1.0532 - Mean loss: 2.1940 - acc: 0.2500 - norm: 1.86 - 1.97s
[2024-06-19 16:59:11,718][utils.model][INFO] - (In epoch/Overall): (21/21)| inst_loss: 1.6554 - Mean loss: 1.9638 - acc: 0.3780 - norm: 4.89 - 1.65s
[2024-06-19 16:59:11,862][utils.model][INFO] - Epoch Results:
[2024-06-19 16:59:11,866][utils.model][INFO] - (In epoch/Overall): (23/23)| inst_loss: 1.3925 - Mean loss: 1.9176 - acc: 0.3927 - norm: 5.35 - 1.80s
[2024-06-19 16:59:13,563][utils.model][INFO] - Evaluation Results - Val Loss: 1.3917, Val Accuracy: 0.6445 in 32 steps
[2024-06-19 16:59:18,195][utils.model][INFO] - ========================== Epoch Start ==========================
[2024-06-19 16:59:18,308][utils.model][INFO] - (In epoch/Overall): (1/24)| inst_loss: 0.1109 - Mean loss: 1.2493 - acc: 0.7812 - norm: 0.06 - 1.25s
[2024-06-19 16:59:18,857][utils.model][INFO] - (In epoch/Overall): (11/34)| inst_loss: 0.6602 - Mean loss: 1.1939 - acc: 0.6449 - norm: 0.67 - 0.70s
[2024-06-19 16:59:19,361][utils.model][INFO] - (In epoch/Overall): (21/44)| inst_loss: 1.1651 - Mean loss: 1.0688 - acc: 0.6756 - norm: 1.39 - 0.87s
[2024-06-19 16:59:19,888][utils.model][INFO] - (In epoch/Overall): (31/54)| inst_loss: 1.6911 - Mean loss: 0.9481 - acc: 0.7188 - norm: 2.08 - 0.55s
[2024-06-19 16:59:20,405][utils.model][INFO] - (In epoch/Overall): (41/64)| inst_loss: 2.2084 - Mean loss: 0.8739 - acc: 0.7355 - norm: 2.71 - 0.44s
[2024-06-19 16:59:20,903][utils.model][INFO] - (In epoch/Overall): (51/74)| inst_loss: 2.7063 - Mean loss: 0.8042 - acc: 0.7574 - norm: 3.39 - 0.73s
[2024-06-19 16:59:21,459][utils.model][INFO] - (In epoch/Overall): (61/84)| inst_loss: 3.2628 - Mean loss: 0.7666 - acc: 0.7684 - norm: 4.07 - 0.96s
[2024-06-19 16:59:21,946][utils.model][INFO] - (In epoch/Overall): (71/94)| inst_loss: 3.7490 - Mean loss: 0.7158 - acc: 0.7821 - norm: 4.74 - 0.38s
[2024-06-19 16:59:22,013][utils.model][INFO] - Epoch Results:
[2024-06-19 16:59:22,016][utils.model][INFO] - (In epoch/Overall): (72/95)| inst_loss: 0.6834 - Mean loss: 0.7154 - acc: 0.7826 - norm: 4.79 - 3.82s
[2024-06-19 16:59:23,576][utils.model][INFO] - Evaluation Results - Val Loss: 0.3651, Val Accuracy: 0.8980 in 32 steps
[2024-06-19 16:59:27,817][utils.model][INFO] - ========================== Epoch Start ==========================
[2024-06-19 16:59:27,923][utils.model][INFO] - (In epoch/Overall): (1/96)| inst_loss: 0.1038 - Mean loss: 0.2419 - acc: 0.9375 - norm: 0.02 - 0.24s
[2024-06-19 16:59:28,399][utils.model][INFO] - (In epoch/Overall): (11/106)| inst_loss: 0.5807 - Mean loss: 0.4870 - acc: 0.8466 - norm: 0.22 - 0.54s
[2024-06-19 16:59:28,863][utils.model][INFO] - (In epoch/Overall): (21/116)| inst_loss: 1.0444 - Mean loss: 0.4474 - acc: 0.8616 - norm: 0.39 - 0.26s
[2024-06-19 16:59:29,413][utils.model][INFO] - (In epoch/Overall): (31/126)| inst_loss: 1.5939 - Mean loss: 0.4518 - acc: 0.8538 - norm: 0.63 - 0.42s
[2024-06-19 16:59:29,986][utils.model][INFO] - (In epoch/Overall): (41/136)| inst_loss: 2.1670 - Mean loss: 0.4054 - acc: 0.8720 - norm: 0.82 - 0.32s
[2024-06-19 16:59:30,478][utils.model][INFO] - (In epoch/Overall): (51/146)| inst_loss: 2.6591 - Mean loss: 0.4092 - acc: 0.8719 - norm: 1.10 - 0.20s
[2024-06-19 16:59:30,970][utils.model][INFO] - (In epoch/Overall): (61/156)| inst_loss: 3.1519 - Mean loss: 0.3963 - acc: 0.8750 - norm: 1.41 - 0.37s
[2024-06-19 16:59:31,505][utils.model][INFO] - (In epoch/Overall): (71/166)| inst_loss: 3.6862 - Mean loss: 0.3856 - acc: 0.8798 - norm: 1.70 - 0.37s
[2024-06-19 16:59:32,001][utils.model][INFO] - (In epoch/Overall): (81/176)| inst_loss: 4.1825 - Mean loss: 0.3750 - acc: 0.8839 - norm: 2.18 - 0.43s
[2024-06-19 16:59:32,500][utils.model][INFO] - (In epoch/Overall): (91/186)| inst_loss: 4.6816 - Mean loss: 0.3805 - acc: 0.8850 - norm: 2.62 - 0.41s
[2024-06-19 16:59:32,974][utils.model][INFO] - (In epoch/Overall): (101/196)| inst_loss: 5.1552 - Mean loss: 0.3652 - acc: 0.8908 - norm: 3.06 - 0.10s
[2024-06-19 16:59:33,467][utils.model][INFO] - (In epoch/Overall): (111/206)| inst_loss: 5.6482 - Mean loss: 0.3532 - acc: 0.8939 - norm: 3.51 - 0.23s
[2024-06-19 16:59:33,943][utils.model][INFO] - (In epoch/Overall): (121/216)| inst_loss: 6.1246 - Mean loss: 0.3521 - acc: 0.8933 - norm: 4.05 - 0.25s
[2024-06-19 16:59:34,426][utils.model][INFO] - (In epoch/Overall): (131/226)| inst_loss: 6.6080 - Mean loss: 0.3450 - acc: 0.8943 - norm: 4.62 - 0.32s
[2024-06-19 16:59:34,930][utils.model][INFO] - (In epoch/Overall): (141/236)| inst_loss: 7.1121 - Mean loss: 0.3390 - acc: 0.8969 - norm: 5.05 - 0.13s
[2024-06-19 16:59:34,936][utils.model][INFO] - Epoch Results:
[2024-06-19 16:59:34,939][utils.model][INFO] - (In epoch/Overall): (141/236)| inst_loss: 0.1262 - Mean loss: 0.3390 - acc: 0.8969 - norm: 5.05 - 7.12s
[2024-06-19 16:59:36,408][utils.model][INFO] - Evaluation Results - Val Loss: 0.1945, Val Accuracy: 0.9400 in 32 steps
[2024-06-19 16:59:40,813][utils.model][INFO] - ========================== Epoch Start ==========================
[2024-06-19 16:59:40,939][utils.model][INFO] - (In epoch/Overall): (1/237)| inst_loss: 0.1233 - Mean loss: 0.3058 - acc: 0.9375 - norm: 0.03 - 0.31s
[2024-06-19 16:59:41,456][utils.model][INFO] - (In epoch/Overall): (11/247)| inst_loss: 0.6415 - Mean loss: 0.2414 - acc: 0.9318 - norm: 0.26 - 0.19s
[2024-06-19 16:59:41,976][utils.model][INFO] - (In epoch/Overall): (21/257)| inst_loss: 1.1615 - Mean loss: 0.2237 - acc: 0.9390 - norm: 0.39 - 0.17s
[2024-06-19 16:59:42,501][utils.model][INFO] - (In epoch/Overall): (31/267)| inst_loss: 1.6859 - Mean loss: 0.2115 - acc: 0.9385 - norm: 0.58 - 0.08s
[2024-06-19 16:59:43,007][utils.model][INFO] - (In epoch/Overall): (41/277)| inst_loss: 2.1930 - Mean loss: 0.2383 - acc: 0.9291 - norm: 0.87 - 0.20s
[2024-06-19 16:59:43,515][utils.model][INFO] - (In epoch/Overall): (51/287)| inst_loss: 2.6997 - Mean loss: 0.2181 - acc: 0.9332 - norm: 1.02 - 0.12s
[2024-06-19 16:59:44,002][utils.model][INFO] - (In epoch/Overall): (61/297)| inst_loss: 3.1880 - Mean loss: 0.2141 - acc: 0.9339 - norm: 1.35 - 0.28s
[2024-06-19 16:59:44,476][utils.model][INFO] - (In epoch/Overall): (71/307)| inst_loss: 3.6616 - Mean loss: 0.2069 - acc: 0.9357 - norm: 1.45 - 0.37s
[2024-06-19 16:59:44,937][utils.model][INFO] - (In epoch/Overall): (81/317)| inst_loss: 4.1230 - Mean loss: 0.2065 - acc: 0.9352 - norm: 1.70 - 0.14s
[2024-06-19 16:59:45,392][utils.model][INFO] - (In epoch/Overall): (91/327)| inst_loss: 4.5780 - Mean loss: 0.2084 - acc: 0.9351 - norm: 2.04 - 0.14s
[2024-06-19 16:59:45,890][utils.model][INFO] - (In epoch/Overall): (101/337)| inst_loss: 5.0760 - Mean loss: 0.2032 - acc: 0.9366 - norm: 2.32 - 0.12s
[2024-06-19 16:59:46,369][utils.model][INFO] - (In epoch/Overall): (111/347)| inst_loss: 5.5546 - Mean loss: 0.2047 - acc: 0.9358 - norm: 2.68 - 0.11s
[2024-06-19 16:59:46,830][utils.model][INFO] - (In epoch/Overall): (121/357)| inst_loss: 6.0150 - Mean loss: 0.2017 - acc: 0.9365 - norm: 2.90 - 0.32s
[2024-06-19 16:59:47,302][utils.model][INFO] - (In epoch/Overall): (131/367)| inst_loss: 6.4876 - Mean loss: 0.1990 - acc: 0.9365 - norm: 3.18 - 0.21s
[2024-06-19 16:59:47,768][utils.model][INFO] - (In epoch/Overall): (141/377)| inst_loss: 6.9536 - Mean loss: 0.1936 - acc: 0.9384 - norm: 3.47 - 0.22s
[2024-06-19 16:59:48,281][utils.model][INFO] - (In epoch/Overall): (151/387)| inst_loss: 7.4664 - Mean loss: 0.1878 - acc: 0.9404 - norm: 3.67 - 0.04s
[2024-06-19 16:59:48,746][utils.model][INFO] - (In epoch/Overall): (161/397)| inst_loss: 7.9316 - Mean loss: 0.1856 - acc: 0.9414 - norm: 4.12 - 0.13s
[2024-06-19 16:59:49,214][utils.model][INFO] - (In epoch/Overall): (171/407)| inst_loss: 8.4002 - Mean loss: 0.1857 - acc: 0.9406 - norm: 4.55 - 0.33s
[2024-06-19 16:59:49,630][utils.model][INFO] - Epoch Results:
[2024-06-19 16:59:49,634][utils.model][INFO] - (In epoch/Overall): (180/416)| inst_loss: 0.1320 - Mean loss: 0.1853 - acc: 0.9418 - norm: 4.78 - 8.82s
[2024-06-19 16:59:51,238][utils.model][INFO] - Evaluation Results - Val Loss: 0.1269, Val Accuracy: 0.9595 in 32 steps
[2024-06-19 16:59:55,626][utils.model][INFO] - ========================== Epoch Start ==========================
[2024-06-19 16:59:55,769][utils.model][INFO] - (In epoch/Overall): (1/417)| inst_loss: 0.1411 - Mean loss: 0.1124 - acc: 0.9688 - norm: 0.03 - 0.11s
[2024-06-19 16:59:56,270][utils.model][INFO] - (In epoch/Overall): (11/427)| inst_loss: 0.6415 - Mean loss: 0.1923 - acc: 0.9347 - norm: 0.25 - 0.20s
[2024-06-19 16:59:56,826][utils.model][INFO] - (In epoch/Overall): (21/437)| inst_loss: 1.1970 - Mean loss: 0.1771 - acc: 0.9390 - norm: 0.46 - 0.26s
[2024-06-19 16:59:57,387][utils.model][INFO] - (In epoch/Overall): (31/447)| inst_loss: 1.7584 - Mean loss: 0.1647 - acc: 0.9446 - norm: 0.62 - 0.17s
[2024-06-19 16:59:57,881][utils.model][INFO] - (In epoch/Overall): (41/457)| inst_loss: 2.2526 - Mean loss: 0.1619 - acc: 0.9451 - norm: 0.85 - 0.21s
[2024-06-19 16:59:58,437][utils.model][INFO] - (In epoch/Overall): (51/467)| inst_loss: 2.8087 - Mean loss: 0.1556 - acc: 0.9485 - norm: 1.03 - 0.11s
[2024-06-19 16:59:58,974][utils.model][INFO] - (In epoch/Overall): (61/477)| inst_loss: 3.3456 - Mean loss: 0.1582 - acc: 0.9467 - norm: 1.36 - 0.28s
[2024-06-19 16:59:59,471][utils.model][INFO] - (In epoch/Overall): (71/487)| inst_loss: 3.8426 - Mean loss: 0.1552 - acc: 0.9503 - norm: 1.45 - 0.09s
[2024-06-19 16:59:59,969][utils.model][INFO] - (In epoch/Overall): (81/497)| inst_loss: 4.3409 - Mean loss: 0.1586 - acc: 0.9475 - norm: 1.67 - 0.44s
[2024-06-19 17:00:00,477][utils.model][INFO] - (In epoch/Overall): (91/507)| inst_loss: 4.8488 - Mean loss: 0.1584 - acc: 0.9492 - norm: 1.83 - 0.05s
[2024-06-19 17:00:00,983][utils.model][INFO] - (In epoch/Overall): (101/517)| inst_loss: 5.3550 - Mean loss: 0.1535 - acc: 0.9505 - norm: 2.10 - 0.19s
[2024-06-19 17:00:01,540][utils.model][INFO] - (In epoch/Overall): (111/527)| inst_loss: 5.9122 - Mean loss: 0.1526 - acc: 0.9502 - norm: 2.30 - 0.18s
[2024-06-19 17:00:02,033][utils.model][INFO] - (In epoch/Overall): (121/537)| inst_loss: 6.4053 - Mean loss: 0.1558 - acc: 0.9494 - norm: 2.55 - 0.45s
[2024-06-19 17:00:02,507][utils.model][INFO] - (In epoch/Overall): (131/547)| inst_loss: 6.8791 - Mean loss: 0.1549 - acc: 0.9494 - norm: 2.73 - 0.11s
[2024-06-19 17:00:02,985][utils.model][INFO] - (In epoch/Overall): (141/557)| inst_loss: 7.3562 - Mean loss: 0.1546 - acc: 0.9497 - norm: 2.92 - 0.12s
[2024-06-19 17:00:03,446][utils.model][INFO] - (In epoch/Overall): (151/567)| inst_loss: 7.8182 - Mean loss: 0.1522 - acc: 0.9510 - norm: 3.22 - 0.05s
[2024-06-19 17:00:03,963][utils.model][INFO] - (In epoch/Overall): (161/577)| inst_loss: 8.3352 - Mean loss: 0.1520 - acc: 0.9511 - norm: 3.57 - 0.09s
[2024-06-19 17:00:04,430][utils.model][INFO] - (In epoch/Overall): (171/587)| inst_loss: 8.8017 - Mean loss: 0.1527 - acc: 0.9512 - norm: 3.84 - 0.02s
[2024-06-19 17:00:04,888][utils.model][INFO] - (In epoch/Overall): (181/597)| inst_loss: 9.2605 - Mean loss: 0.1544 - acc: 0.9513 - norm: 4.12 - 0.12s
[2024-06-19 17:00:05,372][utils.model][INFO] - (In epoch/Overall): (191/607)| inst_loss: 9.7438 - Mean loss: 0.1533 - acc: 0.9522 - norm: 4.30 - 0.04s
[2024-06-19 17:00:05,864][utils.model][INFO] - (In epoch/Overall): (201/617)| inst_loss: 10.2359 - Mean loss: 0.1522 - acc: 0.9530 - norm: 4.65 - 0.07s
[2024-06-19 17:00:06,340][utils.model][INFO] - (In epoch/Overall): (211/627)| inst_loss: 10.7121 - Mean loss: 0.1517 - acc: 0.9531 - norm: 5.02 - 0.11s
[2024-06-19 17:00:06,640][utils.model][INFO] - Epoch Results:
[2024-06-19 17:00:06,643][utils.model][INFO] - (In epoch/Overall): (217/633)| inst_loss: 0.0806 - Mean loss: 0.1494 - acc: 0.9541 - norm: 5.08 - 11.02s
[2024-06-19 17:00:08,258][utils.model][INFO] - Evaluation Results - Val Loss: 0.0941, Val Accuracy: 0.9690 in 32 steps
[2024-06-19 17:00:08,382][flwr][DEBUG] - gRPC channel closed
[2024-06-19 17:00:08,383][flwr][INFO] - Disconnect and shut down
