[2024-01-20 19:14:01,286][flwr][INFO] - Starting Flower server, config: ServerConfig(num_rounds=6, round_timeout=None)
[2024-01-20 19:14:01,289][flwr][INFO] - Flower ECE: gRPC server running (6 rounds), SSL is disabled
[2024-01-20 19:14:01,289][flwr][INFO] - Initializing global parameters
[2024-01-20 19:14:01,289][flwr][INFO] - Requesting initial parameters from one random client
[2024-01-20 19:14:15,441][flwr][INFO] - Received initial parameters from one random client
[2024-01-20 19:14:15,442][flwr][INFO] - Evaluating initial parameters
[2024-01-20 19:14:15,443][flwr][INFO] - FL starting
[2024-01-20 19:15:03,713][flwr][DEBUG] - fit_round 1: strategy sampled 3 clients (out of 3)
[2024-01-20 19:15:09,075][flwr][DEBUG] - fit_round 1 received 3 results and 0 failures
[2024-01-20 19:15:09,097][flwr][DEBUG] - evaluate_round 1: strategy sampled 3 clients (out of 3)
[2024-01-20 19:15:15,130][flwr][DEBUG] - evaluate_round 1 received 3 results and 0 failures
[2024-01-20 19:15:59,529][flwr][DEBUG] - fit_round 2: strategy sampled 3 clients (out of 3)
[2024-01-20 19:16:19,689][flwr][DEBUG] - fit_round 2 received 3 results and 0 failures
[2024-01-20 19:16:19,704][flwr][DEBUG] - evaluate_round 2: strategy sampled 3 clients (out of 3)
[2024-01-20 19:16:25,678][flwr][DEBUG] - evaluate_round 2 received 3 results and 0 failures
[2024-01-20 19:17:10,496][flwr][DEBUG] - fit_round 3: strategy sampled 3 clients (out of 3)
[2024-01-20 19:17:39,717][flwr][DEBUG] - fit_round 3 received 3 results and 0 failures
[2024-01-20 19:17:39,742][flwr][DEBUG] - evaluate_round 3: strategy sampled 3 clients (out of 3)
[2024-01-20 19:17:45,541][flwr][DEBUG] - evaluate_round 3 received 3 results and 0 failures
[2024-01-20 19:18:28,881][flwr][DEBUG] - fit_round 4: strategy sampled 3 clients (out of 3)
[2024-01-20 19:18:52,142][flwr][DEBUG] - fit_round 4 received 3 results and 0 failures
[2024-01-20 19:18:52,165][flwr][DEBUG] - evaluate_round 4: strategy sampled 3 clients (out of 3)
[2024-01-20 19:18:57,707][flwr][DEBUG] - evaluate_round 4 received 3 results and 0 failures
[2024-01-20 19:19:40,614][flwr][DEBUG] - fit_round 5: strategy sampled 3 clients (out of 3)
[2024-01-20 19:19:41,224][flwr][DEBUG] - fit_round 5 received 3 results and 0 failures
[2024-01-20 19:19:41,250][flwr][DEBUG] - evaluate_round 5: strategy sampled 3 clients (out of 3)
[2024-01-20 19:19:46,666][flwr][DEBUG] - evaluate_round 5 received 3 results and 0 failures
[2024-01-20 19:20:30,922][flwr][DEBUG] - fit_round 6: strategy sampled 3 clients (out of 3)
[2024-01-20 19:20:31,402][flwr][DEBUG] - fit_round 6 received 3 results and 0 failures
[2024-01-20 19:20:31,427][flwr][DEBUG] - evaluate_round 6: strategy sampled 3 clients (out of 3)
[2024-01-20 19:20:37,516][flwr][DEBUG] - evaluate_round 6 received 3 results and 0 failures
[2024-01-20 19:20:37,516][flwr][INFO] - FL finished in 382.073149244
[2024-01-20 19:20:37,517][flwr][INFO] - app_fit: losses_distributed [(1, 0.4601401686668396), (2, 0.13943885266780853), (3, 0.11324752867221832), (4, 0.08355174213647842), (5, 0.08655641227960587), (6, 0.08655640482902527)]
[2024-01-20 19:20:37,517][flwr][INFO] - app_fit: metrics_distributed_fit {'mean_norm': [(1, 25.03886604309082), (2, 20.08742904663086), (3, 16.057905197143555), (4, 8.683248519897461), (5, 0.004271723795682192), (6, 0.0)]}
[2024-01-20 19:20:37,517][flwr][INFO] - app_fit: metrics_distributed {'accuracy': [(1, 0.8582000136375427), (2, 0.9613999724388123), (3, 0.9635000228881836), (4, 0.9735000133514404), (5, 0.9732000231742859), (6, 0.9732000231742859)]}
[2024-01-20 19:20:37,517][flwr][INFO] - app_fit: losses_centralized []
[2024-01-20 19:20:37,517][flwr][INFO] - app_fit: metrics_centralized {}
