[2024-06-19 02:39:15,096][utils.model][INFO] - LeNet model built
[2024-06-19 02:39:15,347][utils.model][INFO] - Size of serialized model: 279.0341796875 kbytes
[2024-06-19 02:39:15,355][flwr][INFO] - Opened insecure gRPC connection (no certificates were passed)
[2024-06-19 02:39:15,358][flwr][DEBUG] - ChannelConnectivity.IDLE
[2024-06-19 02:39:15,359][flwr][DEBUG] - ChannelConnectivity.READY
[2024-06-19 02:39:15,397][utils.model][INFO] - LeNet model built
[2024-06-19 02:39:15,672][utils.model][INFO] - Size of serialized model: 279.0341796875 kbytes
[2024-06-19 02:39:15,684][flwr][INFO] - Opened insecure gRPC connection (no certificates were passed)
[2024-06-19 02:39:15,687][flwr][DEBUG] - ChannelConnectivity.IDLE
[2024-06-19 02:39:15,688][flwr][DEBUG] - ChannelConnectivity.CONNECTING
[2024-06-19 02:39:15,689][flwr][DEBUG] - ChannelConnectivity.READY
[2024-06-19 02:39:20,473][utils.model][INFO] - ========================== Epoch Start ==========================
[2024-06-19 02:39:20,477][utils.model][INFO] - ========================== Epoch Start ==========================
[2024-06-19 02:39:20,948][utils.model][INFO] - (In epoch/Overall): (1/1)| inst_loss: 2.3133 - Mean loss: 2.3133 - acc: 0.0312 - norm: 0.16 - 0.47s
[2024-06-19 02:39:20,948][utils.model][INFO] - (In epoch/Overall): (1/1)| inst_loss: 2.2922 - Mean loss: 2.2922 - acc: 0.1562 - norm: 0.15 - 0.47s
[2024-06-19 02:39:21,433][utils.model][INFO] - (In epoch/Overall): (11/11)| inst_loss: 1.9233 - Mean loss: 2.1307 - acc: 0.2500 - norm: 2.51 - 0.96s
[2024-06-19 02:39:21,433][utils.model][INFO] - (In epoch/Overall): (11/11)| inst_loss: 1.9239 - Mean loss: 2.1508 - acc: 0.2670 - norm: 2.19 - 0.95s
[2024-06-19 02:39:21,910][utils.model][INFO] - Epoch Results:
[2024-06-19 02:39:21,911][utils.model][INFO] - Epoch Results:
[2024-06-19 02:39:21,914][utils.model][INFO] - (In epoch/Overall): (20/20)| inst_loss: 1.6442 - Mean loss: 1.9558 - acc: 0.3625 - norm: 4.97 - 1.43s
[2024-06-19 02:39:21,915][utils.model][INFO] - (In epoch/Overall): (20/20)| inst_loss: 1.1508 - Mean loss: 1.8578 - acc: 0.3984 - norm: 5.48 - 1.44s
[2024-06-19 02:39:23,564][utils.model][INFO] - Evaluation Results - Val Loss: 1.4616, Val Accuracy: 0.6060 in 32 steps
[2024-06-19 02:39:23,572][utils.model][INFO] - Evaluation Results - Val Loss: 1.4467, Val Accuracy: 0.6120 in 32 steps
[2024-06-19 02:40:33,299][utils.model][INFO] - ========================== Epoch Start ==========================
[2024-06-19 02:40:33,300][utils.model][INFO] - ========================== Epoch Start ==========================
[2024-06-19 02:40:33,337][utils.model][INFO] - Epoch Results:
[2024-06-19 02:40:33,337][utils.model][INFO] - Epoch Results:
[2024-06-19 02:40:33,371][flwr][DEBUG] - gRPC channel closed
[2024-06-19 02:40:33,425][flwr][DEBUG] - gRPC channel closed
