[2024-01-24 02:10:42,016][absl][WARNING] - Found untraced functions such as test_step, train_step, _jit_compiled_convolution_op, _jit_compiled_convolution_op while saving (showing 4 of 4). These functions will not be directly callable after loading.
[2024-01-24 02:10:42,132][absl][WARNING] - Found untraced functions such as test_step, train_step, _jit_compiled_convolution_op, _jit_compiled_convolution_op while saving (showing 4 of 4). These functions will not be directly callable after loading.
[2024-01-24 02:10:42,573][tensorflow][INFO] - Assets written to: /tmp/tmpdn87ya9i/assets
[2024-01-24 02:10:42,651][flwr][INFO] - Opened insecure gRPC connection (no certificates were passed)
[2024-01-24 02:10:42,661][flwr][DEBUG] - ChannelConnectivity.IDLE
[2024-01-24 02:10:42,669][flwr][DEBUG] - ChannelConnectivity.CONNECTING
[2024-01-24 02:10:42,677][flwr][DEBUG] - ChannelConnectivity.READY
[2024-01-24 02:10:42,679][tensorflow][INFO] - Assets written to: /tmp/tmpxsch_7zv/assets
[2024-01-24 02:10:42,748][flwr][INFO] - Opened insecure gRPC connection (no certificates were passed)
[2024-01-24 02:10:42,755][flwr][DEBUG] - ChannelConnectivity.IDLE
[2024-01-24 02:10:42,759][flwr][DEBUG] - ChannelConnectivity.CONNECTING
[2024-01-24 02:10:42,765][flwr][DEBUG] - ChannelConnectivity.READY
[2024-01-24 02:10:43,708][absl][WARNING] - Found untraced functions such as test_step, train_step, _jit_compiled_convolution_op, _jit_compiled_convolution_op while saving (showing 4 of 4). These functions will not be directly callable after loading.
[2024-01-24 02:10:43,930][tensorflow][INFO] - Assets written to: /tmp/tmpygzhf8qc/assets
[2024-01-24 02:10:43,975][flwr][INFO] - Opened insecure gRPC connection (no certificates were passed)
[2024-01-24 02:10:43,981][flwr][DEBUG] - ChannelConnectivity.IDLE
[2024-01-24 02:10:43,984][flwr][DEBUG] - ChannelConnectivity.CONNECTING
[2024-01-24 02:10:43,986][flwr][DEBUG] - ChannelConnectivity.READY
[2024-01-24 02:12:15,856][flwr][DEBUG] - gRPC channel closed
[2024-01-24 02:12:15,857][flwr][DEBUG] - gRPC channel closed
