[2024-06-22 12:10:01,045][utils.model][INFO] - LeNet model built
[2024-06-22 12:10:01,219][utils.model][INFO] - LeNet model built
[2024-06-22 12:10:01,853][utils.model][INFO] - Size of serialized model: 279.0341796875 kbytes
[2024-06-22 12:10:01,857][utils.model][INFO] - Size of serialized model: 279.0341796875 kbytes
[2024-06-22 12:10:01,870][flwr][INFO] - Opened insecure gRPC connection (no certificates were passed)
[2024-06-22 12:10:01,873][flwr][DEBUG] - ChannelConnectivity.IDLE
[2024-06-22 12:10:01,875][flwr][DEBUG] - ChannelConnectivity.CONNECTING
[2024-06-22 12:10:01,876][flwr][INFO] - Opened insecure gRPC connection (no certificates were passed)
[2024-06-22 12:10:01,879][flwr][DEBUG] - ChannelConnectivity.IDLE
[2024-06-22 12:10:01,881][flwr][DEBUG] - ChannelConnectivity.CONNECTING
[2024-06-22 12:10:01,883][flwr][DEBUG] - ChannelConnectivity.TRANSIENT_FAILURE
[2024-06-22 12:10:01,914][utils.model][INFO] - LeNet model built
[2024-06-22 12:10:02,053][utils.model][INFO] - LeNet model built
[2024-06-22 12:10:02,078][flwr][DEBUG] - gRPC channel closed
[2024-06-22 12:10:02,085][flwr][DEBUG] - gRPC channel closed
[2024-06-22 12:10:02,292][utils.model][INFO] - Size of serialized model: 279.0341796875 kbytes
[2024-06-22 12:10:02,309][flwr][INFO] - Opened insecure gRPC connection (no certificates were passed)
[2024-06-22 12:10:02,312][flwr][DEBUG] - ChannelConnectivity.IDLE
[2024-06-22 12:10:02,313][flwr][DEBUG] - ChannelConnectivity.CONNECTING
[2024-06-22 12:10:02,315][flwr][DEBUG] - gRPC channel closed
[2024-06-22 12:10:02,406][utils.model][INFO] - Size of serialized model: 279.0341796875 kbytes
[2024-06-22 12:10:02,416][flwr][INFO] - Opened insecure gRPC connection (no certificates were passed)
[2024-06-22 12:10:02,419][flwr][DEBUG] - ChannelConnectivity.IDLE
[2024-06-22 12:10:02,422][flwr][DEBUG] - ChannelConnectivity.CONNECTING
[2024-06-22 12:10:02,425][flwr][DEBUG] - gRPC channel closed
