[2024-06-16 17:39:25,350][flwr][INFO] - Starting Flower server, config: ServerConfig(num_rounds=5, round_timeout=None)
[2024-06-16 17:39:25,357][flwr][INFO] - Flower ECE: gRPC server running (5 rounds), SSL is disabled
[2024-06-16 17:39:25,357][flwr][INFO] - Initializing global parameters
[2024-06-16 17:39:25,367][flwr][INFO] - Requesting initial parameters from one random client
[2024-06-16 17:39:30,574][flwr][INFO] - Received initial parameters from one random client
[2024-06-16 17:39:30,575][flwr][INFO] - Evaluating initial parameters
[2024-06-16 17:39:30,818][utils.model][INFO] - LeNet model built
[2024-06-16 17:39:32,776][utils.model][INFO] - Size of serialized model: 279.0341796875 kbytes
[2024-06-16 17:39:33,291][utils.model][INFO] - Step 1/40 - val_loss: 2.2880 - val_accuracy: 0.1289
[2024-06-16 17:39:33,313][utils.model][INFO] - Step 2/40 - val_loss: 2.2952 - val_accuracy: 0.1133
[2024-06-16 17:39:33,331][utils.model][INFO] - Step 3/40 - val_loss: 2.2973 - val_accuracy: 0.1081
[2024-06-16 17:39:33,349][utils.model][INFO] - Step 4/40 - val_loss: 2.2984 - val_accuracy: 0.1055
[2024-06-16 17:39:33,369][utils.model][INFO] - Step 5/40 - val_loss: 2.2978 - val_accuracy: 0.1109
[2024-06-16 17:39:33,388][utils.model][INFO] - Step 6/40 - val_loss: 2.2979 - val_accuracy: 0.1074
[2024-06-16 17:39:33,406][utils.model][INFO] - Step 7/40 - val_loss: 2.2976 - val_accuracy: 0.1088
[2024-06-16 17:39:33,424][utils.model][INFO] - Step 8/40 - val_loss: 2.2989 - val_accuracy: 0.1055
[2024-06-16 17:39:33,443][utils.model][INFO] - Step 9/40 - val_loss: 2.2989 - val_accuracy: 0.1063
[2024-06-16 17:39:33,463][utils.model][INFO] - Step 10/40 - val_loss: 2.2985 - val_accuracy: 0.1066
[2024-06-16 17:39:33,481][utils.model][INFO] - Step 11/40 - val_loss: 2.2994 - val_accuracy: 0.1051
[2024-06-16 17:39:33,500][utils.model][INFO] - Step 12/40 - val_loss: 2.2993 - val_accuracy: 0.1042
[2024-06-16 17:39:33,517][utils.model][INFO] - Step 13/40 - val_loss: 2.2992 - val_accuracy: 0.1055
[2024-06-16 17:39:33,533][utils.model][INFO] - Step 14/40 - val_loss: 2.2987 - val_accuracy: 0.1069
[2024-06-16 17:39:33,551][utils.model][INFO] - Step 15/40 - val_loss: 2.2990 - val_accuracy: 0.1073
[2024-06-16 17:39:33,568][utils.model][INFO] - Step 16/40 - val_loss: 2.2991 - val_accuracy: 0.1057
[2024-06-16 17:39:33,585][utils.model][INFO] - Step 17/40 - val_loss: 2.2988 - val_accuracy: 0.1041
[2024-06-16 17:39:33,600][utils.model][INFO] - Step 18/40 - val_loss: 2.2988 - val_accuracy: 0.1039
[2024-06-16 17:39:33,617][utils.model][INFO] - Step 19/40 - val_loss: 2.2987 - val_accuracy: 0.1053
[2024-06-16 17:39:33,634][utils.model][INFO] - Step 20/40 - val_loss: 2.2989 - val_accuracy: 0.1049
[2024-06-16 17:39:33,652][utils.model][INFO] - Step 21/40 - val_loss: 2.2985 - val_accuracy: 0.1049
[2024-06-16 17:39:33,673][utils.model][INFO] - Step 22/40 - val_loss: 2.2987 - val_accuracy: 0.1049
[2024-06-16 17:39:33,691][utils.model][INFO] - Step 23/40 - val_loss: 2.2987 - val_accuracy: 0.1051
[2024-06-16 17:39:33,711][utils.model][INFO] - Step 24/40 - val_loss: 2.2993 - val_accuracy: 0.1050
[2024-06-16 17:39:33,729][utils.model][INFO] - Step 25/40 - val_loss: 2.2992 - val_accuracy: 0.1055
[2024-06-16 17:39:33,747][utils.model][INFO] - Step 26/40 - val_loss: 2.2991 - val_accuracy: 0.1044
[2024-06-16 17:39:33,765][utils.model][INFO] - Step 27/40 - val_loss: 2.2991 - val_accuracy: 0.1049
[2024-06-16 17:39:33,780][utils.model][INFO] - Step 28/40 - val_loss: 2.2993 - val_accuracy: 0.1044
[2024-06-16 17:39:33,795][utils.model][INFO] - Step 29/40 - val_loss: 2.2994 - val_accuracy: 0.1043
[2024-06-16 17:39:33,808][utils.model][INFO] - Step 30/40 - val_loss: 2.2993 - val_accuracy: 0.1048
[2024-06-16 17:39:33,823][utils.model][INFO] - Step 31/40 - val_loss: 2.2996 - val_accuracy: 0.1043
[2024-06-16 17:39:33,838][utils.model][INFO] - Step 32/40 - val_loss: 2.2997 - val_accuracy: 0.1042
[2024-06-16 17:39:33,857][utils.model][INFO] - Step 33/40 - val_loss: 2.2996 - val_accuracy: 0.1044
[2024-06-16 17:39:33,871][utils.model][INFO] - Step 34/40 - val_loss: 2.2995 - val_accuracy: 0.1043
[2024-06-16 17:39:33,887][utils.model][INFO] - Step 35/40 - val_loss: 2.2993 - val_accuracy: 0.1044
[2024-06-16 17:39:33,903][utils.model][INFO] - Step 36/40 - val_loss: 2.2996 - val_accuracy: 0.1045
[2024-06-16 17:39:33,918][utils.model][INFO] - Step 37/40 - val_loss: 2.2995 - val_accuracy: 0.1045
[2024-06-16 17:39:33,931][utils.model][INFO] - Step 38/40 - val_loss: 2.2994 - val_accuracy: 0.1047
[2024-06-16 17:39:33,943][utils.model][INFO] - Step 39/40 - val_loss: 2.2994 - val_accuracy: 0.1054
[2024-06-16 17:39:34,102][utils.model][INFO] - Step 40/40 - val_loss: 2.3004 - val_accuracy: 0.1053
[2024-06-16 17:39:34,104][utils.model][INFO] - Evaluation Results - Val Loss: 2.3004, Val Accuracy: 0.1053 in 40 steps
[2024-06-16 17:39:34,108][flwr][INFO] - initial parameters (loss, other metrics): 2.3003898, {'accuracy': 0.1053}
[2024-06-16 17:39:34,109][flwr][INFO] - FL starting
[2024-06-16 17:39:38,407][flwr][DEBUG] - fit_round 1: strategy sampled 3 clients (out of 3)
[2024-06-16 17:39:39,794][flwr][DEBUG] - fit_round 1 received 3 results and 0 failures
[2024-06-16 17:39:39,866][utils.model][INFO] - LeNet model built
[2024-06-16 17:39:40,010][utils.model][INFO] - Size of serialized model: 279.0341796875 kbytes
[2024-06-16 17:39:40,043][utils.model][INFO] - Step 1/40 - val_loss: 1.1834 - val_accuracy: 0.7031
[2024-06-16 17:39:40,056][utils.model][INFO] - Step 2/40 - val_loss: 1.2213 - val_accuracy: 0.6797
[2024-06-16 17:39:40,069][utils.model][INFO] - Step 3/40 - val_loss: 1.2299 - val_accuracy: 0.6797
[2024-06-16 17:39:40,083][utils.model][INFO] - Step 4/40 - val_loss: 1.2222 - val_accuracy: 0.6836
[2024-06-16 17:39:40,098][utils.model][INFO] - Step 5/40 - val_loss: 1.2422 - val_accuracy: 0.6742
[2024-06-16 17:39:40,112][utils.model][INFO] - Step 6/40 - val_loss: 1.2488 - val_accuracy: 0.6641
[2024-06-16 17:39:40,124][utils.model][INFO] - Step 7/40 - val_loss: 1.2538 - val_accuracy: 0.6629
[2024-06-16 17:39:40,138][utils.model][INFO] - Step 8/40 - val_loss: 1.2547 - val_accuracy: 0.6631
[2024-06-16 17:39:40,154][utils.model][INFO] - Step 9/40 - val_loss: 1.2631 - val_accuracy: 0.6632
[2024-06-16 17:39:40,170][utils.model][INFO] - Step 10/40 - val_loss: 1.2566 - val_accuracy: 0.6652
[2024-06-16 17:39:40,182][utils.model][INFO] - Step 11/40 - val_loss: 1.2561 - val_accuracy: 0.6676
[2024-06-16 17:39:40,196][utils.model][INFO] - Step 12/40 - val_loss: 1.2518 - val_accuracy: 0.6706
[2024-06-16 17:39:40,210][utils.model][INFO] - Step 13/40 - val_loss: 1.2481 - val_accuracy: 0.6761
[2024-06-16 17:39:40,223][utils.model][INFO] - Step 14/40 - val_loss: 1.2485 - val_accuracy: 0.6775
[2024-06-16 17:39:40,236][utils.model][INFO] - Step 15/40 - val_loss: 1.2492 - val_accuracy: 0.6732
[2024-06-16 17:39:40,248][utils.model][INFO] - Step 16/40 - val_loss: 1.2486 - val_accuracy: 0.6714
[2024-06-16 17:39:40,261][utils.model][INFO] - Step 17/40 - val_loss: 1.2516 - val_accuracy: 0.6666
[2024-06-16 17:39:40,273][utils.model][INFO] - Step 18/40 - val_loss: 1.2539 - val_accuracy: 0.6638
[2024-06-16 17:39:40,287][utils.model][INFO] - Step 19/40 - val_loss: 1.2528 - val_accuracy: 0.6647
[2024-06-16 17:39:40,301][utils.model][INFO] - Step 20/40 - val_loss: 1.2497 - val_accuracy: 0.6654
[2024-06-16 17:39:40,318][utils.model][INFO] - Step 21/40 - val_loss: 1.2391 - val_accuracy: 0.6728
[2024-06-16 17:39:40,336][utils.model][INFO] - Step 22/40 - val_loss: 1.2303 - val_accuracy: 0.6790
[2024-06-16 17:39:40,353][utils.model][INFO] - Step 23/40 - val_loss: 1.2229 - val_accuracy: 0.6821
[2024-06-16 17:39:40,370][utils.model][INFO] - Step 24/40 - val_loss: 1.2203 - val_accuracy: 0.6816
[2024-06-16 17:39:40,386][utils.model][INFO] - Step 25/40 - val_loss: 1.2106 - val_accuracy: 0.6888
[2024-06-16 17:39:40,402][utils.model][INFO] - Step 26/40 - val_loss: 1.2103 - val_accuracy: 0.6907
[2024-06-16 17:39:40,417][utils.model][INFO] - Step 27/40 - val_loss: 1.2094 - val_accuracy: 0.6923
[2024-06-16 17:39:40,432][utils.model][INFO] - Step 28/40 - val_loss: 1.2064 - val_accuracy: 0.6955
[2024-06-16 17:39:40,445][utils.model][INFO] - Step 29/40 - val_loss: 1.2050 - val_accuracy: 0.6987
[2024-06-16 17:39:40,459][utils.model][INFO] - Step 30/40 - val_loss: 1.2067 - val_accuracy: 0.6995
[2024-06-16 17:39:40,477][utils.model][INFO] - Step 31/40 - val_loss: 1.2023 - val_accuracy: 0.7015
[2024-06-16 17:39:40,492][utils.model][INFO] - Step 32/40 - val_loss: 1.1974 - val_accuracy: 0.7052
[2024-06-16 17:39:40,510][utils.model][INFO] - Step 33/40 - val_loss: 1.1949 - val_accuracy: 0.7079
[2024-06-16 17:39:40,525][utils.model][INFO] - Step 34/40 - val_loss: 1.1880 - val_accuracy: 0.7107
[2024-06-16 17:39:40,542][utils.model][INFO] - Step 35/40 - val_loss: 1.1817 - val_accuracy: 0.7135
[2024-06-16 17:39:40,558][utils.model][INFO] - Step 36/40 - val_loss: 1.1813 - val_accuracy: 0.7152
[2024-06-16 17:39:40,575][utils.model][INFO] - Step 37/40 - val_loss: 1.1773 - val_accuracy: 0.7178
[2024-06-16 17:39:40,591][utils.model][INFO] - Step 38/40 - val_loss: 1.1779 - val_accuracy: 0.7181
[2024-06-16 17:39:40,607][utils.model][INFO] - Step 39/40 - val_loss: 1.1838 - val_accuracy: 0.7167
[2024-06-16 17:39:40,623][utils.model][INFO] - Step 40/40 - val_loss: 1.1816 - val_accuracy: 0.7168
[2024-06-16 17:39:40,626][utils.model][INFO] - Evaluation Results - Val Loss: 1.1816, Val Accuracy: 0.7168 in 40 steps
[2024-06-16 17:39:40,630][flwr][INFO] - fit progress: (1, 1.1815537, {'accuracy': 0.7168}, 6.520910706996801)
[2024-06-16 17:39:40,630][flwr][DEBUG] - evaluate_round 1: strategy sampled 3 clients (out of 3)
[2024-06-16 17:39:41,218][flwr][DEBUG] - evaluate_round 1 received 3 results and 0 failures
[2024-06-16 17:39:45,633][flwr][DEBUG] - fit_round 2: strategy sampled 3 clients (out of 3)
[2024-06-16 17:39:49,337][flwr][DEBUG] - fit_round 2 received 3 results and 0 failures
[2024-06-16 17:39:49,405][utils.model][INFO] - LeNet model built
[2024-06-16 17:39:49,525][utils.model][INFO] - Size of serialized model: 279.0341796875 kbytes
[2024-06-16 17:39:49,555][utils.model][INFO] - Step 1/40 - val_loss: 0.3216 - val_accuracy: 0.9141
[2024-06-16 17:39:49,567][utils.model][INFO] - Step 2/40 - val_loss: 0.3820 - val_accuracy: 0.8828
[2024-06-16 17:39:49,578][utils.model][INFO] - Step 3/40 - val_loss: 0.4094 - val_accuracy: 0.8789
[2024-06-16 17:39:49,591][utils.model][INFO] - Step 4/40 - val_loss: 0.4034 - val_accuracy: 0.8789
[2024-06-16 17:39:49,602][utils.model][INFO] - Step 5/40 - val_loss: 0.4308 - val_accuracy: 0.8687
[2024-06-16 17:39:49,614][utils.model][INFO] - Step 6/40 - val_loss: 0.4323 - val_accuracy: 0.8678
[2024-06-16 17:39:49,626][utils.model][INFO] - Step 7/40 - val_loss: 0.4404 - val_accuracy: 0.8689
[2024-06-16 17:39:49,637][utils.model][INFO] - Step 8/40 - val_loss: 0.4364 - val_accuracy: 0.8716
[2024-06-16 17:39:49,649][utils.model][INFO] - Step 9/40 - val_loss: 0.4450 - val_accuracy: 0.8715
[2024-06-16 17:39:49,660][utils.model][INFO] - Step 10/40 - val_loss: 0.4374 - val_accuracy: 0.8734
[2024-06-16 17:39:49,672][utils.model][INFO] - Step 11/40 - val_loss: 0.4308 - val_accuracy: 0.8746
[2024-06-16 17:39:49,684][utils.model][INFO] - Step 12/40 - val_loss: 0.4262 - val_accuracy: 0.8747
[2024-06-16 17:39:49,696][utils.model][INFO] - Step 13/40 - val_loss: 0.4244 - val_accuracy: 0.8774
[2024-06-16 17:39:49,708][utils.model][INFO] - Step 14/40 - val_loss: 0.4234 - val_accuracy: 0.8764
[2024-06-16 17:39:49,719][utils.model][INFO] - Step 15/40 - val_loss: 0.4275 - val_accuracy: 0.8750
[2024-06-16 17:39:49,731][utils.model][INFO] - Step 16/40 - val_loss: 0.4276 - val_accuracy: 0.8750
[2024-06-16 17:39:49,743][utils.model][INFO] - Step 17/40 - val_loss: 0.4289 - val_accuracy: 0.8741
[2024-06-16 17:39:49,755][utils.model][INFO] - Step 18/40 - val_loss: 0.4296 - val_accuracy: 0.8743
[2024-06-16 17:39:49,767][utils.model][INFO] - Step 19/40 - val_loss: 0.4278 - val_accuracy: 0.8746
[2024-06-16 17:39:49,779][utils.model][INFO] - Step 20/40 - val_loss: 0.4259 - val_accuracy: 0.8748
[2024-06-16 17:39:49,791][utils.model][INFO] - Step 21/40 - val_loss: 0.4180 - val_accuracy: 0.8765
[2024-06-16 17:39:49,802][utils.model][INFO] - Step 22/40 - val_loss: 0.4084 - val_accuracy: 0.8800
[2024-06-16 17:39:49,814][utils.model][INFO] - Step 23/40 - val_loss: 0.4025 - val_accuracy: 0.8815
[2024-06-16 17:39:49,826][utils.model][INFO] - Step 24/40 - val_loss: 0.4032 - val_accuracy: 0.8810
[2024-06-16 17:39:49,839][utils.model][INFO] - Step 25/40 - val_loss: 0.3956 - val_accuracy: 0.8839
[2024-06-16 17:39:49,851][utils.model][INFO] - Step 26/40 - val_loss: 0.3945 - val_accuracy: 0.8839
[2024-06-16 17:39:49,863][utils.model][INFO] - Step 27/40 - val_loss: 0.3912 - val_accuracy: 0.8857
[2024-06-16 17:39:49,875][utils.model][INFO] - Step 28/40 - val_loss: 0.3838 - val_accuracy: 0.8881
[2024-06-16 17:39:49,887][utils.model][INFO] - Step 29/40 - val_loss: 0.3794 - val_accuracy: 0.8904
[2024-06-16 17:39:49,899][utils.model][INFO] - Step 30/40 - val_loss: 0.3775 - val_accuracy: 0.8918
[2024-06-16 17:39:49,911][utils.model][INFO] - Step 31/40 - val_loss: 0.3741 - val_accuracy: 0.8934
[2024-06-16 17:39:49,923][utils.model][INFO] - Step 32/40 - val_loss: 0.3698 - val_accuracy: 0.8945
[2024-06-16 17:39:49,935][utils.model][INFO] - Step 33/40 - val_loss: 0.3687 - val_accuracy: 0.8949
[2024-06-16 17:39:49,947][utils.model][INFO] - Step 34/40 - val_loss: 0.3625 - val_accuracy: 0.8965
[2024-06-16 17:39:49,958][utils.model][INFO] - Step 35/40 - val_loss: 0.3546 - val_accuracy: 0.8993
[2024-06-16 17:39:49,970][utils.model][INFO] - Step 36/40 - val_loss: 0.3548 - val_accuracy: 0.8996
[2024-06-16 17:39:49,982][utils.model][INFO] - Step 37/40 - val_loss: 0.3499 - val_accuracy: 0.9015
[2024-06-16 17:39:49,993][utils.model][INFO] - Step 38/40 - val_loss: 0.3500 - val_accuracy: 0.9016
[2024-06-16 17:39:50,006][utils.model][INFO] - Step 39/40 - val_loss: 0.3567 - val_accuracy: 0.8995
[2024-06-16 17:39:50,017][utils.model][INFO] - Step 40/40 - val_loss: 0.3538 - val_accuracy: 0.8995
[2024-06-16 17:39:50,020][utils.model][INFO] - Evaluation Results - Val Loss: 0.3538, Val Accuracy: 0.8995 in 40 steps
[2024-06-16 17:39:50,023][flwr][INFO] - fit progress: (2, 0.35375994, {'accuracy': 0.8995}, 15.914580012999068)
[2024-06-16 17:39:50,024][flwr][DEBUG] - evaluate_round 2: strategy sampled 3 clients (out of 3)
[2024-06-16 17:39:50,633][flwr][DEBUG] - evaluate_round 2 received 3 results and 0 failures
[2024-06-16 17:39:54,961][flwr][DEBUG] - fit_round 3: strategy sampled 3 clients (out of 3)
[2024-06-16 17:40:01,702][flwr][DEBUG] - fit_round 3 received 3 results and 0 failures
[2024-06-16 17:40:01,766][utils.model][INFO] - LeNet model built
[2024-06-16 17:40:01,894][utils.model][INFO] - Size of serialized model: 279.0341796875 kbytes
[2024-06-16 17:40:01,924][utils.model][INFO] - Step 1/40 - val_loss: 0.1249 - val_accuracy: 0.9727
[2024-06-16 17:40:01,937][utils.model][INFO] - Step 2/40 - val_loss: 0.1765 - val_accuracy: 0.9492
[2024-06-16 17:40:01,950][utils.model][INFO] - Step 3/40 - val_loss: 0.2030 - val_accuracy: 0.9388
[2024-06-16 17:40:01,963][utils.model][INFO] - Step 4/40 - val_loss: 0.2005 - val_accuracy: 0.9395
[2024-06-16 17:40:01,975][utils.model][INFO] - Step 5/40 - val_loss: 0.2264 - val_accuracy: 0.9305
[2024-06-16 17:40:01,987][utils.model][INFO] - Step 6/40 - val_loss: 0.2323 - val_accuracy: 0.9297
[2024-06-16 17:40:02,001][utils.model][INFO] - Step 7/40 - val_loss: 0.2370 - val_accuracy: 0.9291
[2024-06-16 17:40:02,014][utils.model][INFO] - Step 8/40 - val_loss: 0.2333 - val_accuracy: 0.9277
[2024-06-16 17:40:02,027][utils.model][INFO] - Step 9/40 - val_loss: 0.2403 - val_accuracy: 0.9262
[2024-06-16 17:40:02,039][utils.model][INFO] - Step 10/40 - val_loss: 0.2355 - val_accuracy: 0.9270
[2024-06-16 17:40:02,051][utils.model][INFO] - Step 11/40 - val_loss: 0.2293 - val_accuracy: 0.9283
[2024-06-16 17:40:02,063][utils.model][INFO] - Step 12/40 - val_loss: 0.2267 - val_accuracy: 0.9294
[2024-06-16 17:40:02,075][utils.model][INFO] - Step 13/40 - val_loss: 0.2252 - val_accuracy: 0.9294
[2024-06-16 17:40:02,088][utils.model][INFO] - Step 14/40 - val_loss: 0.2255 - val_accuracy: 0.9286
[2024-06-16 17:40:02,100][utils.model][INFO] - Step 15/40 - val_loss: 0.2292 - val_accuracy: 0.9276
[2024-06-16 17:40:02,112][utils.model][INFO] - Step 16/40 - val_loss: 0.2325 - val_accuracy: 0.9263
[2024-06-16 17:40:02,124][utils.model][INFO] - Step 17/40 - val_loss: 0.2324 - val_accuracy: 0.9269
[2024-06-16 17:40:02,137][utils.model][INFO] - Step 18/40 - val_loss: 0.2334 - val_accuracy: 0.9266
[2024-06-16 17:40:02,149][utils.model][INFO] - Step 19/40 - val_loss: 0.2323 - val_accuracy: 0.9276
[2024-06-16 17:40:02,161][utils.model][INFO] - Step 20/40 - val_loss: 0.2305 - val_accuracy: 0.9281
[2024-06-16 17:40:02,172][utils.model][INFO] - Step 21/40 - val_loss: 0.2247 - val_accuracy: 0.9301
[2024-06-16 17:40:02,184][utils.model][INFO] - Step 22/40 - val_loss: 0.2179 - val_accuracy: 0.9322
[2024-06-16 17:40:02,196][utils.model][INFO] - Step 23/40 - val_loss: 0.2160 - val_accuracy: 0.9327
[2024-06-16 17:40:02,207][utils.model][INFO] - Step 24/40 - val_loss: 0.2188 - val_accuracy: 0.9318
[2024-06-16 17:40:02,219][utils.model][INFO] - Step 25/40 - val_loss: 0.2149 - val_accuracy: 0.9334
[2024-06-16 17:40:02,231][utils.model][INFO] - Step 26/40 - val_loss: 0.2153 - val_accuracy: 0.9334
[2024-06-16 17:40:02,243][utils.model][INFO] - Step 27/40 - val_loss: 0.2116 - val_accuracy: 0.9348
[2024-06-16 17:40:02,255][utils.model][INFO] - Step 28/40 - val_loss: 0.2061 - val_accuracy: 0.9362
[2024-06-16 17:40:02,267][utils.model][INFO] - Step 29/40 - val_loss: 0.2015 - val_accuracy: 0.9378
[2024-06-16 17:40:02,279][utils.model][INFO] - Step 30/40 - val_loss: 0.1992 - val_accuracy: 0.9384
[2024-06-16 17:40:02,291][utils.model][INFO] - Step 31/40 - val_loss: 0.1968 - val_accuracy: 0.9391
[2024-06-16 17:40:02,302][utils.model][INFO] - Step 32/40 - val_loss: 0.1935 - val_accuracy: 0.9401
[2024-06-16 17:40:02,314][utils.model][INFO] - Step 33/40 - val_loss: 0.1912 - val_accuracy: 0.9408
[2024-06-16 17:40:02,326][utils.model][INFO] - Step 34/40 - val_loss: 0.1866 - val_accuracy: 0.9423
[2024-06-16 17:40:02,338][utils.model][INFO] - Step 35/40 - val_loss: 0.1816 - val_accuracy: 0.9440
[2024-06-16 17:40:02,350][utils.model][INFO] - Step 36/40 - val_loss: 0.1814 - val_accuracy: 0.9440
[2024-06-16 17:40:02,364][utils.model][INFO] - Step 37/40 - val_loss: 0.1779 - val_accuracy: 0.9452
[2024-06-16 17:40:02,376][utils.model][INFO] - Step 38/40 - val_loss: 0.1774 - val_accuracy: 0.9454
[2024-06-16 17:40:02,388][utils.model][INFO] - Step 39/40 - val_loss: 0.1808 - val_accuracy: 0.9444
[2024-06-16 17:40:02,400][utils.model][INFO] - Step 40/40 - val_loss: 0.1781 - val_accuracy: 0.9444
[2024-06-16 17:40:02,403][utils.model][INFO] - Evaluation Results - Val Loss: 0.1781, Val Accuracy: 0.9444 in 40 steps
[2024-06-16 17:40:02,406][flwr][INFO] - fit progress: (3, 0.1780893, {'accuracy': 0.9444}, 28.297700422997877)
[2024-06-16 17:40:02,407][flwr][DEBUG] - evaluate_round 3: strategy sampled 3 clients (out of 3)
[2024-06-16 17:40:03,028][flwr][DEBUG] - evaluate_round 3 received 3 results and 0 failures
[2024-06-16 17:40:07,491][flwr][DEBUG] - fit_round 4: strategy sampled 3 clients (out of 3)
[2024-06-16 17:40:16,845][flwr][DEBUG] - fit_round 4 received 3 results and 0 failures
[2024-06-16 17:40:16,911][utils.model][INFO] - LeNet model built
[2024-06-16 17:40:17,036][utils.model][INFO] - Size of serialized model: 279.0341796875 kbytes
[2024-06-16 17:40:17,068][utils.model][INFO] - Step 1/40 - val_loss: 0.0770 - val_accuracy: 0.9844
[2024-06-16 17:40:17,082][utils.model][INFO] - Step 2/40 - val_loss: 0.1241 - val_accuracy: 0.9688
[2024-06-16 17:40:17,096][utils.model][INFO] - Step 3/40 - val_loss: 0.1460 - val_accuracy: 0.9557
[2024-06-16 17:40:17,108][utils.model][INFO] - Step 4/40 - val_loss: 0.1443 - val_accuracy: 0.9551
[2024-06-16 17:40:17,121][utils.model][INFO] - Step 5/40 - val_loss: 0.1574 - val_accuracy: 0.9508
[2024-06-16 17:40:17,136][utils.model][INFO] - Step 6/40 - val_loss: 0.1627 - val_accuracy: 0.9499
[2024-06-16 17:40:17,150][utils.model][INFO] - Step 7/40 - val_loss: 0.1645 - val_accuracy: 0.9481
[2024-06-16 17:40:17,164][utils.model][INFO] - Step 8/40 - val_loss: 0.1669 - val_accuracy: 0.9458
[2024-06-16 17:40:17,178][utils.model][INFO] - Step 9/40 - val_loss: 0.1738 - val_accuracy: 0.9449
[2024-06-16 17:40:17,191][utils.model][INFO] - Step 10/40 - val_loss: 0.1697 - val_accuracy: 0.9445
[2024-06-16 17:40:17,203][utils.model][INFO] - Step 11/40 - val_loss: 0.1659 - val_accuracy: 0.9464
[2024-06-16 17:40:17,219][utils.model][INFO] - Step 12/40 - val_loss: 0.1637 - val_accuracy: 0.9473
[2024-06-16 17:40:17,234][utils.model][INFO] - Step 13/40 - val_loss: 0.1636 - val_accuracy: 0.9468
[2024-06-16 17:40:17,250][utils.model][INFO] - Step 14/40 - val_loss: 0.1655 - val_accuracy: 0.9459
[2024-06-16 17:40:17,264][utils.model][INFO] - Step 15/40 - val_loss: 0.1696 - val_accuracy: 0.9443
[2024-06-16 17:40:17,275][utils.model][INFO] - Step 16/40 - val_loss: 0.1721 - val_accuracy: 0.9441
[2024-06-16 17:40:17,289][utils.model][INFO] - Step 17/40 - val_loss: 0.1725 - val_accuracy: 0.9432
[2024-06-16 17:40:17,300][utils.model][INFO] - Step 18/40 - val_loss: 0.1715 - val_accuracy: 0.9436
[2024-06-16 17:40:17,312][utils.model][INFO] - Step 19/40 - val_loss: 0.1692 - val_accuracy: 0.9439
[2024-06-16 17:40:17,323][utils.model][INFO] - Step 20/40 - val_loss: 0.1670 - val_accuracy: 0.9445
[2024-06-16 17:40:17,335][utils.model][INFO] - Step 21/40 - val_loss: 0.1614 - val_accuracy: 0.9468
[2024-06-16 17:40:17,347][utils.model][INFO] - Step 22/40 - val_loss: 0.1564 - val_accuracy: 0.9485
[2024-06-16 17:40:17,360][utils.model][INFO] - Step 23/40 - val_loss: 0.1553 - val_accuracy: 0.9490
[2024-06-16 17:40:17,376][utils.model][INFO] - Step 24/40 - val_loss: 0.1583 - val_accuracy: 0.9479
[2024-06-16 17:40:17,392][utils.model][INFO] - Step 25/40 - val_loss: 0.1537 - val_accuracy: 0.9495
[2024-06-16 17:40:17,407][utils.model][INFO] - Step 26/40 - val_loss: 0.1535 - val_accuracy: 0.9497
[2024-06-16 17:40:17,420][utils.model][INFO] - Step 27/40 - val_loss: 0.1503 - val_accuracy: 0.9508
[2024-06-16 17:40:17,434][utils.model][INFO] - Step 28/40 - val_loss: 0.1463 - val_accuracy: 0.9521
[2024-06-16 17:40:17,447][utils.model][INFO] - Step 29/40 - val_loss: 0.1429 - val_accuracy: 0.9535
[2024-06-16 17:40:17,461][utils.model][INFO] - Step 30/40 - val_loss: 0.1409 - val_accuracy: 0.9543
[2024-06-16 17:40:17,474][utils.model][INFO] - Step 31/40 - val_loss: 0.1390 - val_accuracy: 0.9554
[2024-06-16 17:40:17,487][utils.model][INFO] - Step 32/40 - val_loss: 0.1367 - val_accuracy: 0.9563
[2024-06-16 17:40:17,500][utils.model][INFO] - Step 33/40 - val_loss: 0.1349 - val_accuracy: 0.9569
[2024-06-16 17:40:17,516][utils.model][INFO] - Step 34/40 - val_loss: 0.1317 - val_accuracy: 0.9580
[2024-06-16 17:40:17,529][utils.model][INFO] - Step 35/40 - val_loss: 0.1281 - val_accuracy: 0.9592
[2024-06-16 17:40:17,542][utils.model][INFO] - Step 36/40 - val_loss: 0.1268 - val_accuracy: 0.9596
[2024-06-16 17:40:17,558][utils.model][INFO] - Step 37/40 - val_loss: 0.1241 - val_accuracy: 0.9607
[2024-06-16 17:40:17,572][utils.model][INFO] - Step 38/40 - val_loss: 0.1240 - val_accuracy: 0.9609
[2024-06-16 17:40:17,585][utils.model][INFO] - Step 39/40 - val_loss: 0.1271 - val_accuracy: 0.9600
[2024-06-16 17:40:17,596][utils.model][INFO] - Step 40/40 - val_loss: 0.1248 - val_accuracy: 0.9601
[2024-06-16 17:40:17,599][utils.model][INFO] - Evaluation Results - Val Loss: 0.1248, Val Accuracy: 0.9601 in 40 steps
[2024-06-16 17:40:17,602][flwr][INFO] - fit progress: (4, 0.124769405, {'accuracy': 0.9601}, 43.493435136995686)
[2024-06-16 17:40:17,602][flwr][DEBUG] - evaluate_round 4: strategy sampled 3 clients (out of 3)
[2024-06-16 17:40:18,240][flwr][DEBUG] - evaluate_round 4 received 3 results and 0 failures
[2024-06-16 17:40:22,450][flwr][DEBUG] - fit_round 5: strategy sampled 3 clients (out of 3)
[2024-06-16 17:40:33,680][flwr][DEBUG] - fit_round 5 received 3 results and 0 failures
[2024-06-16 17:40:33,759][utils.model][INFO] - LeNet model built
[2024-06-16 17:40:33,904][utils.model][INFO] - Size of serialized model: 279.0341796875 kbytes
[2024-06-16 17:40:33,941][utils.model][INFO] - Step 1/40 - val_loss: 0.0697 - val_accuracy: 0.9883
[2024-06-16 17:40:33,960][utils.model][INFO] - Step 2/40 - val_loss: 0.0919 - val_accuracy: 0.9746
[2024-06-16 17:40:33,978][utils.model][INFO] - Step 3/40 - val_loss: 0.1082 - val_accuracy: 0.9674
[2024-06-16 17:40:33,998][utils.model][INFO] - Step 4/40 - val_loss: 0.1126 - val_accuracy: 0.9668
[2024-06-16 17:40:34,021][utils.model][INFO] - Step 5/40 - val_loss: 0.1365 - val_accuracy: 0.9602
[2024-06-16 17:40:34,043][utils.model][INFO] - Step 6/40 - val_loss: 0.1377 - val_accuracy: 0.9596
[2024-06-16 17:40:34,068][utils.model][INFO] - Step 7/40 - val_loss: 0.1386 - val_accuracy: 0.9598
[2024-06-16 17:40:34,092][utils.model][INFO] - Step 8/40 - val_loss: 0.1369 - val_accuracy: 0.9600
[2024-06-16 17:40:34,117][utils.model][INFO] - Step 9/40 - val_loss: 0.1442 - val_accuracy: 0.9579
[2024-06-16 17:40:34,136][utils.model][INFO] - Step 10/40 - val_loss: 0.1412 - val_accuracy: 0.9590
[2024-06-16 17:40:34,157][utils.model][INFO] - Step 11/40 - val_loss: 0.1367 - val_accuracy: 0.9606
[2024-06-16 17:40:34,179][utils.model][INFO] - Step 12/40 - val_loss: 0.1364 - val_accuracy: 0.9603
[2024-06-16 17:40:34,199][utils.model][INFO] - Step 13/40 - val_loss: 0.1339 - val_accuracy: 0.9615
[2024-06-16 17:40:34,220][utils.model][INFO] - Step 14/40 - val_loss: 0.1347 - val_accuracy: 0.9609
[2024-06-16 17:40:34,242][utils.model][INFO] - Step 15/40 - val_loss: 0.1364 - val_accuracy: 0.9602
[2024-06-16 17:40:34,266][utils.model][INFO] - Step 16/40 - val_loss: 0.1408 - val_accuracy: 0.9590
[2024-06-16 17:40:34,285][utils.model][INFO] - Step 17/40 - val_loss: 0.1392 - val_accuracy: 0.9589
[2024-06-16 17:40:34,306][utils.model][INFO] - Step 18/40 - val_loss: 0.1391 - val_accuracy: 0.9588
[2024-06-16 17:40:34,329][utils.model][INFO] - Step 19/40 - val_loss: 0.1390 - val_accuracy: 0.9585
[2024-06-16 17:40:34,350][utils.model][INFO] - Step 20/40 - val_loss: 0.1367 - val_accuracy: 0.9590
[2024-06-16 17:40:34,370][utils.model][INFO] - Step 21/40 - val_loss: 0.1324 - val_accuracy: 0.9600
[2024-06-16 17:40:34,391][utils.model][INFO] - Step 22/40 - val_loss: 0.1273 - val_accuracy: 0.9615
[2024-06-16 17:40:34,416][utils.model][INFO] - Step 23/40 - val_loss: 0.1256 - val_accuracy: 0.9623
[2024-06-16 17:40:34,436][utils.model][INFO] - Step 24/40 - val_loss: 0.1269 - val_accuracy: 0.9621
[2024-06-16 17:40:34,461][utils.model][INFO] - Step 25/40 - val_loss: 0.1238 - val_accuracy: 0.9630
[2024-06-16 17:40:34,486][utils.model][INFO] - Step 26/40 - val_loss: 0.1244 - val_accuracy: 0.9630
[2024-06-16 17:40:34,508][utils.model][INFO] - Step 27/40 - val_loss: 0.1215 - val_accuracy: 0.9637
[2024-06-16 17:40:34,535][utils.model][INFO] - Step 28/40 - val_loss: 0.1178 - val_accuracy: 0.9648
[2024-06-16 17:40:34,560][utils.model][INFO] - Step 29/40 - val_loss: 0.1146 - val_accuracy: 0.9661
[2024-06-16 17:40:34,585][utils.model][INFO] - Step 30/40 - val_loss: 0.1127 - val_accuracy: 0.9667
[2024-06-16 17:40:34,610][utils.model][INFO] - Step 31/40 - val_loss: 0.1107 - val_accuracy: 0.9671
[2024-06-16 17:40:34,633][utils.model][INFO] - Step 32/40 - val_loss: 0.1084 - val_accuracy: 0.9679
[2024-06-16 17:40:34,654][utils.model][INFO] - Step 33/40 - val_loss: 0.1075 - val_accuracy: 0.9680
[2024-06-16 17:40:34,677][utils.model][INFO] - Step 34/40 - val_loss: 0.1048 - val_accuracy: 0.9690
[2024-06-16 17:40:34,700][utils.model][INFO] - Step 35/40 - val_loss: 0.1018 - val_accuracy: 0.9699
[2024-06-16 17:40:34,720][utils.model][INFO] - Step 36/40 - val_loss: 0.1028 - val_accuracy: 0.9697
[2024-06-16 17:40:34,741][utils.model][INFO] - Step 37/40 - val_loss: 0.1004 - val_accuracy: 0.9705
[2024-06-16 17:40:34,763][utils.model][INFO] - Step 38/40 - val_loss: 0.1001 - val_accuracy: 0.9707
[2024-06-16 17:40:34,785][utils.model][INFO] - Step 39/40 - val_loss: 0.1010 - val_accuracy: 0.9703
[2024-06-16 17:40:34,801][utils.model][INFO] - Step 40/40 - val_loss: 0.0988 - val_accuracy: 0.9703
[2024-06-16 17:40:34,804][utils.model][INFO] - Evaluation Results - Val Loss: 0.0988, Val Accuracy: 0.9703 in 40 steps
[2024-06-16 17:40:34,810][flwr][INFO] - fit progress: (5, 0.09882735, {'accuracy': 0.9703}, 60.7010216819981)
[2024-06-16 17:40:34,810][flwr][DEBUG] - evaluate_round 5: strategy sampled 3 clients (out of 3)
[2024-06-16 17:40:35,642][flwr][DEBUG] - evaluate_round 5 received 3 results and 0 failures
[2024-06-16 17:40:35,643][flwr][INFO] - FL finished in 61.534020272993075
[2024-06-16 17:40:35,643][flwr][INFO] - app_fit: losses_distributed [(1, 1.2060271501541138), (2, 0.3817766606807709), (3, 0.19104430079460144), (4, 0.13807803392410278), (5, 0.11206104109684627)]
[2024-06-16 17:40:35,643][flwr][INFO] - app_fit: metrics_distributed_fit {'average_norm': [(1, 5.106563727060954), (2, 5.07096513112386), (3, 5.007758140563965), (4, 5.031514008839925), (5, 5.001230716705322)], 'round_time': [(1, 2.718194617142334), (2, 5.156657333175415), (3, 7.954517944870117), (4, 11.357306717843262), (5, 12.492393456457764)], 'average_downlink_time': [(1, 0.6706665773333333), (2, 0.7907028973333334), (3, 0.670729644), (4, 0.6630192413333332), (5, 0.6992536893333333)], 'average_rtc_check_time': [(1, 0.07172973332247541), (2, 0.25428630065289326), (3, 0.4708536999945257), (4, 0.6569014346726666), (5, 0.7790069503486544)], 'average_uplink_time': [(1, 0.6063125326666667), (2, 0.5791610963333333), (3, 0.41337220033333333), (4, 0.9784004816666667), (5, 0.39175153599999996)], 'average_computation_time': [(1, 1.0698469479878743), (2, 3.1907750765482583), (3, 5.845579226811727), (4, 8.14012328783671), (5, 9.792829116185507)], 'average_communication_time': [(1, 1.3487088433224754), (2, 1.62415029431956), (3, 1.5549555443278589), (4, 2.2983211576726665), (5, 1.8700121756819879)], 'average_fit_time': [(1, 1.3487929503122966), (2, 3.6857635974884033), (3, 6.719972689946492), (4, 9.334189891815186), (5, 11.208496332168579)], 'average_throughput': [(1, 3.695221445904219), (2, 3.8746694150314904), (3, 5.679389578634837), (4, 2.463731882328537), (5, 6.170474571227094)], 'dropouts': [(1, 0), (2, 0), (3, 0), (4, 0), (5, 0)]}
[2024-06-16 17:40:35,643][flwr][INFO] - app_fit: metrics_distributed {'accuracy': [(1, 0.702833334604899), (2, 0.8828333218892416), (3, 0.9410000046094259), (4, 0.9586666822433472), (5, 0.9635000228881836)]}
[2024-06-16 17:40:35,643][flwr][INFO] - app_fit: losses_centralized [(0, 2.3003898), (1, 1.1815537), (2, 0.35375994), (3, 0.1780893), (4, 0.124769405), (5, 0.09882735)]
[2024-06-16 17:40:35,643][flwr][INFO] - app_fit: metrics_centralized {'accuracy': [(0, 0.1053), (1, 0.7168), (2, 0.8995), (3, 0.9444), (4, 0.9601), (5, 0.9703)]}
