[2024-06-19 03:13:12,973][root][INFO] - Initialized DataManager for experiment exp_20240619_031312
[2024-06-19 03:13:12,974][flwr][INFO] - Starting Flower server, config: ServerConfig(num_rounds=5, round_timeout=None)
[2024-06-19 03:13:12,977][flwr][INFO] - Flower ECE: gRPC server running (5 rounds), SSL is disabled
[2024-06-19 03:13:12,978][flwr][INFO] - Initializing global parameters
[2024-06-19 03:13:12,978][flwr][INFO] - Requesting initial parameters from one random client
[2024-06-19 03:13:20,028][flwr][INFO] - Received initial parameters from one random client
[2024-06-19 03:13:20,028][flwr][INFO] - Evaluating initial parameters
[2024-06-19 03:13:20,125][utils.model][INFO] - LeNet model built
[2024-06-19 03:13:20,347][utils.model][INFO] - Size of serialized model: 279.0341796875 kbytes
[2024-06-19 03:13:20,431][utils.model][INFO] - Step 1/40 - val_loss: 2.2958 - val_accuracy: 0.1328
[2024-06-19 03:13:20,478][utils.model][INFO] - Step 2/40 - val_loss: 2.3071 - val_accuracy: 0.1328
[2024-06-19 03:13:20,514][utils.model][INFO] - Step 3/40 - val_loss: 2.3132 - val_accuracy: 0.1185
[2024-06-19 03:13:20,540][utils.model][INFO] - Step 4/40 - val_loss: 2.3134 - val_accuracy: 0.1240
[2024-06-19 03:13:20,560][utils.model][INFO] - Step 5/40 - val_loss: 2.3150 - val_accuracy: 0.1203
[2024-06-19 03:13:20,591][utils.model][INFO] - Step 6/40 - val_loss: 2.3154 - val_accuracy: 0.1165
[2024-06-19 03:13:20,618][utils.model][INFO] - Step 7/40 - val_loss: 2.3170 - val_accuracy: 0.1144
[2024-06-19 03:13:20,638][utils.model][INFO] - Step 8/40 - val_loss: 2.3155 - val_accuracy: 0.1157
[2024-06-19 03:13:20,658][utils.model][INFO] - Step 9/40 - val_loss: 2.3176 - val_accuracy: 0.1128
[2024-06-19 03:13:20,678][utils.model][INFO] - Step 10/40 - val_loss: 2.3174 - val_accuracy: 0.1133
[2024-06-19 03:13:20,697][utils.model][INFO] - Step 11/40 - val_loss: 2.3172 - val_accuracy: 0.1115
[2024-06-19 03:13:20,717][utils.model][INFO] - Step 12/40 - val_loss: 2.3173 - val_accuracy: 0.1113
[2024-06-19 03:13:20,738][utils.model][INFO] - Step 13/40 - val_loss: 2.3179 - val_accuracy: 0.1115
[2024-06-19 03:13:20,757][utils.model][INFO] - Step 14/40 - val_loss: 2.3182 - val_accuracy: 0.1099
[2024-06-19 03:13:20,777][utils.model][INFO] - Step 15/40 - val_loss: 2.3184 - val_accuracy: 0.1109
[2024-06-19 03:13:20,797][utils.model][INFO] - Step 16/40 - val_loss: 2.3183 - val_accuracy: 0.1118
[2024-06-19 03:13:20,816][utils.model][INFO] - Step 17/40 - val_loss: 2.3183 - val_accuracy: 0.1131
[2024-06-19 03:13:20,836][utils.model][INFO] - Step 18/40 - val_loss: 2.3187 - val_accuracy: 0.1115
[2024-06-19 03:13:20,856][utils.model][INFO] - Step 19/40 - val_loss: 2.3199 - val_accuracy: 0.1112
[2024-06-19 03:13:20,876][utils.model][INFO] - Step 20/40 - val_loss: 2.3204 - val_accuracy: 0.1123
[2024-06-19 03:13:20,896][utils.model][INFO] - Step 21/40 - val_loss: 2.3201 - val_accuracy: 0.1120
[2024-06-19 03:13:20,918][utils.model][INFO] - Step 22/40 - val_loss: 2.3201 - val_accuracy: 0.1124
[2024-06-19 03:13:20,940][utils.model][INFO] - Step 23/40 - val_loss: 2.3206 - val_accuracy: 0.1123
[2024-06-19 03:13:20,963][utils.model][INFO] - Step 24/40 - val_loss: 2.3208 - val_accuracy: 0.1126
[2024-06-19 03:13:20,984][utils.model][INFO] - Step 25/40 - val_loss: 2.3213 - val_accuracy: 0.1117
[2024-06-19 03:13:21,006][utils.model][INFO] - Step 26/40 - val_loss: 2.3218 - val_accuracy: 0.1118
[2024-06-19 03:13:21,026][utils.model][INFO] - Step 27/40 - val_loss: 2.3217 - val_accuracy: 0.1121
[2024-06-19 03:13:21,046][utils.model][INFO] - Step 28/40 - val_loss: 2.3223 - val_accuracy: 0.1115
[2024-06-19 03:13:21,066][utils.model][INFO] - Step 29/40 - val_loss: 2.3227 - val_accuracy: 0.1117
[2024-06-19 03:13:21,084][utils.model][INFO] - Step 30/40 - val_loss: 2.3226 - val_accuracy: 0.1111
[2024-06-19 03:13:21,102][utils.model][INFO] - Step 31/40 - val_loss: 2.3235 - val_accuracy: 0.1114
[2024-06-19 03:13:21,122][utils.model][INFO] - Step 32/40 - val_loss: 2.3235 - val_accuracy: 0.1113
[2024-06-19 03:13:21,145][utils.model][INFO] - Step 33/40 - val_loss: 2.3237 - val_accuracy: 0.1113
[2024-06-19 03:13:21,164][utils.model][INFO] - Step 34/40 - val_loss: 2.3235 - val_accuracy: 0.1113
[2024-06-19 03:13:21,181][utils.model][INFO] - Step 35/40 - val_loss: 2.3239 - val_accuracy: 0.1105
[2024-06-19 03:13:21,200][utils.model][INFO] - Step 36/40 - val_loss: 2.3240 - val_accuracy: 0.1107
[2024-06-19 03:13:21,218][utils.model][INFO] - Step 37/40 - val_loss: 2.3241 - val_accuracy: 0.1110
[2024-06-19 03:13:21,236][utils.model][INFO] - Step 38/40 - val_loss: 2.3241 - val_accuracy: 0.1110
[2024-06-19 03:13:21,253][utils.model][INFO] - Step 39/40 - val_loss: 2.3243 - val_accuracy: 0.1106
[2024-06-19 03:13:21,262][utils.model][INFO] - Step 40/40 - val_loss: 2.3241 - val_accuracy: 0.1106
[2024-06-19 03:13:21,264][utils.model][INFO] - Evaluation Results - Val Loss: 2.3241, Val Accuracy: 0.1106 in 40 steps
[2024-06-19 03:13:21,266][flwr][INFO] - initial parameters (loss, other metrics): 2.3241277, {'accuracy': 0.1106}
[2024-06-19 03:13:21,266][flwr][INFO] - FL starting
[2024-06-19 03:13:25,628][flwr][DEBUG] - fit_round 1: strategy sampled 3 clients (out of 3)
[2024-06-19 03:13:27,350][flwr][DEBUG] - fit_round 1 received 3 results and 0 failures
[2024-06-19 03:13:27,417][utils.model][INFO] - LeNet model built
[2024-06-19 03:13:27,532][utils.model][INFO] - Size of serialized model: 279.0341796875 kbytes
[2024-06-19 03:13:27,565][utils.model][INFO] - Step 1/40 - val_loss: 1.2004 - val_accuracy: 0.7812
[2024-06-19 03:13:27,585][utils.model][INFO] - Step 2/40 - val_loss: 1.2499 - val_accuracy: 0.7246
[2024-06-19 03:13:27,604][utils.model][INFO] - Step 3/40 - val_loss: 1.2632 - val_accuracy: 0.7201
[2024-06-19 03:13:27,624][utils.model][INFO] - Step 4/40 - val_loss: 1.2568 - val_accuracy: 0.7227
[2024-06-19 03:13:27,646][utils.model][INFO] - Step 5/40 - val_loss: 1.2781 - val_accuracy: 0.7047
[2024-06-19 03:13:27,665][utils.model][INFO] - Step 6/40 - val_loss: 1.2787 - val_accuracy: 0.6960
[2024-06-19 03:13:27,686][utils.model][INFO] - Step 7/40 - val_loss: 1.2857 - val_accuracy: 0.6948
[2024-06-19 03:13:27,707][utils.model][INFO] - Step 8/40 - val_loss: 1.2849 - val_accuracy: 0.6987
[2024-06-19 03:13:27,726][utils.model][INFO] - Step 9/40 - val_loss: 1.2901 - val_accuracy: 0.6914
[2024-06-19 03:13:27,745][utils.model][INFO] - Step 10/40 - val_loss: 1.2856 - val_accuracy: 0.6941
[2024-06-19 03:13:27,764][utils.model][INFO] - Step 11/40 - val_loss: 1.2862 - val_accuracy: 0.6999
[2024-06-19 03:13:27,783][utils.model][INFO] - Step 12/40 - val_loss: 1.2828 - val_accuracy: 0.7044
[2024-06-19 03:13:27,801][utils.model][INFO] - Step 13/40 - val_loss: 1.2828 - val_accuracy: 0.7028
[2024-06-19 03:13:27,819][utils.model][INFO] - Step 14/40 - val_loss: 1.2842 - val_accuracy: 0.7001
[2024-06-19 03:13:27,837][utils.model][INFO] - Step 15/40 - val_loss: 1.2849 - val_accuracy: 0.6992
[2024-06-19 03:13:27,856][utils.model][INFO] - Step 16/40 - val_loss: 1.2830 - val_accuracy: 0.6990
[2024-06-19 03:13:27,874][utils.model][INFO] - Step 17/40 - val_loss: 1.2838 - val_accuracy: 0.6978
[2024-06-19 03:13:27,893][utils.model][INFO] - Step 18/40 - val_loss: 1.2867 - val_accuracy: 0.6955
[2024-06-19 03:13:27,911][utils.model][INFO] - Step 19/40 - val_loss: 1.2880 - val_accuracy: 0.6922
[2024-06-19 03:13:27,931][utils.model][INFO] - Step 20/40 - val_loss: 1.2850 - val_accuracy: 0.6965
[2024-06-19 03:13:27,949][utils.model][INFO] - Step 21/40 - val_loss: 1.2747 - val_accuracy: 0.7031
[2024-06-19 03:13:27,968][utils.model][INFO] - Step 22/40 - val_loss: 1.2665 - val_accuracy: 0.7079
[2024-06-19 03:13:27,988][utils.model][INFO] - Step 23/40 - val_loss: 1.2629 - val_accuracy: 0.7096
[2024-06-19 03:13:28,008][utils.model][INFO] - Step 24/40 - val_loss: 1.2607 - val_accuracy: 0.7093
[2024-06-19 03:13:28,026][utils.model][INFO] - Step 25/40 - val_loss: 1.2516 - val_accuracy: 0.7134
[2024-06-19 03:13:28,044][utils.model][INFO] - Step 26/40 - val_loss: 1.2521 - val_accuracy: 0.7162
[2024-06-19 03:13:28,065][utils.model][INFO] - Step 27/40 - val_loss: 1.2495 - val_accuracy: 0.7180
[2024-06-19 03:13:28,085][utils.model][INFO] - Step 28/40 - val_loss: 1.2471 - val_accuracy: 0.7222
[2024-06-19 03:13:28,104][utils.model][INFO] - Step 29/40 - val_loss: 1.2474 - val_accuracy: 0.7255
[2024-06-19 03:13:28,124][utils.model][INFO] - Step 30/40 - val_loss: 1.2485 - val_accuracy: 0.7273
[2024-06-19 03:13:28,144][utils.model][INFO] - Step 31/40 - val_loss: 1.2446 - val_accuracy: 0.7301
[2024-06-19 03:13:28,163][utils.model][INFO] - Step 32/40 - val_loss: 1.2387 - val_accuracy: 0.7344
[2024-06-19 03:13:28,183][utils.model][INFO] - Step 33/40 - val_loss: 1.2368 - val_accuracy: 0.7356
[2024-06-19 03:13:28,203][utils.model][INFO] - Step 34/40 - val_loss: 1.2304 - val_accuracy: 0.7394
[2024-06-19 03:13:28,223][utils.model][INFO] - Step 35/40 - val_loss: 1.2234 - val_accuracy: 0.7445
[2024-06-19 03:13:28,241][utils.model][INFO] - Step 36/40 - val_loss: 1.2219 - val_accuracy: 0.7454
[2024-06-19 03:13:28,260][utils.model][INFO] - Step 37/40 - val_loss: 1.2187 - val_accuracy: 0.7470
[2024-06-19 03:13:28,281][utils.model][INFO] - Step 38/40 - val_loss: 1.2191 - val_accuracy: 0.7465
[2024-06-19 03:13:28,299][utils.model][INFO] - Step 39/40 - val_loss: 1.2243 - val_accuracy: 0.7438
[2024-06-19 03:13:28,308][utils.model][INFO] - Step 40/40 - val_loss: 1.2205 - val_accuracy: 0.7439
[2024-06-19 03:13:28,310][utils.model][INFO] - Evaluation Results - Val Loss: 1.2205, Val Accuracy: 0.7439 in 40 steps
[2024-06-19 03:13:28,311][flwr][INFO] - fit progress: (1, 1.2205021, {'accuracy': 0.7439}, 7.04508901400186)
[2024-06-19 03:13:28,312][flwr][DEBUG] - evaluate_round 1: strategy sampled 3 clients (out of 3)
[2024-06-19 03:13:28,885][flwr][DEBUG] - evaluate_round 1 received 3 results and 0 failures
[2024-06-19 03:13:28,886][root][INFO] - Added epoch data: {'round': 1, 'epoch_steps': 25, 'total_steps': 25, 'l2_norm': 4.734317779541016, 'total_computation_time': 1.4504504203796387, 'total_rtc_check_time': 0.07586209700093605, 'total_duration': 1.6842060089111328, 'val_loss': 1.245466709136963, 'val_accuracy': 0.7400000095367432, 'experiment_id': 'exp_20240619_031312'}
[2024-06-19 03:13:28,888][root][INFO] - Epoch data saved to /home/psklavos/fl/geom_aio/csv_logs/exp_20240619_031312/clients/client_0/epoch.csv
[2024-06-19 03:13:28,901][root][INFO] - Added training data List. New Data Added: 25
[2024-06-19 03:13:28,902][root][INFO] - Training data saved to /home/psklavos/fl/geom_aio/csv_logs/exp_20240619_031312/clients/client_0/training.csv
[2024-06-19 03:13:33,243][flwr][DEBUG] - fit_round 2: strategy sampled 3 clients (out of 3)
[2024-06-19 03:13:36,607][flwr][DEBUG] - fit_round 2 received 3 results and 0 failures
[2024-06-19 03:13:36,666][utils.model][INFO] - LeNet model built
[2024-06-19 03:13:36,774][utils.model][INFO] - Size of serialized model: 279.0341796875 kbytes
[2024-06-19 03:13:36,802][utils.model][INFO] - Step 1/40 - val_loss: 0.3132 - val_accuracy: 0.9062
[2024-06-19 03:13:36,821][utils.model][INFO] - Step 2/40 - val_loss: 0.4092 - val_accuracy: 0.8633
[2024-06-19 03:13:36,839][utils.model][INFO] - Step 3/40 - val_loss: 0.4310 - val_accuracy: 0.8607
[2024-06-19 03:13:36,858][utils.model][INFO] - Step 4/40 - val_loss: 0.4268 - val_accuracy: 0.8604
[2024-06-19 03:13:36,877][utils.model][INFO] - Step 5/40 - val_loss: 0.4582 - val_accuracy: 0.8523
[2024-06-19 03:13:36,895][utils.model][INFO] - Step 6/40 - val_loss: 0.4595 - val_accuracy: 0.8516
[2024-06-19 03:13:36,914][utils.model][INFO] - Step 7/40 - val_loss: 0.4744 - val_accuracy: 0.8504
[2024-06-19 03:13:36,931][utils.model][INFO] - Step 8/40 - val_loss: 0.4694 - val_accuracy: 0.8535
[2024-06-19 03:13:36,951][utils.model][INFO] - Step 9/40 - val_loss: 0.4805 - val_accuracy: 0.8524
[2024-06-19 03:13:36,969][utils.model][INFO] - Step 10/40 - val_loss: 0.4720 - val_accuracy: 0.8547
[2024-06-19 03:13:36,987][utils.model][INFO] - Step 11/40 - val_loss: 0.4660 - val_accuracy: 0.8587
[2024-06-19 03:13:37,005][utils.model][INFO] - Step 12/40 - val_loss: 0.4569 - val_accuracy: 0.8626
[2024-06-19 03:13:37,024][utils.model][INFO] - Step 13/40 - val_loss: 0.4578 - val_accuracy: 0.8615
[2024-06-19 03:13:37,043][utils.model][INFO] - Step 14/40 - val_loss: 0.4551 - val_accuracy: 0.8605
[2024-06-19 03:13:37,061][utils.model][INFO] - Step 15/40 - val_loss: 0.4572 - val_accuracy: 0.8612
[2024-06-19 03:13:37,080][utils.model][INFO] - Step 16/40 - val_loss: 0.4574 - val_accuracy: 0.8611
[2024-06-19 03:13:37,099][utils.model][INFO] - Step 17/40 - val_loss: 0.4596 - val_accuracy: 0.8612
[2024-06-19 03:13:37,116][utils.model][INFO] - Step 18/40 - val_loss: 0.4588 - val_accuracy: 0.8611
[2024-06-19 03:13:37,137][utils.model][INFO] - Step 19/40 - val_loss: 0.4574 - val_accuracy: 0.8610
[2024-06-19 03:13:37,155][utils.model][INFO] - Step 20/40 - val_loss: 0.4544 - val_accuracy: 0.8621
[2024-06-19 03:13:37,174][utils.model][INFO] - Step 21/40 - val_loss: 0.4447 - val_accuracy: 0.8653
[2024-06-19 03:13:37,194][utils.model][INFO] - Step 22/40 - val_loss: 0.4351 - val_accuracy: 0.8681
[2024-06-19 03:13:37,212][utils.model][INFO] - Step 23/40 - val_loss: 0.4300 - val_accuracy: 0.8692
[2024-06-19 03:13:37,231][utils.model][INFO] - Step 24/40 - val_loss: 0.4283 - val_accuracy: 0.8698
[2024-06-19 03:13:37,251][utils.model][INFO] - Step 25/40 - val_loss: 0.4183 - val_accuracy: 0.8736
[2024-06-19 03:13:37,270][utils.model][INFO] - Step 26/40 - val_loss: 0.4177 - val_accuracy: 0.8744
[2024-06-19 03:13:37,290][utils.model][INFO] - Step 27/40 - val_loss: 0.4130 - val_accuracy: 0.8756
[2024-06-19 03:13:37,310][utils.model][INFO] - Step 28/40 - val_loss: 0.4060 - val_accuracy: 0.8781
[2024-06-19 03:13:37,329][utils.model][INFO] - Step 29/40 - val_loss: 0.4009 - val_accuracy: 0.8792
[2024-06-19 03:13:37,351][utils.model][INFO] - Step 30/40 - val_loss: 0.3978 - val_accuracy: 0.8805
[2024-06-19 03:13:37,371][utils.model][INFO] - Step 31/40 - val_loss: 0.3931 - val_accuracy: 0.8814
[2024-06-19 03:13:37,393][utils.model][INFO] - Step 32/40 - val_loss: 0.3870 - val_accuracy: 0.8832
[2024-06-19 03:13:37,415][utils.model][INFO] - Step 33/40 - val_loss: 0.3851 - val_accuracy: 0.8832
[2024-06-19 03:13:37,435][utils.model][INFO] - Step 34/40 - val_loss: 0.3794 - val_accuracy: 0.8852
[2024-06-19 03:13:37,454][utils.model][INFO] - Step 35/40 - val_loss: 0.3718 - val_accuracy: 0.8878
[2024-06-19 03:13:37,475][utils.model][INFO] - Step 36/40 - val_loss: 0.3688 - val_accuracy: 0.8881
[2024-06-19 03:13:37,496][utils.model][INFO] - Step 37/40 - val_loss: 0.3643 - val_accuracy: 0.8898
[2024-06-19 03:13:37,518][utils.model][INFO] - Step 38/40 - val_loss: 0.3636 - val_accuracy: 0.8898
[2024-06-19 03:13:37,539][utils.model][INFO] - Step 39/40 - val_loss: 0.3709 - val_accuracy: 0.8873
[2024-06-19 03:13:37,548][utils.model][INFO] - Step 40/40 - val_loss: 0.3674 - val_accuracy: 0.8874
[2024-06-19 03:13:37,550][utils.model][INFO] - Evaluation Results - Val Loss: 0.3674, Val Accuracy: 0.8874 in 40 steps
[2024-06-19 03:13:37,551][flwr][INFO] - fit progress: (2, 0.3674014, {'accuracy': 0.8874}, 16.28509804799978)
[2024-06-19 03:13:37,552][flwr][DEBUG] - evaluate_round 2: strategy sampled 3 clients (out of 3)
[2024-06-19 03:13:38,121][flwr][DEBUG] - evaluate_round 2 received 3 results and 0 failures
[2024-06-19 03:13:38,122][root][INFO] - Added epoch data: {'round': 2, 'epoch_steps': 70, 'total_steps': 95, 'l2_norm': 4.8960137367248535, 'total_computation_time': 2.898810386657715, 'total_rtc_check_time': 0.22783229901324376, 'total_duration': 3.345564126968384, 'val_loss': 0.38428357243537903, 'val_accuracy': 0.8820000290870667, 'experiment_id': 'exp_20240619_031312'}
[2024-06-19 03:13:38,123][root][INFO] - Epoch data saved to /home/psklavos/fl/geom_aio/csv_logs/exp_20240619_031312/clients/client_0/epoch.csv
[2024-06-19 03:13:38,162][root][INFO] - Added training data List. New Data Added: 70
[2024-06-19 03:13:38,164][root][INFO] - Training data saved to /home/psklavos/fl/geom_aio/csv_logs/exp_20240619_031312/clients/client_0/training.csv
[2024-06-19 03:13:42,295][flwr][DEBUG] - fit_round 3: strategy sampled 3 clients (out of 3)
[2024-06-19 03:13:48,982][flwr][DEBUG] - fit_round 3 received 3 results and 0 failures
[2024-06-19 03:13:49,044][utils.model][INFO] - LeNet model built
[2024-06-19 03:13:49,150][utils.model][INFO] - Size of serialized model: 279.0341796875 kbytes
[2024-06-19 03:13:49,180][utils.model][INFO] - Step 1/40 - val_loss: 0.1356 - val_accuracy: 0.9727
[2024-06-19 03:13:49,199][utils.model][INFO] - Step 2/40 - val_loss: 0.1888 - val_accuracy: 0.9453
[2024-06-19 03:13:49,217][utils.model][INFO] - Step 3/40 - val_loss: 0.2029 - val_accuracy: 0.9401
[2024-06-19 03:13:49,236][utils.model][INFO] - Step 4/40 - val_loss: 0.2009 - val_accuracy: 0.9414
[2024-06-19 03:13:49,254][utils.model][INFO] - Step 5/40 - val_loss: 0.2232 - val_accuracy: 0.9344
[2024-06-19 03:13:49,272][utils.model][INFO] - Step 6/40 - val_loss: 0.2281 - val_accuracy: 0.9342
[2024-06-19 03:13:49,291][utils.model][INFO] - Step 7/40 - val_loss: 0.2371 - val_accuracy: 0.9330
[2024-06-19 03:13:49,309][utils.model][INFO] - Step 8/40 - val_loss: 0.2352 - val_accuracy: 0.9326
[2024-06-19 03:13:49,327][utils.model][INFO] - Step 9/40 - val_loss: 0.2449 - val_accuracy: 0.9306
[2024-06-19 03:13:49,345][utils.model][INFO] - Step 10/40 - val_loss: 0.2415 - val_accuracy: 0.9297
[2024-06-19 03:13:49,364][utils.model][INFO] - Step 11/40 - val_loss: 0.2395 - val_accuracy: 0.9297
[2024-06-19 03:13:49,383][utils.model][INFO] - Step 12/40 - val_loss: 0.2363 - val_accuracy: 0.9307
[2024-06-19 03:13:49,402][utils.model][INFO] - Step 13/40 - val_loss: 0.2361 - val_accuracy: 0.9309
[2024-06-19 03:13:49,421][utils.model][INFO] - Step 14/40 - val_loss: 0.2340 - val_accuracy: 0.9311
[2024-06-19 03:13:49,440][utils.model][INFO] - Step 15/40 - val_loss: 0.2381 - val_accuracy: 0.9294
[2024-06-19 03:13:49,458][utils.model][INFO] - Step 16/40 - val_loss: 0.2406 - val_accuracy: 0.9280
[2024-06-19 03:13:49,477][utils.model][INFO] - Step 17/40 - val_loss: 0.2417 - val_accuracy: 0.9272
[2024-06-19 03:13:49,495][utils.model][INFO] - Step 18/40 - val_loss: 0.2417 - val_accuracy: 0.9262
[2024-06-19 03:13:49,514][utils.model][INFO] - Step 19/40 - val_loss: 0.2392 - val_accuracy: 0.9268
[2024-06-19 03:13:49,532][utils.model][INFO] - Step 20/40 - val_loss: 0.2370 - val_accuracy: 0.9275
[2024-06-19 03:13:49,552][utils.model][INFO] - Step 21/40 - val_loss: 0.2305 - val_accuracy: 0.9295
[2024-06-19 03:13:49,571][utils.model][INFO] - Step 22/40 - val_loss: 0.2225 - val_accuracy: 0.9322
[2024-06-19 03:13:49,589][utils.model][INFO] - Step 23/40 - val_loss: 0.2190 - val_accuracy: 0.9334
[2024-06-19 03:13:49,607][utils.model][INFO] - Step 24/40 - val_loss: 0.2247 - val_accuracy: 0.9308
[2024-06-19 03:13:49,625][utils.model][INFO] - Step 25/40 - val_loss: 0.2198 - val_accuracy: 0.9325
[2024-06-19 03:13:49,645][utils.model][INFO] - Step 26/40 - val_loss: 0.2196 - val_accuracy: 0.9327
[2024-06-19 03:13:49,663][utils.model][INFO] - Step 27/40 - val_loss: 0.2166 - val_accuracy: 0.9336
[2024-06-19 03:13:49,680][utils.model][INFO] - Step 28/40 - val_loss: 0.2111 - val_accuracy: 0.9351
[2024-06-19 03:13:49,700][utils.model][INFO] - Step 29/40 - val_loss: 0.2064 - val_accuracy: 0.9370
[2024-06-19 03:13:49,717][utils.model][INFO] - Step 30/40 - val_loss: 0.2040 - val_accuracy: 0.9376
[2024-06-19 03:13:49,736][utils.model][INFO] - Step 31/40 - val_loss: 0.2054 - val_accuracy: 0.9370
[2024-06-19 03:13:49,754][utils.model][INFO] - Step 32/40 - val_loss: 0.2022 - val_accuracy: 0.9380
[2024-06-19 03:13:49,771][utils.model][INFO] - Step 33/40 - val_loss: 0.1993 - val_accuracy: 0.9389
[2024-06-19 03:13:49,790][utils.model][INFO] - Step 34/40 - val_loss: 0.1954 - val_accuracy: 0.9400
[2024-06-19 03:13:49,807][utils.model][INFO] - Step 35/40 - val_loss: 0.1903 - val_accuracy: 0.9417
[2024-06-19 03:13:49,825][utils.model][INFO] - Step 36/40 - val_loss: 0.1903 - val_accuracy: 0.9417
[2024-06-19 03:13:49,843][utils.model][INFO] - Step 37/40 - val_loss: 0.1866 - val_accuracy: 0.9432
[2024-06-19 03:13:49,861][utils.model][INFO] - Step 38/40 - val_loss: 0.1867 - val_accuracy: 0.9434
[2024-06-19 03:13:49,879][utils.model][INFO] - Step 39/40 - val_loss: 0.1917 - val_accuracy: 0.9420
[2024-06-19 03:13:49,887][utils.model][INFO] - Step 40/40 - val_loss: 0.1901 - val_accuracy: 0.9420
[2024-06-19 03:13:49,889][utils.model][INFO] - Evaluation Results - Val Loss: 0.1901, Val Accuracy: 0.9420 in 40 steps
[2024-06-19 03:13:49,890][flwr][INFO] - fit progress: (3, 0.19011451, {'accuracy': 0.942}, 28.62411995599905)
[2024-06-19 03:13:49,891][flwr][DEBUG] - evaluate_round 3: strategy sampled 3 clients (out of 3)
[2024-06-19 03:13:50,426][flwr][DEBUG] - evaluate_round 3 received 3 results and 0 failures
[2024-06-19 03:13:50,427][root][INFO] - Added epoch data: {'round': 3, 'epoch_steps': 138, 'total_steps': 233, 'l2_norm': 5.06054162979126, 'total_computation_time': 5.819907903671265, 'total_rtc_check_time': 0.46458080201773555, 'total_duration': 6.667441129684448, 'val_loss': 0.1906803995370865, 'val_accuracy': 0.9490000009536743, 'experiment_id': 'exp_20240619_031312'}
[2024-06-19 03:13:50,428][root][INFO] - Epoch data saved to /home/psklavos/fl/geom_aio/csv_logs/exp_20240619_031312/clients/client_0/epoch.csv
[2024-06-19 03:13:50,491][root][INFO] - Added training data List. New Data Added: 138
[2024-06-19 03:13:50,494][root][INFO] - Training data saved to /home/psklavos/fl/geom_aio/csv_logs/exp_20240619_031312/clients/client_0/training.csv
[2024-06-19 03:13:54,906][flwr][DEBUG] - fit_round 4: strategy sampled 3 clients (out of 3)
[2024-06-19 03:14:03,788][flwr][DEBUG] - fit_round 4 received 3 results and 0 failures
[2024-06-19 03:14:03,844][utils.model][INFO] - LeNet model built
[2024-06-19 03:14:03,952][utils.model][INFO] - Size of serialized model: 279.0341796875 kbytes
[2024-06-19 03:14:03,992][utils.model][INFO] - Step 1/40 - val_loss: 0.0470 - val_accuracy: 0.9922
[2024-06-19 03:14:04,016][utils.model][INFO] - Step 2/40 - val_loss: 0.1045 - val_accuracy: 0.9668
[2024-06-19 03:14:04,035][utils.model][INFO] - Step 3/40 - val_loss: 0.1175 - val_accuracy: 0.9635
[2024-06-19 03:14:04,053][utils.model][INFO] - Step 4/40 - val_loss: 0.1226 - val_accuracy: 0.9629
[2024-06-19 03:14:04,071][utils.model][INFO] - Step 5/40 - val_loss: 0.1411 - val_accuracy: 0.9578
[2024-06-19 03:14:04,094][utils.model][INFO] - Step 6/40 - val_loss: 0.1487 - val_accuracy: 0.9564
[2024-06-19 03:14:04,114][utils.model][INFO] - Step 7/40 - val_loss: 0.1566 - val_accuracy: 0.9537
[2024-06-19 03:14:04,134][utils.model][INFO] - Step 8/40 - val_loss: 0.1566 - val_accuracy: 0.9531
[2024-06-19 03:14:04,156][utils.model][INFO] - Step 9/40 - val_loss: 0.1613 - val_accuracy: 0.9505
[2024-06-19 03:14:04,177][utils.model][INFO] - Step 10/40 - val_loss: 0.1598 - val_accuracy: 0.9500
[2024-06-19 03:14:04,198][utils.model][INFO] - Step 11/40 - val_loss: 0.1555 - val_accuracy: 0.9517
[2024-06-19 03:14:04,218][utils.model][INFO] - Step 12/40 - val_loss: 0.1529 - val_accuracy: 0.9528
[2024-06-19 03:14:04,238][utils.model][INFO] - Step 13/40 - val_loss: 0.1509 - val_accuracy: 0.9537
[2024-06-19 03:14:04,260][utils.model][INFO] - Step 14/40 - val_loss: 0.1506 - val_accuracy: 0.9528
[2024-06-19 03:14:04,282][utils.model][INFO] - Step 15/40 - val_loss: 0.1543 - val_accuracy: 0.9523
[2024-06-19 03:14:04,303][utils.model][INFO] - Step 16/40 - val_loss: 0.1556 - val_accuracy: 0.9512
[2024-06-19 03:14:04,323][utils.model][INFO] - Step 17/40 - val_loss: 0.1555 - val_accuracy: 0.9508
[2024-06-19 03:14:04,344][utils.model][INFO] - Step 18/40 - val_loss: 0.1551 - val_accuracy: 0.9510
[2024-06-19 03:14:04,364][utils.model][INFO] - Step 19/40 - val_loss: 0.1541 - val_accuracy: 0.9511
[2024-06-19 03:14:04,381][utils.model][INFO] - Step 20/40 - val_loss: 0.1526 - val_accuracy: 0.9516
[2024-06-19 03:14:04,400][utils.model][INFO] - Step 21/40 - val_loss: 0.1488 - val_accuracy: 0.9528
[2024-06-19 03:14:04,420][utils.model][INFO] - Step 22/40 - val_loss: 0.1433 - val_accuracy: 0.9545
[2024-06-19 03:14:04,438][utils.model][INFO] - Step 23/40 - val_loss: 0.1406 - val_accuracy: 0.9553
[2024-06-19 03:14:04,456][utils.model][INFO] - Step 24/40 - val_loss: 0.1391 - val_accuracy: 0.9552
[2024-06-19 03:14:04,474][utils.model][INFO] - Step 25/40 - val_loss: 0.1347 - val_accuracy: 0.9567
[2024-06-19 03:14:04,493][utils.model][INFO] - Step 26/40 - val_loss: 0.1357 - val_accuracy: 0.9564
[2024-06-19 03:14:04,509][utils.model][INFO] - Step 27/40 - val_loss: 0.1327 - val_accuracy: 0.9573
[2024-06-19 03:14:04,527][utils.model][INFO] - Step 28/40 - val_loss: 0.1296 - val_accuracy: 0.9584
[2024-06-19 03:14:04,544][utils.model][INFO] - Step 29/40 - val_loss: 0.1266 - val_accuracy: 0.9595
[2024-06-19 03:14:04,562][utils.model][INFO] - Step 30/40 - val_loss: 0.1254 - val_accuracy: 0.9596
[2024-06-19 03:14:04,579][utils.model][INFO] - Step 31/40 - val_loss: 0.1224 - val_accuracy: 0.9608
[2024-06-19 03:14:04,597][utils.model][INFO] - Step 32/40 - val_loss: 0.1198 - val_accuracy: 0.9615
[2024-06-19 03:14:04,617][utils.model][INFO] - Step 33/40 - val_loss: 0.1178 - val_accuracy: 0.9624
[2024-06-19 03:14:04,634][utils.model][INFO] - Step 34/40 - val_loss: 0.1150 - val_accuracy: 0.9632
[2024-06-19 03:14:04,653][utils.model][INFO] - Step 35/40 - val_loss: 0.1118 - val_accuracy: 0.9643
[2024-06-19 03:14:04,672][utils.model][INFO] - Step 36/40 - val_loss: 0.1113 - val_accuracy: 0.9646
[2024-06-19 03:14:04,690][utils.model][INFO] - Step 37/40 - val_loss: 0.1092 - val_accuracy: 0.9654
[2024-06-19 03:14:04,708][utils.model][INFO] - Step 38/40 - val_loss: 0.1092 - val_accuracy: 0.9653
[2024-06-19 03:14:04,726][utils.model][INFO] - Step 39/40 - val_loss: 0.1119 - val_accuracy: 0.9645
[2024-06-19 03:14:04,734][utils.model][INFO] - Step 40/40 - val_loss: 0.1096 - val_accuracy: 0.9646
[2024-06-19 03:14:04,736][utils.model][INFO] - Evaluation Results - Val Loss: 0.1096, Val Accuracy: 0.9646 in 40 steps
[2024-06-19 03:14:04,738][flwr][INFO] - fit progress: (4, 0.10962137, {'accuracy': 0.9646}, 43.47141360100068)
[2024-06-19 03:14:04,738][flwr][DEBUG] - evaluate_round 4: strategy sampled 3 clients (out of 3)
[2024-06-19 03:14:05,272][flwr][DEBUG] - evaluate_round 4 received 3 results and 0 failures
[2024-06-19 03:14:05,273][root][INFO] - Added epoch data: {'round': 4, 'epoch_steps': 178, 'total_steps': 411, 'l2_norm': 4.8701677322387695, 'total_computation_time': 7.729685544967651, 'total_rtc_check_time': 0.6295307079963095, 'total_duration': 8.866373062133789, 'val_loss': 0.1252686232328415, 'val_accuracy': 0.9664999842643738, 'experiment_id': 'exp_20240619_031312'}
[2024-06-19 03:14:05,274][root][INFO] - Epoch data saved to /home/psklavos/fl/geom_aio/csv_logs/exp_20240619_031312/clients/client_0/epoch.csv
[2024-06-19 03:14:05,368][root][INFO] - Added training data List. New Data Added: 178
[2024-06-19 03:14:05,372][root][INFO] - Training data saved to /home/psklavos/fl/geom_aio/csv_logs/exp_20240619_031312/clients/client_0/training.csv
[2024-06-19 03:14:09,502][flwr][DEBUG] - fit_round 5: strategy sampled 3 clients (out of 3)
[2024-06-19 03:14:19,625][flwr][DEBUG] - fit_round 5 received 3 results and 0 failures
[2024-06-19 03:14:19,783][utils.model][INFO] - LeNet model built
[2024-06-19 03:14:19,907][utils.model][INFO] - Size of serialized model: 279.0341796875 kbytes
[2024-06-19 03:14:19,944][utils.model][INFO] - Step 1/40 - val_loss: 0.0281 - val_accuracy: 0.9961
[2024-06-19 03:14:19,966][utils.model][INFO] - Step 2/40 - val_loss: 0.0721 - val_accuracy: 0.9766
[2024-06-19 03:14:19,988][utils.model][INFO] - Step 3/40 - val_loss: 0.0938 - val_accuracy: 0.9688
[2024-06-19 03:14:20,008][utils.model][INFO] - Step 4/40 - val_loss: 0.0990 - val_accuracy: 0.9678
[2024-06-19 03:14:20,029][utils.model][INFO] - Step 5/40 - val_loss: 0.1104 - val_accuracy: 0.9656
[2024-06-19 03:14:20,048][utils.model][INFO] - Step 6/40 - val_loss: 0.1152 - val_accuracy: 0.9642
[2024-06-19 03:14:20,067][utils.model][INFO] - Step 7/40 - val_loss: 0.1217 - val_accuracy: 0.9615
[2024-06-19 03:14:20,086][utils.model][INFO] - Step 8/40 - val_loss: 0.1241 - val_accuracy: 0.9604
[2024-06-19 03:14:20,104][utils.model][INFO] - Step 9/40 - val_loss: 0.1282 - val_accuracy: 0.9588
[2024-06-19 03:14:20,123][utils.model][INFO] - Step 10/40 - val_loss: 0.1256 - val_accuracy: 0.9586
[2024-06-19 03:14:20,142][utils.model][INFO] - Step 11/40 - val_loss: 0.1227 - val_accuracy: 0.9599
[2024-06-19 03:14:20,161][utils.model][INFO] - Step 12/40 - val_loss: 0.1210 - val_accuracy: 0.9606
[2024-06-19 03:14:20,178][utils.model][INFO] - Step 13/40 - val_loss: 0.1192 - val_accuracy: 0.9618
[2024-06-19 03:14:20,196][utils.model][INFO] - Step 14/40 - val_loss: 0.1203 - val_accuracy: 0.9621
[2024-06-19 03:14:20,214][utils.model][INFO] - Step 15/40 - val_loss: 0.1227 - val_accuracy: 0.9617
[2024-06-19 03:14:20,232][utils.model][INFO] - Step 16/40 - val_loss: 0.1224 - val_accuracy: 0.9609
[2024-06-19 03:14:20,250][utils.model][INFO] - Step 17/40 - val_loss: 0.1214 - val_accuracy: 0.9612
[2024-06-19 03:14:20,268][utils.model][INFO] - Step 18/40 - val_loss: 0.1205 - val_accuracy: 0.9616
[2024-06-19 03:14:20,286][utils.model][INFO] - Step 19/40 - val_loss: 0.1196 - val_accuracy: 0.9616
[2024-06-19 03:14:20,304][utils.model][INFO] - Step 20/40 - val_loss: 0.1175 - val_accuracy: 0.9623
[2024-06-19 03:14:20,321][utils.model][INFO] - Step 21/40 - val_loss: 0.1144 - val_accuracy: 0.9632
[2024-06-19 03:14:20,339][utils.model][INFO] - Step 22/40 - val_loss: 0.1106 - val_accuracy: 0.9647
[2024-06-19 03:14:20,357][utils.model][INFO] - Step 23/40 - val_loss: 0.1098 - val_accuracy: 0.9647
[2024-06-19 03:14:20,376][utils.model][INFO] - Step 24/40 - val_loss: 0.1087 - val_accuracy: 0.9653
[2024-06-19 03:14:20,395][utils.model][INFO] - Step 25/40 - val_loss: 0.1051 - val_accuracy: 0.9666
[2024-06-19 03:14:20,416][utils.model][INFO] - Step 26/40 - val_loss: 0.1051 - val_accuracy: 0.9665
[2024-06-19 03:14:20,435][utils.model][INFO] - Step 27/40 - val_loss: 0.1023 - val_accuracy: 0.9674
[2024-06-19 03:14:20,453][utils.model][INFO] - Step 28/40 - val_loss: 0.1001 - val_accuracy: 0.9682
[2024-06-19 03:14:20,471][utils.model][INFO] - Step 29/40 - val_loss: 0.0978 - val_accuracy: 0.9689
[2024-06-19 03:14:20,489][utils.model][INFO] - Step 30/40 - val_loss: 0.0962 - val_accuracy: 0.9694
[2024-06-19 03:14:20,509][utils.model][INFO] - Step 31/40 - val_loss: 0.0960 - val_accuracy: 0.9693
[2024-06-19 03:14:20,527][utils.model][INFO] - Step 32/40 - val_loss: 0.0941 - val_accuracy: 0.9698
[2024-06-19 03:14:20,545][utils.model][INFO] - Step 33/40 - val_loss: 0.0925 - val_accuracy: 0.9705
[2024-06-19 03:14:20,562][utils.model][INFO] - Step 34/40 - val_loss: 0.0905 - val_accuracy: 0.9713
[2024-06-19 03:14:20,579][utils.model][INFO] - Step 35/40 - val_loss: 0.0880 - val_accuracy: 0.9721
[2024-06-19 03:14:20,597][utils.model][INFO] - Step 36/40 - val_loss: 0.0879 - val_accuracy: 0.9721
[2024-06-19 03:14:20,615][utils.model][INFO] - Step 37/40 - val_loss: 0.0860 - val_accuracy: 0.9729
[2024-06-19 03:14:20,635][utils.model][INFO] - Step 38/40 - val_loss: 0.0861 - val_accuracy: 0.9728
[2024-06-19 03:14:20,653][utils.model][INFO] - Step 39/40 - val_loss: 0.0878 - val_accuracy: 0.9722
[2024-06-19 03:14:20,662][utils.model][INFO] - Step 40/40 - val_loss: 0.0857 - val_accuracy: 0.9722
[2024-06-19 03:14:20,664][utils.model][INFO] - Evaluation Results - Val Loss: 0.0857, Val Accuracy: 0.9722 in 40 steps
[2024-06-19 03:14:20,666][flwr][INFO] - fit progress: (5, 0.085733965, {'accuracy': 0.9722}, 59.39949151700057)
[2024-06-19 03:14:20,666][flwr][DEBUG] - evaluate_round 5: strategy sampled 3 clients (out of 3)
[2024-06-19 03:14:21,231][flwr][DEBUG] - evaluate_round 5 received 3 results and 0 failures
[2024-06-19 03:14:21,233][root][INFO] - Added epoch data: {'round': 5, 'epoch_steps': 213, 'total_steps': 624, 'l2_norm': 4.718082427978516, 'total_computation_time': 8.89247989654541, 'total_rtc_check_time': 0.6402786020044005, 'total_duration': 10.102599859237671, 'val_loss': 0.09273554384708405, 'val_accuracy': 0.9735000133514404, 'experiment_id': 'exp_20240619_031312'}
[2024-06-19 03:14:21,234][root][INFO] - Epoch data saved to /home/psklavos/fl/geom_aio/csv_logs/exp_20240619_031312/clients/client_0/epoch.csv
[2024-06-19 03:14:21,333][root][INFO] - Added training data List. New Data Added: 213
[2024-06-19 03:14:21,339][root][INFO] - Training data saved to /home/psklavos/fl/geom_aio/csv_logs/exp_20240619_031312/clients/client_0/training.csv
[2024-06-19 03:14:21,339][flwr][INFO] - FL finished in 60.072836516999814
[2024-06-19 03:14:21,339][flwr][INFO] - app_fit: losses_distributed [(1, 1.245956579844157), (2, 0.37676916519800824), (3, 0.19146594405174255), (4, 0.11628471811612447), (5, 0.09228934595982234)]
[2024-06-19 03:14:21,339][flwr][INFO] - app_fit: metrics_distributed_fit {'average_norm': [(1, 0.9114392598470052), (2, 0.9653379122416178), (3, 1.0201805432637532), (4, 0.9567225774129232), (5, 0.9060274759928385)], 'round_time': [(1, 3.057157648911133), (2, 4.817660445968384), (3, 7.901563032684448), (4, 10.169529281133789), (5, 11.04903409523767)], 'average_downlink_time': [(1, 0.6706665773333333), (2, 0.7907028973333334), (3, 0.670729644), (4, 0.6630192413333332), (5, 0.6992536893333333)], 'average_rtc_check_time': [(1, -0.641379300999688), (2, -0.5907225669955855), (3, -0.5118063993274214), (4, -0.4568230973345635), (5, -0.4532404659985332)], 'average_uplink_time': [(1, 0.6063125326666666), (2, 0.5791610963333333), (3, 0.41337220033333333), (4, 0.9784004816666667), (5, 0.39175153599999996)], 'average_computation_time': [(1, -0.1831831932067871), (2, 0.2996034622192383), (3, 1.2733026345570881), (4, 1.9098951816558838), (5, 2.29749329884847)], 'average_communication_time': [(1, 0.6355998090003121), (2, 0.7791414266710813), (3, 0.5722954450059118), (4, 1.1845966256654366), (5, 0.6377647593348001)], 'average_fit_time': [(1, -0.10526466369628906), (2, 0.44852137565612793), (3, 1.5558137098948162), (4, 2.288791020711263), (5, 2.70086661974589)], 'average_throughput': [(1, 3.695221445904219), (2, 3.8746694150314904), (3, 5.679389578634837), (4, 2.463731882328537), (5, 6.170474571227094)], 'dropouts': [(1, 0), (2, 0), (3, 0), (4, 0), (5, 0)]}
[2024-06-19 03:14:21,340][flwr][INFO] - app_fit: metrics_distributed {'accuracy': [(1, 0.740500013033549), (2, 0.8806666731834412), (3, 0.9448333382606506), (4, 0.9653333226839701), (5, 0.971833348274231)]}
[2024-06-19 03:14:21,340][flwr][INFO] - app_fit: losses_centralized [(0, 2.3241277), (1, 1.2205021), (2, 0.3674014), (3, 0.19011451), (4, 0.10962137), (5, 0.085733965)]
[2024-06-19 03:14:21,340][flwr][INFO] - app_fit: metrics_centralized {'accuracy': [(0, 0.1106), (1, 0.7439), (2, 0.8874), (3, 0.942), (4, 0.9646), (5, 0.9722)]}
