[2024-06-20 16:51:54,486][utils.model][INFO] - LeNet model built
[2024-06-20 16:51:54,824][utils.model][INFO] - Size of serialized model: 279.0341796875 kbytes
[2024-06-20 16:51:54,841][flwr][INFO] - Opened insecure gRPC connection (no certificates were passed)
[2024-06-20 16:51:54,845][flwr][DEBUG] - ChannelConnectivity.IDLE
[2024-06-20 16:51:54,848][flwr][DEBUG] - ChannelConnectivity.READY
[2024-06-20 16:51:55,128][utils.model][INFO] - LeNet model built
[2024-06-20 16:51:55,494][utils.model][INFO] - Size of serialized model: 279.0341796875 kbytes
[2024-06-20 16:51:55,512][flwr][INFO] - Opened insecure gRPC connection (no certificates were passed)
[2024-06-20 16:51:55,521][flwr][DEBUG] - ChannelConnectivity.IDLE
[2024-06-20 16:51:55,524][flwr][DEBUG] - ChannelConnectivity.READY
[2024-06-20 16:52:17,950][utils.model][INFO] - ========================== Epoch Start ==========================
[2024-06-20 16:52:17,958][utils.model][INFO] - ========================== Epoch Start ==========================
[2024-06-20 16:52:18,397][utils.model][INFO] - (In epoch/Overall): (1/1)| inst_loss: 0.4368 - Mean loss: 2.2844 - acc: 0.1250 - norm: 0.23 - 2.28s
[2024-06-20 16:52:18,397][utils.model][INFO] - (In epoch/Overall): (1/1)| inst_loss: 0.4450 - Mean loss: 2.3367 - acc: 0.1250 - norm: 0.23 - 2.34s
[2024-06-20 16:52:18,912][utils.model][INFO] - (In epoch/Overall): (11/11)| inst_loss: 0.9526 - Mean loss: 2.1116 - acc: 0.3239 - norm: 2.16 - 1.87s
[2024-06-20 16:52:18,912][utils.model][INFO] - (In epoch/Overall): (11/11)| inst_loss: 0.9610 - Mean loss: 2.1535 - acc: 0.2812 - norm: 2.01 - 2.01s
[2024-06-20 16:52:19,388][utils.model][INFO] - (In epoch/Overall): (21/21)| inst_loss: 1.4280 - Mean loss: 1.9145 - acc: 0.3839 - norm: 4.11 - 1.35s
[2024-06-20 16:52:19,388][utils.model][INFO] - (In epoch/Overall): (21/21)| inst_loss: 1.4362 - Mean loss: 1.9125 - acc: 0.3958 - norm: 4.62 - 1.22s
[2024-06-20 16:52:19,536][utils.model][INFO] - Epoch Results:
[2024-06-20 16:52:19,537][utils.model][INFO] - Epoch Results:
[2024-06-20 16:52:19,539][utils.model][INFO] - (In epoch/Overall): (24/24)| inst_loss: 1.4325 - Mean loss: 1.8448 - acc: 0.4115 - norm: 4.73 - 1.58s
[2024-06-20 16:52:19,540][utils.model][INFO] - (In epoch/Overall): (24/24)| inst_loss: 1.3546 - Mean loss: 1.8432 - acc: 0.4180 - norm: 5.30 - 1.59s
[2024-06-20 16:52:21,104][utils.model][INFO] - Evaluation Results - Val Loss: 1.2224, Val Accuracy: 0.6825 in 32 steps
[2024-06-20 16:52:21,107][utils.model][INFO] - Evaluation Results - Val Loss: 1.2071, Val Accuracy: 0.6805 in 32 steps
