[2024-06-20 19:02:37,421][utils.model][INFO] - LeNet model built
[2024-06-20 19:02:37,804][utils.model][INFO] - Size of serialized model: 279.0341796875 kbytes
[2024-06-20 19:02:37,812][utils.model][INFO] - LeNet model built
[2024-06-20 19:02:37,819][flwr][INFO] - Opened insecure gRPC connection (no certificates were passed)
[2024-06-20 19:02:37,821][flwr][DEBUG] - ChannelConnectivity.IDLE
[2024-06-20 19:02:37,826][flwr][DEBUG] - ChannelConnectivity.CONNECTING
[2024-06-20 19:02:37,827][flwr][DEBUG] - ChannelConnectivity.READY
[2024-06-20 19:02:38,191][utils.model][INFO] - Size of serialized model: 279.0341796875 kbytes
[2024-06-20 19:02:38,209][flwr][INFO] - Opened insecure gRPC connection (no certificates were passed)
[2024-06-20 19:02:38,216][flwr][DEBUG] - ChannelConnectivity.IDLE
[2024-06-20 19:02:38,219][flwr][DEBUG] - ChannelConnectivity.READY
[2024-06-20 19:02:43,491][utils.model][INFO] - ========================== Epoch Start ==========================
[2024-06-20 19:02:43,500][utils.model][INFO] - ========================== Epoch Start ==========================
[2024-06-20 19:02:43,950][utils.model][INFO] - (In epoch/Overall): (1/1)| inst_loss: 0.4476 - Mean loss: 2.2455 - acc: 0.1562 - norm: 0.23 - 2.25s
[2024-06-20 19:02:43,950][utils.model][INFO] - (In epoch/Overall): (1/1)| inst_loss: 0.4564 - Mean loss: 2.3081 - acc: 0.0000 - norm: 0.25 - 2.31s
[2024-06-20 19:02:44,488][utils.model][INFO] - (In epoch/Overall): (11/11)| inst_loss: 0.9950 - Mean loss: 2.1166 - acc: 0.2784 - norm: 1.98 - 2.15s
[2024-06-20 19:02:44,488][utils.model][INFO] - (In epoch/Overall): (11/11)| inst_loss: 0.9865 - Mean loss: 2.0828 - acc: 0.3182 - norm: 2.04 - 1.85s
[2024-06-20 19:02:44,970][utils.model][INFO] - (In epoch/Overall): (21/21)| inst_loss: 1.4770 - Mean loss: 1.8594 - acc: 0.3973 - norm: 4.10 - 1.16s
[2024-06-20 19:02:44,970][utils.model][INFO] - (In epoch/Overall): (21/21)| inst_loss: 1.4684 - Mean loss: 1.8431 - acc: 0.4092 - norm: 4.35 - 1.59s
[2024-06-20 19:02:45,241][utils.model][INFO] - Epoch Results:
[2024-06-20 19:02:45,241][utils.model][INFO] - Epoch Results:
[2024-06-20 19:02:45,244][utils.model][INFO] - (In epoch/Overall): (26/26)| inst_loss: 1.2589 - Mean loss: 1.7680 - acc: 0.4363 - norm: 4.92 - 1.75s
[2024-06-20 19:02:45,244][utils.model][INFO] - (In epoch/Overall): (26/26)| inst_loss: 1.3715 - Mean loss: 1.7331 - acc: 0.4519 - norm: 5.41 - 1.74s
[2024-06-20 19:02:46,847][utils.model][INFO] - Evaluation Results - Val Loss: 1.1461, Val Accuracy: 0.7075 in 32 steps
[2024-06-20 19:02:46,848][utils.model][INFO] - Evaluation Results - Val Loss: 1.1338, Val Accuracy: 0.7030 in 32 steps
[2024-06-20 19:02:49,677][utils.model][INFO] - ========================== Epoch Start ==========================
[2024-06-20 19:02:49,678][utils.model][INFO] - ========================== Epoch Start ==========================
[2024-06-20 19:02:49,767][utils.model][INFO] - (In epoch/Overall): (1/27)| inst_loss: 0.0875 - Mean loss: 0.9794 - acc: 0.7812 - norm: 0.05 - 0.98s
[2024-06-20 19:02:49,767][utils.model][INFO] - (In epoch/Overall): (1/27)| inst_loss: 0.0885 - Mean loss: 1.1664 - acc: 0.7812 - norm: 0.09 - 1.17s
[2024-06-20 19:02:50,176][utils.model][INFO] - (In epoch/Overall): (11/37)| inst_loss: 0.4973 - Mean loss: 1.0491 - acc: 0.7074 - norm: 0.53 - 0.89s
[2024-06-20 19:02:50,176][utils.model][INFO] - (In epoch/Overall): (11/37)| inst_loss: 0.4965 - Mean loss: 1.0539 - acc: 0.6960 - norm: 0.47 - 1.11s
[2024-06-20 19:02:50,575][utils.model][INFO] - (In epoch/Overall): (21/47)| inst_loss: 0.8961 - Mean loss: 0.9662 - acc: 0.7068 - norm: 1.05 - 0.82s
[2024-06-20 19:02:50,575][utils.model][INFO] - (In epoch/Overall): (21/47)| inst_loss: 0.8953 - Mean loss: 0.9804 - acc: 0.7098 - norm: 0.98 - 0.67s
[2024-06-20 19:02:51,012][utils.model][INFO] - (In epoch/Overall): (31/57)| inst_loss: 1.3337 - Mean loss: 0.8611 - acc: 0.7369 - norm: 1.72 - 0.41s
[2024-06-20 19:02:51,012][utils.model][INFO] - (In epoch/Overall): (31/57)| inst_loss: 1.3329 - Mean loss: 0.8883 - acc: 0.7349 - norm: 1.58 - 0.41s
[2024-06-20 19:02:51,468][utils.model][INFO] - (In epoch/Overall): (41/67)| inst_loss: 1.7890 - Mean loss: 0.8195 - acc: 0.7584 - norm: 2.22 - 0.38s
[2024-06-20 19:02:51,468][utils.model][INFO] - (In epoch/Overall): (41/67)| inst_loss: 1.7900 - Mean loss: 0.8104 - acc: 0.7508 - norm: 2.38 - 0.49s
[2024-06-20 19:02:51,877][utils.model][INFO] - (In epoch/Overall): (51/77)| inst_loss: 2.1990 - Mean loss: 0.7747 - acc: 0.7567 - norm: 3.04 - 0.84s
[2024-06-20 19:02:51,878][utils.model][INFO] - (In epoch/Overall): (51/77)| inst_loss: 2.1982 - Mean loss: 0.7652 - acc: 0.7702 - norm: 2.84 - 0.51s
[2024-06-20 19:02:52,274][utils.model][INFO] - (In epoch/Overall): (61/87)| inst_loss: 2.5953 - Mean loss: 0.7442 - acc: 0.7679 - norm: 3.65 - 0.57s
[2024-06-20 19:02:52,274][utils.model][INFO] - (In epoch/Overall): (61/87)| inst_loss: 2.5945 - Mean loss: 0.7241 - acc: 0.7797 - norm: 3.50 - 0.72s
[2024-06-20 19:02:52,688][utils.model][INFO] - (In epoch/Overall): (71/97)| inst_loss: 3.0090 - Mean loss: 0.6895 - acc: 0.7901 - norm: 4.18 - 0.47s
[2024-06-20 19:02:52,688][utils.model][INFO] - (In epoch/Overall): (71/97)| inst_loss: 3.0098 - Mean loss: 0.7116 - acc: 0.7799 - norm: 4.27 - 0.71s
[2024-06-20 19:02:53,126][utils.model][INFO] - (In epoch/Overall): (81/107)| inst_loss: 3.4479 - Mean loss: 0.6691 - acc: 0.7955 - norm: 4.91 - 0.32s
[2024-06-20 19:02:53,127][utils.model][INFO] - (In epoch/Overall): (81/107)| inst_loss: 3.4471 - Mean loss: 0.6640 - acc: 0.7963 - norm: 4.90 - 0.32s
[2024-06-20 19:02:53,217][utils.model][INFO] - Epoch Results:
[2024-06-20 19:02:53,218][utils.model][INFO] - Epoch Results:
[2024-06-20 19:02:53,220][utils.model][INFO] - (In epoch/Overall): (83/109)| inst_loss: 0.3535 - Mean loss: 0.6603 - acc: 0.7986 - norm: 5.09 - 3.54s
[2024-06-20 19:02:53,220][utils.model][INFO] - (In epoch/Overall): (83/109)| inst_loss: 0.9229 - Mean loss: 0.6638 - acc: 0.7959 - norm: 5.03 - 3.54s
[2024-06-20 19:02:54,863][utils.model][INFO] - Evaluation Results - Val Loss: 0.4459, Val Accuracy: 0.8640 in 32 steps
[2024-06-20 19:02:54,864][utils.model][INFO] - Evaluation Results - Val Loss: 0.4460, Val Accuracy: 0.8665 in 32 steps
[2024-06-20 19:02:56,869][flwr][DEBUG] - ChannelConnectivity.IDLE
[2024-06-20 19:02:56,869][flwr][DEBUG] - ChannelConnectivity.IDLE
