[2024-03-04 12:19:09,097][flwr][INFO] - Starting Flower server, config: ServerConfig(num_rounds=3, round_timeout=None)
[2024-03-04 12:19:09,101][flwr][INFO] - Flower ECE: gRPC server running (3 rounds), SSL is disabled
[2024-03-04 12:19:09,102][flwr][INFO] - Initializing global parameters
[2024-03-04 12:19:09,103][flwr][INFO] - Requesting initial parameters from one random client
[2024-03-04 12:19:12,763][flwr][INFO] - Received initial parameters from one random client
[2024-03-04 12:19:12,763][flwr][INFO] - Evaluating initial parameters
[2024-03-04 12:19:12,764][flwr][INFO] - FL starting
[2024-03-04 12:19:53,051][flwr][DEBUG] - fit_round 1: strategy sampled 3 clients (out of 4)
[2024-03-04 12:20:14,421][flwr][DEBUG] - fit_round 1 received 3 results and 0 failures
[2024-03-04 12:20:14,437][flwr][DEBUG] - evaluate_round 1: strategy sampled 2 clients (out of 4)
[2024-03-04 12:20:18,423][flwr][DEBUG] - evaluate_round 1 received 2 results and 0 failures
[2024-03-04 12:20:56,806][flwr][DEBUG] - fit_round 2: strategy sampled 3 clients (out of 4)
[2024-03-04 12:21:25,014][flwr][DEBUG] - fit_round 2 received 3 results and 0 failures
[2024-03-04 12:21:25,023][flwr][DEBUG] - evaluate_round 2: strategy sampled 2 clients (out of 4)
[2024-03-04 12:21:28,593][flwr][DEBUG] - evaluate_round 2 received 2 results and 0 failures
[2024-03-04 12:22:10,852][flwr][DEBUG] - fit_round 3: strategy sampled 3 clients (out of 4)
[2024-03-04 12:22:38,162][flwr][DEBUG] - fit_round 3 received 3 results and 0 failures
[2024-03-04 12:22:38,173][flwr][DEBUG] - evaluate_round 3: strategy sampled 2 clients (out of 4)
[2024-03-04 12:22:42,844][flwr][DEBUG] - evaluate_round 3 received 2 results and 0 failures
[2024-03-04 12:22:42,844][flwr][INFO] - FL finished in 210.08012301999952
[2024-03-04 12:22:42,844][flwr][INFO] - app_fit: losses_distributed [(1, 0.6493508815765381), (2, 0.35893723368644714), (3, 0.23571862280368805)]
[2024-03-04 12:22:42,845][flwr][INFO] - app_fit: metrics_distributed_fit {'average_norm': [(1, 24.8783753712972), (2, 19.21151288350423), (3, 15.14090665181478)], 'round_time': [(1, 10.321442427), (2, 10.297716411), (3, 10.137598318)], 'average_throughput': [(1, 1614.9607900411665), (2, 1527.2626294955273), (3, 1614.9315648879865)], 'dropouts': [(1, 0), (2, 0), (3, 0)]}
[2024-03-04 12:22:42,845][flwr][INFO] - app_fit: metrics_distributed {'accuracy': [(1, 0.8198000192642212), (2, 0.8921999931335449), (3, 0.9305999875068665)]}
[2024-03-04 12:22:42,845][flwr][INFO] - app_fit: losses_centralized []
[2024-03-04 12:22:42,845][flwr][INFO] - app_fit: metrics_centralized {}
