[2024-06-19 01:13:37,858][root][INFO] - Initialized DataManager for experiment exp_20240619_011337
[2024-06-19 01:13:37,860][flwr][INFO] - Starting Flower server, config: ServerConfig(num_rounds=5, round_timeout=None)
[2024-06-19 01:13:37,861][flwr][INFO] - Flower ECE: gRPC server running (5 rounds), SSL is disabled
[2024-06-19 01:13:37,861][flwr][INFO] - Initializing global parameters
[2024-06-19 01:13:37,861][flwr][INFO] - Requesting initial parameters from one random client
[2024-06-19 01:13:45,839][flwr][INFO] - Received initial parameters from one random client
[2024-06-19 01:13:45,839][flwr][INFO] - Evaluating initial parameters
[2024-06-19 01:13:45,970][utils.model][INFO] - LeNet model built
[2024-06-19 01:13:46,248][utils.model][INFO] - Size of serialized model: 279.0341796875 kbytes
[2024-06-19 01:13:46,314][utils.model][INFO] - Step 1/40 - val_loss: 2.3017 - val_accuracy: 0.1133
[2024-06-19 01:13:46,336][utils.model][INFO] - Step 2/40 - val_loss: 2.3048 - val_accuracy: 0.0996
[2024-06-19 01:13:46,356][utils.model][INFO] - Step 3/40 - val_loss: 2.3035 - val_accuracy: 0.0990
[2024-06-19 01:13:46,382][utils.model][INFO] - Step 4/40 - val_loss: 2.3062 - val_accuracy: 0.0986
[2024-06-19 01:13:46,405][utils.model][INFO] - Step 5/40 - val_loss: 2.3054 - val_accuracy: 0.0977
[2024-06-19 01:13:46,426][utils.model][INFO] - Step 6/40 - val_loss: 2.3045 - val_accuracy: 0.0990
[2024-06-19 01:13:46,449][utils.model][INFO] - Step 7/40 - val_loss: 2.3046 - val_accuracy: 0.0977
[2024-06-19 01:13:46,472][utils.model][INFO] - Step 8/40 - val_loss: 2.3061 - val_accuracy: 0.0947
[2024-06-19 01:13:46,494][utils.model][INFO] - Step 9/40 - val_loss: 2.3055 - val_accuracy: 0.0946
[2024-06-19 01:13:46,519][utils.model][INFO] - Step 10/40 - val_loss: 2.3049 - val_accuracy: 0.0953
[2024-06-19 01:13:46,541][utils.model][INFO] - Step 11/40 - val_loss: 2.3052 - val_accuracy: 0.0927
[2024-06-19 01:13:46,563][utils.model][INFO] - Step 12/40 - val_loss: 2.3050 - val_accuracy: 0.0918
[2024-06-19 01:13:46,586][utils.model][INFO] - Step 13/40 - val_loss: 2.3054 - val_accuracy: 0.0910
[2024-06-19 01:13:46,608][utils.model][INFO] - Step 14/40 - val_loss: 2.3049 - val_accuracy: 0.0907
[2024-06-19 01:13:46,630][utils.model][INFO] - Step 15/40 - val_loss: 2.3049 - val_accuracy: 0.0904
[2024-06-19 01:13:46,660][utils.model][INFO] - Step 16/40 - val_loss: 2.3051 - val_accuracy: 0.0881
[2024-06-19 01:13:46,683][utils.model][INFO] - Step 17/40 - val_loss: 2.3052 - val_accuracy: 0.0871
[2024-06-19 01:13:46,703][utils.model][INFO] - Step 18/40 - val_loss: 2.3050 - val_accuracy: 0.0868
[2024-06-19 01:13:46,725][utils.model][INFO] - Step 19/40 - val_loss: 2.3050 - val_accuracy: 0.0849
[2024-06-19 01:13:46,745][utils.model][INFO] - Step 20/40 - val_loss: 2.3044 - val_accuracy: 0.0840
[2024-06-19 01:13:46,765][utils.model][INFO] - Step 21/40 - val_loss: 2.3036 - val_accuracy: 0.0850
[2024-06-19 01:13:46,785][utils.model][INFO] - Step 22/40 - val_loss: 2.3035 - val_accuracy: 0.0845
[2024-06-19 01:13:46,804][utils.model][INFO] - Step 23/40 - val_loss: 2.3036 - val_accuracy: 0.0837
[2024-06-19 01:13:46,823][utils.model][INFO] - Step 24/40 - val_loss: 2.3040 - val_accuracy: 0.0843
[2024-06-19 01:13:46,842][utils.model][INFO] - Step 25/40 - val_loss: 2.3036 - val_accuracy: 0.0839
[2024-06-19 01:13:46,860][utils.model][INFO] - Step 26/40 - val_loss: 2.3031 - val_accuracy: 0.0831
[2024-06-19 01:13:46,877][utils.model][INFO] - Step 27/40 - val_loss: 2.3030 - val_accuracy: 0.0830
[2024-06-19 01:13:46,896][utils.model][INFO] - Step 28/40 - val_loss: 2.3025 - val_accuracy: 0.0820
[2024-06-19 01:13:46,914][utils.model][INFO] - Step 29/40 - val_loss: 2.3025 - val_accuracy: 0.0815
[2024-06-19 01:13:46,931][utils.model][INFO] - Step 30/40 - val_loss: 2.3026 - val_accuracy: 0.0811
[2024-06-19 01:13:46,949][utils.model][INFO] - Step 31/40 - val_loss: 2.3025 - val_accuracy: 0.0795
[2024-06-19 01:13:46,967][utils.model][INFO] - Step 32/40 - val_loss: 2.3025 - val_accuracy: 0.0785
[2024-06-19 01:13:46,985][utils.model][INFO] - Step 33/40 - val_loss: 2.3023 - val_accuracy: 0.0790
[2024-06-19 01:13:47,004][utils.model][INFO] - Step 34/40 - val_loss: 2.3022 - val_accuracy: 0.0796
[2024-06-19 01:13:47,023][utils.model][INFO] - Step 35/40 - val_loss: 2.3016 - val_accuracy: 0.0795
[2024-06-19 01:13:47,042][utils.model][INFO] - Step 36/40 - val_loss: 2.3016 - val_accuracy: 0.0794
[2024-06-19 01:13:47,059][utils.model][INFO] - Step 37/40 - val_loss: 2.3019 - val_accuracy: 0.0797
[2024-06-19 01:13:47,077][utils.model][INFO] - Step 38/40 - val_loss: 2.3017 - val_accuracy: 0.0795
[2024-06-19 01:13:47,094][utils.model][INFO] - Step 39/40 - val_loss: 2.3015 - val_accuracy: 0.0788
[2024-06-19 01:13:47,104][utils.model][INFO] - Step 40/40 - val_loss: 2.3017 - val_accuracy: 0.0788
[2024-06-19 01:13:47,106][utils.model][INFO] - Evaluation Results - Val Loss: 2.3017, Val Accuracy: 0.0788 in 40 steps
[2024-06-19 01:14:21,963][flwr][INFO] - initial parameters (loss, other metrics): 2.3017337, {'accuracy': 0.0788}
[2024-06-19 01:14:21,963][flwr][INFO] - FL starting
[2024-06-19 01:14:26,193][flwr][DEBUG] - fit_round 1: strategy sampled 3 clients (out of 3)
[2024-06-19 01:14:27,696][flwr][DEBUG] - fit_round 1 received 3 results and 0 failures
[2024-06-19 01:14:27,753][utils.model][INFO] - LeNet model built
[2024-06-19 01:14:27,865][utils.model][INFO] - Size of serialized model: 279.0341796875 kbytes
[2024-06-19 01:14:27,900][utils.model][INFO] - Step 1/40 - val_loss: 1.2710 - val_accuracy: 0.6055
[2024-06-19 01:14:27,919][utils.model][INFO] - Step 2/40 - val_loss: 1.2634 - val_accuracy: 0.6074
[2024-06-19 01:14:27,940][utils.model][INFO] - Step 3/40 - val_loss: 1.2875 - val_accuracy: 0.5859
[2024-06-19 01:14:27,961][utils.model][INFO] - Step 4/40 - val_loss: 1.2872 - val_accuracy: 0.5830
[2024-06-19 01:14:27,983][utils.model][INFO] - Step 5/40 - val_loss: 1.3144 - val_accuracy: 0.5680
[2024-06-19 01:14:28,004][utils.model][INFO] - Step 6/40 - val_loss: 1.3166 - val_accuracy: 0.5664
[2024-06-19 01:14:28,024][utils.model][INFO] - Step 7/40 - val_loss: 1.3269 - val_accuracy: 0.5569
[2024-06-19 01:14:28,044][utils.model][INFO] - Step 8/40 - val_loss: 1.3192 - val_accuracy: 0.5635
[2024-06-19 01:14:28,063][utils.model][INFO] - Step 9/40 - val_loss: 1.3315 - val_accuracy: 0.5564
[2024-06-19 01:14:28,082][utils.model][INFO] - Step 10/40 - val_loss: 1.3247 - val_accuracy: 0.5617
[2024-06-19 01:14:28,100][utils.model][INFO] - Step 11/40 - val_loss: 1.3164 - val_accuracy: 0.5664
[2024-06-19 01:14:28,119][utils.model][INFO] - Step 12/40 - val_loss: 1.3119 - val_accuracy: 0.5693
[2024-06-19 01:14:28,137][utils.model][INFO] - Step 13/40 - val_loss: 1.3143 - val_accuracy: 0.5685
[2024-06-19 01:14:28,155][utils.model][INFO] - Step 14/40 - val_loss: 1.3210 - val_accuracy: 0.5647
[2024-06-19 01:14:28,173][utils.model][INFO] - Step 15/40 - val_loss: 1.3222 - val_accuracy: 0.5641
[2024-06-19 01:14:28,191][utils.model][INFO] - Step 16/40 - val_loss: 1.3142 - val_accuracy: 0.5693
[2024-06-19 01:14:28,207][utils.model][INFO] - Step 17/40 - val_loss: 1.3130 - val_accuracy: 0.5685
[2024-06-19 01:14:28,225][utils.model][INFO] - Step 18/40 - val_loss: 1.3155 - val_accuracy: 0.5679
[2024-06-19 01:14:28,248][utils.model][INFO] - Step 19/40 - val_loss: 1.3144 - val_accuracy: 0.5685
[2024-06-19 01:14:28,268][utils.model][INFO] - Step 20/40 - val_loss: 1.3123 - val_accuracy: 0.5672
[2024-06-19 01:14:28,287][utils.model][INFO] - Step 21/40 - val_loss: 1.2995 - val_accuracy: 0.5714
[2024-06-19 01:14:28,309][utils.model][INFO] - Step 22/40 - val_loss: 1.2907 - val_accuracy: 0.5740
[2024-06-19 01:14:28,329][utils.model][INFO] - Step 23/40 - val_loss: 1.2829 - val_accuracy: 0.5776
[2024-06-19 01:14:28,350][utils.model][INFO] - Step 24/40 - val_loss: 1.2789 - val_accuracy: 0.5783
[2024-06-19 01:14:28,368][utils.model][INFO] - Step 25/40 - val_loss: 1.2707 - val_accuracy: 0.5803
[2024-06-19 01:14:28,387][utils.model][INFO] - Step 26/40 - val_loss: 1.2692 - val_accuracy: 0.5811
[2024-06-19 01:14:28,409][utils.model][INFO] - Step 27/40 - val_loss: 1.2688 - val_accuracy: 0.5816
[2024-06-19 01:14:28,430][utils.model][INFO] - Step 28/40 - val_loss: 1.2635 - val_accuracy: 0.5855
[2024-06-19 01:14:28,450][utils.model][INFO] - Step 29/40 - val_loss: 1.2625 - val_accuracy: 0.5863
[2024-06-19 01:14:28,469][utils.model][INFO] - Step 30/40 - val_loss: 1.2629 - val_accuracy: 0.5872
[2024-06-19 01:14:28,487][utils.model][INFO] - Step 31/40 - val_loss: 1.2619 - val_accuracy: 0.5863
[2024-06-19 01:14:28,504][utils.model][INFO] - Step 32/40 - val_loss: 1.2592 - val_accuracy: 0.5870
[2024-06-19 01:14:28,521][utils.model][INFO] - Step 33/40 - val_loss: 1.2576 - val_accuracy: 0.5869
[2024-06-19 01:14:28,538][utils.model][INFO] - Step 34/40 - val_loss: 1.2502 - val_accuracy: 0.5896
[2024-06-19 01:14:28,555][utils.model][INFO] - Step 35/40 - val_loss: 1.2422 - val_accuracy: 0.5925
[2024-06-19 01:14:28,573][utils.model][INFO] - Step 36/40 - val_loss: 1.2417 - val_accuracy: 0.5928
[2024-06-19 01:14:28,591][utils.model][INFO] - Step 37/40 - val_loss: 1.2356 - val_accuracy: 0.5960
[2024-06-19 01:14:28,608][utils.model][INFO] - Step 38/40 - val_loss: 1.2350 - val_accuracy: 0.5967
[2024-06-19 01:14:28,626][utils.model][INFO] - Step 39/40 - val_loss: 1.2414 - val_accuracy: 0.5935
[2024-06-19 01:14:28,635][utils.model][INFO] - Step 40/40 - val_loss: 1.2421 - val_accuracy: 0.5934
[2024-06-19 01:14:28,637][utils.model][INFO] - Evaluation Results - Val Loss: 1.2421, Val Accuracy: 0.5934 in 40 steps
[2024-06-19 01:14:31,016][flwr][INFO] - fit progress: (1, 1.2421286, {'accuracy': 0.5934}, 9.053203437000775)
[2024-06-19 01:14:31,017][flwr][DEBUG] - evaluate_round 1: strategy sampled 3 clients (out of 3)
[2024-06-19 01:14:31,561][flwr][DEBUG] - evaluate_round 1 received 0 results and 3 failures
