[2024-06-22 17:23:53,176][utils.model][INFO] - LeNet model built
[2024-06-22 17:23:53,289][utils.model][INFO] - LeNet model built
[2024-06-22 17:23:53,444][utils.model][INFO] - LeNet model built
[2024-06-22 17:23:53,621][utils.model][INFO] - LeNet model built
[2024-06-22 17:23:54,082][utils.model][INFO] - Size of serialized model: 279.0341796875 kbytes
[2024-06-22 17:23:54,101][utils.model][INFO] - Size of serialized model: 279.0341796875 kbytes
[2024-06-22 17:23:54,130][flwr][INFO] - Opened insecure gRPC connection (no certificates were passed)
[2024-06-22 17:23:54,211][utils.model][INFO] - Size of serialized model: 279.0341796875 kbytes
[2024-06-22 17:23:54,256][utils.model][INFO] - Size of serialized model: 279.0341796875 kbytes
[2024-06-22 17:23:54,176][flwr][DEBUG] - ChannelConnectivity.IDLE
[2024-06-22 17:23:54,307][flwr][DEBUG] - ChannelConnectivity.CONNECTING
[2024-06-22 17:23:54,375][flwr][DEBUG] - ChannelConnectivity.TRANSIENT_FAILURE
[2024-06-22 17:23:54,374][flwr][INFO] - Opened insecure gRPC connection (no certificates were passed)
[2024-06-22 17:23:54,410][flwr][DEBUG] - ChannelConnectivity.IDLE
[2024-06-22 17:23:54,413][flwr][DEBUG] - ChannelConnectivity.TRANSIENT_FAILURE
[2024-06-22 17:23:54,419][flwr][INFO] - Opened insecure gRPC connection (no certificates were passed)
[2024-06-22 17:23:54,441][flwr][INFO] - Opened insecure gRPC connection (no certificates were passed)
[2024-06-22 17:23:54,454][flwr][DEBUG] - ChannelConnectivity.IDLE
[2024-06-22 17:23:54,471][flwr][DEBUG] - ChannelConnectivity.CONNECTING
[2024-06-22 17:23:54,475][flwr][DEBUG] - ChannelConnectivity.TRANSIENT_FAILURE
[2024-06-22 17:23:54,493][flwr][DEBUG] - ChannelConnectivity.IDLE
[2024-06-22 17:23:54,505][flwr][DEBUG] - ChannelConnectivity.TRANSIENT_FAILURE
[2024-06-22 17:23:54,578][flwr][DEBUG] - gRPC channel closed
[2024-06-22 17:23:54,613][flwr][DEBUG] - gRPC channel closed
[2024-06-22 17:23:54,674][flwr][DEBUG] - gRPC channel closed
[2024-06-22 17:23:54,709][flwr][DEBUG] - gRPC channel closed
