[2024-06-22 14:39:39,496][root][INFO] - Initialized DataManager for experiment exp_20240622_143939
[2024-06-22 14:39:39,502][root][INFO] - Info data saved to /home/psklavos/fl/geom_aio/csv_logs/exp_20240622_143939/info.csv
[2024-06-22 14:39:39,504][flwr][INFO] - Starting Flower server, config: ServerConfig(num_rounds=3, round_timeout=None)
[2024-06-22 14:39:39,505][flwr][INFO] - Flower ECE: gRPC server running (3 rounds), SSL is disabled
[2024-06-22 14:39:39,506][flwr][INFO] - Initializing global parameters
[2024-06-22 14:39:39,507][flwr][INFO] - Requesting initial parameters from one random client
[2024-06-22 14:39:47,995][flwr][INFO] - Received initial parameters from one random client
[2024-06-22 14:39:47,996][flwr][INFO] - Evaluating initial parameters
[2024-06-22 14:39:48,137][utils.model][INFO] - LeNet model built
[2024-06-22 14:39:48,484][utils.model][INFO] - Size of serialized model: 279.0341796875 kbytes
[2024-06-22 14:39:48,574][utils.model][INFO] - Step 1/40 - val_loss: 2.3235 - val_accuracy: 0.1250
[2024-06-22 14:39:48,602][utils.model][INFO] - Step 2/40 - val_loss: 2.3188 - val_accuracy: 0.1270
[2024-06-22 14:39:48,627][utils.model][INFO] - Step 3/40 - val_loss: 2.3231 - val_accuracy: 0.1289
[2024-06-22 14:39:48,648][utils.model][INFO] - Step 4/40 - val_loss: 2.3182 - val_accuracy: 0.1328
[2024-06-22 14:39:48,669][utils.model][INFO] - Step 5/40 - val_loss: 2.3201 - val_accuracy: 0.1305
[2024-06-22 14:39:48,694][utils.model][INFO] - Step 6/40 - val_loss: 2.3191 - val_accuracy: 0.1335
[2024-06-22 14:39:48,722][utils.model][INFO] - Step 7/40 - val_loss: 2.3214 - val_accuracy: 0.1306
[2024-06-22 14:39:48,748][utils.model][INFO] - Step 8/40 - val_loss: 2.3215 - val_accuracy: 0.1284
[2024-06-22 14:39:48,771][utils.model][INFO] - Step 9/40 - val_loss: 2.3234 - val_accuracy: 0.1285
[2024-06-22 14:39:48,798][utils.model][INFO] - Step 10/40 - val_loss: 2.3230 - val_accuracy: 0.1270
[2024-06-22 14:39:48,823][utils.model][INFO] - Step 11/40 - val_loss: 2.3218 - val_accuracy: 0.1261
[2024-06-22 14:39:48,849][utils.model][INFO] - Step 12/40 - val_loss: 2.3228 - val_accuracy: 0.1243
[2024-06-22 14:39:48,879][utils.model][INFO] - Step 13/40 - val_loss: 2.3221 - val_accuracy: 0.1241
[2024-06-22 14:39:48,910][utils.model][INFO] - Step 14/40 - val_loss: 2.3237 - val_accuracy: 0.1225
[2024-06-22 14:39:48,937][utils.model][INFO] - Step 15/40 - val_loss: 2.3239 - val_accuracy: 0.1221
[2024-06-22 14:39:48,962][utils.model][INFO] - Step 16/40 - val_loss: 2.3254 - val_accuracy: 0.1211
[2024-06-22 14:39:48,985][utils.model][INFO] - Step 17/40 - val_loss: 2.3246 - val_accuracy: 0.1227
[2024-06-22 14:39:49,007][utils.model][INFO] - Step 18/40 - val_loss: 2.3255 - val_accuracy: 0.1230
[2024-06-22 14:39:49,029][utils.model][INFO] - Step 19/40 - val_loss: 2.3276 - val_accuracy: 0.1225
[2024-06-22 14:39:49,052][utils.model][INFO] - Step 20/40 - val_loss: 2.3277 - val_accuracy: 0.1230
[2024-06-22 14:39:49,072][utils.model][INFO] - Step 21/40 - val_loss: 2.3276 - val_accuracy: 0.1237
[2024-06-22 14:39:49,092][utils.model][INFO] - Step 22/40 - val_loss: 2.3280 - val_accuracy: 0.1236
[2024-06-22 14:39:49,116][utils.model][INFO] - Step 23/40 - val_loss: 2.3277 - val_accuracy: 0.1248
[2024-06-22 14:39:49,138][utils.model][INFO] - Step 24/40 - val_loss: 2.3270 - val_accuracy: 0.1245
[2024-06-22 14:39:49,160][utils.model][INFO] - Step 25/40 - val_loss: 2.3276 - val_accuracy: 0.1241
[2024-06-22 14:39:49,180][utils.model][INFO] - Step 26/40 - val_loss: 2.3279 - val_accuracy: 0.1226
[2024-06-22 14:39:49,200][utils.model][INFO] - Step 27/40 - val_loss: 2.3283 - val_accuracy: 0.1217
[2024-06-22 14:39:49,217][utils.model][INFO] - Step 28/40 - val_loss: 2.3281 - val_accuracy: 0.1210
[2024-06-22 14:39:49,234][utils.model][INFO] - Step 29/40 - val_loss: 2.3280 - val_accuracy: 0.1218
[2024-06-22 14:39:49,253][utils.model][INFO] - Step 30/40 - val_loss: 2.3279 - val_accuracy: 0.1214
[2024-06-22 14:39:49,274][utils.model][INFO] - Step 31/40 - val_loss: 2.3290 - val_accuracy: 0.1205
[2024-06-22 14:39:49,295][utils.model][INFO] - Step 32/40 - val_loss: 2.3292 - val_accuracy: 0.1201
[2024-06-22 14:39:49,315][utils.model][INFO] - Step 33/40 - val_loss: 2.3304 - val_accuracy: 0.1192
[2024-06-22 14:39:49,338][utils.model][INFO] - Step 34/40 - val_loss: 2.3302 - val_accuracy: 0.1188
[2024-06-22 14:39:49,360][utils.model][INFO] - Step 35/40 - val_loss: 2.3307 - val_accuracy: 0.1184
[2024-06-22 14:39:49,381][utils.model][INFO] - Step 36/40 - val_loss: 2.3311 - val_accuracy: 0.1185
[2024-06-22 14:39:49,404][utils.model][INFO] - Step 37/40 - val_loss: 2.3310 - val_accuracy: 0.1187
[2024-06-22 14:39:49,425][utils.model][INFO] - Step 38/40 - val_loss: 2.3308 - val_accuracy: 0.1183
[2024-06-22 14:39:49,445][utils.model][INFO] - Step 39/40 - val_loss: 2.3309 - val_accuracy: 0.1178
[2024-06-22 14:39:49,456][utils.model][INFO] - Step 40/40 - val_loss: 2.3303 - val_accuracy: 0.1178
[2024-06-22 14:39:49,457][utils.model][INFO] - Evaluation Results - Val Loss: 2.3303, Val Accuracy: 0.1178 in 40 steps
[2024-06-22 14:39:49,460][flwr][INFO] - initial parameters (loss, other metrics): 2.3302608, {'accuracy': 0.1178}
[2024-06-22 14:39:49,461][flwr][INFO] - FL starting
[2024-06-22 14:39:53,993][flwr][DEBUG] - fit_round 1: strategy sampled 4 clients (out of 4)
[2024-06-22 14:39:56,321][flwr][DEBUG] - fit_round 1 received 4 results and 0 failures
[2024-06-22 14:39:56,420][utils.model][INFO] - LeNet model built
[2024-06-22 14:39:56,572][utils.model][INFO] - Size of serialized model: 279.0341796875 kbytes
[2024-06-22 14:39:56,618][utils.model][INFO] - Step 1/40 - val_loss: 1.2624 - val_accuracy: 0.6875
[2024-06-22 14:39:56,640][utils.model][INFO] - Step 2/40 - val_loss: 1.2641 - val_accuracy: 0.6953
[2024-06-22 14:39:56,660][utils.model][INFO] - Step 3/40 - val_loss: 1.2764 - val_accuracy: 0.6953
[2024-06-22 14:39:56,681][utils.model][INFO] - Step 4/40 - val_loss: 1.2564 - val_accuracy: 0.7021
[2024-06-22 14:39:56,701][utils.model][INFO] - Step 5/40 - val_loss: 1.2745 - val_accuracy: 0.6852
[2024-06-22 14:39:56,723][utils.model][INFO] - Step 6/40 - val_loss: 1.2797 - val_accuracy: 0.6855
[2024-06-22 14:39:56,744][utils.model][INFO] - Step 7/40 - val_loss: 1.2835 - val_accuracy: 0.6808
[2024-06-22 14:39:56,762][utils.model][INFO] - Step 8/40 - val_loss: 1.2791 - val_accuracy: 0.6875
[2024-06-22 14:39:56,780][utils.model][INFO] - Step 9/40 - val_loss: 1.2863 - val_accuracy: 0.6845
[2024-06-22 14:39:56,798][utils.model][INFO] - Step 10/40 - val_loss: 1.2841 - val_accuracy: 0.6840
[2024-06-22 14:39:56,817][utils.model][INFO] - Step 11/40 - val_loss: 1.2864 - val_accuracy: 0.6829
[2024-06-22 14:39:56,835][utils.model][INFO] - Step 12/40 - val_loss: 1.2816 - val_accuracy: 0.6859
[2024-06-22 14:39:56,857][utils.model][INFO] - Step 13/40 - val_loss: 1.2780 - val_accuracy: 0.6881
[2024-06-22 14:39:56,877][utils.model][INFO] - Step 14/40 - val_loss: 1.2769 - val_accuracy: 0.6883
[2024-06-22 14:39:56,896][utils.model][INFO] - Step 15/40 - val_loss: 1.2805 - val_accuracy: 0.6865
[2024-06-22 14:39:56,915][utils.model][INFO] - Step 16/40 - val_loss: 1.2772 - val_accuracy: 0.6885
[2024-06-22 14:39:56,933][utils.model][INFO] - Step 17/40 - val_loss: 1.2785 - val_accuracy: 0.6877
[2024-06-22 14:39:56,957][utils.model][INFO] - Step 18/40 - val_loss: 1.2794 - val_accuracy: 0.6866
[2024-06-22 14:39:56,981][utils.model][INFO] - Step 19/40 - val_loss: 1.2763 - val_accuracy: 0.6891
[2024-06-22 14:39:57,001][utils.model][INFO] - Step 20/40 - val_loss: 1.2708 - val_accuracy: 0.6902
[2024-06-22 14:39:57,019][utils.model][INFO] - Step 21/40 - val_loss: 1.2602 - val_accuracy: 0.6948
[2024-06-22 14:39:57,038][utils.model][INFO] - Step 22/40 - val_loss: 1.2519 - val_accuracy: 0.6976
[2024-06-22 14:39:57,056][utils.model][INFO] - Step 23/40 - val_loss: 1.2440 - val_accuracy: 0.6997
[2024-06-22 14:39:57,074][utils.model][INFO] - Step 24/40 - val_loss: 1.2426 - val_accuracy: 0.6987
[2024-06-22 14:39:57,093][utils.model][INFO] - Step 25/40 - val_loss: 1.2328 - val_accuracy: 0.7020
[2024-06-22 14:39:57,111][utils.model][INFO] - Step 26/40 - val_loss: 1.2311 - val_accuracy: 0.7031
[2024-06-22 14:39:57,130][utils.model][INFO] - Step 27/40 - val_loss: 1.2289 - val_accuracy: 0.7034
[2024-06-22 14:39:57,150][utils.model][INFO] - Step 28/40 - val_loss: 1.2244 - val_accuracy: 0.7044
[2024-06-22 14:39:57,168][utils.model][INFO] - Step 29/40 - val_loss: 1.2215 - val_accuracy: 0.7070
[2024-06-22 14:39:57,186][utils.model][INFO] - Step 30/40 - val_loss: 1.2222 - val_accuracy: 0.7070
[2024-06-22 14:39:57,205][utils.model][INFO] - Step 31/40 - val_loss: 1.2174 - val_accuracy: 0.7083
[2024-06-22 14:39:57,223][utils.model][INFO] - Step 32/40 - val_loss: 1.2128 - val_accuracy: 0.7089
[2024-06-22 14:39:57,242][utils.model][INFO] - Step 33/40 - val_loss: 1.2089 - val_accuracy: 0.7112
[2024-06-22 14:39:57,260][utils.model][INFO] - Step 34/40 - val_loss: 1.2030 - val_accuracy: 0.7145
[2024-06-22 14:39:57,279][utils.model][INFO] - Step 35/40 - val_loss: 1.1948 - val_accuracy: 0.7182
[2024-06-22 14:39:57,298][utils.model][INFO] - Step 36/40 - val_loss: 1.1932 - val_accuracy: 0.7188
[2024-06-22 14:39:57,317][utils.model][INFO] - Step 37/40 - val_loss: 1.1894 - val_accuracy: 0.7204
[2024-06-22 14:39:57,335][utils.model][INFO] - Step 38/40 - val_loss: 1.1895 - val_accuracy: 0.7208
[2024-06-22 14:39:57,354][utils.model][INFO] - Step 39/40 - val_loss: 1.1921 - val_accuracy: 0.7202
[2024-06-22 14:39:57,363][utils.model][INFO] - Step 40/40 - val_loss: 1.1886 - val_accuracy: 0.7202
[2024-06-22 14:39:57,364][utils.model][INFO] - Evaluation Results - Val Loss: 1.1886, Val Accuracy: 0.7202 in 40 steps
[2024-06-22 14:39:57,366][flwr][INFO] - fit progress: (1, 1.1886129, {'accuracy': 0.7202}, 7.905150747013977)
[2024-06-22 14:39:57,366][flwr][DEBUG] - evaluate_round 1: strategy sampled 4 clients (out of 4)
[2024-06-22 14:39:57,938][flwr][DEBUG] - evaluate_round 1 received 4 results and 0 failures
[2024-06-22 14:39:57,943][root][INFO] - Epoch data saved to /home/psklavos/fl/geom_aio/csv_logs/exp_20240622_143939/clients/client_0/epoch.csv
[2024-06-22 14:39:57,969][root][INFO] - Batch data saved to /home/psklavos/fl/geom_aio/csv_logs/exp_20240622_143939/clients/client_0/batch.csv
[2024-06-22 14:39:57,971][root][INFO] - Server data saved to /home/psklavos/fl/geom_aio/csv_logs/exp_20240622_143939/server/server.csv
[2024-06-22 14:40:02,554][flwr][DEBUG] - fit_round 2: strategy sampled 4 clients (out of 4)
[2024-06-22 14:40:07,686][flwr][DEBUG] - fit_round 2 received 4 results and 0 failures
[2024-06-22 14:40:07,764][utils.model][INFO] - LeNet model built
[2024-06-22 14:40:07,896][utils.model][INFO] - Size of serialized model: 279.0341796875 kbytes
[2024-06-22 14:40:07,928][utils.model][INFO] - Step 1/40 - val_loss: 0.3381 - val_accuracy: 0.9219
[2024-06-22 14:40:07,947][utils.model][INFO] - Step 2/40 - val_loss: 0.4227 - val_accuracy: 0.8789
[2024-06-22 14:40:07,965][utils.model][INFO] - Step 3/40 - val_loss: 0.4420 - val_accuracy: 0.8750
[2024-06-22 14:40:07,984][utils.model][INFO] - Step 4/40 - val_loss: 0.4241 - val_accuracy: 0.8789
[2024-06-22 14:40:08,002][utils.model][INFO] - Step 5/40 - val_loss: 0.4530 - val_accuracy: 0.8687
[2024-06-22 14:40:08,020][utils.model][INFO] - Step 6/40 - val_loss: 0.4627 - val_accuracy: 0.8639
[2024-06-22 14:40:08,038][utils.model][INFO] - Step 7/40 - val_loss: 0.4728 - val_accuracy: 0.8616
[2024-06-22 14:40:08,057][utils.model][INFO] - Step 8/40 - val_loss: 0.4663 - val_accuracy: 0.8662
[2024-06-22 14:40:08,075][utils.model][INFO] - Step 9/40 - val_loss: 0.4782 - val_accuracy: 0.8641
[2024-06-22 14:40:08,094][utils.model][INFO] - Step 10/40 - val_loss: 0.4762 - val_accuracy: 0.8621
[2024-06-22 14:40:08,114][utils.model][INFO] - Step 11/40 - val_loss: 0.4711 - val_accuracy: 0.8636
[2024-06-22 14:40:08,132][utils.model][INFO] - Step 12/40 - val_loss: 0.4633 - val_accuracy: 0.8646
[2024-06-22 14:40:08,151][utils.model][INFO] - Step 13/40 - val_loss: 0.4570 - val_accuracy: 0.8681
[2024-06-22 14:40:08,169][utils.model][INFO] - Step 14/40 - val_loss: 0.4560 - val_accuracy: 0.8675
[2024-06-22 14:40:08,187][utils.model][INFO] - Step 15/40 - val_loss: 0.4616 - val_accuracy: 0.8646
[2024-06-22 14:40:08,206][utils.model][INFO] - Step 16/40 - val_loss: 0.4651 - val_accuracy: 0.8630
[2024-06-22 14:40:08,225][utils.model][INFO] - Step 17/40 - val_loss: 0.4714 - val_accuracy: 0.8610
[2024-06-22 14:40:08,243][utils.model][INFO] - Step 18/40 - val_loss: 0.4715 - val_accuracy: 0.8618
[2024-06-22 14:40:08,262][utils.model][INFO] - Step 19/40 - val_loss: 0.4697 - val_accuracy: 0.8623
[2024-06-22 14:40:08,285][utils.model][INFO] - Step 20/40 - val_loss: 0.4664 - val_accuracy: 0.8629
[2024-06-22 14:40:08,306][utils.model][INFO] - Step 21/40 - val_loss: 0.4564 - val_accuracy: 0.8657
[2024-06-22 14:40:08,327][utils.model][INFO] - Step 22/40 - val_loss: 0.4455 - val_accuracy: 0.8697
[2024-06-22 14:40:08,348][utils.model][INFO] - Step 23/40 - val_loss: 0.4396 - val_accuracy: 0.8709
[2024-06-22 14:40:08,370][utils.model][INFO] - Step 24/40 - val_loss: 0.4388 - val_accuracy: 0.8709
[2024-06-22 14:40:08,391][utils.model][INFO] - Step 25/40 - val_loss: 0.4297 - val_accuracy: 0.8741
[2024-06-22 14:40:08,414][utils.model][INFO] - Step 26/40 - val_loss: 0.4281 - val_accuracy: 0.8745
[2024-06-22 14:40:08,437][utils.model][INFO] - Step 27/40 - val_loss: 0.4272 - val_accuracy: 0.8737
[2024-06-22 14:40:08,461][utils.model][INFO] - Step 28/40 - val_loss: 0.4209 - val_accuracy: 0.8757
[2024-06-22 14:40:08,481][utils.model][INFO] - Step 29/40 - val_loss: 0.4171 - val_accuracy: 0.8758
[2024-06-22 14:40:08,501][utils.model][INFO] - Step 30/40 - val_loss: 0.4158 - val_accuracy: 0.8760
[2024-06-22 14:40:08,519][utils.model][INFO] - Step 31/40 - val_loss: 0.4131 - val_accuracy: 0.8766
[2024-06-22 14:40:08,539][utils.model][INFO] - Step 32/40 - val_loss: 0.4088 - val_accuracy: 0.8773
[2024-06-22 14:40:08,556][utils.model][INFO] - Step 33/40 - val_loss: 0.4055 - val_accuracy: 0.8784
[2024-06-22 14:40:08,579][utils.model][INFO] - Step 34/40 - val_loss: 0.4001 - val_accuracy: 0.8797
[2024-06-22 14:40:08,599][utils.model][INFO] - Step 35/40 - val_loss: 0.3922 - val_accuracy: 0.8827
[2024-06-22 14:40:08,618][utils.model][INFO] - Step 36/40 - val_loss: 0.3892 - val_accuracy: 0.8841
[2024-06-22 14:40:08,638][utils.model][INFO] - Step 37/40 - val_loss: 0.3848 - val_accuracy: 0.8860
[2024-06-22 14:40:08,657][utils.model][INFO] - Step 38/40 - val_loss: 0.3856 - val_accuracy: 0.8855
[2024-06-22 14:40:08,675][utils.model][INFO] - Step 39/40 - val_loss: 0.3903 - val_accuracy: 0.8839
[2024-06-22 14:40:08,684][utils.model][INFO] - Step 40/40 - val_loss: 0.3881 - val_accuracy: 0.8839
[2024-06-22 14:40:08,686][utils.model][INFO] - Evaluation Results - Val Loss: 0.3881, Val Accuracy: 0.8839 in 40 steps
[2024-06-22 14:40:08,687][flwr][INFO] - fit progress: (2, 0.38807604, {'accuracy': 0.8839}, 19.226567130011972)
[2024-06-22 14:40:08,688][flwr][DEBUG] - evaluate_round 2: strategy sampled 4 clients (out of 4)
[2024-06-22 14:40:09,239][flwr][DEBUG] - evaluate_round 2 received 4 results and 0 failures
[2024-06-22 14:40:09,242][root][INFO] - Epoch data saved to /home/psklavos/fl/geom_aio/csv_logs/exp_20240622_143939/clients/client_0/epoch.csv
[2024-06-22 14:40:09,322][root][INFO] - Batch data saved to /home/psklavos/fl/geom_aio/csv_logs/exp_20240622_143939/clients/client_0/batch.csv
[2024-06-22 14:40:09,323][root][INFO] - Server data saved to /home/psklavos/fl/geom_aio/csv_logs/exp_20240622_143939/server/server.csv
[2024-06-22 14:40:14,069][flwr][DEBUG] - fit_round 3: strategy sampled 4 clients (out of 4)
[2024-06-22 14:40:23,071][flwr][DEBUG] - fit_round 3 received 4 results and 0 failures
[2024-06-22 14:40:23,168][utils.model][INFO] - LeNet model built
[2024-06-22 14:40:23,338][utils.model][INFO] - Size of serialized model: 279.0341796875 kbytes
[2024-06-22 14:40:23,379][utils.model][INFO] - Step 1/40 - val_loss: 0.1097 - val_accuracy: 0.9766
[2024-06-22 14:40:23,401][utils.model][INFO] - Step 2/40 - val_loss: 0.1681 - val_accuracy: 0.9473
[2024-06-22 14:40:23,427][utils.model][INFO] - Step 3/40 - val_loss: 0.1831 - val_accuracy: 0.9414
[2024-06-22 14:40:23,449][utils.model][INFO] - Step 4/40 - val_loss: 0.1755 - val_accuracy: 0.9443
[2024-06-22 14:40:23,471][utils.model][INFO] - Step 5/40 - val_loss: 0.1993 - val_accuracy: 0.9336
[2024-06-22 14:40:23,491][utils.model][INFO] - Step 6/40 - val_loss: 0.2071 - val_accuracy: 0.9329
[2024-06-22 14:40:23,513][utils.model][INFO] - Step 7/40 - val_loss: 0.2127 - val_accuracy: 0.9342
[2024-06-22 14:40:23,540][utils.model][INFO] - Step 8/40 - val_loss: 0.2146 - val_accuracy: 0.9351
[2024-06-22 14:40:23,566][utils.model][INFO] - Step 9/40 - val_loss: 0.2251 - val_accuracy: 0.9323
[2024-06-22 14:40:23,591][utils.model][INFO] - Step 10/40 - val_loss: 0.2214 - val_accuracy: 0.9324
[2024-06-22 14:40:23,615][utils.model][INFO] - Step 11/40 - val_loss: 0.2193 - val_accuracy: 0.9325
[2024-06-22 14:40:23,639][utils.model][INFO] - Step 12/40 - val_loss: 0.2173 - val_accuracy: 0.9336
[2024-06-22 14:40:23,664][utils.model][INFO] - Step 13/40 - val_loss: 0.2151 - val_accuracy: 0.9336
[2024-06-22 14:40:23,686][utils.model][INFO] - Step 14/40 - val_loss: 0.2135 - val_accuracy: 0.9339
[2024-06-22 14:40:23,706][utils.model][INFO] - Step 15/40 - val_loss: 0.2178 - val_accuracy: 0.9326
[2024-06-22 14:40:23,727][utils.model][INFO] - Step 16/40 - val_loss: 0.2212 - val_accuracy: 0.9321
[2024-06-22 14:40:23,745][utils.model][INFO] - Step 17/40 - val_loss: 0.2234 - val_accuracy: 0.9299
[2024-06-22 14:40:23,764][utils.model][INFO] - Step 18/40 - val_loss: 0.2236 - val_accuracy: 0.9306
[2024-06-22 14:40:23,781][utils.model][INFO] - Step 19/40 - val_loss: 0.2229 - val_accuracy: 0.9305
[2024-06-22 14:40:23,798][utils.model][INFO] - Step 20/40 - val_loss: 0.2214 - val_accuracy: 0.9309
[2024-06-22 14:40:23,818][utils.model][INFO] - Step 21/40 - val_loss: 0.2151 - val_accuracy: 0.9325
[2024-06-22 14:40:23,839][utils.model][INFO] - Step 22/40 - val_loss: 0.2079 - val_accuracy: 0.9350
[2024-06-22 14:40:23,859][utils.model][INFO] - Step 23/40 - val_loss: 0.2043 - val_accuracy: 0.9360
[2024-06-22 14:40:23,881][utils.model][INFO] - Step 24/40 - val_loss: 0.2052 - val_accuracy: 0.9352
[2024-06-22 14:40:23,902][utils.model][INFO] - Step 25/40 - val_loss: 0.2000 - val_accuracy: 0.9372
[2024-06-22 14:40:23,922][utils.model][INFO] - Step 26/40 - val_loss: 0.2004 - val_accuracy: 0.9373
[2024-06-22 14:40:23,942][utils.model][INFO] - Step 27/40 - val_loss: 0.1975 - val_accuracy: 0.9382
[2024-06-22 14:40:23,959][utils.model][INFO] - Step 28/40 - val_loss: 0.1928 - val_accuracy: 0.9399
[2024-06-22 14:40:23,976][utils.model][INFO] - Step 29/40 - val_loss: 0.1883 - val_accuracy: 0.9417
[2024-06-22 14:40:23,994][utils.model][INFO] - Step 30/40 - val_loss: 0.1870 - val_accuracy: 0.9415
[2024-06-22 14:40:24,011][utils.model][INFO] - Step 31/40 - val_loss: 0.1847 - val_accuracy: 0.9423
[2024-06-22 14:40:24,028][utils.model][INFO] - Step 32/40 - val_loss: 0.1813 - val_accuracy: 0.9432
[2024-06-22 14:40:24,047][utils.model][INFO] - Step 33/40 - val_loss: 0.1789 - val_accuracy: 0.9442
[2024-06-22 14:40:24,065][utils.model][INFO] - Step 34/40 - val_loss: 0.1750 - val_accuracy: 0.9455
[2024-06-22 14:40:24,084][utils.model][INFO] - Step 35/40 - val_loss: 0.1706 - val_accuracy: 0.9470
[2024-06-22 14:40:24,106][utils.model][INFO] - Step 36/40 - val_loss: 0.1690 - val_accuracy: 0.9478
[2024-06-22 14:40:24,131][utils.model][INFO] - Step 37/40 - val_loss: 0.1659 - val_accuracy: 0.9488
[2024-06-22 14:40:24,152][utils.model][INFO] - Step 38/40 - val_loss: 0.1661 - val_accuracy: 0.9487
[2024-06-22 14:40:24,174][utils.model][INFO] - Step 39/40 - val_loss: 0.1704 - val_accuracy: 0.9474
[2024-06-22 14:40:24,186][utils.model][INFO] - Step 40/40 - val_loss: 0.1686 - val_accuracy: 0.9473
[2024-06-22 14:40:24,188][utils.model][INFO] - Evaluation Results - Val Loss: 0.1686, Val Accuracy: 0.9473 in 40 steps
[2024-06-22 14:40:24,189][flwr][INFO] - fit progress: (3, 0.16863278, {'accuracy': 0.9473}, 34.728345344017725)
[2024-06-22 14:40:24,189][flwr][DEBUG] - evaluate_round 3: strategy sampled 4 clients (out of 4)
[2024-06-22 14:40:24,748][flwr][DEBUG] - evaluate_round 3 received 4 results and 0 failures
[2024-06-22 14:40:24,751][root][INFO] - Epoch data saved to /home/psklavos/fl/geom_aio/csv_logs/exp_20240622_143939/clients/client_0/epoch.csv
[2024-06-22 14:40:24,881][root][INFO] - Batch data saved to /home/psklavos/fl/geom_aio/csv_logs/exp_20240622_143939/clients/client_0/batch.csv
[2024-06-22 14:40:24,882][root][INFO] - Server data saved to /home/psklavos/fl/geom_aio/csv_logs/exp_20240622_143939/server/server.csv
[2024-06-22 14:40:24,882][flwr][INFO] - FL finished in 35.42162225799984
[2024-06-22 14:40:24,883][flwr][INFO] - app_fit: losses_distributed [(1, 1.2045641839504242), (2, 0.4003371298313141), (3, 0.17761816084384918)]
[2024-06-22 14:40:24,883][flwr][INFO] - app_fit: metrics_distributed_fit {'average_norm': [(1, 5.1523895263671875), (2, 5.029879093170166), (3, 5.003208160400391)], 'round_time': [(1, 5.520092309910645), (2, 6.179350234144897), (3, 12.027804434516234)], 'average_downlink_time': [(1, 0.9542530252499999), (2, 0.41569534125), (3, 0.88914794375)], 'average_rtc_check_time': [(1, 0.1473728257624316), (2, 0.38195486117183464), (3, 0.7492242196094594)], 'average_uplink_time': [(1, 0.079212159), (2, 0.05054022650000001), (3, 0.04661663075)], 'average_computation_time': [(1, 1.9652615785598755), (2, 4.442804276943207), (3, 7.735246300697327)], 'average_communication_time': [(1, 1.1808380100124314), (2, 0.8481904289218347), (3, 1.6849887941094592)], 'average_fit_time': [(1, 2.28537255525589), (2, 5.107484996318817), (3, 8.968996524810791)], 'average_throughput': [(1, 29.68416172165543), (2, 55.887809039424994), (3, 82.49119043012666)], 'dropouts': [(1, 0), (2, 0), (3, 0)]}
[2024-06-22 14:40:24,883][flwr][INFO] - app_fit: metrics_distributed {'accuracy': [(1, 0.7205000072717667), (2, 0.8786666691303253), (3, 0.9498333483934402)]}
[2024-06-22 14:40:24,883][flwr][INFO] - app_fit: losses_centralized [(0, 2.3302608), (1, 1.1886129), (2, 0.38807604), (3, 0.16863278)]
[2024-06-22 14:40:24,883][flwr][INFO] - app_fit: metrics_centralized {'accuracy': [(0, 0.1178), (1, 0.7202), (2, 0.8839), (3, 0.9473)]}
