[2024-06-22 14:39:47,614][utils.model][INFO] - LeNet model built
[2024-06-22 14:39:47,961][utils.model][INFO] - Size of serialized model: 279.0341796875 kbytes
[2024-06-22 14:39:47,980][flwr][INFO] - Opened insecure gRPC connection (no certificates were passed)
[2024-06-22 14:39:47,985][flwr][DEBUG] - ChannelConnectivity.IDLE
[2024-06-22 14:39:47,986][flwr][DEBUG] - ChannelConnectivity.CONNECTING
[2024-06-22 14:39:47,988][flwr][DEBUG] - ChannelConnectivity.READY
[2024-06-22 14:39:48,147][utils.model][INFO] - LeNet model built
[2024-06-22 14:39:48,488][utils.model][INFO] - Size of serialized model: 279.0341796875 kbytes
[2024-06-22 14:39:48,508][flwr][INFO] - Opened insecure gRPC connection (no certificates were passed)
[2024-06-22 14:39:48,515][flwr][DEBUG] - ChannelConnectivity.IDLE
[2024-06-22 14:39:48,517][flwr][DEBUG] - ChannelConnectivity.CONNECTING
[2024-06-22 14:39:48,518][flwr][DEBUG] - ChannelConnectivity.READY
[2024-06-22 14:39:48,649][utils.model][INFO] - LeNet model built
[2024-06-22 14:39:49,000][utils.model][INFO] - Size of serialized model: 279.0341796875 kbytes
[2024-06-22 14:39:49,009][flwr][INFO] - Opened insecure gRPC connection (no certificates were passed)
[2024-06-22 14:39:49,014][flwr][DEBUG] - ChannelConnectivity.IDLE
[2024-06-22 14:39:49,017][flwr][DEBUG] - ChannelConnectivity.CONNECTING
[2024-06-22 14:39:49,020][flwr][DEBUG] - ChannelConnectivity.READY
[2024-06-22 14:39:54,020][utils.model][INFO] - ========================== Epoch Start ==========================
[2024-06-22 14:39:54,022][utils.model][INFO] - ========================== Epoch Start ==========================
[2024-06-22 14:39:54,026][utils.model][INFO] - ========================== Epoch Start ==========================
[2024-06-22 14:39:54,511][utils.model][INFO] - (In epoch/Overall): (1/1)| inst_loss: 0.4867 - Mean loss: 2.3567 - acc: 0.1250 - norm: 0.24 - 2.36s
[2024-06-22 14:39:54,511][utils.model][INFO] - (In epoch/Overall): (1/1)| inst_loss: 0.4834 - Mean loss: 2.3499 - acc: 0.1250 - norm: 0.24 - 2.35s
[2024-06-22 14:39:54,511][utils.model][INFO] - (In epoch/Overall): (1/1)| inst_loss: 0.4891 - Mean loss: 2.3837 - acc: 0.0938 - norm: 0.25 - 2.38s
[2024-06-22 14:39:55,279][utils.model][INFO] - (In epoch/Overall): (11/11)| inst_loss: 1.2570 - Mean loss: 2.1610 - acc: 0.2585 - norm: 1.70 - 1.92s
[2024-06-22 14:39:55,279][utils.model][INFO] - (In epoch/Overall): (11/11)| inst_loss: 1.2513 - Mean loss: 2.1426 - acc: 0.2869 - norm: 1.63 - 1.84s
[2024-06-22 14:39:55,279][utils.model][INFO] - (In epoch/Overall): (11/11)| inst_loss: 1.2550 - Mean loss: 2.1775 - acc: 0.2841 - norm: 1.64 - 1.95s
[2024-06-22 14:39:55,888][utils.model][INFO] - (In epoch/Overall): (21/21)| inst_loss: 1.8643 - Mean loss: 1.9137 - acc: 0.4077 - norm: 4.20 - 1.38s
[2024-06-22 14:39:55,888][utils.model][INFO] - (In epoch/Overall): (21/21)| inst_loss: 1.8667 - Mean loss: 1.9212 - acc: 0.3899 - norm: 3.89 - 1.57s
[2024-06-22 14:39:55,888][utils.model][INFO] - (In epoch/Overall): (21/21)| inst_loss: 1.8610 - Mean loss: 1.9683 - acc: 0.3616 - norm: 3.55 - 1.72s
[2024-06-22 14:39:56,306][utils.model][INFO] - Epoch Results:
[2024-06-22 14:39:56,306][utils.model][INFO] - Epoch Results:
[2024-06-22 14:39:56,306][utils.model][INFO] - Epoch Results:
[2024-06-22 14:39:56,309][utils.model][INFO] - (In epoch/Overall): (28/28)| inst_loss: 1.3362 - Mean loss: 1.7800 - acc: 0.4397 - norm: 5.14 - 2.29s
[2024-06-22 14:39:56,310][utils.model][INFO] - (In epoch/Overall): (28/28)| inst_loss: 1.1335 - Mean loss: 1.8184 - acc: 0.4241 - norm: 4.78 - 2.28s
[2024-06-22 14:39:56,310][utils.model][INFO] - (In epoch/Overall): (28/28)| inst_loss: 1.1872 - Mean loss: 1.7444 - acc: 0.4665 - norm: 5.60 - 2.29s
[2024-06-22 14:39:57,923][utils.model][INFO] - Evaluation Results - Val Loss: 1.2037, Val Accuracy: 0.7153 in 24 steps
[2024-06-22 14:39:57,929][utils.model][INFO] - Evaluation Results - Val Loss: 1.2162, Val Accuracy: 0.7193 in 24 steps
[2024-06-22 14:39:57,935][utils.model][INFO] - Evaluation Results - Val Loss: 1.2149, Val Accuracy: 0.7153 in 24 steps
[2024-06-22 14:40:02,565][utils.model][INFO] - ========================== Epoch Start ==========================
[2024-06-22 14:40:02,565][utils.model][INFO] - ========================== Epoch Start ==========================
[2024-06-22 14:40:02,568][utils.model][INFO] - ========================== Epoch Start ==========================
[2024-06-22 14:40:02,674][utils.model][INFO] - (In epoch/Overall): (1/29)| inst_loss: 0.1073 - Mean loss: 1.3681 - acc: 0.6562 - norm: 0.09 - 1.37s
[2024-06-22 14:40:02,674][utils.model][INFO] - (In epoch/Overall): (1/29)| inst_loss: 0.1041 - Mean loss: 1.1360 - acc: 0.7812 - norm: 0.06 - 1.14s
[2024-06-22 14:40:02,674][utils.model][INFO] - (In epoch/Overall): (1/29)| inst_loss: 0.1073 - Mean loss: 1.2272 - acc: 0.7188 - norm: 0.07 - 1.23s
[2024-06-22 14:40:03,347][utils.model][INFO] - (In epoch/Overall): (11/39)| inst_loss: 0.7807 - Mean loss: 0.9914 - acc: 0.7102 - norm: 0.54 - 0.82s
[2024-06-22 14:40:03,348][utils.model][INFO] - (In epoch/Overall): (11/39)| inst_loss: 0.7777 - Mean loss: 1.0593 - acc: 0.6761 - norm: 0.53 - 0.90s
[2024-06-22 14:40:03,348][utils.model][INFO] - (In epoch/Overall): (11/39)| inst_loss: 0.7808 - Mean loss: 1.0663 - acc: 0.6761 - norm: 0.60 - 1.02s
[2024-06-22 14:40:04,025][utils.model][INFO] - (In epoch/Overall): (21/49)| inst_loss: 1.4547 - Mean loss: 0.9207 - acc: 0.7232 - norm: 1.05 - 0.79s
[2024-06-22 14:40:04,025][utils.model][INFO] - (In epoch/Overall): (21/49)| inst_loss: 1.4578 - Mean loss: 0.9424 - acc: 0.7247 - norm: 1.06 - 0.86s
[2024-06-22 14:40:04,026][utils.model][INFO] - (In epoch/Overall): (21/49)| inst_loss: 1.4578 - Mean loss: 0.9817 - acc: 0.6815 - norm: 1.20 - 1.05s
[2024-06-22 14:40:04,672][utils.model][INFO] - (In epoch/Overall): (31/59)| inst_loss: 2.1036 - Mean loss: 0.8918 - acc: 0.7107 - norm: 1.81 - 0.86s
[2024-06-22 14:40:04,672][utils.model][INFO] - (In epoch/Overall): (31/59)| inst_loss: 2.1007 - Mean loss: 0.9145 - acc: 0.7238 - norm: 1.65 - 0.97s
[2024-06-22 14:40:04,672][utils.model][INFO] - (In epoch/Overall): (31/59)| inst_loss: 2.1041 - Mean loss: 0.8943 - acc: 0.7248 - norm: 1.64 - 0.71s
[2024-06-22 14:40:05,310][utils.model][INFO] - (In epoch/Overall): (41/69)| inst_loss: 2.7423 - Mean loss: 0.8156 - acc: 0.7500 - norm: 2.43 - 0.47s
[2024-06-22 14:40:05,310][utils.model][INFO] - (In epoch/Overall): (41/69)| inst_loss: 2.7419 - Mean loss: 0.8465 - acc: 0.7195 - norm: 2.46 - 0.71s
[2024-06-22 14:40:05,311][utils.model][INFO] - (In epoch/Overall): (41/69)| inst_loss: 2.7390 - Mean loss: 0.8514 - acc: 0.7416 - norm: 2.31 - 0.57s
[2024-06-22 14:40:05,996][utils.model][INFO] - (In epoch/Overall): (51/79)| inst_loss: 3.4287 - Mean loss: 0.8032 - acc: 0.7359 - norm: 3.08 - 0.50s
[2024-06-22 14:40:05,996][utils.model][INFO] - (In epoch/Overall): (51/79)| inst_loss: 3.4288 - Mean loss: 0.7756 - acc: 0.7610 - norm: 3.14 - 0.74s
[2024-06-22 14:40:05,997][utils.model][INFO] - (In epoch/Overall): (51/79)| inst_loss: 3.4257 - Mean loss: 0.7907 - acc: 0.7616 - norm: 2.92 - 0.43s
[2024-06-22 14:40:06,623][utils.model][INFO] - (In epoch/Overall): (61/89)| inst_loss: 4.0554 - Mean loss: 0.7481 - acc: 0.7546 - norm: 3.78 - 0.26s
[2024-06-22 14:40:06,623][utils.model][INFO] - (In epoch/Overall): (61/89)| inst_loss: 4.0557 - Mean loss: 0.7411 - acc: 0.7705 - norm: 3.92 - 0.43s
[2024-06-22 14:40:06,623][utils.model][INFO] - (In epoch/Overall): (61/89)| inst_loss: 4.0524 - Mean loss: 0.7594 - acc: 0.7705 - norm: 3.73 - 0.63s
[2024-06-22 14:40:07,179][utils.model][INFO] - (In epoch/Overall): (71/99)| inst_loss: 4.6124 - Mean loss: 0.7195 - acc: 0.7619 - norm: 4.52 - 0.80s
[2024-06-22 14:40:07,180][utils.model][INFO] - (In epoch/Overall): (71/99)| inst_loss: 4.6128 - Mean loss: 0.6929 - acc: 0.7883 - norm: 4.67 - 0.44s
[2024-06-22 14:40:07,180][utils.model][INFO] - (In epoch/Overall): (71/99)| inst_loss: 4.6097 - Mean loss: 0.7199 - acc: 0.7786 - norm: 4.36 - 0.50s
[2024-06-22 14:40:07,671][utils.model][INFO] - Epoch Results:
[2024-06-22 14:40:07,673][utils.model][INFO] - Epoch Results:
[2024-06-22 14:40:07,673][utils.model][INFO] - Epoch Results:
[2024-06-22 14:40:07,676][utils.model][INFO] - (In epoch/Overall): (78/106)| inst_loss: 0.5083 - Mean loss: 0.6747 - acc: 0.7941 - norm: 5.16 - 5.11s
[2024-06-22 14:40:07,676][utils.model][INFO] - (In epoch/Overall): (78/106)| inst_loss: 0.6829 - Mean loss: 0.6937 - acc: 0.7692 - norm: 5.09 - 5.11s
[2024-06-22 14:40:07,676][utils.model][INFO] - (In epoch/Overall): (78/106)| inst_loss: 0.6204 - Mean loss: 0.6991 - acc: 0.7857 - norm: 5.00 - 5.10s
[2024-06-22 14:40:09,232][utils.model][INFO] - Evaluation Results - Val Loss: 0.3970, Val Accuracy: 0.8813 in 24 steps
[2024-06-22 14:40:09,233][utils.model][INFO] - Evaluation Results - Val Loss: 0.4093, Val Accuracy: 0.8673 in 24 steps
[2024-06-22 14:40:09,234][utils.model][INFO] - Evaluation Results - Val Loss: 0.3978, Val Accuracy: 0.8793 in 24 steps
[2024-06-22 14:40:14,080][utils.model][INFO] - ========================== Epoch Start ==========================
[2024-06-22 14:40:14,084][utils.model][INFO] - ========================== Epoch Start ==========================
[2024-06-22 14:40:14,085][utils.model][INFO] - ========================== Epoch Start ==========================
[2024-06-22 14:40:14,204][utils.model][INFO] - (In epoch/Overall): (1/107)| inst_loss: 0.1159 - Mean loss: 0.3688 - acc: 0.9375 - norm: 0.03 - 0.37s
[2024-06-22 14:40:14,204][utils.model][INFO] - (In epoch/Overall): (1/107)| inst_loss: 0.1169 - Mean loss: 0.4491 - acc: 0.8750 - norm: 0.04 - 0.45s
[2024-06-22 14:40:14,204][utils.model][INFO] - (In epoch/Overall): (1/107)| inst_loss: 0.1207 - Mean loss: 0.4926 - acc: 0.8125 - norm: 0.03 - 0.49s
[2024-06-22 14:40:15,100][utils.model][INFO] - (In epoch/Overall): (11/117)| inst_loss: 1.0167 - Mean loss: 0.4910 - acc: 0.8352 - norm: 0.23 - 0.54s
[2024-06-22 14:40:15,100][utils.model][INFO] - (In epoch/Overall): (11/117)| inst_loss: 1.0129 - Mean loss: 0.3814 - acc: 0.8864 - norm: 0.20 - 0.23s
[2024-06-22 14:40:15,101][utils.model][INFO] - (In epoch/Overall): (11/117)| inst_loss: 1.0126 - Mean loss: 0.3605 - acc: 0.8892 - norm: 0.20 - 0.34s
[2024-06-22 14:40:15,835][utils.model][INFO] - (In epoch/Overall): (21/127)| inst_loss: 1.7492 - Mean loss: 0.3829 - acc: 0.8735 - norm: 0.38 - 0.25s
[2024-06-22 14:40:15,835][utils.model][INFO] - (In epoch/Overall): (21/127)| inst_loss: 1.7532 - Mean loss: 0.4581 - acc: 0.8438 - norm: 0.37 - 0.32s
[2024-06-22 14:40:15,836][utils.model][INFO] - (In epoch/Overall): (21/127)| inst_loss: 1.7482 - Mean loss: 0.3872 - acc: 0.8824 - norm: 0.40 - 0.35s
[2024-06-22 14:40:16,414][utils.model][INFO] - (In epoch/Overall): (31/137)| inst_loss: 2.3288 - Mean loss: 0.4111 - acc: 0.8669 - norm: 0.68 - 0.32s
[2024-06-22 14:40:16,415][utils.model][INFO] - (In epoch/Overall): (31/137)| inst_loss: 2.3326 - Mean loss: 0.4022 - acc: 0.8619 - norm: 0.55 - 0.13s
[2024-06-22 14:40:16,415][utils.model][INFO] - (In epoch/Overall): (31/137)| inst_loss: 2.3285 - Mean loss: 0.4002 - acc: 0.8770 - norm: 0.70 - 0.36s
[2024-06-22 14:40:17,110][utils.model][INFO] - (In epoch/Overall): (41/147)| inst_loss: 3.0231 - Mean loss: 0.4021 - acc: 0.8735 - norm: 0.96 - 0.41s
[2024-06-22 14:40:17,110][utils.model][INFO] - (In epoch/Overall): (41/147)| inst_loss: 3.0267 - Mean loss: 0.3954 - acc: 0.8636 - norm: 0.82 - 0.65s
[2024-06-22 14:40:17,111][utils.model][INFO] - (In epoch/Overall): (41/147)| inst_loss: 3.0224 - Mean loss: 0.4006 - acc: 0.8773 - norm: 0.96 - 0.24s
[2024-06-22 14:40:17,705][utils.model][INFO] - (In epoch/Overall): (51/157)| inst_loss: 3.6199 - Mean loss: 0.3874 - acc: 0.8793 - norm: 1.24 - 0.30s
[2024-06-22 14:40:17,705][utils.model][INFO] - (In epoch/Overall): (51/157)| inst_loss: 3.6192 - Mean loss: 0.3802 - acc: 0.8866 - norm: 1.27 - 0.29s
[2024-06-22 14:40:17,706][utils.model][INFO] - (In epoch/Overall): (51/157)| inst_loss: 3.6238 - Mean loss: 0.3873 - acc: 0.8664 - norm: 1.13 - 0.47s
[2024-06-22 14:40:18,309][utils.model][INFO] - (In epoch/Overall): (61/167)| inst_loss: 4.2272 - Mean loss: 0.3809 - acc: 0.8730 - norm: 1.49 - 0.47s
[2024-06-22 14:40:18,309][utils.model][INFO] - (In epoch/Overall): (61/167)| inst_loss: 4.2230 - Mean loss: 0.3706 - acc: 0.8924 - norm: 1.60 - 0.16s
[2024-06-22 14:40:18,310][utils.model][INFO] - (In epoch/Overall): (61/167)| inst_loss: 4.2238 - Mean loss: 0.3877 - acc: 0.8770 - norm: 1.56 - 0.29s
[2024-06-22 14:40:18,896][utils.model][INFO] - (In epoch/Overall): (71/177)| inst_loss: 4.8096 - Mean loss: 0.3607 - acc: 0.8957 - norm: 2.04 - 0.11s
[2024-06-22 14:40:18,896][utils.model][INFO] - (In epoch/Overall): (71/177)| inst_loss: 4.8103 - Mean loss: 0.3746 - acc: 0.8812 - norm: 1.90 - 0.27s
[2024-06-22 14:40:18,897][utils.model][INFO] - (In epoch/Overall): (71/177)| inst_loss: 4.8137 - Mean loss: 0.3741 - acc: 0.8763 - norm: 1.91 - 0.15s
[2024-06-22 14:40:19,525][utils.model][INFO] - (In epoch/Overall): (81/187)| inst_loss: 5.4392 - Mean loss: 0.3658 - acc: 0.8846 - norm: 2.34 - 0.25s
[2024-06-22 14:40:19,525][utils.model][INFO] - (In epoch/Overall): (81/187)| inst_loss: 5.4429 - Mean loss: 0.3753 - acc: 0.8762 - norm: 2.36 - 0.29s
[2024-06-22 14:40:19,525][utils.model][INFO] - (In epoch/Overall): (81/187)| inst_loss: 5.4385 - Mean loss: 0.3619 - acc: 0.8962 - norm: 2.40 - 0.10s
[2024-06-22 14:40:20,113][utils.model][INFO] - (In epoch/Overall): (91/197)| inst_loss: 6.0266 - Mean loss: 0.3641 - acc: 0.8939 - norm: 2.71 - 0.17s
[2024-06-22 14:40:20,113][utils.model][INFO] - (In epoch/Overall): (91/197)| inst_loss: 6.0274 - Mean loss: 0.3564 - acc: 0.8863 - norm: 2.75 - 0.21s
[2024-06-22 14:40:20,114][utils.model][INFO] - (In epoch/Overall): (91/197)| inst_loss: 6.0313 - Mean loss: 0.3668 - acc: 0.8808 - norm: 2.89 - 0.39s
[2024-06-22 14:40:20,724][utils.model][INFO] - (In epoch/Overall): (101/207)| inst_loss: 6.6418 - Mean loss: 0.3499 - acc: 0.8868 - norm: 3.28 - 0.22s
[2024-06-22 14:40:20,724][utils.model][INFO] - (In epoch/Overall): (101/207)| inst_loss: 6.6376 - Mean loss: 0.3613 - acc: 0.8954 - norm: 3.26 - 0.17s
[2024-06-22 14:40:20,724][utils.model][INFO] - (In epoch/Overall): (101/207)| inst_loss: 6.6384 - Mean loss: 0.3499 - acc: 0.8883 - norm: 3.21 - 0.33s
[2024-06-22 14:40:21,385][utils.model][INFO] - (In epoch/Overall): (111/217)| inst_loss: 7.3024 - Mean loss: 0.3449 - acc: 0.8888 - norm: 3.80 - 0.20s
[2024-06-22 14:40:21,385][utils.model][INFO] - (In epoch/Overall): (111/217)| inst_loss: 7.2982 - Mean loss: 0.3546 - acc: 0.8967 - norm: 3.84 - 0.13s
[2024-06-22 14:40:21,386][utils.model][INFO] - (In epoch/Overall): (111/217)| inst_loss: 7.2992 - Mean loss: 0.3459 - acc: 0.8894 - norm: 3.73 - 0.31s
[2024-06-22 14:40:22,078][utils.model][INFO] - (In epoch/Overall): (121/227)| inst_loss: 7.9926 - Mean loss: 0.3428 - acc: 0.8908 - norm: 4.23 - 0.33s
[2024-06-22 14:40:22,078][utils.model][INFO] - (In epoch/Overall): (121/227)| inst_loss: 7.9961 - Mean loss: 0.3475 - acc: 0.8887 - norm: 4.37 - 0.31s
[2024-06-22 14:40:22,079][utils.model][INFO] - (In epoch/Overall): (121/227)| inst_loss: 7.9922 - Mean loss: 0.3494 - acc: 0.8982 - norm: 4.36 - 0.16s
[2024-06-22 14:40:22,684][utils.model][INFO] - (In epoch/Overall): (131/237)| inst_loss: 8.5981 - Mean loss: 0.3378 - acc: 0.8929 - norm: 4.74 - 0.22s
[2024-06-22 14:40:22,684][utils.model][INFO] - (In epoch/Overall): (131/237)| inst_loss: 8.6018 - Mean loss: 0.3385 - acc: 0.8919 - norm: 4.94 - 0.16s
[2024-06-22 14:40:22,684][utils.model][INFO] - (In epoch/Overall): (131/237)| inst_loss: 8.5977 - Mean loss: 0.3453 - acc: 0.9005 - norm: 4.87 - 0.16s
[2024-06-22 14:40:23,049][utils.model][INFO] - Epoch Results:
[2024-06-22 14:40:23,050][utils.model][INFO] - Epoch Results:
[2024-06-22 14:40:23,052][utils.model][INFO] - Epoch Results:
[2024-06-22 14:40:23,056][utils.model][INFO] - (In epoch/Overall): (134/240)| inst_loss: 0.1342 - Mean loss: 0.3413 - acc: 0.9018 - norm: 4.99 - 8.97s
[2024-06-22 14:40:23,058][utils.model][INFO] - (In epoch/Overall): (134/240)| inst_loss: 0.1127 - Mean loss: 0.3374 - acc: 0.8923 - norm: 5.09 - 8.97s
[2024-06-22 14:40:23,058][utils.model][INFO] - (In epoch/Overall): (134/240)| inst_loss: 0.4390 - Mean loss: 0.3352 - acc: 0.8937 - norm: 4.87 - 8.97s
[2024-06-22 14:40:24,740][utils.model][INFO] - Evaluation Results - Val Loss: 0.1755, Val Accuracy: 0.9567 in 24 steps
[2024-06-22 14:40:24,744][utils.model][INFO] - Evaluation Results - Val Loss: 0.1790, Val Accuracy: 0.9487 in 24 steps
[2024-06-22 14:40:24,744][utils.model][INFO] - Evaluation Results - Val Loss: 0.1740, Val Accuracy: 0.9453 in 24 steps
[2024-06-22 14:40:24,891][flwr][DEBUG] - gRPC channel closed
[2024-06-22 14:40:24,891][flwr][DEBUG] - gRPC channel closed
[2024-06-22 14:40:24,891][flwr][DEBUG] - gRPC channel closed
[2024-06-22 14:40:24,891][flwr][INFO] - Disconnect and shut down
[2024-06-22 14:40:24,891][flwr][INFO] - Disconnect and shut down
[2024-06-22 14:40:24,891][flwr][INFO] - Disconnect and shut down
