[2024-06-21 20:07:29,676][root][INFO] - Initialized DataManager for experiment exp_20240621_200729
[2024-06-21 20:07:29,686][root][INFO] - Info data saved to /home/psklavos/fl/geom_aio/csv_logs/exp_20240621_200729/info.csv
[2024-06-21 20:07:29,688][flwr][INFO] - Starting Flower server, config: ServerConfig(num_rounds=5, round_timeout=None)
[2024-06-21 20:07:29,691][flwr][INFO] - Flower ECE: gRPC server running (5 rounds), SSL is disabled
[2024-06-21 20:07:29,692][flwr][INFO] - Initializing global parameters
[2024-06-21 20:07:29,692][flwr][INFO] - Requesting initial parameters from one random client
[2024-06-21 20:07:31,406][flwr][INFO] - Received initial parameters from one random client
[2024-06-21 20:07:31,407][flwr][INFO] - Evaluating initial parameters
[2024-06-21 20:07:31,526][utils.model][INFO] - LeNet model built
[2024-06-21 20:07:31,737][utils.model][INFO] - Size of serialized model: 279.0341796875 kbytes
[2024-06-21 20:07:31,819][utils.model][INFO] - Step 1/40 - val_loss: 2.2996 - val_accuracy: 0.1523
[2024-06-21 20:07:31,844][utils.model][INFO] - Step 2/40 - val_loss: 2.3038 - val_accuracy: 0.1172
[2024-06-21 20:07:31,879][utils.model][INFO] - Step 3/40 - val_loss: 2.3006 - val_accuracy: 0.1276
[2024-06-21 20:07:31,905][utils.model][INFO] - Step 4/40 - val_loss: 2.3003 - val_accuracy: 0.1162
[2024-06-21 20:07:31,931][utils.model][INFO] - Step 5/40 - val_loss: 2.2991 - val_accuracy: 0.1250
[2024-06-21 20:07:31,952][utils.model][INFO] - Step 6/40 - val_loss: 2.2995 - val_accuracy: 0.1289
[2024-06-21 20:07:31,979][utils.model][INFO] - Step 7/40 - val_loss: 2.2989 - val_accuracy: 0.1306
[2024-06-21 20:07:32,003][utils.model][INFO] - Step 8/40 - val_loss: 2.2996 - val_accuracy: 0.1274
[2024-06-21 20:07:32,030][utils.model][INFO] - Step 9/40 - val_loss: 2.2989 - val_accuracy: 0.1289
[2024-06-21 20:07:32,055][utils.model][INFO] - Step 10/40 - val_loss: 2.2991 - val_accuracy: 0.1293
[2024-06-21 20:07:32,080][utils.model][INFO] - Step 11/40 - val_loss: 2.2999 - val_accuracy: 0.1239
[2024-06-21 20:07:32,104][utils.model][INFO] - Step 12/40 - val_loss: 2.3000 - val_accuracy: 0.1253
[2024-06-21 20:07:32,135][utils.model][INFO] - Step 13/40 - val_loss: 2.2994 - val_accuracy: 0.1259
[2024-06-21 20:07:32,166][utils.model][INFO] - Step 14/40 - val_loss: 2.2995 - val_accuracy: 0.1278
[2024-06-21 20:07:32,193][utils.model][INFO] - Step 15/40 - val_loss: 2.2995 - val_accuracy: 0.1263
[2024-06-21 20:07:32,221][utils.model][INFO] - Step 16/40 - val_loss: 2.3003 - val_accuracy: 0.1248
[2024-06-21 20:07:32,249][utils.model][INFO] - Step 17/40 - val_loss: 2.3011 - val_accuracy: 0.1222
[2024-06-21 20:07:32,275][utils.model][INFO] - Step 18/40 - val_loss: 2.3014 - val_accuracy: 0.1217
[2024-06-21 20:07:32,302][utils.model][INFO] - Step 19/40 - val_loss: 2.3014 - val_accuracy: 0.1207
[2024-06-21 20:07:32,332][utils.model][INFO] - Step 20/40 - val_loss: 2.3018 - val_accuracy: 0.1189
[2024-06-21 20:07:32,359][utils.model][INFO] - Step 21/40 - val_loss: 2.3018 - val_accuracy: 0.1187
[2024-06-21 20:07:32,390][utils.model][INFO] - Step 22/40 - val_loss: 2.3019 - val_accuracy: 0.1177
[2024-06-21 20:07:32,417][utils.model][INFO] - Step 23/40 - val_loss: 2.3019 - val_accuracy: 0.1168
[2024-06-21 20:07:32,442][utils.model][INFO] - Step 24/40 - val_loss: 2.3017 - val_accuracy: 0.1159
[2024-06-21 20:07:32,468][utils.model][INFO] - Step 25/40 - val_loss: 2.3018 - val_accuracy: 0.1144
[2024-06-21 20:07:32,490][utils.model][INFO] - Step 26/40 - val_loss: 2.3020 - val_accuracy: 0.1131
[2024-06-21 20:07:32,515][utils.model][INFO] - Step 27/40 - val_loss: 2.3017 - val_accuracy: 0.1134
[2024-06-21 20:07:32,539][utils.model][INFO] - Step 28/40 - val_loss: 2.3020 - val_accuracy: 0.1126
[2024-06-21 20:07:32,564][utils.model][INFO] - Step 29/40 - val_loss: 2.3022 - val_accuracy: 0.1119
[2024-06-21 20:07:32,589][utils.model][INFO] - Step 30/40 - val_loss: 2.3023 - val_accuracy: 0.1109
[2024-06-21 20:07:32,616][utils.model][INFO] - Step 31/40 - val_loss: 2.3025 - val_accuracy: 0.1096
[2024-06-21 20:07:32,643][utils.model][INFO] - Step 32/40 - val_loss: 2.3024 - val_accuracy: 0.1095
[2024-06-21 20:07:32,671][utils.model][INFO] - Step 33/40 - val_loss: 2.3023 - val_accuracy: 0.1100
[2024-06-21 20:07:32,701][utils.model][INFO] - Step 34/40 - val_loss: 2.3021 - val_accuracy: 0.1109
[2024-06-21 20:07:32,732][utils.model][INFO] - Step 35/40 - val_loss: 2.3022 - val_accuracy: 0.1103
[2024-06-21 20:07:32,762][utils.model][INFO] - Step 36/40 - val_loss: 2.3023 - val_accuracy: 0.1094
[2024-06-21 20:07:32,794][utils.model][INFO] - Step 37/40 - val_loss: 2.3024 - val_accuracy: 0.1094
[2024-06-21 20:07:32,821][utils.model][INFO] - Step 38/40 - val_loss: 2.3025 - val_accuracy: 0.1093
[2024-06-21 20:07:32,849][utils.model][INFO] - Step 39/40 - val_loss: 2.3025 - val_accuracy: 0.1088
[2024-06-21 20:07:32,860][utils.model][INFO] - Step 40/40 - val_loss: 2.3023 - val_accuracy: 0.1089
[2024-06-21 20:07:32,863][utils.model][INFO] - Evaluation Results - Val Loss: 2.3023, Val Accuracy: 0.1089 in 40 steps
[2024-06-21 20:07:32,868][flwr][INFO] - initial parameters (loss, other metrics): 2.3023033, {'accuracy': 0.1089}
[2024-06-21 20:07:32,869][flwr][INFO] - FL starting
[2024-06-21 20:07:35,871][flwr][DEBUG] - fit_round 1: strategy sampled 2 clients (out of 2)
[2024-06-21 20:07:38,439][flwr][DEBUG] - fit_round 1 received 2 results and 0 failures
[2024-06-21 20:07:38,512][utils.model][INFO] - LeNet model built
[2024-06-21 20:07:38,630][utils.model][INFO] - Size of serialized model: 279.0341796875 kbytes
[2024-06-21 20:07:38,672][utils.model][INFO] - Step 1/40 - val_loss: 0.6950 - val_accuracy: 0.8281
[2024-06-21 20:07:38,694][utils.model][INFO] - Step 2/40 - val_loss: 0.7510 - val_accuracy: 0.8066
[2024-06-21 20:07:38,718][utils.model][INFO] - Step 3/40 - val_loss: 0.7664 - val_accuracy: 0.8021
[2024-06-21 20:07:38,740][utils.model][INFO] - Step 4/40 - val_loss: 0.7626 - val_accuracy: 0.8037
[2024-06-21 20:07:38,763][utils.model][INFO] - Step 5/40 - val_loss: 0.7853 - val_accuracy: 0.7953
[2024-06-21 20:07:38,785][utils.model][INFO] - Step 6/40 - val_loss: 0.7915 - val_accuracy: 0.7891
[2024-06-21 20:07:38,806][utils.model][INFO] - Step 7/40 - val_loss: 0.8010 - val_accuracy: 0.7852
[2024-06-21 20:07:38,828][utils.model][INFO] - Step 8/40 - val_loss: 0.8020 - val_accuracy: 0.7827
[2024-06-21 20:07:38,849][utils.model][INFO] - Step 9/40 - val_loss: 0.8075 - val_accuracy: 0.7808
[2024-06-21 20:07:38,869][utils.model][INFO] - Step 10/40 - val_loss: 0.8021 - val_accuracy: 0.7809
[2024-06-21 20:07:38,887][utils.model][INFO] - Step 11/40 - val_loss: 0.7991 - val_accuracy: 0.7841
[2024-06-21 20:07:38,907][utils.model][INFO] - Step 12/40 - val_loss: 0.7922 - val_accuracy: 0.7868
[2024-06-21 20:07:38,928][utils.model][INFO] - Step 13/40 - val_loss: 0.7906 - val_accuracy: 0.7882
[2024-06-21 20:07:38,951][utils.model][INFO] - Step 14/40 - val_loss: 0.7923 - val_accuracy: 0.7860
[2024-06-21 20:07:38,970][utils.model][INFO] - Step 15/40 - val_loss: 0.7965 - val_accuracy: 0.7841
[2024-06-21 20:07:38,990][utils.model][INFO] - Step 16/40 - val_loss: 0.7952 - val_accuracy: 0.7842
[2024-06-21 20:07:39,016][utils.model][INFO] - Step 17/40 - val_loss: 0.7991 - val_accuracy: 0.7812
[2024-06-21 20:07:39,038][utils.model][INFO] - Step 18/40 - val_loss: 0.7987 - val_accuracy: 0.7826
[2024-06-21 20:07:39,060][utils.model][INFO] - Step 19/40 - val_loss: 0.7985 - val_accuracy: 0.7827
[2024-06-21 20:07:39,080][utils.model][INFO] - Step 20/40 - val_loss: 0.7953 - val_accuracy: 0.7824
[2024-06-21 20:07:39,098][utils.model][INFO] - Step 21/40 - val_loss: 0.7837 - val_accuracy: 0.7889
[2024-06-21 20:07:39,119][utils.model][INFO] - Step 22/40 - val_loss: 0.7739 - val_accuracy: 0.7931
[2024-06-21 20:07:39,141][utils.model][INFO] - Step 23/40 - val_loss: 0.7661 - val_accuracy: 0.7960
[2024-06-21 20:07:39,164][utils.model][INFO] - Step 24/40 - val_loss: 0.7650 - val_accuracy: 0.7959
[2024-06-21 20:07:39,185][utils.model][INFO] - Step 25/40 - val_loss: 0.7532 - val_accuracy: 0.8016
[2024-06-21 20:07:39,208][utils.model][INFO] - Step 26/40 - val_loss: 0.7498 - val_accuracy: 0.8038
[2024-06-21 20:07:39,228][utils.model][INFO] - Step 27/40 - val_loss: 0.7498 - val_accuracy: 0.8024
[2024-06-21 20:07:39,248][utils.model][INFO] - Step 28/40 - val_loss: 0.7413 - val_accuracy: 0.8062
[2024-06-21 20:07:39,269][utils.model][INFO] - Step 29/40 - val_loss: 0.7381 - val_accuracy: 0.8099
[2024-06-21 20:07:39,290][utils.model][INFO] - Step 30/40 - val_loss: 0.7407 - val_accuracy: 0.8087
[2024-06-21 20:07:39,315][utils.model][INFO] - Step 31/40 - val_loss: 0.7411 - val_accuracy: 0.8080
[2024-06-21 20:07:39,346][utils.model][INFO] - Step 32/40 - val_loss: 0.7357 - val_accuracy: 0.8098
[2024-06-21 20:07:39,371][utils.model][INFO] - Step 33/40 - val_loss: 0.7326 - val_accuracy: 0.8114
[2024-06-21 20:07:39,396][utils.model][INFO] - Step 34/40 - val_loss: 0.7258 - val_accuracy: 0.8140
[2024-06-21 20:07:39,422][utils.model][INFO] - Step 35/40 - val_loss: 0.7156 - val_accuracy: 0.8184
[2024-06-21 20:07:39,447][utils.model][INFO] - Step 36/40 - val_loss: 0.7146 - val_accuracy: 0.8194
[2024-06-21 20:07:39,470][utils.model][INFO] - Step 37/40 - val_loss: 0.7103 - val_accuracy: 0.8213
[2024-06-21 20:07:39,493][utils.model][INFO] - Step 38/40 - val_loss: 0.7094 - val_accuracy: 0.8215
[2024-06-21 20:07:39,515][utils.model][INFO] - Step 39/40 - val_loss: 0.7143 - val_accuracy: 0.8194
[2024-06-21 20:07:39,532][utils.model][INFO] - Step 40/40 - val_loss: 0.7111 - val_accuracy: 0.8195
[2024-06-21 20:07:39,535][utils.model][INFO] - Evaluation Results - Val Loss: 0.7111, Val Accuracy: 0.8195 in 40 steps
[2024-06-21 20:07:39,536][flwr][INFO] - fit progress: (1, 0.7110889, {'accuracy': 0.8195}, 6.667659497994464)
[2024-06-21 20:07:39,537][flwr][DEBUG] - evaluate_round 1: strategy sampled 2 clients (out of 2)
[2024-06-21 20:07:40,249][flwr][DEBUG] - evaluate_round 1 received 2 results and 0 failures
[2024-06-21 20:07:40,253][root][INFO] - Epoch data saved to /home/psklavos/fl/geom_aio/csv_logs/exp_20240621_200729/clients/client_0/epoch.csv
[2024-06-21 20:07:40,298][root][INFO] - Batch data saved to /home/psklavos/fl/geom_aio/csv_logs/exp_20240621_200729/clients/client_0/batch.csv
[2024-06-21 20:07:40,299][root][INFO] - Server data saved to /home/psklavos/fl/geom_aio/csv_logs/exp_20240621_200729/server/server.csv
[2024-06-21 20:07:42,974][flwr][DEBUG] - fit_round 2: strategy sampled 2 clients (out of 2)
