[2024-06-19 19:01:51,600][utils.model][INFO] - LeNet model built
[2024-06-19 19:01:51,956][utils.model][INFO] - Size of serialized model: 279.0341796875 kbytes
[2024-06-19 19:01:52,002][flwr][INFO] - Opened insecure gRPC connection (no certificates were passed)
[2024-06-19 19:01:52,009][flwr][DEBUG] - ChannelConnectivity.IDLE
[2024-06-19 19:01:52,014][flwr][DEBUG] - ChannelConnectivity.CONNECTING
[2024-06-19 19:01:52,018][flwr][DEBUG] - ChannelConnectivity.READY
[2024-06-19 19:01:57,963][utils.model][INFO] - ========================== Epoch Start ==========================
[2024-06-19 19:01:58,897][utils.model][INFO] - (In epoch/Overall): (1/1)| inst_loss: 0.9332 - Mean loss: 2.3055 - acc: 0.0312 - norm: 0.16 - 2.31s
[2024-06-19 19:01:59,450][utils.model][INFO] - (In epoch/Overall): (11/11)| inst_loss: 1.4855 - Mean loss: 2.1892 - acc: 0.2386 - norm: 1.57 - 2.06s
[2024-06-19 19:01:59,952][utils.model][INFO] - (In epoch/Overall): (21/21)| inst_loss: 1.9880 - Mean loss: 1.9783 - acc: 0.3482 - norm: 4.20 - 1.55s
[2024-06-19 19:02:00,172][utils.model][INFO] - Epoch Results:
[2024-06-19 19:02:00,177][utils.model][INFO] - (In epoch/Overall): (25/25)| inst_loss: 1.3286 - Mean loss: 1.8775 - acc: 0.3963 - norm: 5.32 - 2.21s
[2024-06-19 19:02:01,956][utils.model][INFO] - Evaluation Results - Val Loss: 1.3958, Val Accuracy: 0.6325 in 32 steps
[2024-06-19 19:02:06,708][utils.model][INFO] - ========================== Epoch Start ==========================
[2024-06-19 19:02:07,223][utils.model][INFO] - (In epoch/Overall): (1/26)| inst_loss: 0.5131 - Mean loss: 1.4740 - acc: 0.6250 - norm: 0.08 - 1.47s
[2024-06-19 19:02:07,879][utils.model][INFO] - (In epoch/Overall): (11/36)| inst_loss: 1.1676 - Mean loss: 1.1831 - acc: 0.6562 - norm: 0.71 - 0.97s
[2024-06-19 19:02:08,507][utils.model][INFO] - (In epoch/Overall): (21/46)| inst_loss: 1.7969 - Mean loss: 1.0668 - acc: 0.6801 - norm: 1.64 - 1.33s
[2024-06-19 19:02:09,146][utils.model][INFO] - (In epoch/Overall): (31/56)| inst_loss: 2.4358 - Mean loss: 0.9423 - acc: 0.7268 - norm: 2.57 - 1.17s
[2024-06-19 19:02:09,815][utils.model][INFO] - (In epoch/Overall): (41/66)| inst_loss: 3.1050 - Mean loss: 0.8573 - acc: 0.7538 - norm: 3.32 - 0.74s
[2024-06-19 19:02:10,436][utils.model][INFO] - (In epoch/Overall): (51/76)| inst_loss: 3.7261 - Mean loss: 0.8169 - acc: 0.7592 - norm: 4.23 - 0.28s
[2024-06-19 19:02:10,994][utils.model][INFO] - Epoch Results:
[2024-06-19 19:02:10,999][utils.model][INFO] - (In epoch/Overall): (60/85)| inst_loss: 0.3860 - Mean loss: 0.7600 - acc: 0.7745 - norm: 5.04 - 4.29s
[2024-06-19 19:02:13,149][utils.model][INFO] - Evaluation Results - Val Loss: 0.3476, Val Accuracy: 0.9015 in 32 steps
[2024-06-19 19:02:17,864][utils.model][INFO] - ========================== Epoch Start ==========================
[2024-06-19 19:02:17,978][utils.model][INFO] - (In epoch/Overall): (1/86)| inst_loss: 0.1122 - Mean loss: 0.4148 - acc: 0.8438 - norm: 0.03 - 0.41s
[2024-06-19 19:02:18,462][utils.model][INFO] - (In epoch/Overall): (11/96)| inst_loss: 0.5974 - Mean loss: 0.4198 - acc: 0.8636 - norm: 0.24 - 0.66s
[2024-06-19 19:02:19,084][utils.model][INFO] - (In epoch/Overall): (21/106)| inst_loss: 1.2169 - Mean loss: 0.4086 - acc: 0.8676 - norm: 0.47 - 0.56s
[2024-06-19 19:02:19,712][utils.model][INFO] - (In epoch/Overall): (31/116)| inst_loss: 1.8468 - Mean loss: 0.3979 - acc: 0.8810 - norm: 0.74 - 0.23s
[2024-06-19 19:02:20,342][utils.model][INFO] - (In epoch/Overall): (41/126)| inst_loss: 2.4766 - Mean loss: 0.3972 - acc: 0.8857 - norm: 1.08 - 0.23s
[2024-06-19 19:02:20,903][utils.model][INFO] - (In epoch/Overall): (51/136)| inst_loss: 3.0382 - Mean loss: 0.3900 - acc: 0.8879 - norm: 1.45 - 0.34s
[2024-06-19 19:02:21,390][utils.model][INFO] - (In epoch/Overall): (61/146)| inst_loss: 3.5246 - Mean loss: 0.3962 - acc: 0.8868 - norm: 1.91 - 0.21s
[2024-06-19 19:02:21,911][utils.model][INFO] - (In epoch/Overall): (71/156)| inst_loss: 4.0432 - Mean loss: 0.3870 - acc: 0.8891 - norm: 2.37 - 0.30s
[2024-06-19 19:02:22,376][utils.model][INFO] - (In epoch/Overall): (81/166)| inst_loss: 4.5114 - Mean loss: 0.3707 - acc: 0.8958 - norm: 2.79 - 0.17s
[2024-06-19 19:02:22,846][utils.model][INFO] - (In epoch/Overall): (91/176)| inst_loss: 4.9808 - Mean loss: 0.3602 - acc: 0.8977 - norm: 3.23 - 0.41s
[2024-06-19 19:02:23,303][utils.model][INFO] - (In epoch/Overall): (101/186)| inst_loss: 5.4384 - Mean loss: 0.3532 - acc: 0.8985 - norm: 3.79 - 0.51s
[2024-06-19 19:02:23,846][utils.model][INFO] - (In epoch/Overall): (111/196)| inst_loss: 5.9814 - Mean loss: 0.3519 - acc: 0.8984 - norm: 4.42 - 0.55s
[2024-06-19 19:02:24,346][utils.model][INFO] - (In epoch/Overall): (121/206)| inst_loss: 6.4808 - Mean loss: 0.3511 - acc: 0.8975 - norm: 5.06 - 0.12s
[2024-06-19 19:02:24,494][utils.model][INFO] - Epoch Results:
[2024-06-19 19:02:24,497][utils.model][INFO] - (In epoch/Overall): (124/209)| inst_loss: 0.2012 - Mean loss: 0.3491 - acc: 0.8969 - norm: 5.25 - 6.63s
[2024-06-19 19:02:26,136][utils.model][INFO] - Evaluation Results - Val Loss: 0.1898, Val Accuracy: 0.9380 in 32 steps
[2024-06-19 19:02:30,825][utils.model][INFO] - ========================== Epoch Start ==========================
[2024-06-19 19:02:30,957][utils.model][INFO] - (In epoch/Overall): (1/210)| inst_loss: 0.1300 - Mean loss: 0.1560 - acc: 0.9375 - norm: 0.02 - 0.16s
[2024-06-19 19:02:31,434][utils.model][INFO] - (In epoch/Overall): (11/220)| inst_loss: 0.6082 - Mean loss: 0.2656 - acc: 0.9290 - norm: 0.27 - 0.25s
[2024-06-19 19:02:31,926][utils.model][INFO] - (In epoch/Overall): (21/230)| inst_loss: 1.0989 - Mean loss: 0.2571 - acc: 0.9256 - norm: 0.43 - 0.07s
[2024-06-19 19:02:32,389][utils.model][INFO] - (In epoch/Overall): (31/240)| inst_loss: 1.5627 - Mean loss: 0.2595 - acc: 0.9244 - norm: 0.62 - 0.24s
[2024-06-19 19:02:32,916][utils.model][INFO] - (In epoch/Overall): (41/250)| inst_loss: 2.0898 - Mean loss: 0.2450 - acc: 0.9291 - norm: 0.82 - 0.45s
[2024-06-19 19:02:33,378][utils.model][INFO] - (In epoch/Overall): (51/260)| inst_loss: 2.5512 - Mean loss: 0.2469 - acc: 0.9283 - norm: 1.05 - 0.61s
[2024-06-19 19:02:33,895][utils.model][INFO] - (In epoch/Overall): (61/270)| inst_loss: 3.0681 - Mean loss: 0.2392 - acc: 0.9288 - norm: 1.29 - 0.12s
[2024-06-19 19:02:34,418][utils.model][INFO] - (In epoch/Overall): (71/280)| inst_loss: 3.5916 - Mean loss: 0.2279 - acc: 0.9322 - norm: 1.53 - 0.25s
[2024-06-19 19:02:35,003][utils.model][INFO] - (In epoch/Overall): (81/290)| inst_loss: 4.1768 - Mean loss: 0.2272 - acc: 0.9306 - norm: 1.84 - 0.33s
[2024-06-19 19:02:35,925][utils.model][INFO] - (In epoch/Overall): (91/300)| inst_loss: 5.0972 - Mean loss: 0.2258 - acc: 0.9306 - norm: 2.12 - 0.06s
[2024-06-19 19:02:36,702][utils.model][INFO] - (In epoch/Overall): (101/310)| inst_loss: 5.8729 - Mean loss: 0.2213 - acc: 0.9322 - norm: 2.42 - 0.19s
[2024-06-19 19:02:37,552][utils.model][INFO] - (In epoch/Overall): (111/320)| inst_loss: 6.7253 - Mean loss: 0.2142 - acc: 0.9350 - norm: 2.71 - 0.22s
[2024-06-19 19:02:38,157][utils.model][INFO] - (In epoch/Overall): (121/330)| inst_loss: 7.3291 - Mean loss: 0.2121 - acc: 0.9349 - norm: 3.10 - 0.17s
[2024-06-19 19:02:38,645][utils.model][INFO] - (In epoch/Overall): (131/340)| inst_loss: 7.8182 - Mean loss: 0.2106 - acc: 0.9358 - norm: 3.41 - 0.35s
[2024-06-19 19:02:39,255][utils.model][INFO] - (In epoch/Overall): (141/350)| inst_loss: 8.4266 - Mean loss: 0.2124 - acc: 0.9340 - norm: 3.86 - 0.30s
[2024-06-19 19:02:39,840][utils.model][INFO] - (In epoch/Overall): (151/360)| inst_loss: 9.0127 - Mean loss: 0.2135 - acc: 0.9338 - norm: 4.23 - 0.15s
[2024-06-19 19:02:40,315][utils.model][INFO] - (In epoch/Overall): (161/370)| inst_loss: 9.4886 - Mean loss: 0.2108 - acc: 0.9350 - norm: 4.54 - 0.12s
[2024-06-19 19:02:40,801][utils.model][INFO] - (In epoch/Overall): (171/380)| inst_loss: 9.9749 - Mean loss: 0.2124 - acc: 0.9335 - norm: 5.05 - 0.09s
[2024-06-19 19:02:40,859][utils.model][INFO] - Epoch Results:
[2024-06-19 19:02:40,863][utils.model][INFO] - (In epoch/Overall): (172/381)| inst_loss: 0.0895 - Mean loss: 0.2117 - acc: 0.9337 - norm: 5.04 - 10.04s
[2024-06-19 19:02:42,627][utils.model][INFO] - Evaluation Results - Val Loss: 0.1054, Val Accuracy: 0.9705 in 32 steps
[2024-06-19 19:02:47,269][utils.model][INFO] - ========================== Epoch Start ==========================
[2024-06-19 19:02:47,428][utils.model][INFO] - (In epoch/Overall): (1/382)| inst_loss: 0.1553 - Mean loss: 0.1564 - acc: 0.9375 - norm: 0.03 - 0.16s
[2024-06-19 19:02:47,979][utils.model][INFO] - (In epoch/Overall): (11/392)| inst_loss: 0.7084 - Mean loss: 0.1699 - acc: 0.9347 - norm: 0.29 - 0.15s
[2024-06-19 19:02:48,521][utils.model][INFO] - (In epoch/Overall): (21/402)| inst_loss: 1.2494 - Mean loss: 0.1641 - acc: 0.9464 - norm: 0.41 - 0.11s
[2024-06-19 19:02:49,044][utils.model][INFO] - (In epoch/Overall): (31/412)| inst_loss: 1.7719 - Mean loss: 0.1705 - acc: 0.9435 - norm: 0.61 - 0.07s
[2024-06-19 19:02:49,539][utils.model][INFO] - (In epoch/Overall): (41/422)| inst_loss: 2.2674 - Mean loss: 0.1795 - acc: 0.9428 - norm: 0.84 - 0.13s
[2024-06-19 19:02:50,069][utils.model][INFO] - (In epoch/Overall): (51/432)| inst_loss: 2.7988 - Mean loss: 0.1638 - acc: 0.9467 - norm: 0.94 - 0.03s
[2024-06-19 19:02:50,532][utils.model][INFO] - (In epoch/Overall): (61/442)| inst_loss: 3.2616 - Mean loss: 0.1597 - acc: 0.9488 - norm: 1.20 - 0.22s
[2024-06-19 19:02:51,053][utils.model][INFO] - (In epoch/Overall): (71/452)| inst_loss: 3.7821 - Mean loss: 0.1580 - acc: 0.9494 - norm: 1.41 - 0.36s
[2024-06-19 19:02:51,540][utils.model][INFO] - (In epoch/Overall): (81/462)| inst_loss: 4.2696 - Mean loss: 0.1522 - acc: 0.9510 - norm: 1.62 - 0.04s
[2024-06-19 19:02:52,053][utils.model][INFO] - (In epoch/Overall): (91/472)| inst_loss: 4.7827 - Mean loss: 0.1569 - acc: 0.9516 - norm: 1.86 - 0.04s
[2024-06-19 19:02:52,561][utils.model][INFO] - (In epoch/Overall): (101/482)| inst_loss: 5.2900 - Mean loss: 0.1566 - acc: 0.9511 - norm: 2.12 - 0.19s
[2024-06-19 19:02:53,090][utils.model][INFO] - (In epoch/Overall): (111/492)| inst_loss: 5.8195 - Mean loss: 0.1567 - acc: 0.9521 - norm: 2.31 - 0.11s
[2024-06-19 19:02:53,593][utils.model][INFO] - (In epoch/Overall): (121/502)| inst_loss: 6.3223 - Mean loss: 0.1542 - acc: 0.9530 - norm: 2.48 - 0.01s
[2024-06-19 19:02:54,124][utils.model][INFO] - (In epoch/Overall): (131/512)| inst_loss: 6.8532 - Mean loss: 0.1628 - acc: 0.9528 - norm: 2.73 - 0.05s
[2024-06-19 19:02:54,642][utils.model][INFO] - (In epoch/Overall): (141/522)| inst_loss: 7.3707 - Mean loss: 0.1651 - acc: 0.9523 - norm: 2.91 - 0.34s
[2024-06-19 19:02:55,142][utils.model][INFO] - (In epoch/Overall): (151/532)| inst_loss: 7.8715 - Mean loss: 0.1681 - acc: 0.9514 - norm: 3.15 - 0.12s
[2024-06-19 19:02:55,689][utils.model][INFO] - (In epoch/Overall): (161/542)| inst_loss: 8.4179 - Mean loss: 0.1688 - acc: 0.9503 - norm: 3.52 - 0.26s
[2024-06-19 19:02:56,197][utils.model][INFO] - (In epoch/Overall): (171/552)| inst_loss: 8.9255 - Mean loss: 0.1665 - acc: 0.9507 - norm: 3.74 - 0.06s
[2024-06-19 19:02:56,710][utils.model][INFO] - (In epoch/Overall): (181/562)| inst_loss: 9.4389 - Mean loss: 0.1671 - acc: 0.9501 - norm: 4.14 - 0.08s
[2024-06-19 19:02:57,236][utils.model][INFO] - (In epoch/Overall): (191/572)| inst_loss: 9.9652 - Mean loss: 0.1637 - acc: 0.9506 - norm: 4.35 - 0.09s
[2024-06-19 19:02:57,816][utils.model][INFO] - (In epoch/Overall): (201/582)| inst_loss: 10.5449 - Mean loss: 0.1626 - acc: 0.9507 - norm: 4.70 - 0.14s
[2024-06-19 19:02:58,116][utils.model][INFO] - Epoch Results:
[2024-06-19 19:02:58,120][utils.model][INFO] - (In epoch/Overall): (206/587)| inst_loss: 0.1782 - Mean loss: 0.1621 - acc: 0.9508 - norm: 4.82 - 10.85s
[2024-06-19 19:03:00,286][utils.model][INFO] - Evaluation Results - Val Loss: 0.0758, Val Accuracy: 0.9760 in 32 steps
[2024-06-19 19:03:00,719][flwr][DEBUG] - gRPC channel closed
[2024-06-19 19:03:00,719][flwr][INFO] - Disconnect and shut down
