[2024-06-20 23:19:31,692][root][INFO] - Initialized DataManager for experiment exp_20240620_231931
[2024-06-20 23:19:31,699][root][INFO] - Info data saved to /home/psklavos/fl/geom_aio/csv_logs/exp_20240620_231931/info.csv
[2024-06-20 23:19:31,700][flwr][INFO] - Starting Flower server, config: ServerConfig(num_rounds=5, round_timeout=None)
[2024-06-20 23:19:31,704][flwr][INFO] - Flower ECE: gRPC server running (5 rounds), SSL is disabled
[2024-06-20 23:19:31,704][flwr][INFO] - Initializing global parameters
[2024-06-20 23:19:31,704][flwr][INFO] - Requesting initial parameters from one random client
[2024-06-20 23:19:40,180][flwr][INFO] - Received initial parameters from one random client
[2024-06-20 23:19:40,181][flwr][INFO] - Evaluating initial parameters
[2024-06-20 23:19:40,297][utils.model][INFO] - LeNet model built
[2024-06-20 23:19:40,496][utils.model][INFO] - Size of serialized model: 279.0341796875 kbytes
[2024-06-20 23:19:40,574][utils.model][INFO] - Step 1/40 - val_loss: 2.3135 - val_accuracy: 0.0742
[2024-06-20 23:19:40,596][utils.model][INFO] - Step 2/40 - val_loss: 2.3217 - val_accuracy: 0.0684
[2024-06-20 23:19:40,617][utils.model][INFO] - Step 3/40 - val_loss: 2.3194 - val_accuracy: 0.0612
[2024-06-20 23:19:40,638][utils.model][INFO] - Step 4/40 - val_loss: 2.3222 - val_accuracy: 0.0615
[2024-06-20 23:19:40,659][utils.model][INFO] - Step 5/40 - val_loss: 2.3213 - val_accuracy: 0.0656
[2024-06-20 23:19:40,680][utils.model][INFO] - Step 6/40 - val_loss: 2.3226 - val_accuracy: 0.0651
[2024-06-20 23:19:40,707][utils.model][INFO] - Step 7/40 - val_loss: 2.3216 - val_accuracy: 0.0686
[2024-06-20 23:19:40,734][utils.model][INFO] - Step 8/40 - val_loss: 2.3213 - val_accuracy: 0.0679
[2024-06-20 23:19:40,757][utils.model][INFO] - Step 9/40 - val_loss: 2.3210 - val_accuracy: 0.0703
[2024-06-20 23:19:40,778][utils.model][INFO] - Step 10/40 - val_loss: 2.3212 - val_accuracy: 0.0688
[2024-06-20 23:19:40,799][utils.model][INFO] - Step 11/40 - val_loss: 2.3211 - val_accuracy: 0.0682
[2024-06-20 23:19:40,820][utils.model][INFO] - Step 12/40 - val_loss: 2.3201 - val_accuracy: 0.0684
[2024-06-20 23:19:40,841][utils.model][INFO] - Step 13/40 - val_loss: 2.3205 - val_accuracy: 0.0661
[2024-06-20 23:19:40,862][utils.model][INFO] - Step 14/40 - val_loss: 2.3195 - val_accuracy: 0.0656
[2024-06-20 23:19:40,882][utils.model][INFO] - Step 15/40 - val_loss: 2.3201 - val_accuracy: 0.0643
[2024-06-20 23:19:40,901][utils.model][INFO] - Step 16/40 - val_loss: 2.3197 - val_accuracy: 0.0662
[2024-06-20 23:19:40,921][utils.model][INFO] - Step 17/40 - val_loss: 2.3205 - val_accuracy: 0.0669
[2024-06-20 23:19:40,941][utils.model][INFO] - Step 18/40 - val_loss: 2.3202 - val_accuracy: 0.0666
[2024-06-20 23:19:40,960][utils.model][INFO] - Step 19/40 - val_loss: 2.3202 - val_accuracy: 0.0660
[2024-06-20 23:19:40,979][utils.model][INFO] - Step 20/40 - val_loss: 2.3199 - val_accuracy: 0.0637
[2024-06-20 23:19:40,998][utils.model][INFO] - Step 21/40 - val_loss: 2.3196 - val_accuracy: 0.0619
[2024-06-20 23:19:41,017][utils.model][INFO] - Step 22/40 - val_loss: 2.3198 - val_accuracy: 0.0611
[2024-06-20 23:19:41,035][utils.model][INFO] - Step 23/40 - val_loss: 2.3199 - val_accuracy: 0.0601
[2024-06-20 23:19:41,054][utils.model][INFO] - Step 24/40 - val_loss: 2.3199 - val_accuracy: 0.0594
[2024-06-20 23:19:41,072][utils.model][INFO] - Step 25/40 - val_loss: 2.3198 - val_accuracy: 0.0581
[2024-06-20 23:19:41,091][utils.model][INFO] - Step 26/40 - val_loss: 2.3198 - val_accuracy: 0.0563
[2024-06-20 23:19:41,112][utils.model][INFO] - Step 27/40 - val_loss: 2.3192 - val_accuracy: 0.0564
[2024-06-20 23:19:41,130][utils.model][INFO] - Step 28/40 - val_loss: 2.3191 - val_accuracy: 0.0550
[2024-06-20 23:19:41,151][utils.model][INFO] - Step 29/40 - val_loss: 2.3188 - val_accuracy: 0.0535
[2024-06-20 23:19:41,171][utils.model][INFO] - Step 30/40 - val_loss: 2.3187 - val_accuracy: 0.0521
[2024-06-20 23:19:41,192][utils.model][INFO] - Step 31/40 - val_loss: 2.3189 - val_accuracy: 0.0510
[2024-06-20 23:19:41,214][utils.model][INFO] - Step 32/40 - val_loss: 2.3189 - val_accuracy: 0.0499
[2024-06-20 23:19:41,237][utils.model][INFO] - Step 33/40 - val_loss: 2.3184 - val_accuracy: 0.0494
[2024-06-20 23:19:41,261][utils.model][INFO] - Step 34/40 - val_loss: 2.3187 - val_accuracy: 0.0492
[2024-06-20 23:19:41,284][utils.model][INFO] - Step 35/40 - val_loss: 2.3185 - val_accuracy: 0.0487
[2024-06-20 23:19:41,309][utils.model][INFO] - Step 36/40 - val_loss: 2.3186 - val_accuracy: 0.0475
[2024-06-20 23:19:41,333][utils.model][INFO] - Step 37/40 - val_loss: 2.3187 - val_accuracy: 0.0473
[2024-06-20 23:19:41,356][utils.model][INFO] - Step 38/40 - val_loss: 2.3187 - val_accuracy: 0.0468
[2024-06-20 23:19:41,378][utils.model][INFO] - Step 39/40 - val_loss: 2.3183 - val_accuracy: 0.0462
[2024-06-20 23:19:41,388][utils.model][INFO] - Step 40/40 - val_loss: 2.3182 - val_accuracy: 0.0461
[2024-06-20 23:19:41,391][utils.model][INFO] - Evaluation Results - Val Loss: 2.3182, Val Accuracy: 0.0461 in 40 steps
[2024-06-20 23:19:41,396][flwr][INFO] - initial parameters (loss, other metrics): 2.3182175, {'accuracy': 0.0461}
[2024-06-20 23:19:41,396][flwr][INFO] - FL starting
[2024-06-20 23:19:44,493][flwr][DEBUG] - fit_round 1: strategy sampled 2 clients (out of 3)
[2024-06-20 23:19:45,905][flwr][DEBUG] - fit_round 1 received 2 results and 0 failures
[2024-06-20 23:19:45,980][utils.model][INFO] - LeNet model built
[2024-06-20 23:19:46,094][utils.model][INFO] - Size of serialized model: 279.0341796875 kbytes
[2024-06-20 23:19:46,134][utils.model][INFO] - Step 1/40 - val_loss: 1.2620 - val_accuracy: 0.6406
[2024-06-20 23:19:46,155][utils.model][INFO] - Step 2/40 - val_loss: 1.2816 - val_accuracy: 0.6367
[2024-06-20 23:19:46,174][utils.model][INFO] - Step 3/40 - val_loss: 1.2911 - val_accuracy: 0.6289
[2024-06-20 23:19:46,196][utils.model][INFO] - Step 4/40 - val_loss: 1.2764 - val_accuracy: 0.6377
[2024-06-20 23:19:46,217][utils.model][INFO] - Step 5/40 - val_loss: 1.3012 - val_accuracy: 0.6211
[2024-06-20 23:19:46,238][utils.model][INFO] - Step 6/40 - val_loss: 1.3106 - val_accuracy: 0.6198
[2024-06-20 23:19:46,263][utils.model][INFO] - Step 7/40 - val_loss: 1.3196 - val_accuracy: 0.6122
[2024-06-20 23:19:46,285][utils.model][INFO] - Step 8/40 - val_loss: 1.3169 - val_accuracy: 0.6152
[2024-06-20 23:19:46,305][utils.model][INFO] - Step 9/40 - val_loss: 1.3241 - val_accuracy: 0.6111
[2024-06-20 23:19:46,326][utils.model][INFO] - Step 10/40 - val_loss: 1.3207 - val_accuracy: 0.6121
[2024-06-20 23:19:46,349][utils.model][INFO] - Step 11/40 - val_loss: 1.3233 - val_accuracy: 0.6094
[2024-06-20 23:19:46,368][utils.model][INFO] - Step 12/40 - val_loss: 1.3211 - val_accuracy: 0.6104
[2024-06-20 23:19:46,387][utils.model][INFO] - Step 13/40 - val_loss: 1.3167 - val_accuracy: 0.6121
[2024-06-20 23:19:46,407][utils.model][INFO] - Step 14/40 - val_loss: 1.3189 - val_accuracy: 0.6085
[2024-06-20 23:19:46,426][utils.model][INFO] - Step 15/40 - val_loss: 1.3207 - val_accuracy: 0.6073
[2024-06-20 23:19:46,446][utils.model][INFO] - Step 16/40 - val_loss: 1.3210 - val_accuracy: 0.6074
[2024-06-20 23:19:46,466][utils.model][INFO] - Step 17/40 - val_loss: 1.3228 - val_accuracy: 0.6066
[2024-06-20 23:19:46,485][utils.model][INFO] - Step 18/40 - val_loss: 1.3254 - val_accuracy: 0.6053
[2024-06-20 23:19:46,505][utils.model][INFO] - Step 19/40 - val_loss: 1.3248 - val_accuracy: 0.6063
[2024-06-20 23:19:46,523][utils.model][INFO] - Step 20/40 - val_loss: 1.3194 - val_accuracy: 0.6074
[2024-06-20 23:19:46,544][utils.model][INFO] - Step 21/40 - val_loss: 1.3106 - val_accuracy: 0.6088
[2024-06-20 23:19:46,565][utils.model][INFO] - Step 22/40 - val_loss: 1.3029 - val_accuracy: 0.6106
[2024-06-20 23:19:46,584][utils.model][INFO] - Step 23/40 - val_loss: 1.2954 - val_accuracy: 0.6129
[2024-06-20 23:19:46,603][utils.model][INFO] - Step 24/40 - val_loss: 1.2905 - val_accuracy: 0.6169
[2024-06-20 23:19:46,623][utils.model][INFO] - Step 25/40 - val_loss: 1.2819 - val_accuracy: 0.6184
[2024-06-20 23:19:46,644][utils.model][INFO] - Step 26/40 - val_loss: 1.2805 - val_accuracy: 0.6205
[2024-06-20 23:19:46,663][utils.model][INFO] - Step 27/40 - val_loss: 1.2774 - val_accuracy: 0.6215
[2024-06-20 23:19:46,681][utils.model][INFO] - Step 28/40 - val_loss: 1.2742 - val_accuracy: 0.6217
[2024-06-20 23:19:46,700][utils.model][INFO] - Step 29/40 - val_loss: 1.2713 - val_accuracy: 0.6214
[2024-06-20 23:19:46,720][utils.model][INFO] - Step 30/40 - val_loss: 1.2720 - val_accuracy: 0.6211
[2024-06-20 23:19:46,742][utils.model][INFO] - Step 31/40 - val_loss: 1.2688 - val_accuracy: 0.6201
[2024-06-20 23:19:46,761][utils.model][INFO] - Step 32/40 - val_loss: 1.2629 - val_accuracy: 0.6202
[2024-06-20 23:19:46,780][utils.model][INFO] - Step 33/40 - val_loss: 1.2596 - val_accuracy: 0.6212
[2024-06-20 23:19:46,800][utils.model][INFO] - Step 34/40 - val_loss: 1.2542 - val_accuracy: 0.6241
[2024-06-20 23:19:46,818][utils.model][INFO] - Step 35/40 - val_loss: 1.2471 - val_accuracy: 0.6272
[2024-06-20 23:19:46,838][utils.model][INFO] - Step 36/40 - val_loss: 1.2440 - val_accuracy: 0.6279
[2024-06-20 23:19:46,858][utils.model][INFO] - Step 37/40 - val_loss: 1.2409 - val_accuracy: 0.6292
[2024-06-20 23:19:46,879][utils.model][INFO] - Step 38/40 - val_loss: 1.2407 - val_accuracy: 0.6277
[2024-06-20 23:19:46,899][utils.model][INFO] - Step 39/40 - val_loss: 1.2434 - val_accuracy: 0.6256
[2024-06-20 23:19:46,908][utils.model][INFO] - Step 40/40 - val_loss: 1.2413 - val_accuracy: 0.6256
[2024-06-20 23:19:46,909][utils.model][INFO] - Evaluation Results - Val Loss: 1.2413, Val Accuracy: 0.6256 in 40 steps
[2024-06-20 23:19:46,911][flwr][INFO] - fit progress: (1, 1.2413001, {'accuracy': 0.6256}, 5.514836681992165)
[2024-06-20 23:19:46,911][flwr][DEBUG] - evaluate_round 1: strategy sampled 3 clients (out of 3)
[2024-06-20 23:19:47,484][flwr][DEBUG] - evaluate_round 1 received 3 results and 0 failures
[2024-06-20 23:19:47,488][root][INFO] - Epoch data saved to /home/psklavos/fl/geom_aio/csv_logs/exp_20240620_231931/clients/client_0/epoch.csv
[2024-06-20 23:19:47,508][root][INFO] - Batch data saved to /home/psklavos/fl/geom_aio/csv_logs/exp_20240620_231931/clients/client_0/batch.csv
[2024-06-20 23:19:47,509][root][INFO] - Server data saved to /home/psklavos/fl/geom_aio/csv_logs/exp_20240620_231931/server/server.csv
[2024-06-20 23:19:51,390][flwr][DEBUG] - fit_round 2: strategy sampled 3 clients (out of 3)
[2024-06-20 23:19:55,631][flwr][DEBUG] - fit_round 2 received 3 results and 0 failures
[2024-06-20 23:19:55,704][utils.model][INFO] - LeNet model built
[2024-06-20 23:19:55,821][utils.model][INFO] - Size of serialized model: 279.0341796875 kbytes
[2024-06-20 23:19:55,879][utils.model][INFO] - Step 1/40 - val_loss: 0.3481 - val_accuracy: 0.8984
[2024-06-20 23:19:55,898][utils.model][INFO] - Step 2/40 - val_loss: 0.3937 - val_accuracy: 0.8848
[2024-06-20 23:19:55,917][utils.model][INFO] - Step 3/40 - val_loss: 0.4071 - val_accuracy: 0.8776
[2024-06-20 23:19:55,940][utils.model][INFO] - Step 4/40 - val_loss: 0.3987 - val_accuracy: 0.8789
[2024-06-20 23:19:55,963][utils.model][INFO] - Step 5/40 - val_loss: 0.4266 - val_accuracy: 0.8711
[2024-06-20 23:19:55,984][utils.model][INFO] - Step 6/40 - val_loss: 0.4374 - val_accuracy: 0.8685
[2024-06-20 23:19:56,003][utils.model][INFO] - Step 7/40 - val_loss: 0.4505 - val_accuracy: 0.8694
[2024-06-20 23:19:56,022][utils.model][INFO] - Step 8/40 - val_loss: 0.4441 - val_accuracy: 0.8726
[2024-06-20 23:19:56,047][utils.model][INFO] - Step 9/40 - val_loss: 0.4589 - val_accuracy: 0.8668
[2024-06-20 23:19:56,069][utils.model][INFO] - Step 10/40 - val_loss: 0.4535 - val_accuracy: 0.8687
[2024-06-20 23:19:56,090][utils.model][INFO] - Step 11/40 - val_loss: 0.4512 - val_accuracy: 0.8679
[2024-06-20 23:19:56,112][utils.model][INFO] - Step 12/40 - val_loss: 0.4450 - val_accuracy: 0.8711
[2024-06-20 23:19:56,133][utils.model][INFO] - Step 13/40 - val_loss: 0.4433 - val_accuracy: 0.8717
[2024-06-20 23:19:56,155][utils.model][INFO] - Step 14/40 - val_loss: 0.4440 - val_accuracy: 0.8686
[2024-06-20 23:19:56,178][utils.model][INFO] - Step 15/40 - val_loss: 0.4506 - val_accuracy: 0.8672
[2024-06-20 23:19:56,202][utils.model][INFO] - Step 16/40 - val_loss: 0.4528 - val_accuracy: 0.8650
[2024-06-20 23:19:56,226][utils.model][INFO] - Step 17/40 - val_loss: 0.4563 - val_accuracy: 0.8637
[2024-06-20 23:19:56,249][utils.model][INFO] - Step 18/40 - val_loss: 0.4565 - val_accuracy: 0.8628
[2024-06-20 23:19:56,272][utils.model][INFO] - Step 19/40 - val_loss: 0.4551 - val_accuracy: 0.8647
[2024-06-20 23:19:56,294][utils.model][INFO] - Step 20/40 - val_loss: 0.4513 - val_accuracy: 0.8660
[2024-06-20 23:19:56,314][utils.model][INFO] - Step 21/40 - val_loss: 0.4400 - val_accuracy: 0.8690
[2024-06-20 23:19:56,336][utils.model][INFO] - Step 22/40 - val_loss: 0.4289 - val_accuracy: 0.8725
[2024-06-20 23:19:56,358][utils.model][INFO] - Step 23/40 - val_loss: 0.4233 - val_accuracy: 0.8731
[2024-06-20 23:19:56,377][utils.model][INFO] - Step 24/40 - val_loss: 0.4220 - val_accuracy: 0.8734
[2024-06-20 23:19:56,397][utils.model][INFO] - Step 25/40 - val_loss: 0.4134 - val_accuracy: 0.8767
[2024-06-20 23:19:56,416][utils.model][INFO] - Step 26/40 - val_loss: 0.4105 - val_accuracy: 0.8789
[2024-06-20 23:19:56,433][utils.model][INFO] - Step 27/40 - val_loss: 0.4066 - val_accuracy: 0.8805
[2024-06-20 23:19:56,451][utils.model][INFO] - Step 28/40 - val_loss: 0.3981 - val_accuracy: 0.8835
[2024-06-20 23:19:56,471][utils.model][INFO] - Step 29/40 - val_loss: 0.3920 - val_accuracy: 0.8856
[2024-06-20 23:19:56,490][utils.model][INFO] - Step 30/40 - val_loss: 0.3894 - val_accuracy: 0.8867
[2024-06-20 23:19:56,509][utils.model][INFO] - Step 31/40 - val_loss: 0.3855 - val_accuracy: 0.8879
[2024-06-20 23:19:56,530][utils.model][INFO] - Step 32/40 - val_loss: 0.3798 - val_accuracy: 0.8894
[2024-06-20 23:19:56,549][utils.model][INFO] - Step 33/40 - val_loss: 0.3755 - val_accuracy: 0.8911
[2024-06-20 23:19:56,570][utils.model][INFO] - Step 34/40 - val_loss: 0.3700 - val_accuracy: 0.8928
[2024-06-20 23:19:56,589][utils.model][INFO] - Step 35/40 - val_loss: 0.3620 - val_accuracy: 0.8955
[2024-06-20 23:19:56,610][utils.model][INFO] - Step 36/40 - val_loss: 0.3595 - val_accuracy: 0.8967
[2024-06-20 23:19:56,628][utils.model][INFO] - Step 37/40 - val_loss: 0.3544 - val_accuracy: 0.8986
[2024-06-20 23:19:56,648][utils.model][INFO] - Step 38/40 - val_loss: 0.3537 - val_accuracy: 0.8984
[2024-06-20 23:19:56,667][utils.model][INFO] - Step 39/40 - val_loss: 0.3588 - val_accuracy: 0.8970
[2024-06-20 23:19:56,676][utils.model][INFO] - Step 40/40 - val_loss: 0.3560 - val_accuracy: 0.8971
[2024-06-20 23:19:56,678][utils.model][INFO] - Evaluation Results - Val Loss: 0.3560, Val Accuracy: 0.8971 in 40 steps
[2024-06-20 23:19:56,680][flwr][INFO] - fit progress: (2, 0.35596508, {'accuracy': 0.8971}, 15.283666187999188)
[2024-06-20 23:19:56,680][flwr][DEBUG] - evaluate_round 2: strategy sampled 3 clients (out of 3)
[2024-06-20 23:19:57,269][flwr][DEBUG] - evaluate_round 2 received 3 results and 0 failures
[2024-06-20 23:19:57,271][root][INFO] - Epoch data saved to /home/psklavos/fl/geom_aio/csv_logs/exp_20240620_231931/clients/client_0/epoch.csv
[2024-06-20 23:19:57,338][root][INFO] - Batch data saved to /home/psklavos/fl/geom_aio/csv_logs/exp_20240620_231931/clients/client_0/batch.csv
[2024-06-20 23:19:57,340][root][INFO] - Server data saved to /home/psklavos/fl/geom_aio/csv_logs/exp_20240620_231931/server/server.csv
[2024-06-20 23:20:01,263][flwr][DEBUG] - fit_round 3: strategy sampled 3 clients (out of 3)
[2024-06-20 23:20:08,285][flwr][DEBUG] - fit_round 3 received 3 results and 0 failures
[2024-06-20 23:20:08,359][utils.model][INFO] - LeNet model built
[2024-06-20 23:20:08,493][utils.model][INFO] - Size of serialized model: 279.0341796875 kbytes
[2024-06-20 23:20:08,547][utils.model][INFO] - Step 1/40 - val_loss: 0.1408 - val_accuracy: 0.9648
[2024-06-20 23:20:08,566][utils.model][INFO] - Step 2/40 - val_loss: 0.2001 - val_accuracy: 0.9316
[2024-06-20 23:20:08,585][utils.model][INFO] - Step 3/40 - val_loss: 0.2025 - val_accuracy: 0.9323
[2024-06-20 23:20:08,605][utils.model][INFO] - Step 4/40 - val_loss: 0.2022 - val_accuracy: 0.9336
[2024-06-20 23:20:08,625][utils.model][INFO] - Step 5/40 - val_loss: 0.2260 - val_accuracy: 0.9281
[2024-06-20 23:20:08,644][utils.model][INFO] - Step 6/40 - val_loss: 0.2328 - val_accuracy: 0.9277
[2024-06-20 23:20:08,665][utils.model][INFO] - Step 7/40 - val_loss: 0.2406 - val_accuracy: 0.9275
[2024-06-20 23:20:08,686][utils.model][INFO] - Step 8/40 - val_loss: 0.2355 - val_accuracy: 0.9297
[2024-06-20 23:20:08,706][utils.model][INFO] - Step 9/40 - val_loss: 0.2498 - val_accuracy: 0.9258
[2024-06-20 23:20:08,725][utils.model][INFO] - Step 10/40 - val_loss: 0.2464 - val_accuracy: 0.9262
[2024-06-20 23:20:08,745][utils.model][INFO] - Step 11/40 - val_loss: 0.2423 - val_accuracy: 0.9276
[2024-06-20 23:20:08,765][utils.model][INFO] - Step 12/40 - val_loss: 0.2399 - val_accuracy: 0.9287
[2024-06-20 23:20:08,784][utils.model][INFO] - Step 13/40 - val_loss: 0.2367 - val_accuracy: 0.9300
[2024-06-20 23:20:08,804][utils.model][INFO] - Step 14/40 - val_loss: 0.2356 - val_accuracy: 0.9294
[2024-06-20 23:20:08,823][utils.model][INFO] - Step 15/40 - val_loss: 0.2392 - val_accuracy: 0.9276
[2024-06-20 23:20:08,843][utils.model][INFO] - Step 16/40 - val_loss: 0.2402 - val_accuracy: 0.9272
[2024-06-20 23:20:08,862][utils.model][INFO] - Step 17/40 - val_loss: 0.2427 - val_accuracy: 0.9269
[2024-06-20 23:20:08,880][utils.model][INFO] - Step 18/40 - val_loss: 0.2419 - val_accuracy: 0.9266
[2024-06-20 23:20:08,901][utils.model][INFO] - Step 19/40 - val_loss: 0.2409 - val_accuracy: 0.9276
[2024-06-20 23:20:08,921][utils.model][INFO] - Step 20/40 - val_loss: 0.2395 - val_accuracy: 0.9281
[2024-06-20 23:20:08,942][utils.model][INFO] - Step 21/40 - val_loss: 0.2338 - val_accuracy: 0.9291
[2024-06-20 23:20:08,961][utils.model][INFO] - Step 22/40 - val_loss: 0.2262 - val_accuracy: 0.9318
[2024-06-20 23:20:08,980][utils.model][INFO] - Step 23/40 - val_loss: 0.2226 - val_accuracy: 0.9339
[2024-06-20 23:20:09,000][utils.model][INFO] - Step 24/40 - val_loss: 0.2234 - val_accuracy: 0.9334
[2024-06-20 23:20:09,019][utils.model][INFO] - Step 25/40 - val_loss: 0.2187 - val_accuracy: 0.9352
[2024-06-20 23:20:09,040][utils.model][INFO] - Step 26/40 - val_loss: 0.2188 - val_accuracy: 0.9355
[2024-06-20 23:20:09,060][utils.model][INFO] - Step 27/40 - val_loss: 0.2143 - val_accuracy: 0.9371
[2024-06-20 23:20:09,079][utils.model][INFO] - Step 28/40 - val_loss: 0.2094 - val_accuracy: 0.9385
[2024-06-20 23:20:09,098][utils.model][INFO] - Step 29/40 - val_loss: 0.2047 - val_accuracy: 0.9401
[2024-06-20 23:20:09,118][utils.model][INFO] - Step 30/40 - val_loss: 0.2018 - val_accuracy: 0.9411
[2024-06-20 23:20:09,137][utils.model][INFO] - Step 31/40 - val_loss: 0.1983 - val_accuracy: 0.9420
[2024-06-20 23:20:09,157][utils.model][INFO] - Step 32/40 - val_loss: 0.1951 - val_accuracy: 0.9429
[2024-06-20 23:20:09,177][utils.model][INFO] - Step 33/40 - val_loss: 0.1923 - val_accuracy: 0.9439
[2024-06-20 23:20:09,196][utils.model][INFO] - Step 34/40 - val_loss: 0.1880 - val_accuracy: 0.9452
[2024-06-20 23:20:09,217][utils.model][INFO] - Step 35/40 - val_loss: 0.1832 - val_accuracy: 0.9468
[2024-06-20 23:20:09,237][utils.model][INFO] - Step 36/40 - val_loss: 0.1819 - val_accuracy: 0.9475
[2024-06-20 23:20:09,258][utils.model][INFO] - Step 37/40 - val_loss: 0.1783 - val_accuracy: 0.9485
[2024-06-20 23:20:09,277][utils.model][INFO] - Step 38/40 - val_loss: 0.1779 - val_accuracy: 0.9483
[2024-06-20 23:20:09,296][utils.model][INFO] - Step 39/40 - val_loss: 0.1836 - val_accuracy: 0.9469
[2024-06-20 23:20:09,305][utils.model][INFO] - Step 40/40 - val_loss: 0.1801 - val_accuracy: 0.9470
[2024-06-20 23:20:09,306][utils.model][INFO] - Evaluation Results - Val Loss: 0.1801, Val Accuracy: 0.9470 in 40 steps
[2024-06-20 23:20:09,308][flwr][INFO] - fit progress: (3, 0.18009318, {'accuracy': 0.947}, 27.91165810599341)
[2024-06-20 23:20:09,308][flwr][DEBUG] - evaluate_round 3: strategy sampled 3 clients (out of 3)
[2024-06-20 23:20:09,849][flwr][DEBUG] - evaluate_round 3 received 3 results and 0 failures
[2024-06-20 23:20:09,851][root][INFO] - Epoch data saved to /home/psklavos/fl/geom_aio/csv_logs/exp_20240620_231931/clients/client_0/epoch.csv
[2024-06-20 23:20:09,974][root][INFO] - Batch data saved to /home/psklavos/fl/geom_aio/csv_logs/exp_20240620_231931/clients/client_0/batch.csv
[2024-06-20 23:20:09,975][root][INFO] - Server data saved to /home/psklavos/fl/geom_aio/csv_logs/exp_20240620_231931/server/server.csv
[2024-06-20 23:20:13,770][flwr][DEBUG] - fit_round 4: strategy sampled 3 clients (out of 3)
[2024-06-20 23:20:23,294][flwr][DEBUG] - fit_round 4 received 3 results and 0 failures
[2024-06-20 23:20:23,364][utils.model][INFO] - LeNet model built
[2024-06-20 23:20:23,487][utils.model][INFO] - Size of serialized model: 279.0341796875 kbytes
[2024-06-20 23:20:23,558][utils.model][INFO] - Step 1/40 - val_loss: 0.0749 - val_accuracy: 0.9805
[2024-06-20 23:20:23,576][utils.model][INFO] - Step 2/40 - val_loss: 0.0975 - val_accuracy: 0.9668
[2024-06-20 23:20:23,596][utils.model][INFO] - Step 3/40 - val_loss: 0.1157 - val_accuracy: 0.9583
[2024-06-20 23:20:23,618][utils.model][INFO] - Step 4/40 - val_loss: 0.1210 - val_accuracy: 0.9561
[2024-06-20 23:20:23,638][utils.model][INFO] - Step 5/40 - val_loss: 0.1444 - val_accuracy: 0.9469
[2024-06-20 23:20:23,658][utils.model][INFO] - Step 6/40 - val_loss: 0.1495 - val_accuracy: 0.9453
[2024-06-20 23:20:23,678][utils.model][INFO] - Step 7/40 - val_loss: 0.1527 - val_accuracy: 0.9464
[2024-06-20 23:20:23,698][utils.model][INFO] - Step 8/40 - val_loss: 0.1514 - val_accuracy: 0.9468
[2024-06-20 23:20:23,719][utils.model][INFO] - Step 9/40 - val_loss: 0.1632 - val_accuracy: 0.9431
[2024-06-20 23:20:23,738][utils.model][INFO] - Step 10/40 - val_loss: 0.1599 - val_accuracy: 0.9449
[2024-06-20 23:20:23,757][utils.model][INFO] - Step 11/40 - val_loss: 0.1564 - val_accuracy: 0.9460
[2024-06-20 23:20:23,778][utils.model][INFO] - Step 12/40 - val_loss: 0.1534 - val_accuracy: 0.9476
[2024-06-20 23:20:23,798][utils.model][INFO] - Step 13/40 - val_loss: 0.1506 - val_accuracy: 0.9486
[2024-06-20 23:20:23,937][utils.model][INFO] - Step 14/40 - val_loss: 0.1504 - val_accuracy: 0.9478
[2024-06-20 23:20:23,959][utils.model][INFO] - Step 15/40 - val_loss: 0.1532 - val_accuracy: 0.9482
[2024-06-20 23:20:23,987][utils.model][INFO] - Step 16/40 - val_loss: 0.1541 - val_accuracy: 0.9480
[2024-06-20 23:20:24,013][utils.model][INFO] - Step 17/40 - val_loss: 0.1552 - val_accuracy: 0.9476
[2024-06-20 23:20:24,039][utils.model][INFO] - Step 18/40 - val_loss: 0.1539 - val_accuracy: 0.9475
[2024-06-20 23:20:24,061][utils.model][INFO] - Step 19/40 - val_loss: 0.1526 - val_accuracy: 0.9476
[2024-06-20 23:20:24,083][utils.model][INFO] - Step 20/40 - val_loss: 0.1508 - val_accuracy: 0.9477
[2024-06-20 23:20:24,107][utils.model][INFO] - Step 21/40 - val_loss: 0.1466 - val_accuracy: 0.9490
[2024-06-20 23:20:24,126][utils.model][INFO] - Step 22/40 - val_loss: 0.1417 - val_accuracy: 0.9508
[2024-06-20 23:20:24,145][utils.model][INFO] - Step 23/40 - val_loss: 0.1405 - val_accuracy: 0.9516
[2024-06-20 23:20:24,166][utils.model][INFO] - Step 24/40 - val_loss: 0.1439 - val_accuracy: 0.9505
[2024-06-20 23:20:24,186][utils.model][INFO] - Step 25/40 - val_loss: 0.1405 - val_accuracy: 0.9520
[2024-06-20 23:20:24,205][utils.model][INFO] - Step 26/40 - val_loss: 0.1397 - val_accuracy: 0.9527
[2024-06-20 23:20:24,225][utils.model][INFO] - Step 27/40 - val_loss: 0.1364 - val_accuracy: 0.9538
[2024-06-20 23:20:24,245][utils.model][INFO] - Step 28/40 - val_loss: 0.1325 - val_accuracy: 0.9551
[2024-06-20 23:20:24,266][utils.model][INFO] - Step 29/40 - val_loss: 0.1286 - val_accuracy: 0.9566
[2024-06-20 23:20:24,285][utils.model][INFO] - Step 30/40 - val_loss: 0.1264 - val_accuracy: 0.9574
[2024-06-20 23:20:24,305][utils.model][INFO] - Step 31/40 - val_loss: 0.1257 - val_accuracy: 0.9575
[2024-06-20 23:20:24,324][utils.model][INFO] - Step 32/40 - val_loss: 0.1242 - val_accuracy: 0.9580
[2024-06-20 23:20:24,344][utils.model][INFO] - Step 33/40 - val_loss: 0.1215 - val_accuracy: 0.9592
[2024-06-20 23:20:24,368][utils.model][INFO] - Step 34/40 - val_loss: 0.1187 - val_accuracy: 0.9602
[2024-06-20 23:20:24,387][utils.model][INFO] - Step 35/40 - val_loss: 0.1154 - val_accuracy: 0.9614
[2024-06-20 23:20:24,408][utils.model][INFO] - Step 36/40 - val_loss: 0.1163 - val_accuracy: 0.9615
[2024-06-20 23:20:24,426][utils.model][INFO] - Step 37/40 - val_loss: 0.1136 - val_accuracy: 0.9625
[2024-06-20 23:20:24,448][utils.model][INFO] - Step 38/40 - val_loss: 0.1127 - val_accuracy: 0.9625
[2024-06-20 23:20:24,468][utils.model][INFO] - Step 39/40 - val_loss: 0.1168 - val_accuracy: 0.9611
[2024-06-20 23:20:24,478][utils.model][INFO] - Step 40/40 - val_loss: 0.1141 - val_accuracy: 0.9612
[2024-06-20 23:20:24,480][utils.model][INFO] - Evaluation Results - Val Loss: 0.1141, Val Accuracy: 0.9612 in 40 steps
[2024-06-20 23:20:24,481][flwr][INFO] - fit progress: (4, 0.11414862, {'accuracy': 0.9612}, 43.08505597600015)
[2024-06-20 23:20:24,481][flwr][DEBUG] - evaluate_round 4: strategy sampled 3 clients (out of 3)
[2024-06-20 23:20:25,036][flwr][DEBUG] - evaluate_round 4 received 3 results and 0 failures
[2024-06-20 23:20:25,039][root][INFO] - Epoch data saved to /home/psklavos/fl/geom_aio/csv_logs/exp_20240620_231931/clients/client_0/epoch.csv
[2024-06-20 23:20:25,206][root][INFO] - Batch data saved to /home/psklavos/fl/geom_aio/csv_logs/exp_20240620_231931/clients/client_0/batch.csv
[2024-06-20 23:20:25,207][root][INFO] - Server data saved to /home/psklavos/fl/geom_aio/csv_logs/exp_20240620_231931/server/server.csv
[2024-06-20 23:20:28,978][flwr][DEBUG] - fit_round 5: strategy sampled 3 clients (out of 3)
[2024-06-20 23:20:41,568][flwr][DEBUG] - fit_round 5 received 3 results and 0 failures
[2024-06-20 23:20:41,648][utils.model][INFO] - LeNet model built
[2024-06-20 23:20:41,775][utils.model][INFO] - Size of serialized model: 279.0341796875 kbytes
[2024-06-20 23:20:41,836][utils.model][INFO] - Step 1/40 - val_loss: 0.0368 - val_accuracy: 0.9922
[2024-06-20 23:20:41,858][utils.model][INFO] - Step 2/40 - val_loss: 0.0661 - val_accuracy: 0.9805
[2024-06-20 23:20:41,890][utils.model][INFO] - Step 3/40 - val_loss: 0.0821 - val_accuracy: 0.9701
[2024-06-20 23:20:41,914][utils.model][INFO] - Step 4/40 - val_loss: 0.0886 - val_accuracy: 0.9688
[2024-06-20 23:20:41,937][utils.model][INFO] - Step 5/40 - val_loss: 0.1013 - val_accuracy: 0.9633
[2024-06-20 23:20:41,958][utils.model][INFO] - Step 6/40 - val_loss: 0.1078 - val_accuracy: 0.9603
[2024-06-20 23:20:41,982][utils.model][INFO] - Step 7/40 - val_loss: 0.1086 - val_accuracy: 0.9609
[2024-06-20 23:20:42,008][utils.model][INFO] - Step 8/40 - val_loss: 0.1090 - val_accuracy: 0.9629
[2024-06-20 23:20:42,033][utils.model][INFO] - Step 9/40 - val_loss: 0.1185 - val_accuracy: 0.9588
[2024-06-20 23:20:42,054][utils.model][INFO] - Step 10/40 - val_loss: 0.1160 - val_accuracy: 0.9598
[2024-06-20 23:20:42,079][utils.model][INFO] - Step 11/40 - val_loss: 0.1113 - val_accuracy: 0.9616
[2024-06-20 23:20:42,100][utils.model][INFO] - Step 12/40 - val_loss: 0.1102 - val_accuracy: 0.9626
[2024-06-20 23:20:42,119][utils.model][INFO] - Step 13/40 - val_loss: 0.1086 - val_accuracy: 0.9636
[2024-06-20 23:20:42,138][utils.model][INFO] - Step 14/40 - val_loss: 0.1095 - val_accuracy: 0.9634
[2024-06-20 23:20:42,158][utils.model][INFO] - Step 15/40 - val_loss: 0.1107 - val_accuracy: 0.9635
[2024-06-20 23:20:42,177][utils.model][INFO] - Step 16/40 - val_loss: 0.1115 - val_accuracy: 0.9634
[2024-06-20 23:20:42,196][utils.model][INFO] - Step 17/40 - val_loss: 0.1137 - val_accuracy: 0.9628
[2024-06-20 23:20:42,215][utils.model][INFO] - Step 18/40 - val_loss: 0.1131 - val_accuracy: 0.9629
[2024-06-20 23:20:42,233][utils.model][INFO] - Step 19/40 - val_loss: 0.1129 - val_accuracy: 0.9628
[2024-06-20 23:20:42,253][utils.model][INFO] - Step 20/40 - val_loss: 0.1115 - val_accuracy: 0.9631
[2024-06-20 23:20:42,275][utils.model][INFO] - Step 21/40 - val_loss: 0.1088 - val_accuracy: 0.9637
[2024-06-20 23:20:42,294][utils.model][INFO] - Step 22/40 - val_loss: 0.1052 - val_accuracy: 0.9648
[2024-06-20 23:20:42,314][utils.model][INFO] - Step 23/40 - val_loss: 0.1043 - val_accuracy: 0.9657
[2024-06-20 23:20:42,337][utils.model][INFO] - Step 24/40 - val_loss: 0.1062 - val_accuracy: 0.9650
[2024-06-20 23:20:42,360][utils.model][INFO] - Step 25/40 - val_loss: 0.1028 - val_accuracy: 0.9663
[2024-06-20 23:20:42,381][utils.model][INFO] - Step 26/40 - val_loss: 0.1036 - val_accuracy: 0.9665
[2024-06-20 23:20:42,402][utils.model][INFO] - Step 27/40 - val_loss: 0.1016 - val_accuracy: 0.9673
[2024-06-20 23:20:42,428][utils.model][INFO] - Step 28/40 - val_loss: 0.0994 - val_accuracy: 0.9681
[2024-06-20 23:20:42,449][utils.model][INFO] - Step 29/40 - val_loss: 0.0965 - val_accuracy: 0.9692
[2024-06-20 23:20:42,471][utils.model][INFO] - Step 30/40 - val_loss: 0.0945 - val_accuracy: 0.9698
[2024-06-20 23:20:42,493][utils.model][INFO] - Step 31/40 - val_loss: 0.0933 - val_accuracy: 0.9701
[2024-06-20 23:20:42,514][utils.model][INFO] - Step 32/40 - val_loss: 0.0917 - val_accuracy: 0.9705
[2024-06-20 23:20:42,541][utils.model][INFO] - Step 33/40 - val_loss: 0.0899 - val_accuracy: 0.9710
[2024-06-20 23:20:42,564][utils.model][INFO] - Step 34/40 - val_loss: 0.0878 - val_accuracy: 0.9717
[2024-06-20 23:20:42,588][utils.model][INFO] - Step 35/40 - val_loss: 0.0854 - val_accuracy: 0.9725
[2024-06-20 23:20:42,609][utils.model][INFO] - Step 36/40 - val_loss: 0.0849 - val_accuracy: 0.9728
[2024-06-20 23:20:42,629][utils.model][INFO] - Step 37/40 - val_loss: 0.0830 - val_accuracy: 0.9734
[2024-06-20 23:20:42,649][utils.model][INFO] - Step 38/40 - val_loss: 0.0824 - val_accuracy: 0.9735
[2024-06-20 23:20:42,668][utils.model][INFO] - Step 39/40 - val_loss: 0.0861 - val_accuracy: 0.9727
[2024-06-20 23:20:42,677][utils.model][INFO] - Step 40/40 - val_loss: 0.0840 - val_accuracy: 0.9727
[2024-06-20 23:20:42,679][utils.model][INFO] - Evaluation Results - Val Loss: 0.0840, Val Accuracy: 0.9727 in 40 steps
[2024-06-20 23:20:42,680][flwr][INFO] - fit progress: (5, 0.08402327, {'accuracy': 0.9727}, 61.2843026430055)
[2024-06-20 23:20:42,681][flwr][DEBUG] - evaluate_round 5: strategy sampled 3 clients (out of 3)
[2024-06-20 23:20:43,288][flwr][DEBUG] - evaluate_round 5 received 3 results and 0 failures
[2024-06-20 23:20:43,291][root][INFO] - Epoch data saved to /home/psklavos/fl/geom_aio/csv_logs/exp_20240620_231931/clients/client_0/epoch.csv
[2024-06-20 23:20:43,543][root][INFO] - Batch data saved to /home/psklavos/fl/geom_aio/csv_logs/exp_20240620_231931/clients/client_0/batch.csv
[2024-06-20 23:20:43,544][root][INFO] - Server data saved to /home/psklavos/fl/geom_aio/csv_logs/exp_20240620_231931/server/server.csv
[2024-06-20 23:20:43,544][flwr][INFO] - FL finished in 62.14817186699656
[2024-06-20 23:20:43,544][flwr][INFO] - app_fit: losses_distributed [(1, 1.2710769573847454), (2, 0.3924191991488139), (3, 0.21020274857680002), (4, 0.12638371189435324), (5, 0.09668699900309245)]
[2024-06-20 23:20:43,545][flwr][INFO] - app_fit: metrics_distributed_fit {'average_norm': [(1, 5.004359722137451), (2, 5.083395004272461), (3, 5.038311958312988), (4, 5.018146991729736), (5, 5.0338981946309405)], 'round_time': [(1, 2.348666136942383), (2, 5.669187114269409), (3, 8.43234949434668), (4, 10.61369147957544), (5, 13.936475225159302)], 'average_downlink_time': [(1, 0.551062386), (2, 0.6675486776666667), (3, 0.7058191116666667), (4, 0.6140204623333333), (5, 0.67931917)], 'average_rtc_check_time': [(1, 0.056879198527894914), (2, 0.44026425131596625), (3, 0.48107103333071183), (4, 0.6355405280337436), (5, 0.872500408620302)], 'average_uplink_time': [(1, 0.3075696535), (2, 0.580452485), (3, 0.6654643140000001), (4, 0.4374760956666666), (5, 0.46634734866666666)], 'average_computation_time': [(1, 1.1940652132034302), (2, 3.4996617635091147), (3, 6.053063631057739), (4, 8.278749306996664), (5, 10.940454800923666)], 'average_communication_time': [(1, 0.9155112380278949), (2, 1.6882654139826327), (3, 1.8523544589973786), (4, 1.6870370860337436), (5, 2.0181669272869684)], 'average_fit_time': [(1, 1.3798019886016846), (2, 4.216059605280559), (3, 6.9953086376190186), (4, 9.505537430445353), (5, 12.569103558858236)], 'average_throughput': [(1, 7.943521142926871), (2, 3.9545383162517163), (3, 3.475895908814513), (4, 5.249587884466887), (5, 5.311861123250535)], 'dropouts': [(1, 1), (2, 0), (3, 0), (4, 0), (5, 0)]}
[2024-06-20 23:20:43,545][flwr][INFO] - app_fit: metrics_distributed {'accuracy': [(1, 0.6238333185513815), (2, 0.8866666754086813), (3, 0.937666674455007), (4, 0.9606666763623556), (5, 0.9683333237965902)]}
[2024-06-20 23:20:43,545][flwr][INFO] - app_fit: losses_centralized [(0, 2.3182175), (1, 1.2413001), (2, 0.35596508), (3, 0.18009318), (4, 0.11414862), (5, 0.08402327)]
[2024-06-20 23:20:43,545][flwr][INFO] - app_fit: metrics_centralized {'accuracy': [(0, 0.0461), (1, 0.6256), (2, 0.8971), (3, 0.947), (4, 0.9612), (5, 0.9727)]}
