[2024-06-20 16:47:53,425][utils.model][INFO] - LeNet model built
[2024-06-20 16:47:53,722][utils.model][INFO] - LeNet model built
[2024-06-20 16:47:53,811][utils.model][INFO] - Size of serialized model: 279.0341796875 kbytes
[2024-06-20 16:47:53,824][flwr][INFO] - Opened insecure gRPC connection (no certificates were passed)
[2024-06-20 16:47:53,827][flwr][DEBUG] - ChannelConnectivity.IDLE
[2024-06-20 16:47:53,829][flwr][DEBUG] - ChannelConnectivity.READY
[2024-06-20 16:47:54,054][utils.model][INFO] - Size of serialized model: 279.0341796875 kbytes
[2024-06-20 16:47:54,080][flwr][INFO] - Opened insecure gRPC connection (no certificates were passed)
[2024-06-20 16:47:54,083][flwr][DEBUG] - ChannelConnectivity.IDLE
[2024-06-20 16:47:54,084][flwr][DEBUG] - ChannelConnectivity.CONNECTING
[2024-06-20 16:47:54,085][flwr][DEBUG] - ChannelConnectivity.READY
[2024-06-20 16:48:05,217][utils.model][INFO] - ========================== Epoch Start ==========================
[2024-06-20 16:48:05,219][utils.model][INFO] - ========================== Epoch Start ==========================
[2024-06-20 16:48:05,694][utils.model][INFO] - (In epoch/Overall): (1/1)| inst_loss: 0.4753 - Mean loss: 2.3424 - acc: 0.1875 - norm: 0.21 - 2.34s
[2024-06-20 16:48:05,694][utils.model][INFO] - (In epoch/Overall): (1/1)| inst_loss: 0.4739 - Mean loss: 2.2862 - acc: 0.2188 - norm: 0.20 - 2.29s
[2024-06-20 16:48:06,176][utils.model][INFO] - (In epoch/Overall): (11/11)| inst_loss: 0.9559 - Mean loss: 2.1423 - acc: 0.2869 - norm: 1.88 - 2.05s
[2024-06-20 16:48:06,176][utils.model][INFO] - (In epoch/Overall): (11/11)| inst_loss: 0.9575 - Mean loss: 2.1911 - acc: 0.2159 - norm: 1.55 - 1.98s
[2024-06-20 16:48:06,636][utils.model][INFO] - (In epoch/Overall): (21/21)| inst_loss: 1.4168 - Mean loss: 2.0004 - acc: 0.3467 - norm: 3.86 - 1.63s
[2024-06-20 16:48:06,636][utils.model][INFO] - (In epoch/Overall): (21/21)| inst_loss: 1.4152 - Mean loss: 1.8715 - acc: 0.4048 - norm: 4.12 - 1.23s
[2024-06-20 16:48:06,891][utils.model][INFO] - Epoch Results:
[2024-06-20 16:48:06,892][utils.model][INFO] - Epoch Results:
[2024-06-20 16:48:06,895][utils.model][INFO] - (In epoch/Overall): (26/26)| inst_loss: 1.1731 - Mean loss: 1.8865 - acc: 0.3918 - norm: 4.99 - 1.68s
[2024-06-20 16:48:06,895][utils.model][INFO] - (In epoch/Overall): (26/26)| inst_loss: 1.1352 - Mean loss: 1.7457 - acc: 0.4495 - norm: 5.15 - 1.67s
[2024-06-20 16:48:08,548][utils.model][INFO] - Evaluation Results - Val Loss: 1.2578, Val Accuracy: 0.7060 in 32 steps
[2024-06-20 16:48:08,549][utils.model][INFO] - Evaluation Results - Val Loss: 1.2344, Val Accuracy: 0.7225 in 32 steps
[2024-06-20 16:48:19,725][utils.model][INFO] - ========================== Epoch Start ==========================
[2024-06-20 16:48:19,726][utils.model][INFO] - ========================== Epoch Start ==========================
[2024-06-20 16:48:19,839][utils.model][INFO] - (In epoch/Overall): (1/27)| inst_loss: 0.1120 - Mean loss: 1.2667 - acc: 0.7188 - norm: 0.12 - 1.27s
[2024-06-20 16:48:19,839][utils.model][INFO] - (In epoch/Overall): (1/27)| inst_loss: 0.1111 - Mean loss: 1.1725 - acc: 0.7188 - norm: 0.12 - 1.17s
[2024-06-20 16:48:20,452][utils.model][INFO] - (In epoch/Overall): (11/37)| inst_loss: 0.7252 - Mean loss: 1.1032 - acc: 0.6733 - norm: 0.57 - 0.91s
[2024-06-20 16:48:20,453][utils.model][INFO] - (In epoch/Overall): (11/37)| inst_loss: 0.7244 - Mean loss: 1.2705 - acc: 0.5795 - norm: 0.55 - 1.35s
[2024-06-20 16:48:21,033][utils.model][INFO] - (In epoch/Overall): (21/47)| inst_loss: 1.3044 - Mean loss: 0.9801 - acc: 0.7083 - norm: 1.13 - 0.72s
[2024-06-20 16:48:21,033][utils.model][INFO] - (In epoch/Overall): (21/47)| inst_loss: 1.3034 - Mean loss: 1.0823 - acc: 0.6473 - norm: 1.10 - 0.80s
[2024-06-20 16:48:21,589][utils.model][INFO] - (In epoch/Overall): (31/57)| inst_loss: 1.8611 - Mean loss: 0.9070 - acc: 0.7198 - norm: 1.73 - 0.64s
[2024-06-20 16:48:21,589][utils.model][INFO] - (In epoch/Overall): (31/57)| inst_loss: 1.8602 - Mean loss: 1.0029 - acc: 0.6774 - norm: 1.76 - 0.73s
[2024-06-20 16:48:22,080][utils.model][INFO] - (In epoch/Overall): (41/67)| inst_loss: 2.3519 - Mean loss: 0.9078 - acc: 0.7104 - norm: 2.39 - 0.66s
[2024-06-20 16:48:22,080][utils.model][INFO] - (In epoch/Overall): (41/67)| inst_loss: 2.3531 - Mean loss: 0.8598 - acc: 0.7325 - norm: 2.33 - 0.77s
[2024-06-20 16:48:22,586][utils.model][INFO] - (In epoch/Overall): (51/77)| inst_loss: 2.8589 - Mean loss: 0.8233 - acc: 0.7408 - norm: 2.96 - 0.75s
[2024-06-20 16:48:22,586][utils.model][INFO] - (In epoch/Overall): (51/77)| inst_loss: 2.8579 - Mean loss: 0.8425 - acc: 0.7335 - norm: 3.00 - 0.65s
[2024-06-20 16:48:23,089][utils.model][INFO] - (In epoch/Overall): (61/87)| inst_loss: 3.3611 - Mean loss: 0.7907 - acc: 0.7500 - norm: 3.65 - 0.73s
[2024-06-20 16:48:23,089][utils.model][INFO] - (In epoch/Overall): (61/87)| inst_loss: 3.3622 - Mean loss: 0.7946 - acc: 0.7510 - norm: 3.58 - 0.45s
[2024-06-20 16:48:23,557][utils.model][INFO] - (In epoch/Overall): (71/97)| inst_loss: 3.8279 - Mean loss: 0.7704 - acc: 0.7597 - norm: 4.24 - 0.50s
[2024-06-20 16:48:23,557][utils.model][INFO] - (In epoch/Overall): (71/97)| inst_loss: 3.8289 - Mean loss: 0.7365 - acc: 0.7711 - norm: 4.26 - 0.47s
[2024-06-20 16:48:24,057][utils.model][INFO] - (In epoch/Overall): (81/107)| inst_loss: 4.3288 - Mean loss: 0.7270 - acc: 0.7747 - norm: 5.00 - 0.73s
[2024-06-20 16:48:24,058][utils.model][INFO] - (In epoch/Overall): (81/107)| inst_loss: 4.3298 - Mean loss: 0.7100 - acc: 0.7805 - norm: 4.92 - 0.45s
[2024-06-20 16:48:24,173][utils.model][INFO] - Epoch Results:
[2024-06-20 16:48:24,173][utils.model][INFO] - Epoch Results:
[2024-06-20 16:48:24,176][utils.model][INFO] - (In epoch/Overall): (83/109)| inst_loss: 0.2520 - Mean loss: 0.7003 - acc: 0.7835 - norm: 5.05 - 4.45s
[2024-06-20 16:48:24,177][utils.model][INFO] - (In epoch/Overall): (83/109)| inst_loss: 0.5501 - Mean loss: 0.7225 - acc: 0.7760 - norm: 5.15 - 4.45s
[2024-06-20 16:48:25,864][utils.model][INFO] - Evaluation Results - Val Loss: 0.3612, Val Accuracy: 0.8960 in 32 steps
[2024-06-20 16:48:25,876][utils.model][INFO] - Evaluation Results - Val Loss: 0.4059, Val Accuracy: 0.8785 in 32 steps
