[2024-06-22 12:14:38,094][root][INFO] - Initialized DataManager for experiment exp_20240622_121438
[2024-06-22 12:14:38,100][root][INFO] - Info data saved to /home/psklavos/fl/geom_aio/csv_logs/exp_20240622_121438/info.csv
[2024-06-22 12:14:38,101][flwr][INFO] - Starting Flower server, config: ServerConfig(num_rounds=3, round_timeout=None)
[2024-06-22 12:14:38,103][flwr][INFO] - Flower ECE: gRPC server running (3 rounds), SSL is disabled
[2024-06-22 12:14:38,104][flwr][INFO] - Initializing global parameters
[2024-06-22 12:14:38,104][flwr][INFO] - Requesting initial parameters from one random client
[2024-06-22 12:14:46,480][flwr][INFO] - Received initial parameters from one random client
[2024-06-22 12:14:46,481][flwr][INFO] - Evaluating initial parameters
[2024-06-22 12:14:46,628][utils.model][INFO] - LeNet model built
[2024-06-22 12:14:46,887][utils.model][INFO] - Size of serialized model: 279.0341796875 kbytes
[2024-06-22 12:14:46,974][utils.model][INFO] - Step 1/40 - val_loss: 2.2994 - val_accuracy: 0.1133
[2024-06-22 12:14:46,998][utils.model][INFO] - Step 2/40 - val_loss: 2.3031 - val_accuracy: 0.0977
[2024-06-22 12:14:47,036][utils.model][INFO] - Step 3/40 - val_loss: 2.3029 - val_accuracy: 0.0977
[2024-06-22 12:14:47,065][utils.model][INFO] - Step 4/40 - val_loss: 2.3033 - val_accuracy: 0.0938
[2024-06-22 12:14:47,094][utils.model][INFO] - Step 5/40 - val_loss: 2.3025 - val_accuracy: 0.0930
[2024-06-22 12:14:47,128][utils.model][INFO] - Step 6/40 - val_loss: 2.3031 - val_accuracy: 0.0931
[2024-06-22 12:14:47,153][utils.model][INFO] - Step 7/40 - val_loss: 2.3033 - val_accuracy: 0.0915
[2024-06-22 12:14:47,178][utils.model][INFO] - Step 8/40 - val_loss: 2.3032 - val_accuracy: 0.0913
[2024-06-22 12:14:47,200][utils.model][INFO] - Step 9/40 - val_loss: 2.3027 - val_accuracy: 0.0916
[2024-06-22 12:14:47,225][utils.model][INFO] - Step 10/40 - val_loss: 2.3031 - val_accuracy: 0.0910
[2024-06-22 12:14:47,247][utils.model][INFO] - Step 11/40 - val_loss: 2.3035 - val_accuracy: 0.0902
[2024-06-22 12:14:47,268][utils.model][INFO] - Step 12/40 - val_loss: 2.3035 - val_accuracy: 0.0892
[2024-06-22 12:14:47,289][utils.model][INFO] - Step 13/40 - val_loss: 2.3035 - val_accuracy: 0.0910
[2024-06-22 12:14:47,311][utils.model][INFO] - Step 14/40 - val_loss: 2.3034 - val_accuracy: 0.0918
[2024-06-22 12:14:47,338][utils.model][INFO] - Step 15/40 - val_loss: 2.3036 - val_accuracy: 0.0911
[2024-06-22 12:14:47,357][utils.model][INFO] - Step 16/40 - val_loss: 2.3040 - val_accuracy: 0.0884
[2024-06-22 12:14:47,376][utils.model][INFO] - Step 17/40 - val_loss: 2.3045 - val_accuracy: 0.0882
[2024-06-22 12:14:47,396][utils.model][INFO] - Step 18/40 - val_loss: 2.3046 - val_accuracy: 0.0885
[2024-06-22 12:14:47,417][utils.model][INFO] - Step 19/40 - val_loss: 2.3047 - val_accuracy: 0.0872
[2024-06-22 12:14:47,438][utils.model][INFO] - Step 20/40 - val_loss: 2.3048 - val_accuracy: 0.0885
[2024-06-22 12:14:47,459][utils.model][INFO] - Step 21/40 - val_loss: 2.3048 - val_accuracy: 0.0880
[2024-06-22 12:14:47,481][utils.model][INFO] - Step 22/40 - val_loss: 2.3050 - val_accuracy: 0.0879
[2024-06-22 12:14:47,500][utils.model][INFO] - Step 23/40 - val_loss: 2.3050 - val_accuracy: 0.0881
[2024-06-22 12:14:47,523][utils.model][INFO] - Step 24/40 - val_loss: 2.3051 - val_accuracy: 0.0890
[2024-06-22 12:14:47,543][utils.model][INFO] - Step 25/40 - val_loss: 2.3052 - val_accuracy: 0.0887
[2024-06-22 12:14:47,565][utils.model][INFO] - Step 26/40 - val_loss: 2.3055 - val_accuracy: 0.0876
[2024-06-22 12:14:47,586][utils.model][INFO] - Step 27/40 - val_loss: 2.3054 - val_accuracy: 0.0874
[2024-06-22 12:14:47,606][utils.model][INFO] - Step 28/40 - val_loss: 2.3056 - val_accuracy: 0.0880
[2024-06-22 12:14:47,626][utils.model][INFO] - Step 29/40 - val_loss: 2.3056 - val_accuracy: 0.0884
[2024-06-22 12:14:47,647][utils.model][INFO] - Step 30/40 - val_loss: 2.3056 - val_accuracy: 0.0874
[2024-06-22 12:14:47,672][utils.model][INFO] - Step 31/40 - val_loss: 2.3057 - val_accuracy: 0.0866
[2024-06-22 12:14:47,693][utils.model][INFO] - Step 32/40 - val_loss: 2.3057 - val_accuracy: 0.0872
[2024-06-22 12:14:47,712][utils.model][INFO] - Step 33/40 - val_loss: 2.3058 - val_accuracy: 0.0870
[2024-06-22 12:14:47,733][utils.model][INFO] - Step 34/40 - val_loss: 2.3058 - val_accuracy: 0.0874
[2024-06-22 12:14:47,753][utils.model][INFO] - Step 35/40 - val_loss: 2.3060 - val_accuracy: 0.0868
[2024-06-22 12:14:47,773][utils.model][INFO] - Step 36/40 - val_loss: 2.3060 - val_accuracy: 0.0866
[2024-06-22 12:14:47,790][utils.model][INFO] - Step 37/40 - val_loss: 2.3061 - val_accuracy: 0.0853
[2024-06-22 12:14:47,808][utils.model][INFO] - Step 38/40 - val_loss: 2.3061 - val_accuracy: 0.0853
[2024-06-22 12:14:47,826][utils.model][INFO] - Step 39/40 - val_loss: 2.3061 - val_accuracy: 0.0847
[2024-06-22 12:14:47,835][utils.model][INFO] - Step 40/40 - val_loss: 2.3058 - val_accuracy: 0.0849
[2024-06-22 12:14:47,837][utils.model][INFO] - Evaluation Results - Val Loss: 2.3058, Val Accuracy: 0.0849 in 40 steps
[2024-06-22 12:14:47,840][flwr][INFO] - initial parameters (loss, other metrics): 2.305838, {'accuracy': 0.0849}
[2024-06-22 12:14:47,840][flwr][INFO] - FL starting
[2024-06-22 12:14:51,436][flwr][DEBUG] - fit_round 1: strategy sampled 2 clients (out of 3)
