[2024-06-19 02:51:27,506][root][INFO] - Initialized DataManager for experiment exp_20240619_025127
[2024-06-19 02:51:27,508][flwr][INFO] - Starting Flower server, config: ServerConfig(num_rounds=5, round_timeout=None)
[2024-06-19 02:51:27,511][flwr][INFO] - Flower ECE: gRPC server running (5 rounds), SSL is disabled
[2024-06-19 02:51:27,512][flwr][INFO] - Initializing global parameters
[2024-06-19 02:51:27,512][flwr][INFO] - Requesting initial parameters from one random client
[2024-06-19 02:51:36,290][flwr][INFO] - Received initial parameters from one random client
[2024-06-19 02:51:36,312][flwr][INFO] - Evaluating initial parameters
[2024-06-19 02:51:36,815][utils.model][INFO] - LeNet model built
[2024-06-19 02:51:37,164][utils.model][INFO] - Size of serialized model: 279.0341796875 kbytes
[2024-06-19 02:51:37,225][utils.model][INFO] - Step 1/40 - val_loss: 2.3129 - val_accuracy: 0.1875
[2024-06-19 02:51:37,247][utils.model][INFO] - Step 2/40 - val_loss: 2.3046 - val_accuracy: 0.1914
[2024-06-19 02:51:37,268][utils.model][INFO] - Step 3/40 - val_loss: 2.3019 - val_accuracy: 0.2031
[2024-06-19 02:51:37,289][utils.model][INFO] - Step 4/40 - val_loss: 2.2995 - val_accuracy: 0.2051
[2024-06-19 02:51:37,315][utils.model][INFO] - Step 5/40 - val_loss: 2.3000 - val_accuracy: 0.2008
[2024-06-19 02:51:37,336][utils.model][INFO] - Step 6/40 - val_loss: 2.3001 - val_accuracy: 0.1966
[2024-06-19 02:51:37,358][utils.model][INFO] - Step 7/40 - val_loss: 2.2995 - val_accuracy: 0.2003
[2024-06-19 02:51:37,378][utils.model][INFO] - Step 8/40 - val_loss: 2.2990 - val_accuracy: 0.1992
[2024-06-19 02:51:37,400][utils.model][INFO] - Step 9/40 - val_loss: 2.2991 - val_accuracy: 0.2001
[2024-06-19 02:51:37,424][utils.model][INFO] - Step 10/40 - val_loss: 2.2993 - val_accuracy: 0.1984
[2024-06-19 02:51:37,445][utils.model][INFO] - Step 11/40 - val_loss: 2.2986 - val_accuracy: 0.2003
[2024-06-19 02:51:37,465][utils.model][INFO] - Step 12/40 - val_loss: 2.2990 - val_accuracy: 0.1999
[2024-06-19 02:51:37,484][utils.model][INFO] - Step 13/40 - val_loss: 2.2984 - val_accuracy: 0.1995
[2024-06-19 02:51:37,501][utils.model][INFO] - Step 14/40 - val_loss: 2.2989 - val_accuracy: 0.1970
[2024-06-19 02:51:37,522][utils.model][INFO] - Step 15/40 - val_loss: 2.2986 - val_accuracy: 0.1971
[2024-06-19 02:51:37,544][utils.model][INFO] - Step 16/40 - val_loss: 2.2987 - val_accuracy: 0.1992
[2024-06-19 02:51:37,562][utils.model][INFO] - Step 17/40 - val_loss: 2.2989 - val_accuracy: 0.2001
[2024-06-19 02:51:37,579][utils.model][INFO] - Step 18/40 - val_loss: 2.2991 - val_accuracy: 0.2003
[2024-06-19 02:51:37,600][utils.model][INFO] - Step 19/40 - val_loss: 2.2988 - val_accuracy: 0.1988
[2024-06-19 02:51:37,618][utils.model][INFO] - Step 20/40 - val_loss: 2.2986 - val_accuracy: 0.2002
[2024-06-19 02:51:37,636][utils.model][INFO] - Step 21/40 - val_loss: 2.2983 - val_accuracy: 0.2013
[2024-06-19 02:51:37,654][utils.model][INFO] - Step 22/40 - val_loss: 2.2978 - val_accuracy: 0.2042
[2024-06-19 02:51:37,672][utils.model][INFO] - Step 23/40 - val_loss: 2.2976 - val_accuracy: 0.2043
[2024-06-19 02:51:37,689][utils.model][INFO] - Step 24/40 - val_loss: 2.2977 - val_accuracy: 0.2038
[2024-06-19 02:51:37,706][utils.model][INFO] - Step 25/40 - val_loss: 2.2975 - val_accuracy: 0.2052
[2024-06-19 02:51:37,723][utils.model][INFO] - Step 26/40 - val_loss: 2.2970 - val_accuracy: 0.2066
[2024-06-19 02:51:37,740][utils.model][INFO] - Step 27/40 - val_loss: 2.2970 - val_accuracy: 0.2063
[2024-06-19 02:51:37,758][utils.model][INFO] - Step 28/40 - val_loss: 2.2969 - val_accuracy: 0.2058
[2024-06-19 02:51:37,776][utils.model][INFO] - Step 29/40 - val_loss: 2.2969 - val_accuracy: 0.2046
[2024-06-19 02:51:37,798][utils.model][INFO] - Step 30/40 - val_loss: 2.2967 - val_accuracy: 0.2043
[2024-06-19 02:51:37,816][utils.model][INFO] - Step 31/40 - val_loss: 2.2963 - val_accuracy: 0.2045
[2024-06-19 02:51:37,833][utils.model][INFO] - Step 32/40 - val_loss: 2.2961 - val_accuracy: 0.2053
[2024-06-19 02:51:37,851][utils.model][INFO] - Step 33/40 - val_loss: 2.2959 - val_accuracy: 0.2054
[2024-06-19 02:51:37,868][utils.model][INFO] - Step 34/40 - val_loss: 2.2958 - val_accuracy: 0.2077
[2024-06-19 02:51:37,887][utils.model][INFO] - Step 35/40 - val_loss: 2.2957 - val_accuracy: 0.2074
[2024-06-19 02:51:37,904][utils.model][INFO] - Step 36/40 - val_loss: 2.2956 - val_accuracy: 0.2059
[2024-06-19 02:51:37,923][utils.model][INFO] - Step 37/40 - val_loss: 2.2952 - val_accuracy: 0.2080
[2024-06-19 02:51:37,941][utils.model][INFO] - Step 38/40 - val_loss: 2.2951 - val_accuracy: 0.2071
[2024-06-19 02:51:37,959][utils.model][INFO] - Step 39/40 - val_loss: 2.2950 - val_accuracy: 0.2065
[2024-06-19 02:51:37,969][utils.model][INFO] - Step 40/40 - val_loss: 2.2951 - val_accuracy: 0.2065
[2024-06-19 02:51:37,971][utils.model][INFO] - Evaluation Results - Val Loss: 2.2951, Val Accuracy: 0.2065 in 40 steps
[2024-06-19 02:51:37,973][flwr][INFO] - initial parameters (loss, other metrics): 2.2951312, {'accuracy': 0.2065}
[2024-06-19 02:51:37,973][flwr][INFO] - FL starting
[2024-06-19 02:51:42,123][flwr][DEBUG] - fit_round 1: strategy sampled 3 clients (out of 3)
[2024-06-19 02:51:43,763][flwr][DEBUG] - fit_round 1 received 3 results and 0 failures
[2024-06-19 02:51:43,838][utils.model][INFO] - LeNet model built
[2024-06-19 02:51:43,980][utils.model][INFO] - Size of serialized model: 279.0341796875 kbytes
[2024-06-19 02:51:44,026][utils.model][INFO] - Step 1/40 - val_loss: 1.2027 - val_accuracy: 0.6289
[2024-06-19 02:51:44,045][utils.model][INFO] - Step 2/40 - val_loss: 1.1981 - val_accuracy: 0.6328
[2024-06-19 02:51:44,067][utils.model][INFO] - Step 3/40 - val_loss: 1.2004 - val_accuracy: 0.6172
[2024-06-19 02:51:44,087][utils.model][INFO] - Step 4/40 - val_loss: 1.1694 - val_accuracy: 0.6309
[2024-06-19 02:51:44,107][utils.model][INFO] - Step 5/40 - val_loss: 1.1989 - val_accuracy: 0.6203
[2024-06-19 02:51:44,126][utils.model][INFO] - Step 6/40 - val_loss: 1.1995 - val_accuracy: 0.6146
[2024-06-19 02:51:44,144][utils.model][INFO] - Step 7/40 - val_loss: 1.2067 - val_accuracy: 0.6077
[2024-06-19 02:51:44,163][utils.model][INFO] - Step 8/40 - val_loss: 1.1995 - val_accuracy: 0.6108
[2024-06-19 02:51:44,182][utils.model][INFO] - Step 9/40 - val_loss: 1.2029 - val_accuracy: 0.6094
[2024-06-19 02:51:44,200][utils.model][INFO] - Step 10/40 - val_loss: 1.1978 - val_accuracy: 0.6129
[2024-06-19 02:51:44,218][utils.model][INFO] - Step 11/40 - val_loss: 1.1980 - val_accuracy: 0.6136
[2024-06-19 02:51:44,236][utils.model][INFO] - Step 12/40 - val_loss: 1.1962 - val_accuracy: 0.6113
[2024-06-19 02:51:44,254][utils.model][INFO] - Step 13/40 - val_loss: 1.1911 - val_accuracy: 0.6157
[2024-06-19 02:51:44,273][utils.model][INFO] - Step 14/40 - val_loss: 1.1930 - val_accuracy: 0.6152
[2024-06-19 02:51:44,291][utils.model][INFO] - Step 15/40 - val_loss: 1.1935 - val_accuracy: 0.6172
[2024-06-19 02:51:44,311][utils.model][INFO] - Step 16/40 - val_loss: 1.1927 - val_accuracy: 0.6187
[2024-06-19 02:51:44,329][utils.model][INFO] - Step 17/40 - val_loss: 1.1926 - val_accuracy: 0.6181
[2024-06-19 02:51:44,347][utils.model][INFO] - Step 18/40 - val_loss: 1.1934 - val_accuracy: 0.6178
[2024-06-19 02:51:44,365][utils.model][INFO] - Step 19/40 - val_loss: 1.1894 - val_accuracy: 0.6176
[2024-06-19 02:51:44,382][utils.model][INFO] - Step 20/40 - val_loss: 1.1811 - val_accuracy: 0.6203
[2024-06-19 02:51:44,406][utils.model][INFO] - Step 21/40 - val_loss: 1.1673 - val_accuracy: 0.6254
[2024-06-19 02:51:44,424][utils.model][INFO] - Step 22/40 - val_loss: 1.1566 - val_accuracy: 0.6284
[2024-06-19 02:51:44,444][utils.model][INFO] - Step 23/40 - val_loss: 1.1471 - val_accuracy: 0.6323
[2024-06-19 02:51:44,463][utils.model][INFO] - Step 24/40 - val_loss: 1.1464 - val_accuracy: 0.6333
[2024-06-19 02:51:44,483][utils.model][INFO] - Step 25/40 - val_loss: 1.1333 - val_accuracy: 0.6383
[2024-06-19 02:51:44,503][utils.model][INFO] - Step 26/40 - val_loss: 1.1272 - val_accuracy: 0.6414
[2024-06-19 02:51:44,522][utils.model][INFO] - Step 27/40 - val_loss: 1.1233 - val_accuracy: 0.6422
[2024-06-19 02:51:44,541][utils.model][INFO] - Step 28/40 - val_loss: 1.1177 - val_accuracy: 0.6431
[2024-06-19 02:51:44,559][utils.model][INFO] - Step 29/40 - val_loss: 1.1141 - val_accuracy: 0.6435
[2024-06-19 02:51:44,577][utils.model][INFO] - Step 30/40 - val_loss: 1.1151 - val_accuracy: 0.6435
[2024-06-19 02:51:44,594][utils.model][INFO] - Step 31/40 - val_loss: 1.1084 - val_accuracy: 0.6468
[2024-06-19 02:51:44,612][utils.model][INFO] - Step 32/40 - val_loss: 1.1025 - val_accuracy: 0.6481
[2024-06-19 02:51:44,629][utils.model][INFO] - Step 33/40 - val_loss: 1.0956 - val_accuracy: 0.6512
[2024-06-19 02:51:44,647][utils.model][INFO] - Step 34/40 - val_loss: 1.0892 - val_accuracy: 0.6535
[2024-06-19 02:51:44,664][utils.model][INFO] - Step 35/40 - val_loss: 1.0783 - val_accuracy: 0.6588
[2024-06-19 02:51:44,682][utils.model][INFO] - Step 36/40 - val_loss: 1.0743 - val_accuracy: 0.6608
[2024-06-19 02:51:44,700][utils.model][INFO] - Step 37/40 - val_loss: 1.0681 - val_accuracy: 0.6635
[2024-06-19 02:51:44,718][utils.model][INFO] - Step 38/40 - val_loss: 1.0669 - val_accuracy: 0.6632
[2024-06-19 02:51:44,736][utils.model][INFO] - Step 39/40 - val_loss: 1.0710 - val_accuracy: 0.6620
[2024-06-19 02:51:44,745][utils.model][INFO] - Step 40/40 - val_loss: 1.0705 - val_accuracy: 0.6619
[2024-06-19 02:51:44,749][utils.model][INFO] - Evaluation Results - Val Loss: 1.0705, Val Accuracy: 0.6619 in 40 steps
[2024-06-19 02:51:44,751][flwr][INFO] - fit progress: (1, 1.0704563, {'accuracy': 0.6619}, 6.7768894040018495)
[2024-06-19 02:51:44,751][flwr][DEBUG] - evaluate_round 1: strategy sampled 3 clients (out of 3)
[2024-06-19 02:51:45,365][flwr][DEBUG] - evaluate_round 1 received 3 results and 0 failures
[2024-06-19 02:51:45,373][root][INFO] - Added epoch data: {'round': 1, 'epoch_steps': 22, 'total_steps': 22, 'l2_norm': 5.264383316040039, 'total_computation_time': 1.2241837978363037, 'total_rtc_check_time': 0.07642399999895133, 'total_duration': 1.4308459758758545, 'val_loss': 1.09489107131958, 'val_accuracy': 0.6439999938011169, 'experiment_id': 'exp_20240619_025127'}
[2024-06-19 02:51:45,393][root][INFO] - Epoch data saved to /home/psklavos/fl/geom_aio/csv_logs/exp_20240619_025127/clients/client_0/epoch.csv
[2024-06-19 02:51:45,404][root][INFO] - Added training data List. New Data Added: 22
[2024-06-19 02:51:45,406][root][INFO] - Training data saved to /home/psklavos/fl/geom_aio/csv_logs/exp_20240619_025127/clients/client_0/training.csv
[2024-06-19 02:51:50,142][flwr][DEBUG] - fit_round 2: strategy sampled 3 clients (out of 3)
