[2024-06-22 12:41:55,336][root][INFO] - Initialized DataManager for experiment exp_20240622_124155
[2024-06-22 12:41:55,342][root][INFO] - Info data saved to /home/psklavos/fl/geom_aio/csv_logs/exp_20240622_124155/info.csv
[2024-06-22 12:41:55,343][flwr][INFO] - Starting Flower server, config: ServerConfig(num_rounds=3, round_timeout=None)
[2024-06-22 12:41:55,345][flwr][INFO] - Flower ECE: gRPC server running (3 rounds), SSL is disabled
[2024-06-22 12:41:55,345][flwr][INFO] - Initializing global parameters
[2024-06-22 12:41:55,346][flwr][INFO] - Requesting initial parameters from one random client
[2024-06-22 12:42:03,518][flwr][INFO] - Received initial parameters from one random client
[2024-06-22 12:42:03,518][flwr][INFO] - Evaluating initial parameters
[2024-06-22 12:42:03,619][utils.model][INFO] - LeNet model built
[2024-06-22 12:42:03,826][utils.model][INFO] - Size of serialized model: 279.0341796875 kbytes
[2024-06-22 12:42:03,905][utils.model][INFO] - Step 1/40 - val_loss: 2.3270 - val_accuracy: 0.0156
[2024-06-22 12:42:03,926][utils.model][INFO] - Step 2/40 - val_loss: 2.3294 - val_accuracy: 0.0293
[2024-06-22 12:42:03,948][utils.model][INFO] - Step 3/40 - val_loss: 2.3267 - val_accuracy: 0.0273
[2024-06-22 12:42:03,968][utils.model][INFO] - Step 4/40 - val_loss: 2.3265 - val_accuracy: 0.0273
[2024-06-22 12:42:03,988][utils.model][INFO] - Step 5/40 - val_loss: 2.3267 - val_accuracy: 0.0281
[2024-06-22 12:42:04,009][utils.model][INFO] - Step 6/40 - val_loss: 2.3268 - val_accuracy: 0.0312
[2024-06-22 12:42:04,029][utils.model][INFO] - Step 7/40 - val_loss: 2.3274 - val_accuracy: 0.0301
[2024-06-22 12:42:04,050][utils.model][INFO] - Step 8/40 - val_loss: 2.3268 - val_accuracy: 0.0293
[2024-06-22 12:42:04,070][utils.model][INFO] - Step 9/40 - val_loss: 2.3268 - val_accuracy: 0.0299
[2024-06-22 12:42:04,092][utils.model][INFO] - Step 10/40 - val_loss: 2.3264 - val_accuracy: 0.0309
[2024-06-22 12:42:04,115][utils.model][INFO] - Step 11/40 - val_loss: 2.3265 - val_accuracy: 0.0316
[2024-06-22 12:42:04,137][utils.model][INFO] - Step 12/40 - val_loss: 2.3266 - val_accuracy: 0.0312
[2024-06-22 12:42:04,159][utils.model][INFO] - Step 13/40 - val_loss: 2.3258 - val_accuracy: 0.0306
[2024-06-22 12:42:04,180][utils.model][INFO] - Step 14/40 - val_loss: 2.3254 - val_accuracy: 0.0299
[2024-06-22 12:42:04,200][utils.model][INFO] - Step 15/40 - val_loss: 2.3250 - val_accuracy: 0.0305
[2024-06-22 12:42:04,222][utils.model][INFO] - Step 16/40 - val_loss: 2.3253 - val_accuracy: 0.0305
[2024-06-22 12:42:04,242][utils.model][INFO] - Step 17/40 - val_loss: 2.3263 - val_accuracy: 0.0294
[2024-06-22 12:42:04,263][utils.model][INFO] - Step 18/40 - val_loss: 2.3264 - val_accuracy: 0.0302
[2024-06-22 12:42:04,282][utils.model][INFO] - Step 19/40 - val_loss: 2.3262 - val_accuracy: 0.0308
[2024-06-22 12:42:04,302][utils.model][INFO] - Step 20/40 - val_loss: 2.3260 - val_accuracy: 0.0314
[2024-06-22 12:42:04,322][utils.model][INFO] - Step 21/40 - val_loss: 2.3257 - val_accuracy: 0.0326
[2024-06-22 12:42:04,342][utils.model][INFO] - Step 22/40 - val_loss: 2.3263 - val_accuracy: 0.0321
[2024-06-22 12:42:04,360][utils.model][INFO] - Step 23/40 - val_loss: 2.3263 - val_accuracy: 0.0326
[2024-06-22 12:42:04,380][utils.model][INFO] - Step 24/40 - val_loss: 2.3262 - val_accuracy: 0.0321
[2024-06-22 12:42:04,398][utils.model][INFO] - Step 25/40 - val_loss: 2.3267 - val_accuracy: 0.0320
[2024-06-22 12:42:04,418][utils.model][INFO] - Step 26/40 - val_loss: 2.3269 - val_accuracy: 0.0326
[2024-06-22 12:42:04,437][utils.model][INFO] - Step 27/40 - val_loss: 2.3268 - val_accuracy: 0.0323
[2024-06-22 12:42:04,457][utils.model][INFO] - Step 28/40 - val_loss: 2.3269 - val_accuracy: 0.0329
[2024-06-22 12:42:04,475][utils.model][INFO] - Step 29/40 - val_loss: 2.3270 - val_accuracy: 0.0333
[2024-06-22 12:42:04,495][utils.model][INFO] - Step 30/40 - val_loss: 2.3269 - val_accuracy: 0.0345
[2024-06-22 12:42:04,517][utils.model][INFO] - Step 31/40 - val_loss: 2.3265 - val_accuracy: 0.0350
[2024-06-22 12:42:04,541][utils.model][INFO] - Step 32/40 - val_loss: 2.3267 - val_accuracy: 0.0350
[2024-06-22 12:42:04,562][utils.model][INFO] - Step 33/40 - val_loss: 2.3262 - val_accuracy: 0.0356
[2024-06-22 12:42:04,586][utils.model][INFO] - Step 34/40 - val_loss: 2.3263 - val_accuracy: 0.0348
[2024-06-22 12:42:04,614][utils.model][INFO] - Step 35/40 - val_loss: 2.3263 - val_accuracy: 0.0354
[2024-06-22 12:42:04,641][utils.model][INFO] - Step 36/40 - val_loss: 2.3262 - val_accuracy: 0.0356
[2024-06-22 12:42:04,669][utils.model][INFO] - Step 37/40 - val_loss: 2.3263 - val_accuracy: 0.0355
[2024-06-22 12:42:04,690][utils.model][INFO] - Step 38/40 - val_loss: 2.3263 - val_accuracy: 0.0362
[2024-06-22 12:42:04,712][utils.model][INFO] - Step 39/40 - val_loss: 2.3260 - val_accuracy: 0.0372
[2024-06-22 12:42:04,724][utils.model][INFO] - Step 40/40 - val_loss: 2.3260 - val_accuracy: 0.0372
[2024-06-22 12:42:04,727][utils.model][INFO] - Evaluation Results - Val Loss: 2.3260, Val Accuracy: 0.0372 in 40 steps
[2024-06-22 12:42:04,732][flwr][INFO] - initial parameters (loss, other metrics): 2.3259988, {'accuracy': 0.0372}
[2024-06-22 12:42:04,732][flwr][INFO] - FL starting
[2024-06-22 12:42:08,566][flwr][DEBUG] - fit_round 1: strategy sampled 3 clients (out of 3)
[2024-06-22 12:42:10,066][flwr][DEBUG] - fit_round 1 received 3 results and 0 failures
[2024-06-22 12:42:10,125][utils.model][INFO] - LeNet model built
[2024-06-22 12:42:10,240][utils.model][INFO] - Size of serialized model: 279.0341796875 kbytes
[2024-06-22 12:42:10,276][utils.model][INFO] - Step 1/40 - val_loss: 1.3630 - val_accuracy: 0.6797
[2024-06-22 12:42:10,298][utils.model][INFO] - Step 2/40 - val_loss: 1.3762 - val_accuracy: 0.6719
[2024-06-22 12:42:10,320][utils.model][INFO] - Step 3/40 - val_loss: 1.3876 - val_accuracy: 0.6602
[2024-06-22 12:42:10,343][utils.model][INFO] - Step 4/40 - val_loss: 1.3828 - val_accuracy: 0.6729
[2024-06-22 12:42:10,362][utils.model][INFO] - Step 5/40 - val_loss: 1.4010 - val_accuracy: 0.6523
[2024-06-22 12:42:10,382][utils.model][INFO] - Step 6/40 - val_loss: 1.4018 - val_accuracy: 0.6562
[2024-06-22 12:42:10,402][utils.model][INFO] - Step 7/40 - val_loss: 1.4094 - val_accuracy: 0.6496
[2024-06-22 12:42:10,421][utils.model][INFO] - Step 8/40 - val_loss: 1.4092 - val_accuracy: 0.6509
[2024-06-22 12:42:10,441][utils.model][INFO] - Step 9/40 - val_loss: 1.4121 - val_accuracy: 0.6497
[2024-06-22 12:42:10,459][utils.model][INFO] - Step 10/40 - val_loss: 1.4066 - val_accuracy: 0.6555
[2024-06-22 12:42:10,482][utils.model][INFO] - Step 11/40 - val_loss: 1.4083 - val_accuracy: 0.6548
[2024-06-22 12:42:10,503][utils.model][INFO] - Step 12/40 - val_loss: 1.4038 - val_accuracy: 0.6576
[2024-06-22 12:42:10,522][utils.model][INFO] - Step 13/40 - val_loss: 1.4004 - val_accuracy: 0.6599
[2024-06-22 12:42:10,542][utils.model][INFO] - Step 14/40 - val_loss: 1.4010 - val_accuracy: 0.6576
[2024-06-22 12:42:10,562][utils.model][INFO] - Step 15/40 - val_loss: 1.4026 - val_accuracy: 0.6562
[2024-06-22 12:42:10,582][utils.model][INFO] - Step 16/40 - val_loss: 1.4004 - val_accuracy: 0.6587
[2024-06-22 12:42:10,600][utils.model][INFO] - Step 17/40 - val_loss: 1.4015 - val_accuracy: 0.6569
[2024-06-22 12:42:10,620][utils.model][INFO] - Step 18/40 - val_loss: 1.4008 - val_accuracy: 0.6569
[2024-06-22 12:42:10,640][utils.model][INFO] - Step 19/40 - val_loss: 1.3989 - val_accuracy: 0.6583
[2024-06-22 12:42:10,660][utils.model][INFO] - Step 20/40 - val_loss: 1.3932 - val_accuracy: 0.6607
[2024-06-22 12:42:10,682][utils.model][INFO] - Step 21/40 - val_loss: 1.3842 - val_accuracy: 0.6646
[2024-06-22 12:42:10,704][utils.model][INFO] - Step 22/40 - val_loss: 1.3744 - val_accuracy: 0.6696
[2024-06-22 12:42:10,723][utils.model][INFO] - Step 23/40 - val_loss: 1.3669 - val_accuracy: 0.6727
[2024-06-22 12:42:10,744][utils.model][INFO] - Step 24/40 - val_loss: 1.3610 - val_accuracy: 0.6751
[2024-06-22 12:42:10,766][utils.model][INFO] - Step 25/40 - val_loss: 1.3513 - val_accuracy: 0.6797
[2024-06-22 12:42:10,787][utils.model][INFO] - Step 26/40 - val_loss: 1.3486 - val_accuracy: 0.6824
[2024-06-22 12:42:10,809][utils.model][INFO] - Step 27/40 - val_loss: 1.3444 - val_accuracy: 0.6836
[2024-06-22 12:42:10,831][utils.model][INFO] - Step 28/40 - val_loss: 1.3387 - val_accuracy: 0.6858
[2024-06-22 12:42:10,855][utils.model][INFO] - Step 29/40 - val_loss: 1.3351 - val_accuracy: 0.6878
[2024-06-22 12:42:10,875][utils.model][INFO] - Step 30/40 - val_loss: 1.3350 - val_accuracy: 0.6898
[2024-06-22 12:42:10,894][utils.model][INFO] - Step 31/40 - val_loss: 1.3294 - val_accuracy: 0.6933
[2024-06-22 12:42:10,914][utils.model][INFO] - Step 32/40 - val_loss: 1.3248 - val_accuracy: 0.6936
[2024-06-22 12:42:10,932][utils.model][INFO] - Step 33/40 - val_loss: 1.3203 - val_accuracy: 0.6953
[2024-06-22 12:42:10,952][utils.model][INFO] - Step 34/40 - val_loss: 1.3151 - val_accuracy: 0.6982
[2024-06-22 12:42:10,972][utils.model][INFO] - Step 35/40 - val_loss: 1.3071 - val_accuracy: 0.7022
[2024-06-22 12:42:10,991][utils.model][INFO] - Step 36/40 - val_loss: 1.3054 - val_accuracy: 0.7038
[2024-06-22 12:42:11,011][utils.model][INFO] - Step 37/40 - val_loss: 1.3023 - val_accuracy: 0.7057
[2024-06-22 12:42:11,030][utils.model][INFO] - Step 38/40 - val_loss: 1.3013 - val_accuracy: 0.7051
[2024-06-22 12:42:11,051][utils.model][INFO] - Step 39/40 - val_loss: 1.3043 - val_accuracy: 0.7046
[2024-06-22 12:42:11,060][utils.model][INFO] - Step 40/40 - val_loss: 1.3025 - val_accuracy: 0.7045
[2024-06-22 12:42:11,062][utils.model][INFO] - Evaluation Results - Val Loss: 1.3025, Val Accuracy: 0.7045 in 40 steps
[2024-06-22 12:42:11,065][flwr][INFO] - fit progress: (1, 1.3024609, {'accuracy': 0.7045}, 6.332719713012921)
[2024-06-22 12:42:11,065][flwr][DEBUG] - evaluate_round 1: strategy sampled 3 clients (out of 3)
[2024-06-22 12:42:11,635][flwr][DEBUG] - evaluate_round 1 received 3 results and 0 failures
[2024-06-22 12:42:11,640][root][INFO] - Epoch data saved to /home/psklavos/fl/geom_aio/csv_logs/exp_20240622_124155/clients/client_0/epoch.csv
[2024-06-22 12:42:11,663][root][INFO] - Batch data saved to /home/psklavos/fl/geom_aio/csv_logs/exp_20240622_124155/clients/client_0/batch.csv
[2024-06-22 12:42:11,664][root][INFO] - Server data saved to /home/psklavos/fl/geom_aio/csv_logs/exp_20240622_124155/server/server.csv
[2024-06-22 12:42:15,125][flwr][DEBUG] - fit_round 2: strategy sampled 3 clients (out of 3)
[2024-06-22 12:42:18,381][flwr][DEBUG] - fit_round 2 received 3 results and 0 failures
[2024-06-22 12:42:18,444][utils.model][INFO] - LeNet model built
[2024-06-22 12:42:18,566][utils.model][INFO] - Size of serialized model: 279.0341796875 kbytes
[2024-06-22 12:42:18,599][utils.model][INFO] - Step 1/40 - val_loss: 0.3244 - val_accuracy: 0.9336
[2024-06-22 12:42:18,622][utils.model][INFO] - Step 2/40 - val_loss: 0.3913 - val_accuracy: 0.8945
[2024-06-22 12:42:18,642][utils.model][INFO] - Step 3/40 - val_loss: 0.4161 - val_accuracy: 0.8828
[2024-06-22 12:42:18,663][utils.model][INFO] - Step 4/40 - val_loss: 0.4166 - val_accuracy: 0.8857
[2024-06-22 12:42:18,683][utils.model][INFO] - Step 5/40 - val_loss: 0.4441 - val_accuracy: 0.8773
[2024-06-22 12:42:18,703][utils.model][INFO] - Step 6/40 - val_loss: 0.4493 - val_accuracy: 0.8743
[2024-06-22 12:42:18,723][utils.model][INFO] - Step 7/40 - val_loss: 0.4614 - val_accuracy: 0.8739
[2024-06-22 12:42:18,744][utils.model][INFO] - Step 8/40 - val_loss: 0.4573 - val_accuracy: 0.8770
[2024-06-22 12:42:18,764][utils.model][INFO] - Step 9/40 - val_loss: 0.4639 - val_accuracy: 0.8767
[2024-06-22 12:42:18,783][utils.model][INFO] - Step 10/40 - val_loss: 0.4549 - val_accuracy: 0.8793
[2024-06-22 12:42:18,807][utils.model][INFO] - Step 11/40 - val_loss: 0.4533 - val_accuracy: 0.8778
[2024-06-22 12:42:18,827][utils.model][INFO] - Step 12/40 - val_loss: 0.4444 - val_accuracy: 0.8799
[2024-06-22 12:42:18,847][utils.model][INFO] - Step 13/40 - val_loss: 0.4436 - val_accuracy: 0.8801
[2024-06-22 12:42:18,868][utils.model][INFO] - Step 14/40 - val_loss: 0.4439 - val_accuracy: 0.8789
[2024-06-22 12:42:18,886][utils.model][INFO] - Step 15/40 - val_loss: 0.4502 - val_accuracy: 0.8771
[2024-06-22 12:42:18,906][utils.model][INFO] - Step 16/40 - val_loss: 0.4510 - val_accuracy: 0.8765
[2024-06-22 12:42:18,925][utils.model][INFO] - Step 17/40 - val_loss: 0.4531 - val_accuracy: 0.8771
[2024-06-22 12:42:18,945][utils.model][INFO] - Step 18/40 - val_loss: 0.4507 - val_accuracy: 0.8780
[2024-06-22 12:42:18,964][utils.model][INFO] - Step 19/40 - val_loss: 0.4471 - val_accuracy: 0.8799
[2024-06-22 12:42:18,984][utils.model][INFO] - Step 20/40 - val_loss: 0.4452 - val_accuracy: 0.8803
[2024-06-22 12:42:19,004][utils.model][INFO] - Step 21/40 - val_loss: 0.4342 - val_accuracy: 0.8834
[2024-06-22 12:42:19,021][utils.model][INFO] - Step 22/40 - val_loss: 0.4216 - val_accuracy: 0.8869
[2024-06-22 12:42:19,041][utils.model][INFO] - Step 23/40 - val_loss: 0.4147 - val_accuracy: 0.8884
[2024-06-22 12:42:19,061][utils.model][INFO] - Step 24/40 - val_loss: 0.4146 - val_accuracy: 0.8885
[2024-06-22 12:42:19,081][utils.model][INFO] - Step 25/40 - val_loss: 0.4050 - val_accuracy: 0.8911
[2024-06-22 12:42:19,102][utils.model][INFO] - Step 26/40 - val_loss: 0.4029 - val_accuracy: 0.8912
[2024-06-22 12:42:19,123][utils.model][INFO] - Step 27/40 - val_loss: 0.3988 - val_accuracy: 0.8931
[2024-06-22 12:42:19,142][utils.model][INFO] - Step 28/40 - val_loss: 0.3901 - val_accuracy: 0.8958
[2024-06-22 12:42:19,162][utils.model][INFO] - Step 29/40 - val_loss: 0.3838 - val_accuracy: 0.8979
[2024-06-22 12:42:19,181][utils.model][INFO] - Step 30/40 - val_loss: 0.3817 - val_accuracy: 0.8984
[2024-06-22 12:42:19,201][utils.model][INFO] - Step 31/40 - val_loss: 0.3775 - val_accuracy: 0.8994
[2024-06-22 12:42:19,219][utils.model][INFO] - Step 32/40 - val_loss: 0.3721 - val_accuracy: 0.9015
[2024-06-22 12:42:19,239][utils.model][INFO] - Step 33/40 - val_loss: 0.3686 - val_accuracy: 0.9021
[2024-06-22 12:42:19,259][utils.model][INFO] - Step 34/40 - val_loss: 0.3621 - val_accuracy: 0.9042
[2024-06-22 12:42:19,278][utils.model][INFO] - Step 35/40 - val_loss: 0.3538 - val_accuracy: 0.9067
[2024-06-22 12:42:19,297][utils.model][INFO] - Step 36/40 - val_loss: 0.3529 - val_accuracy: 0.9066
[2024-06-22 12:42:19,318][utils.model][INFO] - Step 37/40 - val_loss: 0.3478 - val_accuracy: 0.9085
[2024-06-22 12:42:19,338][utils.model][INFO] - Step 38/40 - val_loss: 0.3471 - val_accuracy: 0.9081
[2024-06-22 12:42:19,356][utils.model][INFO] - Step 39/40 - val_loss: 0.3546 - val_accuracy: 0.9061
[2024-06-22 12:42:19,366][utils.model][INFO] - Step 40/40 - val_loss: 0.3557 - val_accuracy: 0.9060
[2024-06-22 12:42:19,368][utils.model][INFO] - Evaluation Results - Val Loss: 0.3557, Val Accuracy: 0.9060 in 40 steps
[2024-06-22 12:42:19,370][flwr][INFO] - fit progress: (2, 0.35568988, {'accuracy': 0.906}, 14.637640020024264)
[2024-06-22 12:42:19,370][flwr][DEBUG] - evaluate_round 2: strategy sampled 3 clients (out of 3)
[2024-06-22 12:42:19,911][flwr][DEBUG] - evaluate_round 2 received 3 results and 0 failures
[2024-06-22 12:42:19,913][root][INFO] - Epoch data saved to /home/psklavos/fl/geom_aio/csv_logs/exp_20240622_124155/clients/client_0/epoch.csv
[2024-06-22 12:42:19,976][root][INFO] - Batch data saved to /home/psklavos/fl/geom_aio/csv_logs/exp_20240622_124155/clients/client_0/batch.csv
[2024-06-22 12:42:19,977][root][INFO] - Server data saved to /home/psklavos/fl/geom_aio/csv_logs/exp_20240622_124155/server/server.csv
[2024-06-22 12:42:23,784][flwr][DEBUG] - fit_round 3: strategy sampled 3 clients (out of 3)
[2024-06-22 12:42:30,410][flwr][DEBUG] - fit_round 3 received 3 results and 0 failures
[2024-06-22 12:42:30,476][utils.model][INFO] - LeNet model built
[2024-06-22 12:42:30,597][utils.model][INFO] - Size of serialized model: 279.0341796875 kbytes
[2024-06-22 12:42:30,629][utils.model][INFO] - Step 1/40 - val_loss: 0.1607 - val_accuracy: 0.9492
[2024-06-22 12:42:30,649][utils.model][INFO] - Step 2/40 - val_loss: 0.2314 - val_accuracy: 0.9297
[2024-06-22 12:42:30,671][utils.model][INFO] - Step 3/40 - val_loss: 0.2388 - val_accuracy: 0.9232
[2024-06-22 12:42:30,693][utils.model][INFO] - Step 4/40 - val_loss: 0.2426 - val_accuracy: 0.9209
[2024-06-22 12:42:30,712][utils.model][INFO] - Step 5/40 - val_loss: 0.2591 - val_accuracy: 0.9187
[2024-06-22 12:42:30,733][utils.model][INFO] - Step 6/40 - val_loss: 0.2649 - val_accuracy: 0.9193
[2024-06-22 12:42:30,752][utils.model][INFO] - Step 7/40 - val_loss: 0.2743 - val_accuracy: 0.9163
[2024-06-22 12:42:30,776][utils.model][INFO] - Step 8/40 - val_loss: 0.2723 - val_accuracy: 0.9165
[2024-06-22 12:42:30,796][utils.model][INFO] - Step 9/40 - val_loss: 0.2811 - val_accuracy: 0.9141
[2024-06-22 12:42:30,816][utils.model][INFO] - Step 10/40 - val_loss: 0.2757 - val_accuracy: 0.9148
[2024-06-22 12:42:30,836][utils.model][INFO] - Step 11/40 - val_loss: 0.2686 - val_accuracy: 0.9169
[2024-06-22 12:42:30,855][utils.model][INFO] - Step 12/40 - val_loss: 0.2617 - val_accuracy: 0.9193
[2024-06-22 12:42:30,874][utils.model][INFO] - Step 13/40 - val_loss: 0.2611 - val_accuracy: 0.9198
[2024-06-22 12:42:30,895][utils.model][INFO] - Step 14/40 - val_loss: 0.2606 - val_accuracy: 0.9191
[2024-06-22 12:42:30,914][utils.model][INFO] - Step 15/40 - val_loss: 0.2654 - val_accuracy: 0.9177
[2024-06-22 12:42:30,933][utils.model][INFO] - Step 16/40 - val_loss: 0.2681 - val_accuracy: 0.9175
[2024-06-22 12:42:30,951][utils.model][INFO] - Step 17/40 - val_loss: 0.2714 - val_accuracy: 0.9170
[2024-06-22 12:42:30,970][utils.model][INFO] - Step 18/40 - val_loss: 0.2699 - val_accuracy: 0.9175
[2024-06-22 12:42:30,990][utils.model][INFO] - Step 19/40 - val_loss: 0.2683 - val_accuracy: 0.9182
[2024-06-22 12:42:31,010][utils.model][INFO] - Step 20/40 - val_loss: 0.2655 - val_accuracy: 0.9193
[2024-06-22 12:42:31,031][utils.model][INFO] - Step 21/40 - val_loss: 0.2577 - val_accuracy: 0.9215
[2024-06-22 12:42:31,051][utils.model][INFO] - Step 22/40 - val_loss: 0.2491 - val_accuracy: 0.9244
[2024-06-22 12:42:31,072][utils.model][INFO] - Step 23/40 - val_loss: 0.2443 - val_accuracy: 0.9254
[2024-06-22 12:42:31,091][utils.model][INFO] - Step 24/40 - val_loss: 0.2456 - val_accuracy: 0.9251
[2024-06-22 12:42:31,115][utils.model][INFO] - Step 25/40 - val_loss: 0.2395 - val_accuracy: 0.9273
[2024-06-22 12:42:31,136][utils.model][INFO] - Step 26/40 - val_loss: 0.2385 - val_accuracy: 0.9283
[2024-06-22 12:42:31,157][utils.model][INFO] - Step 27/40 - val_loss: 0.2357 - val_accuracy: 0.9291
[2024-06-22 12:42:31,177][utils.model][INFO] - Step 28/40 - val_loss: 0.2306 - val_accuracy: 0.9304
[2024-06-22 12:42:31,196][utils.model][INFO] - Step 29/40 - val_loss: 0.2267 - val_accuracy: 0.9321
[2024-06-22 12:42:31,214][utils.model][INFO] - Step 30/40 - val_loss: 0.2235 - val_accuracy: 0.9335
[2024-06-22 12:42:31,234][utils.model][INFO] - Step 31/40 - val_loss: 0.2186 - val_accuracy: 0.9350
[2024-06-22 12:42:31,253][utils.model][INFO] - Step 32/40 - val_loss: 0.2144 - val_accuracy: 0.9364
[2024-06-22 12:42:31,271][utils.model][INFO] - Step 33/40 - val_loss: 0.2115 - val_accuracy: 0.9374
[2024-06-22 12:42:31,291][utils.model][INFO] - Step 34/40 - val_loss: 0.2075 - val_accuracy: 0.9385
[2024-06-22 12:42:31,311][utils.model][INFO] - Step 35/40 - val_loss: 0.2023 - val_accuracy: 0.9402
[2024-06-22 12:42:31,331][utils.model][INFO] - Step 36/40 - val_loss: 0.2004 - val_accuracy: 0.9410
[2024-06-22 12:42:31,351][utils.model][INFO] - Step 37/40 - val_loss: 0.1970 - val_accuracy: 0.9420
[2024-06-22 12:42:31,370][utils.model][INFO] - Step 38/40 - val_loss: 0.1957 - val_accuracy: 0.9422
[2024-06-22 12:42:31,390][utils.model][INFO] - Step 39/40 - val_loss: 0.2003 - val_accuracy: 0.9411
[2024-06-22 12:42:31,400][utils.model][INFO] - Step 40/40 - val_loss: 0.1962 - val_accuracy: 0.9412
[2024-06-22 12:42:31,402][utils.model][INFO] - Evaluation Results - Val Loss: 0.1962, Val Accuracy: 0.9412 in 40 steps
[2024-06-22 12:42:31,403][flwr][INFO] - fit progress: (3, 0.19621173, {'accuracy': 0.9412}, 26.670960827003)
[2024-06-22 12:42:31,404][flwr][DEBUG] - evaluate_round 3: strategy sampled 3 clients (out of 3)
[2024-06-22 12:42:32,000][flwr][DEBUG] - evaluate_round 3 received 3 results and 0 failures
[2024-06-22 12:42:32,002][root][INFO] - Epoch data saved to /home/psklavos/fl/geom_aio/csv_logs/exp_20240622_124155/clients/client_0/epoch.csv
[2024-06-22 12:42:32,132][root][INFO] - Batch data saved to /home/psklavos/fl/geom_aio/csv_logs/exp_20240622_124155/clients/client_0/batch.csv
[2024-06-22 12:42:32,133][root][INFO] - Server data saved to /home/psklavos/fl/geom_aio/csv_logs/exp_20240622_124155/server/server.csv
[2024-06-22 12:42:32,133][flwr][INFO] - FL finished in 27.400766527018277
[2024-06-22 12:42:32,133][flwr][INFO] - app_fit: losses_distributed [(1, 1.3250025908152263), (2, 0.39525965849558514), (3, 0.2179515858491262)]
[2024-06-22 12:42:32,134][flwr][INFO] - app_fit: metrics_distributed_fit {'average_norm': [(1, 5.25927718480428), (2, 5.088796297709147), (3, 5.014954884847005)], 'round_time': [(1, 1.7819929950050049), (2, 4.360165890455688), (3, 7.410080097883057)], 'average_downlink_time': [(1, 0.22509247566666665), (2, 0.45243906566666664), (3, 0.3729854203333333)], 'average_rtc_check_time': [(1, 0.0811897010426037), (2, 0.22655750000073263), (3, 0.4508012332371436)], 'average_uplink_time': [(1, 0.04868516233333334), (2, 0.058652849666666666), (3, 0.03691804233333333)], 'average_computation_time': [(1, 1.244010051091512), (2, 2.806163787841797), (3, 5.776708126068115)], 'average_communication_time': [(1, 0.35496733904260375), (2, 0.737649415334066), (3, 0.8607046959038103)], 'average_fit_time': [(1, 1.4659536679585774), (2, 3.2353413105010986), (3, 6.607074975967407)], 'average_throughput': [(1, 57.7522942268075), (2, 38.894406742643916), (3, 74.04370641938628)], 'dropouts': [(1, 0), (2, 0), (3, 0)]}
[2024-06-22 12:42:32,134][flwr][INFO] - app_fit: metrics_distributed {'accuracy': [(1, 0.6890000104904175), (2, 0.887500007947286), (3, 0.9334999918937683)]}
[2024-06-22 12:42:32,134][flwr][INFO] - app_fit: losses_centralized [(0, 2.3259988), (1, 1.3024609), (2, 0.35568988), (3, 0.19621173)]
[2024-06-22 12:42:32,134][flwr][INFO] - app_fit: metrics_centralized {'accuracy': [(0, 0.0372), (1, 0.7045), (2, 0.906), (3, 0.9412)]}
