[2024-06-19 02:02:26,415][root][INFO] - Initialized DataManager for experiment exp_20240619_020226
[2024-06-19 02:02:26,419][flwr][INFO] - Starting Flower server, config: ServerConfig(num_rounds=5, round_timeout=None)
[2024-06-19 02:02:26,426][flwr][INFO] - Flower ECE: gRPC server running (5 rounds), SSL is disabled
[2024-06-19 02:02:26,429][flwr][INFO] - Initializing global parameters
[2024-06-19 02:02:26,429][flwr][INFO] - Requesting initial parameters from one random client
[2024-06-19 02:02:31,346][flwr][INFO] - Received initial parameters from one random client
[2024-06-19 02:02:31,346][flwr][INFO] - Evaluating initial parameters
[2024-06-19 02:02:31,481][utils.model][INFO] - LeNet model built
[2024-06-19 02:02:31,746][utils.model][INFO] - Size of serialized model: 279.0341796875 kbytes
[2024-06-19 02:02:31,816][utils.model][INFO] - Step 1/40 - val_loss: 2.3128 - val_accuracy: 0.0977
[2024-06-19 02:02:31,835][utils.model][INFO] - Step 2/40 - val_loss: 2.3145 - val_accuracy: 0.0938
[2024-06-19 02:02:31,855][utils.model][INFO] - Step 3/40 - val_loss: 2.3178 - val_accuracy: 0.0807
[2024-06-19 02:02:31,875][utils.model][INFO] - Step 4/40 - val_loss: 2.3172 - val_accuracy: 0.0801
[2024-06-19 02:02:31,895][utils.model][INFO] - Step 5/40 - val_loss: 2.3179 - val_accuracy: 0.0758
[2024-06-19 02:02:31,915][utils.model][INFO] - Step 6/40 - val_loss: 2.3181 - val_accuracy: 0.0723
[2024-06-19 02:02:31,937][utils.model][INFO] - Step 7/40 - val_loss: 2.3182 - val_accuracy: 0.0709
[2024-06-19 02:02:31,958][utils.model][INFO] - Step 8/40 - val_loss: 2.3169 - val_accuracy: 0.0698
[2024-06-19 02:02:31,978][utils.model][INFO] - Step 9/40 - val_loss: 2.3169 - val_accuracy: 0.0677
[2024-06-19 02:02:32,000][utils.model][INFO] - Step 10/40 - val_loss: 2.3178 - val_accuracy: 0.0676
[2024-06-19 02:02:32,023][utils.model][INFO] - Step 11/40 - val_loss: 2.3169 - val_accuracy: 0.0664
[2024-06-19 02:02:32,044][utils.model][INFO] - Step 12/40 - val_loss: 2.3174 - val_accuracy: 0.0664
[2024-06-19 02:02:32,063][utils.model][INFO] - Step 13/40 - val_loss: 2.3173 - val_accuracy: 0.0673
[2024-06-19 02:02:32,082][utils.model][INFO] - Step 14/40 - val_loss: 2.3173 - val_accuracy: 0.0670
[2024-06-19 02:02:32,101][utils.model][INFO] - Step 15/40 - val_loss: 2.3168 - val_accuracy: 0.0682
[2024-06-19 02:02:32,121][utils.model][INFO] - Step 16/40 - val_loss: 2.3163 - val_accuracy: 0.0698
[2024-06-19 02:02:32,140][utils.model][INFO] - Step 17/40 - val_loss: 2.3162 - val_accuracy: 0.0712
[2024-06-19 02:02:32,160][utils.model][INFO] - Step 18/40 - val_loss: 2.3166 - val_accuracy: 0.0699
[2024-06-19 02:02:32,180][utils.model][INFO] - Step 19/40 - val_loss: 2.3166 - val_accuracy: 0.0687
[2024-06-19 02:02:32,200][utils.model][INFO] - Step 20/40 - val_loss: 2.3169 - val_accuracy: 0.0680
[2024-06-19 02:02:32,223][utils.model][INFO] - Step 21/40 - val_loss: 2.3172 - val_accuracy: 0.0662
[2024-06-19 02:02:32,257][utils.model][INFO] - Step 22/40 - val_loss: 2.3172 - val_accuracy: 0.0661
[2024-06-19 02:02:32,290][utils.model][INFO] - Step 23/40 - val_loss: 2.3172 - val_accuracy: 0.0657
[2024-06-19 02:02:32,319][utils.model][INFO] - Step 24/40 - val_loss: 2.3171 - val_accuracy: 0.0671
[2024-06-19 02:02:32,346][utils.model][INFO] - Step 25/40 - val_loss: 2.3170 - val_accuracy: 0.0648
[2024-06-19 02:02:32,372][utils.model][INFO] - Step 26/40 - val_loss: 2.3172 - val_accuracy: 0.0637
[2024-06-19 02:02:32,399][utils.model][INFO] - Step 27/40 - val_loss: 2.3176 - val_accuracy: 0.0628
[2024-06-19 02:02:32,420][utils.model][INFO] - Step 28/40 - val_loss: 2.3178 - val_accuracy: 0.0614
[2024-06-19 02:02:32,446][utils.model][INFO] - Step 29/40 - val_loss: 2.3178 - val_accuracy: 0.0599
[2024-06-19 02:02:32,480][utils.model][INFO] - Step 30/40 - val_loss: 2.3177 - val_accuracy: 0.0595
[2024-06-19 02:02:32,507][utils.model][INFO] - Step 31/40 - val_loss: 2.3176 - val_accuracy: 0.0583
[2024-06-19 02:02:32,533][utils.model][INFO] - Step 32/40 - val_loss: 2.3178 - val_accuracy: 0.0571
[2024-06-19 02:02:32,557][utils.model][INFO] - Step 33/40 - val_loss: 2.3179 - val_accuracy: 0.0559
[2024-06-19 02:02:32,576][utils.model][INFO] - Step 34/40 - val_loss: 2.3177 - val_accuracy: 0.0565
[2024-06-19 02:02:32,594][utils.model][INFO] - Step 35/40 - val_loss: 2.3178 - val_accuracy: 0.0550
[2024-06-19 02:02:32,613][utils.model][INFO] - Step 36/40 - val_loss: 2.3179 - val_accuracy: 0.0547
[2024-06-19 02:02:32,632][utils.model][INFO] - Step 37/40 - val_loss: 2.3176 - val_accuracy: 0.0554
[2024-06-19 02:02:32,650][utils.model][INFO] - Step 38/40 - val_loss: 2.3177 - val_accuracy: 0.0545
[2024-06-19 02:02:32,669][utils.model][INFO] - Step 39/40 - val_loss: 2.3177 - val_accuracy: 0.0534
[2024-06-19 02:02:32,679][utils.model][INFO] - Step 40/40 - val_loss: 2.3176 - val_accuracy: 0.0533
[2024-06-19 02:02:32,680][utils.model][INFO] - Evaluation Results - Val Loss: 2.3176, Val Accuracy: 0.0533 in 40 steps
[2024-06-19 02:02:44,280][flwr][INFO] - initial parameters (loss, other metrics): 2.3176148, {'accuracy': 0.0533}
[2024-06-19 02:02:44,280][flwr][INFO] - FL starting
[2024-06-19 02:02:48,597][flwr][DEBUG] - fit_round 1: strategy sampled 3 clients (out of 3)
[2024-06-19 02:02:50,094][flwr][DEBUG] - fit_round 1 received 3 results and 0 failures
[2024-06-19 02:02:50,153][utils.model][INFO] - LeNet model built
[2024-06-19 02:02:50,260][utils.model][INFO] - Size of serialized model: 279.0341796875 kbytes
[2024-06-19 02:02:50,292][utils.model][INFO] - Step 1/40 - val_loss: 1.1680 - val_accuracy: 0.6758
[2024-06-19 02:02:50,312][utils.model][INFO] - Step 2/40 - val_loss: 1.2080 - val_accuracy: 0.6641
[2024-06-19 02:02:50,330][utils.model][INFO] - Step 3/40 - val_loss: 1.2308 - val_accuracy: 0.6471
[2024-06-19 02:02:50,348][utils.model][INFO] - Step 4/40 - val_loss: 1.2157 - val_accuracy: 0.6602
[2024-06-19 02:02:50,366][utils.model][INFO] - Step 5/40 - val_loss: 1.2446 - val_accuracy: 0.6477
[2024-06-19 02:02:50,385][utils.model][INFO] - Step 6/40 - val_loss: 1.2495 - val_accuracy: 0.6419
[2024-06-19 02:02:50,404][utils.model][INFO] - Step 7/40 - val_loss: 1.2597 - val_accuracy: 0.6328
[2024-06-19 02:02:50,422][utils.model][INFO] - Step 8/40 - val_loss: 1.2497 - val_accuracy: 0.6367
[2024-06-19 02:02:50,440][utils.model][INFO] - Step 9/40 - val_loss: 1.2582 - val_accuracy: 0.6306
[2024-06-19 02:02:50,458][utils.model][INFO] - Step 10/40 - val_loss: 1.2520 - val_accuracy: 0.6336
[2024-06-19 02:02:50,479][utils.model][INFO] - Step 11/40 - val_loss: 1.2497 - val_accuracy: 0.6339
[2024-06-19 02:02:50,497][utils.model][INFO] - Step 12/40 - val_loss: 1.2479 - val_accuracy: 0.6361
[2024-06-19 02:02:50,516][utils.model][INFO] - Step 13/40 - val_loss: 1.2456 - val_accuracy: 0.6379
[2024-06-19 02:02:50,535][utils.model][INFO] - Step 14/40 - val_loss: 1.2505 - val_accuracy: 0.6348
[2024-06-19 02:02:50,552][utils.model][INFO] - Step 15/40 - val_loss: 1.2537 - val_accuracy: 0.6326
[2024-06-19 02:02:50,571][utils.model][INFO] - Step 16/40 - val_loss: 1.2523 - val_accuracy: 0.6338
[2024-06-19 02:02:50,589][utils.model][INFO] - Step 17/40 - val_loss: 1.2521 - val_accuracy: 0.6324
[2024-06-19 02:02:50,607][utils.model][INFO] - Step 18/40 - val_loss: 1.2558 - val_accuracy: 0.6298
[2024-06-19 02:02:50,626][utils.model][INFO] - Step 19/40 - val_loss: 1.2548 - val_accuracy: 0.6303
[2024-06-19 02:02:50,644][utils.model][INFO] - Step 20/40 - val_loss: 1.2511 - val_accuracy: 0.6326
[2024-06-19 02:02:50,662][utils.model][INFO] - Step 21/40 - val_loss: 1.2396 - val_accuracy: 0.6375
[2024-06-19 02:02:50,681][utils.model][INFO] - Step 22/40 - val_loss: 1.2309 - val_accuracy: 0.6419
[2024-06-19 02:02:50,698][utils.model][INFO] - Step 23/40 - val_loss: 1.2234 - val_accuracy: 0.6437
[2024-06-19 02:02:50,719][utils.model][INFO] - Step 24/40 - val_loss: 1.2180 - val_accuracy: 0.6468
[2024-06-19 02:02:50,736][utils.model][INFO] - Step 25/40 - val_loss: 1.2077 - val_accuracy: 0.6514
[2024-06-19 02:02:50,755][utils.model][INFO] - Step 26/40 - val_loss: 1.2055 - val_accuracy: 0.6528
[2024-06-19 02:02:50,773][utils.model][INFO] - Step 27/40 - val_loss: 1.2045 - val_accuracy: 0.6521
[2024-06-19 02:02:50,791][utils.model][INFO] - Step 28/40 - val_loss: 1.2008 - val_accuracy: 0.6528
[2024-06-19 02:02:50,810][utils.model][INFO] - Step 29/40 - val_loss: 1.1989 - val_accuracy: 0.6530
[2024-06-19 02:02:50,828][utils.model][INFO] - Step 30/40 - val_loss: 1.2002 - val_accuracy: 0.6523
[2024-06-19 02:02:50,846][utils.model][INFO] - Step 31/40 - val_loss: 1.1978 - val_accuracy: 0.6536
[2024-06-19 02:02:50,865][utils.model][INFO] - Step 32/40 - val_loss: 1.1945 - val_accuracy: 0.6539
[2024-06-19 02:02:50,884][utils.model][INFO] - Step 33/40 - val_loss: 1.1915 - val_accuracy: 0.6561
[2024-06-19 02:02:50,904][utils.model][INFO] - Step 34/40 - val_loss: 1.1843 - val_accuracy: 0.6597
[2024-06-19 02:02:50,922][utils.model][INFO] - Step 35/40 - val_loss: 1.1763 - val_accuracy: 0.6642
[2024-06-19 02:02:50,945][utils.model][INFO] - Step 36/40 - val_loss: 1.1752 - val_accuracy: 0.6654
[2024-06-19 02:02:50,965][utils.model][INFO] - Step 37/40 - val_loss: 1.1705 - val_accuracy: 0.6677
[2024-06-19 02:02:50,985][utils.model][INFO] - Step 38/40 - val_loss: 1.1701 - val_accuracy: 0.6678
[2024-06-19 02:02:51,004][utils.model][INFO] - Step 39/40 - val_loss: 1.1747 - val_accuracy: 0.6658
[2024-06-19 02:02:51,014][utils.model][INFO] - Step 40/40 - val_loss: 1.1720 - val_accuracy: 0.6657
[2024-06-19 02:02:51,016][utils.model][INFO] - Evaluation Results - Val Loss: 1.1720, Val Accuracy: 0.6657 in 40 steps
[2024-06-19 02:02:53,904][flwr][INFO] - fit progress: (1, 1.1719747, {'accuracy': 0.6657}, 9.62420414099688)
[2024-06-19 02:02:53,907][flwr][DEBUG] - evaluate_round 1: strategy sampled 3 clients (out of 3)
[2024-06-19 02:02:54,439][flwr][DEBUG] - evaluate_round 1 received 3 results and 0 failures
