[2024-06-22 17:34:08,405][utils.model][INFO] - LeNet model built
[2024-06-22 17:34:08,408][utils.model][INFO] - LeNet model built
[2024-06-22 17:34:09,023][utils.model][INFO] - Size of serialized model: 279.0341796875 kbytes
[2024-06-22 17:34:09,024][utils.model][INFO] - Size of serialized model: 279.0341796875 kbytes
[2024-06-22 17:34:09,036][flwr][INFO] - Opened insecure gRPC connection (no certificates were passed)
[2024-06-22 17:34:09,038][flwr][INFO] - Opened insecure gRPC connection (no certificates were passed)
[2024-06-22 17:34:09,047][flwr][DEBUG] - ChannelConnectivity.IDLE
[2024-06-22 17:34:09,047][flwr][DEBUG] - ChannelConnectivity.IDLE
[2024-06-22 17:34:09,052][flwr][DEBUG] - ChannelConnectivity.CONNECTING
[2024-06-22 17:34:09,060][flwr][DEBUG] - ChannelConnectivity.READY
[2024-06-22 17:34:09,060][flwr][DEBUG] - ChannelConnectivity.CONNECTING
[2024-06-22 17:34:09,060][flwr][DEBUG] - ChannelConnectivity.READY
[2024-06-22 17:34:18,828][utils.model][INFO] - ========================== Epoch Start ==========================
[2024-06-22 17:34:18,834][utils.model][INFO] - ========================== Epoch Start ==========================
[2024-06-22 17:34:19,782][utils.model][INFO] - (In epoch/Overall): (1/1)| inst_loss: 0.9450 - Mean loss: 2.3215 - acc: 0.0625 - norm: 0.22 - 2.32s
[2024-06-22 17:34:19,786][utils.model][INFO] - (In epoch/Overall): (1/1)| inst_loss: 0.9530 - Mean loss: 2.3100 - acc: 0.1562 - norm: 0.22 - 2.31s
[2024-06-22 17:34:20,672][utils.model][INFO] - (In epoch/Overall): (11/11)| inst_loss: 1.8355 - Mean loss: 2.1195 - acc: 0.3068 - norm: 1.97 - 1.85s
[2024-06-22 17:34:20,673][utils.model][INFO] - (In epoch/Overall): (11/11)| inst_loss: 1.8422 - Mean loss: 2.1368 - acc: 0.3153 - norm: 1.91 - 1.94s
[2024-06-22 17:34:21,395][utils.model][INFO] - (In epoch/Overall): (21/21)| inst_loss: 2.5596 - Mean loss: 1.8495 - acc: 0.4092 - norm: 4.26 - 1.51s
[2024-06-22 17:34:21,396][utils.model][INFO] - (In epoch/Overall): (21/21)| inst_loss: 2.5663 - Mean loss: 1.9055 - acc: 0.4122 - norm: 4.16 - 1.56s
[2024-06-22 17:34:21,655][utils.model][INFO] - Epoch Results:
[2024-06-22 17:34:21,657][utils.model][INFO] - Epoch Results:
[2024-06-22 17:34:21,659][utils.model][INFO] - (In epoch/Overall): (25/25)| inst_loss: 1.2122 - Mean loss: 1.8080 - acc: 0.4462 - norm: 4.99 - 2.83s
[2024-06-22 17:34:21,661][utils.model][INFO] - (In epoch/Overall): (25/25)| inst_loss: 1.1469 - Mean loss: 1.7756 - acc: 0.4338 - norm: 4.98 - 2.83s
[2024-06-22 17:34:23,261][utils.model][INFO] - Evaluation Results - Val Loss: 1.1502, Val Accuracy: 0.7283 in 19 steps
[2024-06-22 17:34:23,272][utils.model][INFO] - Evaluation Results - Val Loss: 1.1201, Val Accuracy: 0.7483 in 19 steps
[2024-06-22 17:34:29,778][utils.model][INFO] - ========================== Epoch Start ==========================
[2024-06-22 17:34:29,778][utils.model][INFO] - ========================== Epoch Start ==========================
[2024-06-22 17:34:29,911][utils.model][INFO] - (In epoch/Overall): (1/26)| inst_loss: 0.1300 - Mean loss: 1.1794 - acc: 0.8125 - norm: 0.06 - 1.18s
[2024-06-22 17:34:29,912][utils.model][INFO] - (In epoch/Overall): (1/26)| inst_loss: 0.1307 - Mean loss: 0.9721 - acc: 0.8750 - norm: 0.05 - 0.97s
[2024-06-22 17:34:30,667][utils.model][INFO] - (In epoch/Overall): (11/36)| inst_loss: 0.8878 - Mean loss: 1.0224 - acc: 0.7159 - norm: 0.57 - 0.84s
[2024-06-22 17:34:30,668][utils.model][INFO] - (In epoch/Overall): (11/36)| inst_loss: 0.8880 - Mean loss: 1.0251 - acc: 0.7045 - norm: 0.50 - 0.96s
[2024-06-22 17:34:31,332][utils.model][INFO] - (In epoch/Overall): (21/46)| inst_loss: 1.5527 - Mean loss: 0.9251 - acc: 0.7307 - norm: 1.20 - 0.54s
[2024-06-22 17:34:31,332][utils.model][INFO] - (In epoch/Overall): (21/46)| inst_loss: 1.5523 - Mean loss: 0.9042 - acc: 0.7455 - norm: 1.09 - 0.84s
[2024-06-22 17:34:32,010][utils.model][INFO] - (In epoch/Overall): (31/56)| inst_loss: 2.2295 - Mean loss: 0.8132 - acc: 0.7702 - norm: 1.64 - 0.57s
[2024-06-22 17:34:32,010][utils.model][INFO] - (In epoch/Overall): (31/56)| inst_loss: 2.2298 - Mean loss: 0.8509 - acc: 0.7359 - norm: 1.80 - 0.74s
[2024-06-22 17:34:32,753][utils.model][INFO] - (In epoch/Overall): (41/66)| inst_loss: 2.9738 - Mean loss: 0.7913 - acc: 0.7584 - norm: 2.45 - 0.70s
[2024-06-22 17:34:32,755][utils.model][INFO] - (In epoch/Overall): (41/66)| inst_loss: 2.9737 - Mean loss: 0.7603 - acc: 0.7782 - norm: 2.32 - 0.52s
[2024-06-22 17:34:33,446][utils.model][INFO] - (In epoch/Overall): (51/76)| inst_loss: 3.6661 - Mean loss: 0.7445 - acc: 0.7714 - norm: 3.16 - 0.37s
[2024-06-22 17:34:33,446][utils.model][INFO] - (In epoch/Overall): (51/76)| inst_loss: 3.6660 - Mean loss: 0.7071 - acc: 0.7874 - norm: 2.99 - 0.50s
[2024-06-22 17:34:34,085][utils.model][INFO] - (In epoch/Overall): (61/86)| inst_loss: 4.3038 - Mean loss: 0.6699 - acc: 0.7946 - norm: 3.73 - 0.59s
[2024-06-22 17:34:34,086][utils.model][INFO] - (In epoch/Overall): (61/86)| inst_loss: 4.3051 - Mean loss: 0.7198 - acc: 0.7756 - norm: 3.88 - 0.63s
[2024-06-22 17:34:34,847][utils.model][INFO] - (In epoch/Overall): (71/96)| inst_loss: 5.0673 - Mean loss: 0.6903 - acc: 0.7799 - norm: 4.51 - 0.49s
[2024-06-22 17:34:34,849][utils.model][INFO] - (In epoch/Overall): (71/96)| inst_loss: 5.0677 - Mean loss: 0.6506 - acc: 0.7989 - norm: 4.39 - 0.36s
[2024-06-22 17:34:35,501][utils.model][INFO] - Epoch Results:
[2024-06-22 17:34:35,502][utils.model][INFO] - Epoch Results:
[2024-06-22 17:34:35,505][utils.model][INFO] - (In epoch/Overall): (80/105)| inst_loss: 0.4575 - Mean loss: 0.6334 - acc: 0.8023 - norm: 4.98 - 5.73s
[2024-06-22 17:34:35,507][utils.model][INFO] - (In epoch/Overall): (80/105)| inst_loss: 0.1480 - Mean loss: 0.6654 - acc: 0.7895 - norm: 5.11 - 5.73s
[2024-06-22 17:34:36,983][utils.model][INFO] - Evaluation Results - Val Loss: 0.3213, Val Accuracy: 0.9050 in 19 steps
[2024-06-22 17:34:36,984][utils.model][INFO] - Evaluation Results - Val Loss: 0.4014, Val Accuracy: 0.8850 in 19 steps
[2024-06-22 17:34:43,259][utils.model][INFO] - ========================== Epoch Start ==========================
[2024-06-22 17:34:43,264][utils.model][INFO] - ========================== Epoch Start ==========================
[2024-06-22 17:34:43,373][utils.model][INFO] - (In epoch/Overall): (1/106)| inst_loss: 0.1072 - Mean loss: 0.3837 - acc: 0.9062 - norm: 0.03 - 0.38s
[2024-06-22 17:34:43,374][utils.model][INFO] - (In epoch/Overall): (1/106)| inst_loss: 0.1124 - Mean loss: 0.2009 - acc: 0.9688 - norm: 0.01 - 0.20s
[2024-06-22 17:34:44,072][utils.model][INFO] - (In epoch/Overall): (11/116)| inst_loss: 0.8067 - Mean loss: 0.3959 - acc: 0.8750 - norm: 0.19 - 0.24s
[2024-06-22 17:34:44,073][utils.model][INFO] - (In epoch/Overall): (11/116)| inst_loss: 0.8117 - Mean loss: 0.4208 - acc: 0.8750 - norm: 0.19 - 0.54s
[2024-06-22 17:34:44,818][utils.model][INFO] - (In epoch/Overall): (21/126)| inst_loss: 1.5570 - Mean loss: 0.4373 - acc: 0.8646 - norm: 0.45 - 0.76s
[2024-06-22 17:34:44,819][utils.model][INFO] - (In epoch/Overall): (21/126)| inst_loss: 1.5526 - Mean loss: 0.4022 - acc: 0.8795 - norm: 0.38 - 0.59s
[2024-06-22 17:34:45,627][utils.model][INFO] - (In epoch/Overall): (31/136)| inst_loss: 2.3612 - Mean loss: 0.3747 - acc: 0.8861 - norm: 0.57 - 0.24s
[2024-06-22 17:34:45,627][utils.model][INFO] - (In epoch/Overall): (31/136)| inst_loss: 2.3661 - Mean loss: 0.3983 - acc: 0.8800 - norm: 0.58 - 0.23s
[2024-06-22 17:34:46,475][utils.model][INFO] - (In epoch/Overall): (41/146)| inst_loss: 3.2093 - Mean loss: 0.3844 - acc: 0.8811 - norm: 0.85 - 0.42s
[2024-06-22 17:34:46,477][utils.model][INFO] - (In epoch/Overall): (41/146)| inst_loss: 3.2149 - Mean loss: 0.3675 - acc: 0.8910 - norm: 0.81 - 0.21s
[2024-06-22 17:34:47,308][utils.model][INFO] - (In epoch/Overall): (51/156)| inst_loss: 4.0417 - Mean loss: 0.3893 - acc: 0.8811 - norm: 1.14 - 0.48s
[2024-06-22 17:34:47,309][utils.model][INFO] - (In epoch/Overall): (51/156)| inst_loss: 4.0465 - Mean loss: 0.3500 - acc: 0.8946 - norm: 1.15 - 0.23s
[2024-06-22 17:34:48,176][utils.model][INFO] - (In epoch/Overall): (61/166)| inst_loss: 4.9086 - Mean loss: 0.3800 - acc: 0.8822 - norm: 1.51 - 0.27s
[2024-06-22 17:34:48,177][utils.model][INFO] - (In epoch/Overall): (61/166)| inst_loss: 4.9139 - Mean loss: 0.3573 - acc: 0.8929 - norm: 1.55 - 0.34s
[2024-06-22 17:34:48,935][utils.model][INFO] - (In epoch/Overall): (71/176)| inst_loss: 5.6698 - Mean loss: 0.3689 - acc: 0.8834 - norm: 1.82 - 0.14s
[2024-06-22 17:34:48,937][utils.model][INFO] - (In epoch/Overall): (71/176)| inst_loss: 5.6751 - Mean loss: 0.3518 - acc: 0.8957 - norm: 1.80 - 0.12s
[2024-06-22 17:34:49,625][utils.model][INFO] - (In epoch/Overall): (81/186)| inst_loss: 6.3590 - Mean loss: 0.3527 - acc: 0.8889 - norm: 2.18 - 0.26s
[2024-06-22 17:34:49,625][utils.model][INFO] - (In epoch/Overall): (81/186)| inst_loss: 6.3641 - Mean loss: 0.3450 - acc: 0.8966 - norm: 2.08 - 0.30s
[2024-06-22 17:34:50,304][utils.model][INFO] - (In epoch/Overall): (91/196)| inst_loss: 7.0424 - Mean loss: 0.3422 - acc: 0.8959 - norm: 2.47 - 0.20s
[2024-06-22 17:34:50,305][utils.model][INFO] - (In epoch/Overall): (91/196)| inst_loss: 7.0376 - Mean loss: 0.3544 - acc: 0.8884 - norm: 2.67 - 0.54s
[2024-06-22 17:34:51,001][utils.model][INFO] - (In epoch/Overall): (101/206)| inst_loss: 7.7389 - Mean loss: 0.3346 - acc: 0.8991 - norm: 2.87 - 0.42s
[2024-06-22 17:34:51,002][utils.model][INFO] - (In epoch/Overall): (101/206)| inst_loss: 7.7350 - Mean loss: 0.3332 - acc: 0.8945 - norm: 3.00 - 0.11s
[2024-06-22 17:34:51,714][utils.model][INFO] - (In epoch/Overall): (111/216)| inst_loss: 8.4479 - Mean loss: 0.3381 - acc: 0.8927 - norm: 3.50 - 0.31s
[2024-06-22 17:34:51,715][utils.model][INFO] - (In epoch/Overall): (111/216)| inst_loss: 8.4525 - Mean loss: 0.3338 - acc: 0.8995 - norm: 3.29 - 0.42s
[2024-06-22 17:34:52,392][utils.model][INFO] - (In epoch/Overall): (121/226)| inst_loss: 9.1312 - Mean loss: 0.3315 - acc: 0.9008 - norm: 3.78 - 0.55s
[2024-06-22 17:34:52,393][utils.model][INFO] - (In epoch/Overall): (121/226)| inst_loss: 9.1269 - Mean loss: 0.3316 - acc: 0.8939 - norm: 3.91 - 0.19s
[2024-06-22 17:34:53,081][utils.model][INFO] - (In epoch/Overall): (131/236)| inst_loss: 9.8150 - Mean loss: 0.3255 - acc: 0.8962 - norm: 4.33 - 0.16s
[2024-06-22 17:34:53,082][utils.model][INFO] - (In epoch/Overall): (131/236)| inst_loss: 9.8204 - Mean loss: 0.3315 - acc: 0.9003 - norm: 4.30 - 0.23s
[2024-06-22 17:34:53,789][utils.model][INFO] - (In epoch/Overall): (141/246)| inst_loss: 10.5234 - Mean loss: 0.3229 - acc: 0.8956 - norm: 4.93 - 0.42s
[2024-06-22 17:34:53,789][utils.model][INFO] - (In epoch/Overall): (141/246)| inst_loss: 10.5285 - Mean loss: 0.3296 - acc: 0.9016 - norm: 4.82 - 0.11s
[2024-06-22 17:34:53,933][utils.model][INFO] - Epoch Results:
[2024-06-22 17:34:53,933][utils.model][INFO] - Epoch Results:
[2024-06-22 17:34:53,936][utils.model][INFO] - (In epoch/Overall): (143/248)| inst_loss: 0.3517 - Mean loss: 0.3284 - acc: 0.9019 - norm: 4.94 - 10.68s
[2024-06-22 17:34:53,936][utils.model][INFO] - (In epoch/Overall): (143/248)| inst_loss: 0.2056 - Mean loss: 0.3206 - acc: 0.8966 - norm: 5.02 - 10.67s
[2024-06-22 17:34:55,459][utils.model][INFO] - Evaluation Results - Val Loss: 0.1791, Val Accuracy: 0.9458 in 19 steps
[2024-06-22 17:34:55,477][utils.model][INFO] - Evaluation Results - Val Loss: 0.2391, Val Accuracy: 0.9258 in 19 steps
[2024-06-22 17:34:55,658][flwr][DEBUG] - gRPC channel closed
[2024-06-22 17:34:55,658][flwr][DEBUG] - gRPC channel closed
[2024-06-22 17:34:55,658][flwr][INFO] - Disconnect and shut down
[2024-06-22 17:34:55,658][flwr][INFO] - Disconnect and shut down
