[2024-06-22 11:36:12,622][root][INFO] - Initialized DataManager for experiment exp_20240622_113612
[2024-06-22 11:36:12,629][root][INFO] - Info data saved to /home/psklavos/fl/geom_aio/csv_logs/exp_20240622_113612/info.csv
[2024-06-22 11:36:12,630][flwr][INFO] - Starting Flower server, config: ServerConfig(num_rounds=3, round_timeout=None)
[2024-06-22 11:36:12,633][flwr][INFO] - Flower ECE: gRPC server running (3 rounds), SSL is disabled
[2024-06-22 11:36:12,633][flwr][INFO] - Initializing global parameters
[2024-06-22 11:36:12,633][flwr][INFO] - Requesting initial parameters from one random client
[2024-06-22 11:36:20,246][flwr][INFO] - Received initial parameters from one random client
[2024-06-22 11:36:20,247][flwr][INFO] - Evaluating initial parameters
[2024-06-22 11:36:20,380][utils.model][INFO] - LeNet model built
[2024-06-22 11:36:20,650][utils.model][INFO] - Size of serialized model: 279.0341796875 kbytes
[2024-06-22 11:36:20,720][utils.model][INFO] - Step 1/40 - val_loss: 2.3018 - val_accuracy: 0.1094
[2024-06-22 11:36:20,743][utils.model][INFO] - Step 2/40 - val_loss: 2.3090 - val_accuracy: 0.0898
[2024-06-22 11:36:20,768][utils.model][INFO] - Step 3/40 - val_loss: 2.3087 - val_accuracy: 0.0951
[2024-06-22 11:36:20,792][utils.model][INFO] - Step 4/40 - val_loss: 2.3109 - val_accuracy: 0.0908
[2024-06-22 11:36:20,814][utils.model][INFO] - Step 5/40 - val_loss: 2.3104 - val_accuracy: 0.0922
[2024-06-22 11:36:20,838][utils.model][INFO] - Step 6/40 - val_loss: 2.3119 - val_accuracy: 0.0905
[2024-06-22 11:36:20,861][utils.model][INFO] - Step 7/40 - val_loss: 2.3119 - val_accuracy: 0.0910
[2024-06-22 11:36:20,885][utils.model][INFO] - Step 8/40 - val_loss: 2.3124 - val_accuracy: 0.0903
[2024-06-22 11:36:20,908][utils.model][INFO] - Step 9/40 - val_loss: 2.3132 - val_accuracy: 0.0885
[2024-06-22 11:36:20,931][utils.model][INFO] - Step 10/40 - val_loss: 2.3128 - val_accuracy: 0.0883
[2024-06-22 11:36:20,955][utils.model][INFO] - Step 11/40 - val_loss: 2.3135 - val_accuracy: 0.0877
[2024-06-22 11:36:20,976][utils.model][INFO] - Step 12/40 - val_loss: 2.3136 - val_accuracy: 0.0853
[2024-06-22 11:36:21,001][utils.model][INFO] - Step 13/40 - val_loss: 2.3136 - val_accuracy: 0.0841
[2024-06-22 11:36:21,026][utils.model][INFO] - Step 14/40 - val_loss: 2.3130 - val_accuracy: 0.0843
[2024-06-22 11:36:21,053][utils.model][INFO] - Step 15/40 - val_loss: 2.3134 - val_accuracy: 0.0839
[2024-06-22 11:36:21,076][utils.model][INFO] - Step 16/40 - val_loss: 2.3137 - val_accuracy: 0.0833
[2024-06-22 11:36:21,103][utils.model][INFO] - Step 17/40 - val_loss: 2.3137 - val_accuracy: 0.0836
[2024-06-22 11:36:21,129][utils.model][INFO] - Step 18/40 - val_loss: 2.3135 - val_accuracy: 0.0849
[2024-06-22 11:36:21,156][utils.model][INFO] - Step 19/40 - val_loss: 2.3139 - val_accuracy: 0.0833
[2024-06-22 11:36:21,182][utils.model][INFO] - Step 20/40 - val_loss: 2.3135 - val_accuracy: 0.0826
[2024-06-22 11:36:21,206][utils.model][INFO] - Step 21/40 - val_loss: 2.3136 - val_accuracy: 0.0828
[2024-06-22 11:36:21,238][utils.model][INFO] - Step 22/40 - val_loss: 2.3138 - val_accuracy: 0.0815
[2024-06-22 11:36:21,271][utils.model][INFO] - Step 23/40 - val_loss: 2.3142 - val_accuracy: 0.0805
[2024-06-22 11:36:21,303][utils.model][INFO] - Step 24/40 - val_loss: 2.3140 - val_accuracy: 0.0815
[2024-06-22 11:36:21,332][utils.model][INFO] - Step 25/40 - val_loss: 2.3141 - val_accuracy: 0.0816
[2024-06-22 11:36:21,359][utils.model][INFO] - Step 26/40 - val_loss: 2.3142 - val_accuracy: 0.0804
[2024-06-22 11:36:21,383][utils.model][INFO] - Step 27/40 - val_loss: 2.3139 - val_accuracy: 0.0809
[2024-06-22 11:36:21,409][utils.model][INFO] - Step 28/40 - val_loss: 2.3139 - val_accuracy: 0.0808
[2024-06-22 11:36:21,435][utils.model][INFO] - Step 29/40 - val_loss: 2.3139 - val_accuracy: 0.0801
[2024-06-22 11:36:21,460][utils.model][INFO] - Step 30/40 - val_loss: 2.3139 - val_accuracy: 0.0806
[2024-06-22 11:36:21,487][utils.model][INFO] - Step 31/40 - val_loss: 2.3141 - val_accuracy: 0.0796
[2024-06-22 11:36:21,514][utils.model][INFO] - Step 32/40 - val_loss: 2.3142 - val_accuracy: 0.0789
[2024-06-22 11:36:21,535][utils.model][INFO] - Step 33/40 - val_loss: 2.3144 - val_accuracy: 0.0792
[2024-06-22 11:36:21,557][utils.model][INFO] - Step 34/40 - val_loss: 2.3146 - val_accuracy: 0.0795
[2024-06-22 11:36:21,576][utils.model][INFO] - Step 35/40 - val_loss: 2.3147 - val_accuracy: 0.0797
[2024-06-22 11:36:21,598][utils.model][INFO] - Step 36/40 - val_loss: 2.3145 - val_accuracy: 0.0793
[2024-06-22 11:36:21,623][utils.model][INFO] - Step 37/40 - val_loss: 2.3146 - val_accuracy: 0.0793
[2024-06-22 11:36:21,643][utils.model][INFO] - Step 38/40 - val_loss: 2.3147 - val_accuracy: 0.0797
[2024-06-22 11:36:21,664][utils.model][INFO] - Step 39/40 - val_loss: 2.3147 - val_accuracy: 0.0792
[2024-06-22 11:36:21,673][utils.model][INFO] - Step 40/40 - val_loss: 2.3152 - val_accuracy: 0.0793
[2024-06-22 11:36:21,676][utils.model][INFO] - Evaluation Results - Val Loss: 2.3152, Val Accuracy: 0.0793 in 40 steps
[2024-06-22 11:36:21,682][flwr][INFO] - initial parameters (loss, other metrics): 2.315216, {'accuracy': 0.0793}
[2024-06-22 11:36:21,682][flwr][INFO] - FL starting
[2024-06-22 11:36:25,744][flwr][DEBUG] - fit_round 1: strategy sampled 3 clients (out of 3)
[2024-06-22 11:36:28,643][flwr][DEBUG] - fit_round 1 received 3 results and 0 failures
[2024-06-22 11:36:28,715][utils.model][INFO] - LeNet model built
[2024-06-22 11:36:28,842][utils.model][INFO] - Size of serialized model: 279.0341796875 kbytes
[2024-06-22 11:36:28,885][utils.model][INFO] - Step 1/40 - val_loss: 0.6658 - val_accuracy: 0.8320
[2024-06-22 11:36:28,908][utils.model][INFO] - Step 2/40 - val_loss: 0.7463 - val_accuracy: 0.7949
[2024-06-22 11:36:28,929][utils.model][INFO] - Step 3/40 - val_loss: 0.7776 - val_accuracy: 0.7669
[2024-06-22 11:36:28,951][utils.model][INFO] - Step 4/40 - val_loss: 0.7587 - val_accuracy: 0.7734
[2024-06-22 11:36:28,974][utils.model][INFO] - Step 5/40 - val_loss: 0.7904 - val_accuracy: 0.7641
[2024-06-22 11:36:28,999][utils.model][INFO] - Step 6/40 - val_loss: 0.7992 - val_accuracy: 0.7546
[2024-06-22 11:36:29,026][utils.model][INFO] - Step 7/40 - val_loss: 0.8084 - val_accuracy: 0.7517
[2024-06-22 11:36:29,053][utils.model][INFO] - Step 8/40 - val_loss: 0.8023 - val_accuracy: 0.7563
[2024-06-22 11:36:29,078][utils.model][INFO] - Step 9/40 - val_loss: 0.8121 - val_accuracy: 0.7543
[2024-06-22 11:36:29,103][utils.model][INFO] - Step 10/40 - val_loss: 0.8078 - val_accuracy: 0.7531
[2024-06-22 11:36:29,131][utils.model][INFO] - Step 11/40 - val_loss: 0.8057 - val_accuracy: 0.7539
[2024-06-22 11:36:29,157][utils.model][INFO] - Step 12/40 - val_loss: 0.8025 - val_accuracy: 0.7552
[2024-06-22 11:36:29,181][utils.model][INFO] - Step 13/40 - val_loss: 0.7970 - val_accuracy: 0.7578
[2024-06-22 11:36:29,208][utils.model][INFO] - Step 14/40 - val_loss: 0.7970 - val_accuracy: 0.7570
[2024-06-22 11:36:29,234][utils.model][INFO] - Step 15/40 - val_loss: 0.8012 - val_accuracy: 0.7549
[2024-06-22 11:36:29,265][utils.model][INFO] - Step 16/40 - val_loss: 0.8033 - val_accuracy: 0.7515
[2024-06-22 11:36:29,289][utils.model][INFO] - Step 17/40 - val_loss: 0.8047 - val_accuracy: 0.7493
[2024-06-22 11:36:29,316][utils.model][INFO] - Step 18/40 - val_loss: 0.8059 - val_accuracy: 0.7507
[2024-06-22 11:36:29,344][utils.model][INFO] - Step 19/40 - val_loss: 0.8077 - val_accuracy: 0.7500
[2024-06-22 11:36:29,368][utils.model][INFO] - Step 20/40 - val_loss: 0.8033 - val_accuracy: 0.7512
[2024-06-22 11:36:29,391][utils.model][INFO] - Step 21/40 - val_loss: 0.7937 - val_accuracy: 0.7548
[2024-06-22 11:36:29,413][utils.model][INFO] - Step 22/40 - val_loss: 0.7828 - val_accuracy: 0.7589
[2024-06-22 11:36:29,438][utils.model][INFO] - Step 23/40 - val_loss: 0.7744 - val_accuracy: 0.7615
[2024-06-22 11:36:29,464][utils.model][INFO] - Step 24/40 - val_loss: 0.7696 - val_accuracy: 0.7625
[2024-06-22 11:36:29,486][utils.model][INFO] - Step 25/40 - val_loss: 0.7571 - val_accuracy: 0.7675
[2024-06-22 11:36:29,508][utils.model][INFO] - Step 26/40 - val_loss: 0.7545 - val_accuracy: 0.7695
[2024-06-22 11:36:29,528][utils.model][INFO] - Step 27/40 - val_loss: 0.7505 - val_accuracy: 0.7713
[2024-06-22 11:36:29,546][utils.model][INFO] - Step 28/40 - val_loss: 0.7452 - val_accuracy: 0.7725
[2024-06-22 11:36:29,566][utils.model][INFO] - Step 29/40 - val_loss: 0.7405 - val_accuracy: 0.7745
[2024-06-22 11:36:29,589][utils.model][INFO] - Step 30/40 - val_loss: 0.7395 - val_accuracy: 0.7751
[2024-06-22 11:36:29,614][utils.model][INFO] - Step 31/40 - val_loss: 0.7370 - val_accuracy: 0.7756
[2024-06-22 11:36:29,640][utils.model][INFO] - Step 32/40 - val_loss: 0.7317 - val_accuracy: 0.7777
[2024-06-22 11:36:29,664][utils.model][INFO] - Step 33/40 - val_loss: 0.7289 - val_accuracy: 0.7790
[2024-06-22 11:36:29,683][utils.model][INFO] - Step 34/40 - val_loss: 0.7217 - val_accuracy: 0.7811
[2024-06-22 11:36:29,701][utils.model][INFO] - Step 35/40 - val_loss: 0.7138 - val_accuracy: 0.7835
[2024-06-22 11:36:29,718][utils.model][INFO] - Step 36/40 - val_loss: 0.7116 - val_accuracy: 0.7840
[2024-06-22 11:36:29,737][utils.model][INFO] - Step 37/40 - val_loss: 0.7067 - val_accuracy: 0.7861
[2024-06-22 11:36:29,756][utils.model][INFO] - Step 38/40 - val_loss: 0.7068 - val_accuracy: 0.7851
[2024-06-22 11:36:29,776][utils.model][INFO] - Step 39/40 - val_loss: 0.7120 - val_accuracy: 0.7836
[2024-06-22 11:36:29,786][utils.model][INFO] - Step 40/40 - val_loss: 0.7092 - val_accuracy: 0.7837
[2024-06-22 11:36:29,788][utils.model][INFO] - Evaluation Results - Val Loss: 0.7092, Val Accuracy: 0.7837 in 40 steps
[2024-06-22 11:36:29,789][flwr][INFO] - fit progress: (1, 0.70919687, {'accuracy': 0.7837}, 8.106919735990232)
[2024-06-22 11:36:29,790][flwr][DEBUG] - evaluate_round 1: strategy sampled 3 clients (out of 3)
[2024-06-22 11:36:30,335][flwr][DEBUG] - evaluate_round 1 received 3 results and 0 failures
[2024-06-22 11:36:30,341][root][INFO] - Epoch data saved to /home/psklavos/fl/geom_aio/csv_logs/exp_20240622_113612/clients/client_0/epoch.csv
[2024-06-22 11:36:30,395][root][INFO] - Batch data saved to /home/psklavos/fl/geom_aio/csv_logs/exp_20240622_113612/clients/client_0/batch.csv
[2024-06-22 11:36:30,396][root][INFO] - Server data saved to /home/psklavos/fl/geom_aio/csv_logs/exp_20240622_113612/server/server.csv
[2024-06-22 11:36:34,119][flwr][DEBUG] - fit_round 2: strategy sampled 3 clients (out of 3)
[2024-06-22 11:36:43,985][flwr][DEBUG] - fit_round 2 received 3 results and 0 failures
[2024-06-22 11:36:44,046][utils.model][INFO] - LeNet model built
[2024-06-22 11:36:44,176][utils.model][INFO] - Size of serialized model: 279.0341796875 kbytes
[2024-06-22 11:36:44,210][utils.model][INFO] - Step 1/40 - val_loss: 0.1218 - val_accuracy: 0.9648
[2024-06-22 11:36:44,232][utils.model][INFO] - Step 2/40 - val_loss: 0.1744 - val_accuracy: 0.9414
[2024-06-22 11:36:44,254][utils.model][INFO] - Step 3/40 - val_loss: 0.1938 - val_accuracy: 0.9323
[2024-06-22 11:36:44,274][utils.model][INFO] - Step 4/40 - val_loss: 0.1983 - val_accuracy: 0.9277
[2024-06-22 11:36:44,294][utils.model][INFO] - Step 5/40 - val_loss: 0.2210 - val_accuracy: 0.9219
[2024-06-22 11:36:44,315][utils.model][INFO] - Step 6/40 - val_loss: 0.2271 - val_accuracy: 0.9219
[2024-06-22 11:36:44,336][utils.model][INFO] - Step 7/40 - val_loss: 0.2323 - val_accuracy: 0.9247
[2024-06-22 11:36:44,355][utils.model][INFO] - Step 8/40 - val_loss: 0.2304 - val_accuracy: 0.9248
[2024-06-22 11:36:44,375][utils.model][INFO] - Step 9/40 - val_loss: 0.2383 - val_accuracy: 0.9249
[2024-06-22 11:36:44,396][utils.model][INFO] - Step 10/40 - val_loss: 0.2330 - val_accuracy: 0.9262
[2024-06-22 11:36:44,419][utils.model][INFO] - Step 11/40 - val_loss: 0.2308 - val_accuracy: 0.9251
[2024-06-22 11:36:44,439][utils.model][INFO] - Step 12/40 - val_loss: 0.2291 - val_accuracy: 0.9258
[2024-06-22 11:36:44,460][utils.model][INFO] - Step 13/40 - val_loss: 0.2282 - val_accuracy: 0.9261
[2024-06-22 11:36:44,481][utils.model][INFO] - Step 14/40 - val_loss: 0.2298 - val_accuracy: 0.9252
[2024-06-22 11:36:44,501][utils.model][INFO] - Step 15/40 - val_loss: 0.2338 - val_accuracy: 0.9237
[2024-06-22 11:36:44,521][utils.model][INFO] - Step 16/40 - val_loss: 0.2365 - val_accuracy: 0.9238
[2024-06-22 11:36:44,541][utils.model][INFO] - Step 17/40 - val_loss: 0.2373 - val_accuracy: 0.9223
[2024-06-22 11:36:44,562][utils.model][INFO] - Step 18/40 - val_loss: 0.2348 - val_accuracy: 0.9236
[2024-06-22 11:36:44,581][utils.model][INFO] - Step 19/40 - val_loss: 0.2337 - val_accuracy: 0.9243
[2024-06-22 11:36:44,602][utils.model][INFO] - Step 20/40 - val_loss: 0.2287 - val_accuracy: 0.9258
[2024-06-22 11:36:44,623][utils.model][INFO] - Step 21/40 - val_loss: 0.2215 - val_accuracy: 0.9280
[2024-06-22 11:36:44,643][utils.model][INFO] - Step 22/40 - val_loss: 0.2145 - val_accuracy: 0.9304
[2024-06-22 11:36:44,663][utils.model][INFO] - Step 23/40 - val_loss: 0.2124 - val_accuracy: 0.9307
[2024-06-22 11:36:44,684][utils.model][INFO] - Step 24/40 - val_loss: 0.2155 - val_accuracy: 0.9289
[2024-06-22 11:36:44,704][utils.model][INFO] - Step 25/40 - val_loss: 0.2094 - val_accuracy: 0.9311
[2024-06-22 11:36:44,722][utils.model][INFO] - Step 26/40 - val_loss: 0.2076 - val_accuracy: 0.9321
[2024-06-22 11:36:44,743][utils.model][INFO] - Step 27/40 - val_loss: 0.2046 - val_accuracy: 0.9332
[2024-06-22 11:36:44,765][utils.model][INFO] - Step 28/40 - val_loss: 0.1991 - val_accuracy: 0.9348
[2024-06-22 11:36:44,783][utils.model][INFO] - Step 29/40 - val_loss: 0.1944 - val_accuracy: 0.9370
[2024-06-22 11:36:44,803][utils.model][INFO] - Step 30/40 - val_loss: 0.1919 - val_accuracy: 0.9383
[2024-06-22 11:36:44,823][utils.model][INFO] - Step 31/40 - val_loss: 0.1917 - val_accuracy: 0.9384
[2024-06-22 11:36:44,843][utils.model][INFO] - Step 32/40 - val_loss: 0.1888 - val_accuracy: 0.9392
[2024-06-22 11:36:44,863][utils.model][INFO] - Step 33/40 - val_loss: 0.1855 - val_accuracy: 0.9407
[2024-06-22 11:36:44,887][utils.model][INFO] - Step 34/40 - val_loss: 0.1820 - val_accuracy: 0.9419
[2024-06-22 11:36:44,907][utils.model][INFO] - Step 35/40 - val_loss: 0.1772 - val_accuracy: 0.9435
[2024-06-22 11:36:44,927][utils.model][INFO] - Step 36/40 - val_loss: 0.1774 - val_accuracy: 0.9436
[2024-06-22 11:36:44,946][utils.model][INFO] - Step 37/40 - val_loss: 0.1739 - val_accuracy: 0.9449
[2024-06-22 11:36:44,969][utils.model][INFO] - Step 38/40 - val_loss: 0.1728 - val_accuracy: 0.9449
[2024-06-22 11:36:44,991][utils.model][INFO] - Step 39/40 - val_loss: 0.1774 - val_accuracy: 0.9434
[2024-06-22 11:36:45,002][utils.model][INFO] - Step 40/40 - val_loss: 0.1742 - val_accuracy: 0.9435
[2024-06-22 11:36:45,004][utils.model][INFO] - Evaluation Results - Val Loss: 0.1742, Val Accuracy: 0.9435 in 40 steps
[2024-06-22 11:36:45,005][flwr][INFO] - fit progress: (2, 0.17417327, {'accuracy': 0.9435}, 23.32302010001149)
[2024-06-22 11:36:45,006][flwr][DEBUG] - evaluate_round 2: strategy sampled 3 clients (out of 3)
[2024-06-22 11:36:45,558][flwr][DEBUG] - evaluate_round 2 received 3 results and 0 failures
[2024-06-22 11:36:45,562][root][INFO] - Epoch data saved to /home/psklavos/fl/geom_aio/csv_logs/exp_20240622_113612/clients/client_0/epoch.csv
[2024-06-22 11:36:45,737][root][INFO] - Batch data saved to /home/psklavos/fl/geom_aio/csv_logs/exp_20240622_113612/clients/client_0/batch.csv
[2024-06-22 11:36:45,737][root][INFO] - Server data saved to /home/psklavos/fl/geom_aio/csv_logs/exp_20240622_113612/server/server.csv
[2024-06-22 11:36:49,619][flwr][DEBUG] - fit_round 3: strategy sampled 3 clients (out of 3)
[2024-06-22 11:37:05,263][flwr][DEBUG] - fit_round 3 received 3 results and 0 failures
[2024-06-22 11:37:05,324][utils.model][INFO] - LeNet model built
[2024-06-22 11:37:05,440][utils.model][INFO] - Size of serialized model: 279.0341796875 kbytes
[2024-06-22 11:37:05,473][utils.model][INFO] - Step 1/40 - val_loss: 0.0522 - val_accuracy: 0.9805
[2024-06-22 11:37:05,494][utils.model][INFO] - Step 2/40 - val_loss: 0.0789 - val_accuracy: 0.9688
[2024-06-22 11:37:05,513][utils.model][INFO] - Step 3/40 - val_loss: 0.1008 - val_accuracy: 0.9622
[2024-06-22 11:37:05,533][utils.model][INFO] - Step 4/40 - val_loss: 0.1043 - val_accuracy: 0.9619
[2024-06-22 11:37:05,553][utils.model][INFO] - Step 5/40 - val_loss: 0.1226 - val_accuracy: 0.9563
[2024-06-22 11:37:05,574][utils.model][INFO] - Step 6/40 - val_loss: 0.1239 - val_accuracy: 0.9544
[2024-06-22 11:37:05,592][utils.model][INFO] - Step 7/40 - val_loss: 0.1250 - val_accuracy: 0.9559
[2024-06-22 11:37:05,613][utils.model][INFO] - Step 8/40 - val_loss: 0.1221 - val_accuracy: 0.9565
[2024-06-22 11:37:05,634][utils.model][INFO] - Step 9/40 - val_loss: 0.1281 - val_accuracy: 0.9540
[2024-06-22 11:37:05,655][utils.model][INFO] - Step 10/40 - val_loss: 0.1276 - val_accuracy: 0.9543
[2024-06-22 11:37:05,675][utils.model][INFO] - Step 11/40 - val_loss: 0.1240 - val_accuracy: 0.9563
[2024-06-22 11:37:05,695][utils.model][INFO] - Step 12/40 - val_loss: 0.1223 - val_accuracy: 0.9567
[2024-06-22 11:37:05,715][utils.model][INFO] - Step 13/40 - val_loss: 0.1196 - val_accuracy: 0.9582
[2024-06-22 11:37:05,734][utils.model][INFO] - Step 14/40 - val_loss: 0.1212 - val_accuracy: 0.9581
[2024-06-22 11:37:05,754][utils.model][INFO] - Step 15/40 - val_loss: 0.1242 - val_accuracy: 0.9568
[2024-06-22 11:37:05,773][utils.model][INFO] - Step 16/40 - val_loss: 0.1259 - val_accuracy: 0.9561
[2024-06-22 11:37:05,793][utils.model][INFO] - Step 17/40 - val_loss: 0.1274 - val_accuracy: 0.9557
[2024-06-22 11:37:05,811][utils.model][INFO] - Step 18/40 - val_loss: 0.1249 - val_accuracy: 0.9566
[2024-06-22 11:37:05,830][utils.model][INFO] - Step 19/40 - val_loss: 0.1252 - val_accuracy: 0.9568
[2024-06-22 11:37:05,851][utils.model][INFO] - Step 20/40 - val_loss: 0.1219 - val_accuracy: 0.9580
[2024-06-22 11:37:05,871][utils.model][INFO] - Step 21/40 - val_loss: 0.1174 - val_accuracy: 0.9593
[2024-06-22 11:37:05,891][utils.model][INFO] - Step 22/40 - val_loss: 0.1139 - val_accuracy: 0.9606
[2024-06-22 11:37:05,909][utils.model][INFO] - Step 23/40 - val_loss: 0.1135 - val_accuracy: 0.9606
[2024-06-22 11:37:05,929][utils.model][INFO] - Step 24/40 - val_loss: 0.1170 - val_accuracy: 0.9595
[2024-06-22 11:37:05,949][utils.model][INFO] - Step 25/40 - val_loss: 0.1132 - val_accuracy: 0.9608
[2024-06-22 11:37:05,968][utils.model][INFO] - Step 26/40 - val_loss: 0.1123 - val_accuracy: 0.9617
[2024-06-22 11:37:05,988][utils.model][INFO] - Step 27/40 - val_loss: 0.1095 - val_accuracy: 0.9625
[2024-06-22 11:37:06,007][utils.model][INFO] - Step 28/40 - val_loss: 0.1063 - val_accuracy: 0.9636
[2024-06-22 11:37:06,025][utils.model][INFO] - Step 29/40 - val_loss: 0.1034 - val_accuracy: 0.9646
[2024-06-22 11:37:06,044][utils.model][INFO] - Step 30/40 - val_loss: 0.1014 - val_accuracy: 0.9652
[2024-06-22 11:37:06,065][utils.model][INFO] - Step 31/40 - val_loss: 0.1001 - val_accuracy: 0.9656
[2024-06-22 11:37:06,087][utils.model][INFO] - Step 32/40 - val_loss: 0.0987 - val_accuracy: 0.9661
[2024-06-22 11:37:06,109][utils.model][INFO] - Step 33/40 - val_loss: 0.0967 - val_accuracy: 0.9669
[2024-06-22 11:37:06,130][utils.model][INFO] - Step 34/40 - val_loss: 0.0946 - val_accuracy: 0.9675
[2024-06-22 11:37:06,150][utils.model][INFO] - Step 35/40 - val_loss: 0.0920 - val_accuracy: 0.9684
[2024-06-22 11:37:06,170][utils.model][INFO] - Step 36/40 - val_loss: 0.0913 - val_accuracy: 0.9686
[2024-06-22 11:37:06,190][utils.model][INFO] - Step 37/40 - val_loss: 0.0891 - val_accuracy: 0.9695
[2024-06-22 11:37:06,211][utils.model][INFO] - Step 38/40 - val_loss: 0.0885 - val_accuracy: 0.9696
[2024-06-22 11:37:06,232][utils.model][INFO] - Step 39/40 - val_loss: 0.0922 - val_accuracy: 0.9684
[2024-06-22 11:37:06,242][utils.model][INFO] - Step 40/40 - val_loss: 0.0900 - val_accuracy: 0.9685
[2024-06-22 11:37:06,244][utils.model][INFO] - Evaluation Results - Val Loss: 0.0900, Val Accuracy: 0.9685 in 40 steps
[2024-06-22 11:37:06,246][flwr][INFO] - fit progress: (3, 0.090047896, {'accuracy': 0.9685}, 44.563491982989945)
[2024-06-22 11:37:06,246][flwr][DEBUG] - evaluate_round 3: strategy sampled 3 clients (out of 3)
[2024-06-22 11:37:06,792][flwr][DEBUG] - evaluate_round 3 received 3 results and 0 failures
[2024-06-22 11:37:06,795][root][INFO] - Epoch data saved to /home/psklavos/fl/geom_aio/csv_logs/exp_20240622_113612/clients/client_0/epoch.csv
[2024-06-22 11:37:07,075][root][INFO] - Batch data saved to /home/psklavos/fl/geom_aio/csv_logs/exp_20240622_113612/clients/client_0/batch.csv
[2024-06-22 11:37:07,077][root][INFO] - Server data saved to /home/psklavos/fl/geom_aio/csv_logs/exp_20240622_113612/server/server.csv
[2024-06-22 11:37:07,077][flwr][INFO] - FL finished in 45.395007685991004
[2024-06-22 11:37:07,078][flwr][INFO] - app_fit: losses_distributed [(1, 0.723505695660909), (2, 0.1876859962940216), (3, 0.11205858488877614)]
[2024-06-22 11:37:07,079][flwr][INFO] - app_fit: metrics_distributed_fit {'average_norm': [(1, 10.105055809020996), (2, 10.069035212198893), (3, 10.001267751057943)], 'round_time': [(1, 3.168077074747437), (2, 10.963615950346435), (3, 16.425910137861084)], 'average_downlink_time': [(1, 0.22509247566666665), (2, 0.45243906566666664), (3, 0.3729854203333334)], 'average_rtc_check_time': [(1, 0.19450783397769555), (2, 0.6798172356890669), (3, 1.0637847041653004)], 'average_uplink_time': [(1, 0.04868516233333333), (2, 0.05865284966666667), (3, 0.03691804233333334)], 'average_computation_time': [(1, 2.4364120960235596), (2, 8.584624528884888), (3, 13.717989285786947)], 'average_communication_time': [(1, 0.4682854719776955), (2, 1.1909091510224004), (3, 1.473688166831967)], 'average_fit_time': [(1, 2.848788340886434), (2, 9.840733369191488), (3, 15.622304598490397)], 'average_throughput': [(1, 57.752294226807514), (2, 38.89440674264392), (3, 74.04370641938628)], 'dropouts': [(1, 0), (2, 0), (3, 0)]}
[2024-06-22 11:37:07,079][flwr][INFO] - app_fit: metrics_distributed {'accuracy': [(1, 0.7870000004768372), (2, 0.9423333207766215), (3, 0.9664999842643738)]}
[2024-06-22 11:37:07,079][flwr][INFO] - app_fit: losses_centralized [(0, 2.315216), (1, 0.70919687), (2, 0.17417327), (3, 0.090047896)]
[2024-06-22 11:37:07,079][flwr][INFO] - app_fit: metrics_centralized {'accuracy': [(0, 0.0793), (1, 0.7837), (2, 0.9435), (3, 0.9685)]}
