[2024-06-19 17:17:40,876][root][INFO] - Initialized DataManager for experiment exp_20240619_171740
[2024-06-19 17:17:40,877][flwr][INFO] - Starting Flower server, config: ServerConfig(num_rounds=5, round_timeout=None)
[2024-06-19 17:17:40,881][flwr][INFO] - Flower ECE: gRPC server running (5 rounds), SSL is disabled
[2024-06-19 17:17:40,881][flwr][INFO] - Initializing global parameters
[2024-06-19 17:17:40,881][flwr][INFO] - Requesting initial parameters from one random client
[2024-06-19 17:17:49,113][flwr][INFO] - Received initial parameters from one random client
[2024-06-19 17:17:49,113][flwr][INFO] - Evaluating initial parameters
[2024-06-19 17:17:49,274][utils.model][INFO] - LeNet model built
[2024-06-19 17:17:49,555][utils.model][INFO] - Size of serialized model: 279.0341796875 kbytes
[2024-06-19 17:17:49,620][utils.model][INFO] - Step 1/40 - val_loss: 2.3108 - val_accuracy: 0.1328
[2024-06-19 17:17:49,643][utils.model][INFO] - Step 2/40 - val_loss: 2.3156 - val_accuracy: 0.1270
[2024-06-19 17:17:49,667][utils.model][INFO] - Step 3/40 - val_loss: 2.3216 - val_accuracy: 0.1133
[2024-06-19 17:17:49,698][utils.model][INFO] - Step 4/40 - val_loss: 2.3208 - val_accuracy: 0.1211
[2024-06-19 17:17:49,724][utils.model][INFO] - Step 5/40 - val_loss: 2.3208 - val_accuracy: 0.1172
[2024-06-19 17:17:49,748][utils.model][INFO] - Step 6/40 - val_loss: 2.3212 - val_accuracy: 0.1133
[2024-06-19 17:17:49,773][utils.model][INFO] - Step 7/40 - val_loss: 2.3224 - val_accuracy: 0.1116
[2024-06-19 17:17:49,802][utils.model][INFO] - Step 8/40 - val_loss: 2.3224 - val_accuracy: 0.1123
[2024-06-19 17:17:49,825][utils.model][INFO] - Step 9/40 - val_loss: 2.3225 - val_accuracy: 0.1094
[2024-06-19 17:17:49,849][utils.model][INFO] - Step 10/40 - val_loss: 2.3230 - val_accuracy: 0.1090
[2024-06-19 17:17:49,875][utils.model][INFO] - Step 11/40 - val_loss: 2.3237 - val_accuracy: 0.1076
[2024-06-19 17:17:49,899][utils.model][INFO] - Step 12/40 - val_loss: 2.3241 - val_accuracy: 0.1074
[2024-06-19 17:17:49,925][utils.model][INFO] - Step 13/40 - val_loss: 2.3249 - val_accuracy: 0.1076
[2024-06-19 17:17:49,953][utils.model][INFO] - Step 14/40 - val_loss: 2.3253 - val_accuracy: 0.1063
[2024-06-19 17:17:49,979][utils.model][INFO] - Step 15/40 - val_loss: 2.3250 - val_accuracy: 0.1076
[2024-06-19 17:17:49,999][utils.model][INFO] - Step 16/40 - val_loss: 2.3240 - val_accuracy: 0.1089
[2024-06-19 17:17:50,021][utils.model][INFO] - Step 17/40 - val_loss: 2.3229 - val_accuracy: 0.1096
[2024-06-19 17:17:50,042][utils.model][INFO] - Step 18/40 - val_loss: 2.3233 - val_accuracy: 0.1079
[2024-06-19 17:17:50,062][utils.model][INFO] - Step 19/40 - val_loss: 2.3234 - val_accuracy: 0.1075
[2024-06-19 17:17:50,085][utils.model][INFO] - Step 20/40 - val_loss: 2.3229 - val_accuracy: 0.1080
[2024-06-19 17:17:50,109][utils.model][INFO] - Step 21/40 - val_loss: 2.3230 - val_accuracy: 0.1066
[2024-06-19 17:17:50,130][utils.model][INFO] - Step 22/40 - val_loss: 2.3234 - val_accuracy: 0.1069
[2024-06-19 17:17:50,158][utils.model][INFO] - Step 23/40 - val_loss: 2.3236 - val_accuracy: 0.1067
[2024-06-19 17:17:50,188][utils.model][INFO] - Step 24/40 - val_loss: 2.3241 - val_accuracy: 0.1073
[2024-06-19 17:17:50,212][utils.model][INFO] - Step 25/40 - val_loss: 2.3245 - val_accuracy: 0.1064
[2024-06-19 17:17:50,235][utils.model][INFO] - Step 26/40 - val_loss: 2.3246 - val_accuracy: 0.1058
[2024-06-19 17:17:50,260][utils.model][INFO] - Step 27/40 - val_loss: 2.3250 - val_accuracy: 0.1059
[2024-06-19 17:17:50,284][utils.model][INFO] - Step 28/40 - val_loss: 2.3256 - val_accuracy: 0.1045
[2024-06-19 17:17:50,306][utils.model][INFO] - Step 29/40 - val_loss: 2.3259 - val_accuracy: 0.1040
[2024-06-19 17:17:50,327][utils.model][INFO] - Step 30/40 - val_loss: 2.3258 - val_accuracy: 0.1031
[2024-06-19 17:17:50,350][utils.model][INFO] - Step 31/40 - val_loss: 2.3257 - val_accuracy: 0.1037
[2024-06-19 17:17:50,369][utils.model][INFO] - Step 32/40 - val_loss: 2.3259 - val_accuracy: 0.1038
[2024-06-19 17:17:50,391][utils.model][INFO] - Step 33/40 - val_loss: 2.3259 - val_accuracy: 0.1037
[2024-06-19 17:17:50,416][utils.model][INFO] - Step 34/40 - val_loss: 2.3259 - val_accuracy: 0.1040
[2024-06-19 17:17:50,438][utils.model][INFO] - Step 35/40 - val_loss: 2.3263 - val_accuracy: 0.1031
[2024-06-19 17:17:50,460][utils.model][INFO] - Step 36/40 - val_loss: 2.3263 - val_accuracy: 0.1032
[2024-06-19 17:17:50,480][utils.model][INFO] - Step 37/40 - val_loss: 2.3265 - val_accuracy: 0.1037
[2024-06-19 17:17:50,503][utils.model][INFO] - Step 38/40 - val_loss: 2.3264 - val_accuracy: 0.1038
[2024-06-19 17:17:50,525][utils.model][INFO] - Step 39/40 - val_loss: 2.3262 - val_accuracy: 0.1033
[2024-06-19 17:17:50,534][utils.model][INFO] - Step 40/40 - val_loss: 2.3262 - val_accuracy: 0.1033
[2024-06-19 17:17:50,535][utils.model][INFO] - Evaluation Results - Val Loss: 2.3262, Val Accuracy: 0.1033 in 40 steps
[2024-06-19 17:17:50,538][root][INFO] - Added server data: {'round': 0, 'experiment_id': 'exp_20240619_171740', 'centralized_loss': None, 'centralized_acc': None, 'distributed_loss': None, 'distributed_acc': None, 'average_norm': None, 'round_time': None, 'average_downlink_time': None, 'average_rtc_check_time': None, 'average_uplink_time': None, 'average_computation_time': None, 'average_communication_time': None, 'average_fit_time': None, 'average_throughput': None}
[2024-06-19 17:17:50,539][root][INFO] - Appended data to last row of column centralized_loss in server data
[2024-06-19 17:17:50,539][root][INFO] - Appended data to last row of column centralized_acc in server data
[2024-06-19 17:17:50,539][root][INFO] - Appended {'centralized_loss': 2.3261504, 'centralized_acc': 0.1033} to the last row of server data
[2024-06-19 17:17:50,539][flwr][INFO] - initial parameters (loss, other metrics): 2.3261504, {'accuracy': 0.1033}
[2024-06-19 17:17:50,539][flwr][INFO] - FL starting
[2024-06-19 17:17:55,090][flwr][DEBUG] - fit_round 1: strategy sampled 3 clients (out of 3)
[2024-06-19 17:17:56,900][flwr][DEBUG] - fit_round 1 received 3 results and 0 failures
[2024-06-19 17:17:56,905][root][INFO] - Added server data: {'round': 1, 'average_norm': 5.188059329986572, 'round_time': 3.1406334770819093, 'average_downlink_time': 0.6706665773333333, 'average_rtc_check_time': 0.10945649399703446, 'average_uplink_time': 0.6063125326666666, 'average_computation_time': 1.475805123647054, 'average_communication_time': 1.3864356039970345, 'average_fit_time': 1.7687622706095378, 'average_throughput': 3.695221445904219, 'dropouts': 0, 'experiment_id': 'exp_20240619_171740'}
[2024-06-19 17:17:56,961][utils.model][INFO] - LeNet model built
[2024-06-19 17:17:57,083][utils.model][INFO] - Size of serialized model: 279.0341796875 kbytes
[2024-06-19 17:17:57,123][utils.model][INFO] - Step 1/40 - val_loss: 1.2203 - val_accuracy: 0.6094
[2024-06-19 17:17:57,143][utils.model][INFO] - Step 2/40 - val_loss: 1.2588 - val_accuracy: 0.5938
[2024-06-19 17:17:57,166][utils.model][INFO] - Step 3/40 - val_loss: 1.2723 - val_accuracy: 0.6029
[2024-06-19 17:17:57,193][utils.model][INFO] - Step 4/40 - val_loss: 1.2548 - val_accuracy: 0.6113
[2024-06-19 17:17:57,214][utils.model][INFO] - Step 5/40 - val_loss: 1.2746 - val_accuracy: 0.5961
[2024-06-19 17:17:57,239][utils.model][INFO] - Step 6/40 - val_loss: 1.2822 - val_accuracy: 0.5866
[2024-06-19 17:17:57,262][utils.model][INFO] - Step 7/40 - val_loss: 1.2848 - val_accuracy: 0.5887
[2024-06-19 17:17:57,288][utils.model][INFO] - Step 8/40 - val_loss: 1.2832 - val_accuracy: 0.5918
[2024-06-19 17:17:57,312][utils.model][INFO] - Step 9/40 - val_loss: 1.2925 - val_accuracy: 0.5890
[2024-06-19 17:17:57,332][utils.model][INFO] - Step 10/40 - val_loss: 1.2867 - val_accuracy: 0.5914
[2024-06-19 17:17:57,358][utils.model][INFO] - Step 11/40 - val_loss: 1.2870 - val_accuracy: 0.5927
[2024-06-19 17:17:57,385][utils.model][INFO] - Step 12/40 - val_loss: 1.2819 - val_accuracy: 0.5957
[2024-06-19 17:17:57,414][utils.model][INFO] - Step 13/40 - val_loss: 1.2796 - val_accuracy: 0.5968
[2024-06-19 17:17:57,442][utils.model][INFO] - Step 14/40 - val_loss: 1.2812 - val_accuracy: 0.5951
[2024-06-19 17:17:57,472][utils.model][INFO] - Step 15/40 - val_loss: 1.2837 - val_accuracy: 0.5935
[2024-06-19 17:17:57,503][utils.model][INFO] - Step 16/40 - val_loss: 1.2816 - val_accuracy: 0.5942
[2024-06-19 17:17:57,526][utils.model][INFO] - Step 17/40 - val_loss: 1.2860 - val_accuracy: 0.5901
[2024-06-19 17:17:57,557][utils.model][INFO] - Step 18/40 - val_loss: 1.2898 - val_accuracy: 0.5890
[2024-06-19 17:17:57,581][utils.model][INFO] - Step 19/40 - val_loss: 1.2882 - val_accuracy: 0.5900
[2024-06-19 17:17:57,610][utils.model][INFO] - Step 20/40 - val_loss: 1.2830 - val_accuracy: 0.5936
[2024-06-19 17:17:57,634][utils.model][INFO] - Step 21/40 - val_loss: 1.2712 - val_accuracy: 0.6012
[2024-06-19 17:17:57,658][utils.model][INFO] - Step 22/40 - val_loss: 1.2616 - val_accuracy: 0.6049
[2024-06-19 17:17:57,679][utils.model][INFO] - Step 23/40 - val_loss: 1.2550 - val_accuracy: 0.6078
[2024-06-19 17:17:57,703][utils.model][INFO] - Step 24/40 - val_loss: 1.2534 - val_accuracy: 0.6081
[2024-06-19 17:17:57,725][utils.model][INFO] - Step 25/40 - val_loss: 1.2440 - val_accuracy: 0.6133
[2024-06-19 17:17:57,748][utils.model][INFO] - Step 26/40 - val_loss: 1.2416 - val_accuracy: 0.6148
[2024-06-19 17:17:57,772][utils.model][INFO] - Step 27/40 - val_loss: 1.2384 - val_accuracy: 0.6163
[2024-06-19 17:17:57,797][utils.model][INFO] - Step 28/40 - val_loss: 1.2336 - val_accuracy: 0.6198
[2024-06-19 17:17:57,821][utils.model][INFO] - Step 29/40 - val_loss: 1.2295 - val_accuracy: 0.6245
[2024-06-19 17:17:57,840][utils.model][INFO] - Step 30/40 - val_loss: 1.2304 - val_accuracy: 0.6254
[2024-06-19 17:17:57,864][utils.model][INFO] - Step 31/40 - val_loss: 1.2253 - val_accuracy: 0.6278
[2024-06-19 17:17:57,890][utils.model][INFO] - Step 32/40 - val_loss: 1.2189 - val_accuracy: 0.6310
[2024-06-19 17:17:57,912][utils.model][INFO] - Step 33/40 - val_loss: 1.2148 - val_accuracy: 0.6342
[2024-06-19 17:17:57,935][utils.model][INFO] - Step 34/40 - val_loss: 1.2082 - val_accuracy: 0.6376
[2024-06-19 17:17:57,960][utils.model][INFO] - Step 35/40 - val_loss: 1.2003 - val_accuracy: 0.6414
[2024-06-19 17:17:57,983][utils.model][INFO] - Step 36/40 - val_loss: 1.2001 - val_accuracy: 0.6420
[2024-06-19 17:17:58,000][utils.model][INFO] - Step 37/40 - val_loss: 1.1964 - val_accuracy: 0.6437
[2024-06-19 17:17:58,023][utils.model][INFO] - Step 38/40 - val_loss: 1.1957 - val_accuracy: 0.6451
[2024-06-19 17:17:58,046][utils.model][INFO] - Step 39/40 - val_loss: 1.1991 - val_accuracy: 0.6450
[2024-06-19 17:17:58,057][utils.model][INFO] - Step 40/40 - val_loss: 1.1977 - val_accuracy: 0.6450
[2024-06-19 17:17:58,058][utils.model][INFO] - Evaluation Results - Val Loss: 1.1977, Val Accuracy: 0.6450 in 40 steps
[2024-06-19 17:17:58,060][root][INFO] - Appended data to last row of column centralized_loss in server data
[2024-06-19 17:17:58,060][root][INFO] - Appended data to last row of column centralized_acc in server data
[2024-06-19 17:17:58,060][root][INFO] - Appended {'centralized_loss': 1.1976897, 'centralized_acc': 0.645} to the last row of server data
[2024-06-19 17:17:58,060][flwr][INFO] - fit progress: (1, 1.1976897, {'accuracy': 0.645}, 7.520959170993592)
[2024-06-19 17:17:58,061][flwr][DEBUG] - evaluate_round 1: strategy sampled 3 clients (out of 3)
[2024-06-19 17:17:58,605][flwr][DEBUG] - evaluate_round 1 received 3 results and 0 failures
[2024-06-19 17:17:58,606][root][INFO] - Added epoch data: {'round': 1, 'epoch_steps': 28, 'total_steps': 28, 'l2_norm': 5.321207046508789, 'total_computation_time': 1.475296974182129, 'total_rtc_check_time': 0.10593155701644719, 'total_duration': 1.7676818370819092, 'val_loss': 1.213192105293274, 'val_accuracy': 0.6485000252723694, 'experiment_id': 'exp_20240619_171740'}
[2024-06-19 17:17:58,608][root][INFO] - Epoch data saved to /home/psklavos/fl/geom_aio/csv_logs/exp_20240619_171740/clients/client_0/epoch.csv
[2024-06-19 17:17:58,622][root][INFO] - Added training data List. New Data Added: 28
[2024-06-19 17:17:58,623][root][INFO] - Training data saved to /home/psklavos/fl/geom_aio/csv_logs/exp_20240619_171740/clients/client_0/training.csv
[2024-06-19 17:17:58,624][root][INFO] - Appended data to last row of column distributed_loss in server data
[2024-06-19 17:17:58,624][root][INFO] - Appended data to last row of column distributed_acc in server data
[2024-06-19 17:17:58,624][root][INFO] - Appended {'distributed_loss': 1.2228015263875325, 'distributed_acc': 0.6460000077883402} to the last row of server data
[2024-06-19 17:17:58,625][root][INFO] - Server data saved to /home/psklavos/fl/geom_aio/csv_logs/exp_20240619_171740/server/server.csv
[2024-06-19 17:18:03,546][flwr][DEBUG] - fit_round 2: strategy sampled 3 clients (out of 3)
[2024-06-19 17:18:07,895][flwr][DEBUG] - fit_round 2 received 3 results and 0 failures
[2024-06-19 17:18:07,900][root][INFO] - Added server data: {'round': 2, 'average_norm': 5.025886217753093, 'round_time': 5.800218219558472, 'average_downlink_time': 0.7907028973333334, 'average_rtc_check_time': 0.2935228396842528, 'average_uplink_time': 0.5791610963333333, 'average_computation_time': 3.7490127881368003, 'average_communication_time': 1.6633868333509196, 'average_fit_time': 4.328429222106934, 'average_throughput': 3.8746694150314904, 'dropouts': 0, 'experiment_id': 'exp_20240619_171740'}
[2024-06-19 17:18:07,964][utils.model][INFO] - LeNet model built
[2024-06-19 17:18:08,075][utils.model][INFO] - Size of serialized model: 279.0341796875 kbytes
[2024-06-19 17:18:08,112][utils.model][INFO] - Step 1/40 - val_loss: 0.3488 - val_accuracy: 0.8906
[2024-06-19 17:18:08,132][utils.model][INFO] - Step 2/40 - val_loss: 0.3937 - val_accuracy: 0.8828
[2024-06-19 17:18:08,156][utils.model][INFO] - Step 3/40 - val_loss: 0.4249 - val_accuracy: 0.8633
[2024-06-19 17:18:08,180][utils.model][INFO] - Step 4/40 - val_loss: 0.4052 - val_accuracy: 0.8701
[2024-06-19 17:18:08,200][utils.model][INFO] - Step 5/40 - val_loss: 0.4343 - val_accuracy: 0.8555
[2024-06-19 17:18:08,223][utils.model][INFO] - Step 6/40 - val_loss: 0.4364 - val_accuracy: 0.8535
[2024-06-19 17:18:08,243][utils.model][INFO] - Step 7/40 - val_loss: 0.4405 - val_accuracy: 0.8566
[2024-06-19 17:18:08,266][utils.model][INFO] - Step 8/40 - val_loss: 0.4362 - val_accuracy: 0.8579
[2024-06-19 17:18:08,290][utils.model][INFO] - Step 9/40 - val_loss: 0.4437 - val_accuracy: 0.8585
[2024-06-19 17:18:08,313][utils.model][INFO] - Step 10/40 - val_loss: 0.4347 - val_accuracy: 0.8633
[2024-06-19 17:18:08,335][utils.model][INFO] - Step 11/40 - val_loss: 0.4312 - val_accuracy: 0.8629
[2024-06-19 17:18:08,357][utils.model][INFO] - Step 12/40 - val_loss: 0.4252 - val_accuracy: 0.8646
[2024-06-19 17:18:08,377][utils.model][INFO] - Step 13/40 - val_loss: 0.4236 - val_accuracy: 0.8660
[2024-06-19 17:18:08,398][utils.model][INFO] - Step 14/40 - val_loss: 0.4256 - val_accuracy: 0.8658
[2024-06-19 17:18:08,419][utils.model][INFO] - Step 15/40 - val_loss: 0.4285 - val_accuracy: 0.8651
[2024-06-19 17:18:08,444][utils.model][INFO] - Step 16/40 - val_loss: 0.4295 - val_accuracy: 0.8652
[2024-06-19 17:18:08,469][utils.model][INFO] - Step 17/40 - val_loss: 0.4316 - val_accuracy: 0.8640
[2024-06-19 17:18:08,492][utils.model][INFO] - Step 18/40 - val_loss: 0.4302 - val_accuracy: 0.8648
[2024-06-19 17:18:08,512][utils.model][INFO] - Step 19/40 - val_loss: 0.4284 - val_accuracy: 0.8645
[2024-06-19 17:18:08,536][utils.model][INFO] - Step 20/40 - val_loss: 0.4253 - val_accuracy: 0.8650
[2024-06-19 17:18:08,558][utils.model][INFO] - Step 21/40 - val_loss: 0.4143 - val_accuracy: 0.8683
[2024-06-19 17:18:08,577][utils.model][INFO] - Step 22/40 - val_loss: 0.4035 - val_accuracy: 0.8722
[2024-06-19 17:18:08,602][utils.model][INFO] - Step 23/40 - val_loss: 0.3999 - val_accuracy: 0.8730
[2024-06-19 17:18:08,628][utils.model][INFO] - Step 24/40 - val_loss: 0.3988 - val_accuracy: 0.8742
[2024-06-19 17:18:08,652][utils.model][INFO] - Step 25/40 - val_loss: 0.3914 - val_accuracy: 0.8769
[2024-06-19 17:18:08,679][utils.model][INFO] - Step 26/40 - val_loss: 0.3915 - val_accuracy: 0.8768
[2024-06-19 17:18:08,701][utils.model][INFO] - Step 27/40 - val_loss: 0.3893 - val_accuracy: 0.8780
[2024-06-19 17:18:08,726][utils.model][INFO] - Step 28/40 - val_loss: 0.3807 - val_accuracy: 0.8814
[2024-06-19 17:18:08,750][utils.model][INFO] - Step 29/40 - val_loss: 0.3739 - val_accuracy: 0.8842
[2024-06-19 17:18:08,774][utils.model][INFO] - Step 30/40 - val_loss: 0.3712 - val_accuracy: 0.8854
[2024-06-19 17:18:08,798][utils.model][INFO] - Step 31/40 - val_loss: 0.3690 - val_accuracy: 0.8860
[2024-06-19 17:18:08,824][utils.model][INFO] - Step 32/40 - val_loss: 0.3630 - val_accuracy: 0.8881
[2024-06-19 17:18:08,849][utils.model][INFO] - Step 33/40 - val_loss: 0.3598 - val_accuracy: 0.8893
[2024-06-19 17:18:08,874][utils.model][INFO] - Step 34/40 - val_loss: 0.3536 - val_accuracy: 0.8915
[2024-06-19 17:18:08,892][utils.model][INFO] - Step 35/40 - val_loss: 0.3457 - val_accuracy: 0.8946
[2024-06-19 17:18:08,916][utils.model][INFO] - Step 36/40 - val_loss: 0.3464 - val_accuracy: 0.8949
[2024-06-19 17:18:08,937][utils.model][INFO] - Step 37/40 - val_loss: 0.3417 - val_accuracy: 0.8966
[2024-06-19 17:18:08,961][utils.model][INFO] - Step 38/40 - val_loss: 0.3412 - val_accuracy: 0.8967
[2024-06-19 17:18:08,985][utils.model][INFO] - Step 39/40 - val_loss: 0.3465 - val_accuracy: 0.8953
[2024-06-19 17:18:08,995][utils.model][INFO] - Step 40/40 - val_loss: 0.3432 - val_accuracy: 0.8954
[2024-06-19 17:18:08,997][utils.model][INFO] - Evaluation Results - Val Loss: 0.3432, Val Accuracy: 0.8954 in 40 steps
[2024-06-19 17:18:08,999][root][INFO] - Appended data to last row of column centralized_loss in server data
[2024-06-19 17:18:08,999][root][INFO] - Appended data to last row of column centralized_acc in server data
[2024-06-19 17:18:08,999][root][INFO] - Appended {'centralized_loss': 0.34317854, 'centralized_acc': 0.8954} to the last row of server data
[2024-06-19 17:18:08,999][flwr][INFO] - fit progress: (2, 0.34317854, {'accuracy': 0.8954}, 18.459879661997547)
[2024-06-19 17:18:08,999][flwr][DEBUG] - evaluate_round 2: strategy sampled 3 clients (out of 3)
[2024-06-19 17:18:09,554][flwr][DEBUG] - evaluate_round 2 received 3 results and 0 failures
[2024-06-19 17:18:09,555][root][INFO] - Added epoch data: {'round': 2, 'epoch_steps': 83, 'total_steps': 111, 'l2_norm': 5.030678749084473, 'total_computation_time': 3.7481870651245117, 'total_rtc_check_time': 0.2938207379920641, 'total_duration': 4.328121900558472, 'val_loss': 0.35145261883735657, 'val_accuracy': 0.8949999809265137, 'experiment_id': 'exp_20240619_171740'}
[2024-06-19 17:18:09,556][root][INFO] - Epoch data saved to /home/psklavos/fl/geom_aio/csv_logs/exp_20240619_171740/clients/client_0/epoch.csv
[2024-06-19 17:18:09,595][root][INFO] - Added training data List. New Data Added: 83
[2024-06-19 17:18:09,597][root][INFO] - Training data saved to /home/psklavos/fl/geom_aio/csv_logs/exp_20240619_171740/clients/client_0/training.csv
[2024-06-19 17:18:09,598][root][INFO] - Appended data to last row of column distributed_loss in server data
[2024-06-19 17:18:09,598][root][INFO] - Appended data to last row of column distributed_acc in server data
[2024-06-19 17:18:09,598][root][INFO] - Appended {'distributed_loss': 0.36451928814252216, 'distributed_acc': 0.8889999985694885} to the last row of server data
[2024-06-19 17:18:09,599][root][INFO] - Server data saved to /home/psklavos/fl/geom_aio/csv_logs/exp_20240619_171740/server/server.csv
[2024-06-19 17:18:14,035][flwr][DEBUG] - fit_round 3: strategy sampled 3 clients (out of 3)
[2024-06-19 17:18:21,615][flwr][DEBUG] - fit_round 3 received 3 results and 0 failures
[2024-06-19 17:18:21,621][root][INFO] - Added server data: {'round': 3, 'average_norm': 5.037162780761719, 'round_time': 8.795670851287964, 'average_downlink_time': 0.670729644, 'average_rtc_check_time': 0.5201948130100694, 'average_uplink_time': 0.41337220033333333, 'average_computation_time': 6.606615622838338, 'average_communication_time': 1.6042966573434025, 'average_fit_time': 7.561386028925578, 'average_throughput': 5.679389578634837, 'dropouts': 0, 'experiment_id': 'exp_20240619_171740'}
[2024-06-19 17:18:21,684][utils.model][INFO] - LeNet model built
[2024-06-19 17:18:21,812][utils.model][INFO] - Size of serialized model: 279.0341796875 kbytes
[2024-06-19 17:18:21,847][utils.model][INFO] - Step 1/40 - val_loss: 0.1555 - val_accuracy: 0.9688
[2024-06-19 17:18:21,871][utils.model][INFO] - Step 2/40 - val_loss: 0.2185 - val_accuracy: 0.9355
[2024-06-19 17:18:21,895][utils.model][INFO] - Step 3/40 - val_loss: 0.2303 - val_accuracy: 0.9336
[2024-06-19 17:18:21,921][utils.model][INFO] - Step 4/40 - val_loss: 0.2184 - val_accuracy: 0.9326
[2024-06-19 17:18:21,942][utils.model][INFO] - Step 5/40 - val_loss: 0.2390 - val_accuracy: 0.9266
[2024-06-19 17:18:21,971][utils.model][INFO] - Step 6/40 - val_loss: 0.2392 - val_accuracy: 0.9284
[2024-06-19 17:18:21,993][utils.model][INFO] - Step 7/40 - val_loss: 0.2451 - val_accuracy: 0.9302
[2024-06-19 17:18:22,015][utils.model][INFO] - Step 8/40 - val_loss: 0.2415 - val_accuracy: 0.9282
[2024-06-19 17:18:22,040][utils.model][INFO] - Step 9/40 - val_loss: 0.2475 - val_accuracy: 0.9280
[2024-06-19 17:18:22,063][utils.model][INFO] - Step 10/40 - val_loss: 0.2421 - val_accuracy: 0.9281
[2024-06-19 17:18:22,088][utils.model][INFO] - Step 11/40 - val_loss: 0.2393 - val_accuracy: 0.9272
[2024-06-19 17:18:22,119][utils.model][INFO] - Step 12/40 - val_loss: 0.2355 - val_accuracy: 0.9281
[2024-06-19 17:18:22,151][utils.model][INFO] - Step 13/40 - val_loss: 0.2324 - val_accuracy: 0.9291
[2024-06-19 17:18:22,179][utils.model][INFO] - Step 14/40 - val_loss: 0.2347 - val_accuracy: 0.9272
[2024-06-19 17:18:22,208][utils.model][INFO] - Step 15/40 - val_loss: 0.2384 - val_accuracy: 0.9268
[2024-06-19 17:18:22,238][utils.model][INFO] - Step 16/40 - val_loss: 0.2413 - val_accuracy: 0.9260
[2024-06-19 17:18:22,265][utils.model][INFO] - Step 17/40 - val_loss: 0.2443 - val_accuracy: 0.9249
[2024-06-19 17:18:22,297][utils.model][INFO] - Step 18/40 - val_loss: 0.2418 - val_accuracy: 0.9256
[2024-06-19 17:18:22,324][utils.model][INFO] - Step 19/40 - val_loss: 0.2393 - val_accuracy: 0.9272
[2024-06-19 17:18:22,343][utils.model][INFO] - Step 20/40 - val_loss: 0.2361 - val_accuracy: 0.9275
[2024-06-19 17:18:22,366][utils.model][INFO] - Step 21/40 - val_loss: 0.2291 - val_accuracy: 0.9293
[2024-06-19 17:18:22,388][utils.model][INFO] - Step 22/40 - val_loss: 0.2214 - val_accuracy: 0.9316
[2024-06-19 17:18:22,410][utils.model][INFO] - Step 23/40 - val_loss: 0.2173 - val_accuracy: 0.9331
[2024-06-19 17:18:22,435][utils.model][INFO] - Step 24/40 - val_loss: 0.2204 - val_accuracy: 0.9318
[2024-06-19 17:18:22,462][utils.model][INFO] - Step 25/40 - val_loss: 0.2156 - val_accuracy: 0.9333
[2024-06-19 17:18:22,486][utils.model][INFO] - Step 26/40 - val_loss: 0.2152 - val_accuracy: 0.9342
[2024-06-19 17:18:22,507][utils.model][INFO] - Step 27/40 - val_loss: 0.2127 - val_accuracy: 0.9355
[2024-06-19 17:18:22,533][utils.model][INFO] - Step 28/40 - val_loss: 0.2073 - val_accuracy: 0.9372
[2024-06-19 17:18:22,555][utils.model][INFO] - Step 29/40 - val_loss: 0.2025 - val_accuracy: 0.9391
[2024-06-19 17:18:22,584][utils.model][INFO] - Step 30/40 - val_loss: 0.2001 - val_accuracy: 0.9398
[2024-06-19 17:18:22,622][utils.model][INFO] - Step 31/40 - val_loss: 0.1983 - val_accuracy: 0.9399
[2024-06-19 17:18:22,658][utils.model][INFO] - Step 32/40 - val_loss: 0.1955 - val_accuracy: 0.9407
[2024-06-19 17:18:22,696][utils.model][INFO] - Step 33/40 - val_loss: 0.1925 - val_accuracy: 0.9418
[2024-06-19 17:18:22,730][utils.model][INFO] - Step 34/40 - val_loss: 0.1893 - val_accuracy: 0.9427
[2024-06-19 17:18:22,760][utils.model][INFO] - Step 35/40 - val_loss: 0.1843 - val_accuracy: 0.9443
[2024-06-19 17:18:22,798][utils.model][INFO] - Step 36/40 - val_loss: 0.1849 - val_accuracy: 0.9444
[2024-06-19 17:18:22,834][utils.model][INFO] - Step 37/40 - val_loss: 0.1813 - val_accuracy: 0.9455
[2024-06-19 17:18:22,869][utils.model][INFO] - Step 38/40 - val_loss: 0.1817 - val_accuracy: 0.9453
[2024-06-19 17:18:22,900][utils.model][INFO] - Step 39/40 - val_loss: 0.1867 - val_accuracy: 0.9434
[2024-06-19 17:18:22,919][utils.model][INFO] - Step 40/40 - val_loss: 0.1834 - val_accuracy: 0.9435
[2024-06-19 17:18:22,925][utils.model][INFO] - Evaluation Results - Val Loss: 0.1834, Val Accuracy: 0.9435 in 40 steps
[2024-06-19 17:18:22,927][root][INFO] - Appended data to last row of column centralized_loss in server data
[2024-06-19 17:18:22,928][root][INFO] - Appended data to last row of column centralized_acc in server data
[2024-06-19 17:18:22,928][root][INFO] - Appended {'centralized_loss': 0.18336631, 'centralized_acc': 0.9435} to the last row of server data
[2024-06-19 17:18:22,928][flwr][INFO] - fit progress: (3, 0.18336631, {'accuracy': 0.9435}, 32.388574179996795)
[2024-06-19 17:18:22,928][flwr][DEBUG] - evaluate_round 3: strategy sampled 3 clients (out of 3)
[2024-06-19 17:18:23,562][flwr][DEBUG] - evaluate_round 3 received 3 results and 0 failures
[2024-06-19 17:18:23,563][root][INFO] - Added epoch data: {'round': 3, 'epoch_steps': 146, 'total_steps': 257, 'l2_norm': 5.1174750328063965, 'total_computation_time': 6.585353374481201, 'total_rtc_check_time': 0.5394428079816862, 'total_duration': 7.561548948287964, 'val_loss': 0.19807834923267365, 'val_accuracy': 0.9390000104904175, 'experiment_id': 'exp_20240619_171740'}
[2024-06-19 17:18:23,564][root][INFO] - Epoch data saved to /home/psklavos/fl/geom_aio/csv_logs/exp_20240619_171740/clients/client_0/epoch.csv
[2024-06-19 17:18:23,636][root][INFO] - Added training data List. New Data Added: 146
[2024-06-19 17:18:23,639][root][INFO] - Training data saved to /home/psklavos/fl/geom_aio/csv_logs/exp_20240619_171740/clients/client_0/training.csv
[2024-06-19 17:18:23,640][root][INFO] - Appended data to last row of column distributed_loss in server data
[2024-06-19 17:18:23,640][root][INFO] - Appended data to last row of column distributed_acc in server data
[2024-06-19 17:18:23,640][root][INFO] - Appended {'distributed_loss': 0.20543497304121652, 'distributed_acc': 0.9386666615804037} to the last row of server data
[2024-06-19 17:18:23,641][root][INFO] - Server data saved to /home/psklavos/fl/geom_aio/csv_logs/exp_20240619_171740/server/server.csv
[2024-06-19 17:18:28,189][flwr][DEBUG] - fit_round 4: strategy sampled 3 clients (out of 3)
[2024-06-19 17:18:38,289][flwr][DEBUG] - fit_round 4 received 3 results and 0 failures
[2024-06-19 17:18:38,294][root][INFO] - Added server data: {'round': 4, 'average_norm': 5.032952626546224, 'round_time': 12.103897808999267, 'average_downlink_time': 0.6630192413333332, 'average_rtc_check_time': 0.7195289023099273, 'average_uplink_time': 0.9784004816666667, 'average_computation_time': 8.795243978500366, 'average_communication_time': 2.3609486253099274, 'average_fit_time': 10.080394268035889, 'average_throughput': 2.463731882328537, 'dropouts': 0, 'experiment_id': 'exp_20240619_171740'}
[2024-06-19 17:18:38,354][utils.model][INFO] - LeNet model built
[2024-06-19 17:18:38,495][utils.model][INFO] - Size of serialized model: 279.0341796875 kbytes
[2024-06-19 17:18:38,543][utils.model][INFO] - Step 1/40 - val_loss: 0.0767 - val_accuracy: 0.9883
[2024-06-19 17:18:38,573][utils.model][INFO] - Step 2/40 - val_loss: 0.1150 - val_accuracy: 0.9668
[2024-06-19 17:18:38,599][utils.model][INFO] - Step 3/40 - val_loss: 0.1304 - val_accuracy: 0.9596
[2024-06-19 17:18:38,625][utils.model][INFO] - Step 4/40 - val_loss: 0.1363 - val_accuracy: 0.9590
[2024-06-19 17:18:38,649][utils.model][INFO] - Step 5/40 - val_loss: 0.1557 - val_accuracy: 0.9531
[2024-06-19 17:18:38,671][utils.model][INFO] - Step 6/40 - val_loss: 0.1606 - val_accuracy: 0.9525
[2024-06-19 17:18:38,695][utils.model][INFO] - Step 7/40 - val_loss: 0.1634 - val_accuracy: 0.9531
[2024-06-19 17:18:38,717][utils.model][INFO] - Step 8/40 - val_loss: 0.1635 - val_accuracy: 0.9521
[2024-06-19 17:18:38,743][utils.model][INFO] - Step 9/40 - val_loss: 0.1673 - val_accuracy: 0.9505
[2024-06-19 17:18:38,768][utils.model][INFO] - Step 10/40 - val_loss: 0.1624 - val_accuracy: 0.9523
[2024-06-19 17:18:38,793][utils.model][INFO] - Step 11/40 - val_loss: 0.1602 - val_accuracy: 0.9535
[2024-06-19 17:18:38,814][utils.model][INFO] - Step 12/40 - val_loss: 0.1586 - val_accuracy: 0.9538
[2024-06-19 17:18:38,838][utils.model][INFO] - Step 13/40 - val_loss: 0.1560 - val_accuracy: 0.9543
[2024-06-19 17:18:38,865][utils.model][INFO] - Step 14/40 - val_loss: 0.1589 - val_accuracy: 0.9531
[2024-06-19 17:18:38,892][utils.model][INFO] - Step 15/40 - val_loss: 0.1619 - val_accuracy: 0.9521
[2024-06-19 17:18:38,920][utils.model][INFO] - Step 16/40 - val_loss: 0.1649 - val_accuracy: 0.9504
[2024-06-19 17:18:38,945][utils.model][INFO] - Step 17/40 - val_loss: 0.1658 - val_accuracy: 0.9488
[2024-06-19 17:18:38,968][utils.model][INFO] - Step 18/40 - val_loss: 0.1647 - val_accuracy: 0.9497
[2024-06-19 17:18:38,993][utils.model][INFO] - Step 19/40 - val_loss: 0.1634 - val_accuracy: 0.9502
[2024-06-19 17:18:39,017][utils.model][INFO] - Step 20/40 - val_loss: 0.1596 - val_accuracy: 0.9512
[2024-06-19 17:18:39,041][utils.model][INFO] - Step 21/40 - val_loss: 0.1547 - val_accuracy: 0.9524
[2024-06-19 17:18:39,065][utils.model][INFO] - Step 22/40 - val_loss: 0.1496 - val_accuracy: 0.9538
[2024-06-19 17:18:39,089][utils.model][INFO] - Step 23/40 - val_loss: 0.1470 - val_accuracy: 0.9541
[2024-06-19 17:18:39,113][utils.model][INFO] - Step 24/40 - val_loss: 0.1478 - val_accuracy: 0.9531
[2024-06-19 17:18:39,142][utils.model][INFO] - Step 25/40 - val_loss: 0.1436 - val_accuracy: 0.9547
[2024-06-19 17:18:39,168][utils.model][INFO] - Step 26/40 - val_loss: 0.1448 - val_accuracy: 0.9543
[2024-06-19 17:18:39,188][utils.model][INFO] - Step 27/40 - val_loss: 0.1422 - val_accuracy: 0.9552
[2024-06-19 17:18:39,212][utils.model][INFO] - Step 28/40 - val_loss: 0.1381 - val_accuracy: 0.9565
[2024-06-19 17:18:39,236][utils.model][INFO] - Step 29/40 - val_loss: 0.1347 - val_accuracy: 0.9578
[2024-06-19 17:18:39,264][utils.model][INFO] - Step 30/40 - val_loss: 0.1331 - val_accuracy: 0.9586
[2024-06-19 17:18:39,289][utils.model][INFO] - Step 31/40 - val_loss: 0.1313 - val_accuracy: 0.9590
[2024-06-19 17:18:39,316][utils.model][INFO] - Step 32/40 - val_loss: 0.1287 - val_accuracy: 0.9597
[2024-06-19 17:18:39,347][utils.model][INFO] - Step 33/40 - val_loss: 0.1268 - val_accuracy: 0.9603
[2024-06-19 17:18:39,376][utils.model][INFO] - Step 34/40 - val_loss: 0.1243 - val_accuracy: 0.9612
[2024-06-19 17:18:39,399][utils.model][INFO] - Step 35/40 - val_loss: 0.1209 - val_accuracy: 0.9623
[2024-06-19 17:18:39,426][utils.model][INFO] - Step 36/40 - val_loss: 0.1231 - val_accuracy: 0.9620
[2024-06-19 17:18:39,451][utils.model][INFO] - Step 37/40 - val_loss: 0.1205 - val_accuracy: 0.9629
[2024-06-19 17:18:39,476][utils.model][INFO] - Step 38/40 - val_loss: 0.1198 - val_accuracy: 0.9632
[2024-06-19 17:18:39,501][utils.model][INFO] - Step 39/40 - val_loss: 0.1222 - val_accuracy: 0.9623
[2024-06-19 17:18:39,512][utils.model][INFO] - Step 40/40 - val_loss: 0.1194 - val_accuracy: 0.9624
[2024-06-19 17:18:39,514][utils.model][INFO] - Evaluation Results - Val Loss: 0.1194, Val Accuracy: 0.9624 in 40 steps
[2024-06-19 17:18:39,517][root][INFO] - Appended data to last row of column centralized_loss in server data
[2024-06-19 17:18:39,517][root][INFO] - Appended data to last row of column centralized_acc in server data
[2024-06-19 17:18:39,517][root][INFO] - Appended {'centralized_loss': 0.11941113, 'centralized_acc': 0.9624} to the last row of server data
[2024-06-19 17:18:39,517][flwr][INFO] - fit progress: (4, 0.11941113, {'accuracy': 0.9624}, 48.97787326099933)
[2024-06-19 17:18:39,517][flwr][DEBUG] - evaluate_round 4: strategy sampled 3 clients (out of 3)
[2024-06-19 17:18:40,068][flwr][DEBUG] - evaluate_round 4 received 3 results and 0 failures
[2024-06-19 17:18:40,069][root][INFO] - Added epoch data: {'round': 4, 'epoch_steps': 184, 'total_steps': 441, 'l2_norm': 5.068075180053711, 'total_computation_time': 8.722862005233765, 'total_rtc_check_time': 0.7933686660035164, 'total_duration': 10.07965087890625, 'val_loss': 0.12780924141407013, 'val_accuracy': 0.9660000205039978, 'experiment_id': 'exp_20240619_171740'}
[2024-06-19 17:18:40,070][root][INFO] - Epoch data saved to /home/psklavos/fl/geom_aio/csv_logs/exp_20240619_171740/clients/client_0/epoch.csv
[2024-06-19 17:18:40,196][root][INFO] - Added training data List. New Data Added: 184
[2024-06-19 17:18:40,201][root][INFO] - Training data saved to /home/psklavos/fl/geom_aio/csv_logs/exp_20240619_171740/clients/client_0/training.csv
[2024-06-19 17:18:40,202][root][INFO] - Appended data to last row of column distributed_loss in server data
[2024-06-19 17:18:40,202][root][INFO] - Appended data to last row of column distributed_acc in server data
[2024-06-19 17:18:40,202][root][INFO] - Appended {'distributed_loss': 0.13381012777487436, 'distributed_acc': 0.9618333379427592} to the last row of server data
[2024-06-19 17:18:40,203][root][INFO] - Server data saved to /home/psklavos/fl/geom_aio/csv_logs/exp_20240619_171740/server/server.csv
[2024-06-19 17:18:44,662][flwr][DEBUG] - fit_round 5: strategy sampled 3 clients (out of 3)
[2024-06-19 17:18:56,223][flwr][DEBUG] - fit_round 5 received 3 results and 0 failures
[2024-06-19 17:18:56,333][root][INFO] - Added server data: {'round': 5, 'average_norm': 5.014780362447103, 'round_time': 12.818646393774658, 'average_downlink_time': 0.6992536893333333, 'average_rtc_check_time': 0.765190988999772, 'average_uplink_time': 0.39175153599999996, 'average_computation_time': 10.111347913742065, 'average_communication_time': 1.8561962143331054, 'average_fit_time': 11.537836392720541, 'average_throughput': 6.170474571227094, 'dropouts': 0, 'experiment_id': 'exp_20240619_171740'}
[2024-06-19 17:18:56,394][utils.model][INFO] - LeNet model built
[2024-06-19 17:18:56,525][utils.model][INFO] - Size of serialized model: 279.0341796875 kbytes
[2024-06-19 17:18:56,573][utils.model][INFO] - Step 1/40 - val_loss: 0.0395 - val_accuracy: 0.9922
[2024-06-19 17:18:56,598][utils.model][INFO] - Step 2/40 - val_loss: 0.0691 - val_accuracy: 0.9805
[2024-06-19 17:18:56,625][utils.model][INFO] - Step 3/40 - val_loss: 0.0974 - val_accuracy: 0.9688
[2024-06-19 17:18:56,650][utils.model][INFO] - Step 4/40 - val_loss: 0.1018 - val_accuracy: 0.9658
[2024-06-19 17:18:56,675][utils.model][INFO] - Step 5/40 - val_loss: 0.1132 - val_accuracy: 0.9586
[2024-06-19 17:18:56,699][utils.model][INFO] - Step 6/40 - val_loss: 0.1175 - val_accuracy: 0.9583
[2024-06-19 17:18:56,725][utils.model][INFO] - Step 7/40 - val_loss: 0.1171 - val_accuracy: 0.9598
[2024-06-19 17:18:56,752][utils.model][INFO] - Step 8/40 - val_loss: 0.1177 - val_accuracy: 0.9600
[2024-06-19 17:18:56,776][utils.model][INFO] - Step 9/40 - val_loss: 0.1187 - val_accuracy: 0.9579
[2024-06-19 17:18:56,802][utils.model][INFO] - Step 10/40 - val_loss: 0.1147 - val_accuracy: 0.9594
[2024-06-19 17:18:56,830][utils.model][INFO] - Step 11/40 - val_loss: 0.1127 - val_accuracy: 0.9616
[2024-06-19 17:18:56,858][utils.model][INFO] - Step 12/40 - val_loss: 0.1122 - val_accuracy: 0.9616
[2024-06-19 17:18:56,887][utils.model][INFO] - Step 13/40 - val_loss: 0.1094 - val_accuracy: 0.9627
[2024-06-19 17:18:56,911][utils.model][INFO] - Step 14/40 - val_loss: 0.1119 - val_accuracy: 0.9618
[2024-06-19 17:18:56,942][utils.model][INFO] - Step 15/40 - val_loss: 0.1139 - val_accuracy: 0.9615
[2024-06-19 17:18:56,971][utils.model][INFO] - Step 16/40 - val_loss: 0.1131 - val_accuracy: 0.9614
[2024-06-19 17:18:56,999][utils.model][INFO] - Step 17/40 - val_loss: 0.1152 - val_accuracy: 0.9602
[2024-06-19 17:18:57,025][utils.model][INFO] - Step 18/40 - val_loss: 0.1138 - val_accuracy: 0.9603
[2024-06-19 17:18:57,054][utils.model][INFO] - Step 19/40 - val_loss: 0.1130 - val_accuracy: 0.9613
[2024-06-19 17:18:57,083][utils.model][INFO] - Step 20/40 - val_loss: 0.1108 - val_accuracy: 0.9621
[2024-06-19 17:18:57,106][utils.model][INFO] - Step 21/40 - val_loss: 0.1070 - val_accuracy: 0.9635
[2024-06-19 17:18:57,130][utils.model][INFO] - Step 22/40 - val_loss: 0.1036 - val_accuracy: 0.9648
[2024-06-19 17:18:57,152][utils.model][INFO] - Step 23/40 - val_loss: 0.1031 - val_accuracy: 0.9645
[2024-06-19 17:18:57,175][utils.model][INFO] - Step 24/40 - val_loss: 0.1051 - val_accuracy: 0.9635
[2024-06-19 17:18:57,198][utils.model][INFO] - Step 25/40 - val_loss: 0.1014 - val_accuracy: 0.9648
[2024-06-19 17:18:57,217][utils.model][INFO] - Step 26/40 - val_loss: 0.1022 - val_accuracy: 0.9648
[2024-06-19 17:18:57,241][utils.model][INFO] - Step 27/40 - val_loss: 0.0997 - val_accuracy: 0.9656
[2024-06-19 17:18:57,267][utils.model][INFO] - Step 28/40 - val_loss: 0.0969 - val_accuracy: 0.9665
[2024-06-19 17:18:57,291][utils.model][INFO] - Step 29/40 - val_loss: 0.0943 - val_accuracy: 0.9677
[2024-06-19 17:18:57,310][utils.model][INFO] - Step 30/40 - val_loss: 0.0928 - val_accuracy: 0.9684
[2024-06-19 17:18:57,332][utils.model][INFO] - Step 31/40 - val_loss: 0.0912 - val_accuracy: 0.9689
[2024-06-19 17:18:57,354][utils.model][INFO] - Step 32/40 - val_loss: 0.0892 - val_accuracy: 0.9697
[2024-06-19 17:18:57,375][utils.model][INFO] - Step 33/40 - val_loss: 0.0878 - val_accuracy: 0.9703
[2024-06-19 17:18:57,400][utils.model][INFO] - Step 34/40 - val_loss: 0.0858 - val_accuracy: 0.9709
[2024-06-19 17:18:57,430][utils.model][INFO] - Step 35/40 - val_loss: 0.0835 - val_accuracy: 0.9718
[2024-06-19 17:18:57,457][utils.model][INFO] - Step 36/40 - val_loss: 0.0840 - val_accuracy: 0.9719
[2024-06-19 17:18:57,477][utils.model][INFO] - Step 37/40 - val_loss: 0.0822 - val_accuracy: 0.9726
[2024-06-19 17:18:57,500][utils.model][INFO] - Step 38/40 - val_loss: 0.0816 - val_accuracy: 0.9729
[2024-06-19 17:18:57,523][utils.model][INFO] - Step 39/40 - val_loss: 0.0839 - val_accuracy: 0.9722
[2024-06-19 17:18:57,532][utils.model][INFO] - Step 40/40 - val_loss: 0.0819 - val_accuracy: 0.9722
[2024-06-19 17:18:57,534][utils.model][INFO] - Evaluation Results - Val Loss: 0.0819, Val Accuracy: 0.9722 in 40 steps
[2024-06-19 17:18:57,535][root][INFO] - Appended data to last row of column centralized_loss in server data
[2024-06-19 17:18:57,536][root][INFO] - Appended data to last row of column centralized_acc in server data
[2024-06-19 17:18:57,536][root][INFO] - Appended {'centralized_loss': 0.08191332, 'centralized_acc': 0.9722} to the last row of server data
[2024-06-19 17:18:57,536][flwr][INFO] - fit progress: (5, 0.08191332, {'accuracy': 0.9722}, 66.99647857599484)
[2024-06-19 17:18:57,536][flwr][DEBUG] - evaluate_round 5: strategy sampled 3 clients (out of 3)
[2024-06-19 17:18:58,141][flwr][DEBUG] - evaluate_round 5 received 3 results and 0 failures
[2024-06-19 17:18:58,143][root][INFO] - Added epoch data: {'round': 5, 'epoch_steps': 221, 'total_steps': 662, 'l2_norm': 5.100592136383057, 'total_computation_time': 10.117995023727417, 'total_rtc_check_time': 0.7569571460117004, 'total_duration': 11.538530111312866, 'val_loss': 0.0933552235364914, 'val_accuracy': 0.9729999899864197, 'experiment_id': 'exp_20240619_171740'}
[2024-06-19 17:18:58,144][root][INFO] - Epoch data saved to /home/psklavos/fl/geom_aio/csv_logs/exp_20240619_171740/clients/client_0/epoch.csv
[2024-06-19 17:18:58,261][root][INFO] - Added training data List. New Data Added: 221
[2024-06-19 17:18:58,267][root][INFO] - Training data saved to /home/psklavos/fl/geom_aio/csv_logs/exp_20240619_171740/clients/client_0/training.csv
[2024-06-19 17:18:58,267][root][INFO] - Appended data to last row of column distributed_loss in server data
[2024-06-19 17:18:58,267][root][INFO] - Appended data to last row of column distributed_acc in server data
[2024-06-19 17:18:58,267][root][INFO] - Appended {'distributed_loss': 0.09741340577602386, 'distributed_acc': 0.9701666633288065} to the last row of server data
[2024-06-19 17:18:58,268][root][INFO] - Server data saved to /home/psklavos/fl/geom_aio/csv_logs/exp_20240619_171740/server/server.csv
[2024-06-19 17:18:58,268][flwr][INFO] - FL finished in 67.72898080099549
[2024-06-19 17:18:58,268][flwr][INFO] - app_fit: losses_distributed [(1, 1.2228015263875325), (2, 0.36451928814252216), (3, 0.20543497304121652), (4, 0.13381012777487436), (5, 0.09741340577602386)]
[2024-06-19 17:18:58,269][flwr][INFO] - app_fit: metrics_distributed_fit {'average_norm': [(1, 5.188059329986572), (2, 5.025886217753093), (3, 5.037162780761719), (4, 5.032952626546224), (5, 5.014780362447103)], 'round_time': [(1, 3.1406334770819093), (2, 5.800218219558472), (3, 8.795670851287964), (4, 12.103897808999267), (5, 12.818646393774658)], 'average_downlink_time': [(1, 0.6706665773333333), (2, 0.7907028973333334), (3, 0.670729644), (4, 0.6630192413333332), (5, 0.6992536893333333)], 'average_rtc_check_time': [(1, 0.10945649399703446), (2, 0.2935228396842528), (3, 0.5201948130100694), (4, 0.7195289023099273), (5, 0.765190988999772)], 'average_uplink_time': [(1, 0.6063125326666666), (2, 0.5791610963333333), (3, 0.41337220033333333), (4, 0.9784004816666667), (5, 0.39175153599999996)], 'average_computation_time': [(1, 1.475805123647054), (2, 3.7490127881368003), (3, 6.606615622838338), (4, 8.795243978500366), (5, 10.111347913742065)], 'average_communication_time': [(1, 1.3864356039970345), (2, 1.6633868333509196), (3, 1.6042966573434025), (4, 2.3609486253099274), (5, 1.8561962143331054)], 'average_fit_time': [(1, 1.7687622706095378), (2, 4.328429222106934), (3, 7.561386028925578), (4, 10.080394268035889), (5, 11.537836392720541)], 'average_throughput': [(1, 3.695221445904219), (2, 3.8746694150314904), (3, 5.679389578634837), (4, 2.463731882328537), (5, 6.170474571227094)], 'dropouts': [(1, 0), (2, 0), (3, 0), (4, 0), (5, 0)]}
[2024-06-19 17:18:58,269][flwr][INFO] - app_fit: metrics_distributed {'accuracy': [(1, 0.6460000077883402), (2, 0.8889999985694885), (3, 0.9386666615804037), (4, 0.9618333379427592), (5, 0.9701666633288065)]}
[2024-06-19 17:18:58,269][flwr][INFO] - app_fit: losses_centralized [(0, 2.3261504), (1, 1.1976897), (2, 0.34317854), (3, 0.18336631), (4, 0.11941113), (5, 0.08191332)]
[2024-06-19 17:18:58,269][flwr][INFO] - app_fit: metrics_centralized {'accuracy': [(0, 0.1033), (1, 0.645), (2, 0.8954), (3, 0.9435), (4, 0.9624), (5, 0.9722)]}
