[2024-02-22 16:45:06,255][tensorflow][WARNING] - Skipping full serialization of Keras layer <client.model.CustomModel object at 0x7f6df9770df0>, because it is not built.
[2024-02-22 16:45:06,264][tensorflow][WARNING] - Skipping full serialization of Keras layer <keras.src.layers.convolutional.conv2d.Conv2D object at 0x7f6df961ab30>, because it is not built.
[2024-02-22 16:45:06,267][tensorflow][WARNING] - Skipping full serialization of Keras layer <keras.src.layers.pooling.max_pooling2d.MaxPooling2D object at 0x7f6df9618040>, because it is not built.
[2024-02-22 16:45:06,269][tensorflow][WARNING] - Skipping full serialization of Keras layer <keras.src.layers.reshaping.flatten.Flatten object at 0x7f6df9619660>, because it is not built.
[2024-02-22 16:45:06,271][tensorflow][WARNING] - Skipping full serialization of Keras layer <keras.src.layers.core.dense.Dense object at 0x7f6df9627d00>, because it is not built.
[2024-02-22 16:45:06,273][tensorflow][WARNING] - Skipping full serialization of Keras layer <keras.src.layers.core.dense.Dense object at 0x7f6df9625f90>, because it is not built.
[2024-02-22 16:45:06,401][tensorflow][INFO] - Assets written to: /tmp/tmp58q_zhnh/assets
[2024-02-22 16:45:06,424][flwr][INFO] - Opened insecure gRPC connection (no certificates were passed)
[2024-02-22 16:45:06,460][flwr][DEBUG] - ChannelConnectivity.IDLE
[2024-02-22 16:45:06,461][flwr][DEBUG] - ChannelConnectivity.READY
[2024-02-22 16:45:06,546][tensorflow][WARNING] - Skipping full serialization of Keras layer <client.model.CustomModel object at 0x7f0368b114b0>, because it is not built.
[2024-02-22 16:45:06,555][tensorflow][WARNING] - Skipping full serialization of Keras layer <keras.src.layers.convolutional.conv2d.Conv2D object at 0x7f03689bec80>, because it is not built.
[2024-02-22 16:45:06,557][tensorflow][WARNING] - Skipping full serialization of Keras layer <keras.src.layers.pooling.max_pooling2d.MaxPooling2D object at 0x7f03689bc0d0>, because it is not built.
[2024-02-22 16:45:06,559][tensorflow][WARNING] - Skipping full serialization of Keras layer <keras.src.layers.reshaping.flatten.Flatten object at 0x7f03689bd9c0>, because it is not built.
[2024-02-22 16:45:06,560][tensorflow][WARNING] - Skipping full serialization of Keras layer <keras.src.layers.core.dense.Dense object at 0x7f03689cbd90>, because it is not built.
[2024-02-22 16:45:06,562][tensorflow][WARNING] - Skipping full serialization of Keras layer <keras.src.layers.core.dense.Dense object at 0x7f03689c9690>, because it is not built.
[2024-02-22 16:45:06,673][tensorflow][INFO] - Assets written to: /tmp/tmpnea6lu62/assets
[2024-02-22 16:45:06,682][flwr][INFO] - Opened insecure gRPC connection (no certificates were passed)
[2024-02-22 16:45:06,683][flwr][DEBUG] - ChannelConnectivity.IDLE
[2024-02-22 16:45:06,685][flwr][DEBUG] - ChannelConnectivity.CONNECTING
[2024-02-22 16:45:06,686][flwr][DEBUG] - ChannelConnectivity.READY
[2024-02-22 16:45:38,027][flwr][DEBUG] - gRPC channel closed
[2024-02-22 16:47:15,730][flwr][DEBUG] - ChannelConnectivity.IDLE
[2024-02-22 16:47:15,934][flwr][DEBUG] - gRPC channel closed
