[2024-06-16 17:58:48,495][flwr][INFO] - Starting Flower server, config: ServerConfig(num_rounds=5, round_timeout=None)
[2024-06-16 17:58:48,497][flwr][INFO] - Flower ECE: gRPC server running (5 rounds), SSL is disabled
[2024-06-16 17:58:48,498][flwr][INFO] - Initializing global parameters
[2024-06-16 17:58:48,500][flwr][INFO] - Requesting initial parameters from one random client
[2024-06-16 17:58:52,202][flwr][INFO] - Received initial parameters from one random client
[2024-06-16 17:58:52,229][flwr][INFO] - Evaluating initial parameters
[2024-06-16 17:58:52,975][utils.model][INFO] - LeNet model built
[2024-06-16 17:58:56,449][utils.model][INFO] - Size of serialized model: 279.0341796875 kbytes
[2024-06-16 17:58:56,901][utils.model][INFO] - Step 1/40 - val_loss: 2.3058 - val_accuracy: 0.0586
[2024-06-16 17:58:56,915][utils.model][INFO] - Step 2/40 - val_loss: 2.3135 - val_accuracy: 0.0879
[2024-06-16 17:58:56,928][utils.model][INFO] - Step 3/40 - val_loss: 2.3090 - val_accuracy: 0.0911
[2024-06-16 17:58:56,941][utils.model][INFO] - Step 4/40 - val_loss: 2.3108 - val_accuracy: 0.0947
[2024-06-16 17:58:56,955][utils.model][INFO] - Step 5/40 - val_loss: 2.3095 - val_accuracy: 0.0961
[2024-06-16 17:58:56,968][utils.model][INFO] - Step 6/40 - val_loss: 2.3107 - val_accuracy: 0.0977
[2024-06-16 17:58:56,982][utils.model][INFO] - Step 7/40 - val_loss: 2.3094 - val_accuracy: 0.1016
[2024-06-16 17:58:56,995][utils.model][INFO] - Step 8/40 - val_loss: 2.3095 - val_accuracy: 0.1011
[2024-06-16 17:58:57,008][utils.model][INFO] - Step 9/40 - val_loss: 2.3098 - val_accuracy: 0.0994
[2024-06-16 17:58:57,021][utils.model][INFO] - Step 10/40 - val_loss: 2.3099 - val_accuracy: 0.0984
[2024-06-16 17:58:57,035][utils.model][INFO] - Step 11/40 - val_loss: 2.3091 - val_accuracy: 0.0987
[2024-06-16 17:58:57,048][utils.model][INFO] - Step 12/40 - val_loss: 2.3088 - val_accuracy: 0.0980
[2024-06-16 17:58:57,060][utils.model][INFO] - Step 13/40 - val_loss: 2.3084 - val_accuracy: 0.0989
[2024-06-16 17:58:57,073][utils.model][INFO] - Step 14/40 - val_loss: 2.3078 - val_accuracy: 0.0991
[2024-06-16 17:58:57,087][utils.model][INFO] - Step 15/40 - val_loss: 2.3082 - val_accuracy: 0.0974
[2024-06-16 17:58:57,103][utils.model][INFO] - Step 16/40 - val_loss: 2.3088 - val_accuracy: 0.0964
[2024-06-16 17:58:57,119][utils.model][INFO] - Step 17/40 - val_loss: 2.3106 - val_accuracy: 0.0956
[2024-06-16 17:58:57,138][utils.model][INFO] - Step 18/40 - val_loss: 2.3108 - val_accuracy: 0.0948
[2024-06-16 17:58:57,152][utils.model][INFO] - Step 19/40 - val_loss: 2.3108 - val_accuracy: 0.0946
[2024-06-16 17:58:57,167][utils.model][INFO] - Step 20/40 - val_loss: 2.3114 - val_accuracy: 0.0945
[2024-06-16 17:58:57,184][utils.model][INFO] - Step 21/40 - val_loss: 2.3104 - val_accuracy: 0.0954
[2024-06-16 17:58:57,199][utils.model][INFO] - Step 22/40 - val_loss: 2.3107 - val_accuracy: 0.0955
[2024-06-16 17:58:57,214][utils.model][INFO] - Step 23/40 - val_loss: 2.3106 - val_accuracy: 0.0966
[2024-06-16 17:58:57,228][utils.model][INFO] - Step 24/40 - val_loss: 2.3107 - val_accuracy: 0.0957
[2024-06-16 17:58:57,242][utils.model][INFO] - Step 25/40 - val_loss: 2.3102 - val_accuracy: 0.0967
[2024-06-16 17:58:57,255][utils.model][INFO] - Step 26/40 - val_loss: 2.3103 - val_accuracy: 0.0957
[2024-06-16 17:58:57,374][utils.model][INFO] - Step 27/40 - val_loss: 2.3100 - val_accuracy: 0.0958
[2024-06-16 17:58:57,391][utils.model][INFO] - Step 28/40 - val_loss: 2.3099 - val_accuracy: 0.0950
[2024-06-16 17:58:57,407][utils.model][INFO] - Step 29/40 - val_loss: 2.3098 - val_accuracy: 0.0946
[2024-06-16 17:58:57,425][utils.model][INFO] - Step 30/40 - val_loss: 2.3097 - val_accuracy: 0.0938
[2024-06-16 17:58:57,439][utils.model][INFO] - Step 31/40 - val_loss: 2.3102 - val_accuracy: 0.0927
[2024-06-16 17:58:57,453][utils.model][INFO] - Step 32/40 - val_loss: 2.3100 - val_accuracy: 0.0930
[2024-06-16 17:58:57,466][utils.model][INFO] - Step 33/40 - val_loss: 2.3097 - val_accuracy: 0.0927
[2024-06-16 17:58:57,480][utils.model][INFO] - Step 34/40 - val_loss: 2.3097 - val_accuracy: 0.0925
[2024-06-16 17:58:57,492][utils.model][INFO] - Step 35/40 - val_loss: 2.3094 - val_accuracy: 0.0932
[2024-06-16 17:58:57,505][utils.model][INFO] - Step 36/40 - val_loss: 2.3092 - val_accuracy: 0.0932
[2024-06-16 17:58:57,519][utils.model][INFO] - Step 37/40 - val_loss: 2.3091 - val_accuracy: 0.0929
[2024-06-16 17:58:57,532][utils.model][INFO] - Step 38/40 - val_loss: 2.3092 - val_accuracy: 0.0927
[2024-06-16 17:58:57,544][utils.model][INFO] - Step 39/40 - val_loss: 2.3090 - val_accuracy: 0.0918
[2024-06-16 17:58:57,690][utils.model][INFO] - Step 40/40 - val_loss: 2.3090 - val_accuracy: 0.0917
[2024-06-16 17:58:57,693][utils.model][INFO] - Evaluation Results - Val Loss: 2.3090, Val Accuracy: 0.0917 in 40 steps
[2024-06-16 17:58:57,698][flwr][INFO] - initial parameters (loss, other metrics): 2.3090205, {'accuracy': 0.0917}
[2024-06-16 17:58:57,698][flwr][INFO] - FL starting
[2024-06-16 17:59:02,734][flwr][DEBUG] - fit_round 1: strategy sampled 3 clients (out of 3)
[2024-06-16 17:59:04,266][flwr][DEBUG] - fit_round 1 received 3 results and 0 failures
[2024-06-16 17:59:04,348][utils.model][INFO] - LeNet model built
[2024-06-16 17:59:04,488][utils.model][INFO] - Size of serialized model: 279.0341796875 kbytes
[2024-06-16 17:59:04,530][utils.model][INFO] - Step 1/40 - val_loss: 1.1987 - val_accuracy: 0.6641
[2024-06-16 17:59:04,548][utils.model][INFO] - Step 2/40 - val_loss: 1.2086 - val_accuracy: 0.6523
[2024-06-16 17:59:04,565][utils.model][INFO] - Step 3/40 - val_loss: 1.2096 - val_accuracy: 0.6458
[2024-06-16 17:59:04,588][utils.model][INFO] - Step 4/40 - val_loss: 1.1828 - val_accuracy: 0.6582
[2024-06-16 17:59:04,604][utils.model][INFO] - Step 5/40 - val_loss: 1.2095 - val_accuracy: 0.6453
[2024-06-16 17:59:04,618][utils.model][INFO] - Step 6/40 - val_loss: 1.2204 - val_accuracy: 0.6380
[2024-06-16 17:59:04,632][utils.model][INFO] - Step 7/40 - val_loss: 1.2265 - val_accuracy: 0.6350
[2024-06-16 17:59:04,647][utils.model][INFO] - Step 8/40 - val_loss: 1.2278 - val_accuracy: 0.6343
[2024-06-16 17:59:04,661][utils.model][INFO] - Step 9/40 - val_loss: 1.2375 - val_accuracy: 0.6359
[2024-06-16 17:59:04,675][utils.model][INFO] - Step 10/40 - val_loss: 1.2344 - val_accuracy: 0.6371
[2024-06-16 17:59:04,689][utils.model][INFO] - Step 11/40 - val_loss: 1.2381 - val_accuracy: 0.6364
[2024-06-16 17:59:04,703][utils.model][INFO] - Step 12/40 - val_loss: 1.2367 - val_accuracy: 0.6364
[2024-06-16 17:59:04,715][utils.model][INFO] - Step 13/40 - val_loss: 1.2304 - val_accuracy: 0.6394
[2024-06-16 17:59:04,728][utils.model][INFO] - Step 14/40 - val_loss: 1.2340 - val_accuracy: 0.6376
[2024-06-16 17:59:04,741][utils.model][INFO] - Step 15/40 - val_loss: 1.2362 - val_accuracy: 0.6365
[2024-06-16 17:59:04,756][utils.model][INFO] - Step 16/40 - val_loss: 1.2419 - val_accuracy: 0.6345
[2024-06-16 17:59:04,770][utils.model][INFO] - Step 17/40 - val_loss: 1.2450 - val_accuracy: 0.6324
[2024-06-16 17:59:04,783][utils.model][INFO] - Step 18/40 - val_loss: 1.2467 - val_accuracy: 0.6339
[2024-06-16 17:59:04,796][utils.model][INFO] - Step 19/40 - val_loss: 1.2433 - val_accuracy: 0.6336
[2024-06-16 17:59:04,810][utils.model][INFO] - Step 20/40 - val_loss: 1.2391 - val_accuracy: 0.6348
[2024-06-16 17:59:04,823][utils.model][INFO] - Step 21/40 - val_loss: 1.2275 - val_accuracy: 0.6397
[2024-06-16 17:59:04,837][utils.model][INFO] - Step 22/40 - val_loss: 1.2170 - val_accuracy: 0.6424
[2024-06-16 17:59:04,850][utils.model][INFO] - Step 23/40 - val_loss: 1.2089 - val_accuracy: 0.6461
[2024-06-16 17:59:04,865][utils.model][INFO] - Step 24/40 - val_loss: 1.2038 - val_accuracy: 0.6502
[2024-06-16 17:59:04,878][utils.model][INFO] - Step 25/40 - val_loss: 1.1927 - val_accuracy: 0.6548
[2024-06-16 17:59:04,894][utils.model][INFO] - Step 26/40 - val_loss: 1.1910 - val_accuracy: 0.6552
[2024-06-16 17:59:04,908][utils.model][INFO] - Step 27/40 - val_loss: 1.1894 - val_accuracy: 0.6547
[2024-06-16 17:59:04,922][utils.model][INFO] - Step 28/40 - val_loss: 1.1841 - val_accuracy: 0.6564
[2024-06-16 17:59:04,935][utils.model][INFO] - Step 29/40 - val_loss: 1.1812 - val_accuracy: 0.6562
[2024-06-16 17:59:04,948][utils.model][INFO] - Step 30/40 - val_loss: 1.1828 - val_accuracy: 0.6553
[2024-06-16 17:59:04,962][utils.model][INFO] - Step 31/40 - val_loss: 1.1799 - val_accuracy: 0.6541
[2024-06-16 17:59:04,976][utils.model][INFO] - Step 32/40 - val_loss: 1.1743 - val_accuracy: 0.6555
[2024-06-16 17:59:04,992][utils.model][INFO] - Step 33/40 - val_loss: 1.1700 - val_accuracy: 0.6567
[2024-06-16 17:59:05,008][utils.model][INFO] - Step 34/40 - val_loss: 1.1632 - val_accuracy: 0.6594
[2024-06-16 17:59:05,025][utils.model][INFO] - Step 35/40 - val_loss: 1.1549 - val_accuracy: 0.6621
[2024-06-16 17:59:05,039][utils.model][INFO] - Step 36/40 - val_loss: 1.1530 - val_accuracy: 0.6627
[2024-06-16 17:59:05,052][utils.model][INFO] - Step 37/40 - val_loss: 1.1489 - val_accuracy: 0.6645
[2024-06-16 17:59:05,065][utils.model][INFO] - Step 38/40 - val_loss: 1.1494 - val_accuracy: 0.6649
[2024-06-16 17:59:05,079][utils.model][INFO] - Step 39/40 - val_loss: 1.1546 - val_accuracy: 0.6621
[2024-06-16 17:59:05,091][utils.model][INFO] - Step 40/40 - val_loss: 1.1513 - val_accuracy: 0.6621
[2024-06-16 17:59:05,093][utils.model][INFO] - Evaluation Results - Val Loss: 1.1513, Val Accuracy: 0.6621 in 40 steps
[2024-06-16 17:59:05,097][flwr][INFO] - fit progress: (1, 1.1512983, {'accuracy': 0.6621}, 7.397634123000898)
[2024-06-16 17:59:05,099][flwr][DEBUG] - evaluate_round 1: strategy sampled 3 clients (out of 3)
[2024-06-16 17:59:05,738][flwr][DEBUG] - evaluate_round 1 received 3 results and 0 failures
[2024-06-16 17:59:10,578][flwr][DEBUG] - fit_round 2: strategy sampled 3 clients (out of 3)
