[2024-06-21 19:53:38,217][utils.model][INFO] - LeNet model built
[2024-06-21 19:53:38,460][utils.model][INFO] - Size of serialized model: 279.0341796875 kbytes
[2024-06-21 19:53:38,467][utils.model][INFO] - LeNet model built
[2024-06-21 19:53:38,469][flwr][INFO] - Opened insecure gRPC connection (no certificates were passed)
[2024-06-21 19:53:38,470][flwr][DEBUG] - ChannelConnectivity.IDLE
[2024-06-21 19:53:38,472][flwr][DEBUG] - ChannelConnectivity.CONNECTING
[2024-06-21 19:53:38,473][flwr][DEBUG] - ChannelConnectivity.READY
[2024-06-21 19:53:38,676][utils.model][INFO] - Size of serialized model: 279.0341796875 kbytes
[2024-06-21 19:53:38,687][flwr][INFO] - Opened insecure gRPC connection (no certificates were passed)
[2024-06-21 19:53:38,689][flwr][DEBUG] - ChannelConnectivity.IDLE
[2024-06-21 19:53:38,692][flwr][DEBUG] - ChannelConnectivity.READY
[2024-06-21 19:53:43,684][utils.model][INFO] - ========================== Epoch Start ==========================
[2024-06-21 19:53:43,685][utils.model][INFO] - ========================== Epoch Start ==========================
[2024-06-21 19:53:44,023][utils.model][INFO] - (In epoch/Overall): (1/1)| inst_loss: 0.3373 - Mean loss: 2.3040 - acc: 0.1250 - norm: 0.21 - 2.30s
[2024-06-21 19:53:44,023][utils.model][INFO] - (In epoch/Overall): (1/1)| inst_loss: 0.3358 - Mean loss: 2.3165 - acc: 0.0312 - norm: 0.21 - 2.32s
[2024-06-21 19:53:44,516][utils.model][INFO] - (In epoch/Overall): (11/11)| inst_loss: 0.8311 - Mean loss: 2.1002 - acc: 0.2926 - norm: 2.37 - 1.81s
[2024-06-21 19:53:44,517][utils.model][INFO] - (In epoch/Overall): (11/11)| inst_loss: 0.8297 - Mean loss: 2.1086 - acc: 0.3438 - norm: 2.40 - 1.86s
[2024-06-21 19:53:45,125][utils.model][INFO] - (In epoch/Overall): (21/21)| inst_loss: 1.4376 - Mean loss: 1.8350 - acc: 0.4330 - norm: 4.92 - 1.41s
[2024-06-21 19:53:45,125][utils.model][INFO] - (In epoch/Overall): (21/21)| inst_loss: 1.4393 - Mean loss: 1.8425 - acc: 0.4092 - norm: 4.80 - 1.26s
[2024-06-21 19:53:45,734][utils.model][INFO] - (In epoch/Overall): (31/31)| inst_loss: 2.0469 - Mean loss: 1.5863 - acc: 0.5121 - norm: 6.91 - 0.87s
[2024-06-21 19:53:45,734][utils.model][INFO] - (In epoch/Overall): (31/31)| inst_loss: 2.0486 - Mean loss: 1.6295 - acc: 0.4758 - norm: 6.65 - 0.87s
[2024-06-21 19:53:46,223][utils.model][INFO] - (In epoch/Overall): (41/41)| inst_loss: 2.5364 - Mean loss: 1.4056 - acc: 0.5625 - norm: 8.37 - 0.94s
[2024-06-21 19:53:46,224][utils.model][INFO] - (In epoch/Overall): (41/41)| inst_loss: 2.5386 - Mean loss: 1.4540 - acc: 0.5351 - norm: 8.14 - 1.02s
[2024-06-21 19:53:46,789][utils.model][INFO] - (In epoch/Overall): (51/51)| inst_loss: 3.1017 - Mean loss: 1.2653 - acc: 0.6054 - norm: 9.59 - 0.63s
[2024-06-21 19:53:46,789][utils.model][INFO] - (In epoch/Overall): (51/51)| inst_loss: 3.1038 - Mean loss: 1.3145 - acc: 0.5852 - norm: 9.40 - 0.69s
[2024-06-21 19:53:46,945][utils.model][INFO] - Epoch Results:
[2024-06-21 19:53:46,945][utils.model][INFO] - Epoch Results:
[2024-06-21 19:53:46,948][utils.model][INFO] - (In epoch/Overall): (54/54)| inst_loss: 0.8252 - Mean loss: 1.2329 - acc: 0.6152 - norm: 9.93 - 3.26s
[2024-06-21 19:53:46,948][utils.model][INFO] - (In epoch/Overall): (54/54)| inst_loss: 0.5598 - Mean loss: 1.2779 - acc: 0.5966 - norm: 9.68 - 3.26s
[2024-06-21 19:53:48,541][utils.model][INFO] - Evaluation Results - Val Loss: 0.5898, Val Accuracy: 0.8220 in 32 steps
[2024-06-21 19:53:48,544][utils.model][INFO] - Evaluation Results - Val Loss: 0.5807, Val Accuracy: 0.8370 in 32 steps
[2024-06-21 19:53:52,232][utils.model][INFO] - ========================== Epoch Start ==========================
[2024-06-21 19:53:52,232][utils.model][INFO] - ========================== Epoch Start ==========================
[2024-06-21 19:53:52,352][utils.model][INFO] - (In epoch/Overall): (1/55)| inst_loss: 0.1181 - Mean loss: 0.8745 - acc: 0.7500 - norm: 0.07 - 0.87s
[2024-06-21 19:53:52,352][utils.model][INFO] - (In epoch/Overall): (1/55)| inst_loss: 0.1181 - Mean loss: 0.5888 - acc: 0.8750 - norm: 0.05 - 0.59s
[2024-06-21 19:53:52,924][utils.model][INFO] - (In epoch/Overall): (11/65)| inst_loss: 0.6902 - Mean loss: 0.6053 - acc: 0.8210 - norm: 0.29 - 0.53s
[2024-06-21 19:53:52,924][utils.model][INFO] - (In epoch/Overall): (11/65)| inst_loss: 0.6903 - Mean loss: 0.6445 - acc: 0.8210 - norm: 0.26 - 0.55s
