[2024-06-22 17:07:21,062][root][INFO] - Initialized DataManager for experiment exp_20240622_170721
[2024-06-22 17:07:21,077][root][INFO] - Info data saved to /home/psklavos/fl/geom_aio/csv_logs/exp_20240622_170721/info.csv
[2024-06-22 17:07:21,079][flwr][INFO] - Starting Flower server, config: ServerConfig(num_rounds=3, round_timeout=None)
[2024-06-22 17:07:21,082][flwr][INFO] - Flower ECE: gRPC server running (3 rounds), SSL is disabled
[2024-06-22 17:07:21,085][flwr][INFO] - Initializing global parameters
[2024-06-22 17:07:21,085][flwr][INFO] - Requesting initial parameters from one random client
[2024-06-22 17:07:26,319][flwr][INFO] - Received initial parameters from one random client
[2024-06-22 17:07:26,320][flwr][INFO] - Evaluating initial parameters
[2024-06-22 17:07:26,550][utils.model][INFO] - LeNet model built
[2024-06-22 17:07:27,048][utils.model][INFO] - Size of serialized model: 279.0341796875 kbytes
[2024-06-22 17:07:27,330][utils.model][INFO] - Step 1/40 - val_loss: 2.3111 - val_accuracy: 0.0859
[2024-06-22 17:07:27,356][utils.model][INFO] - Step 2/40 - val_loss: 2.3186 - val_accuracy: 0.0859
[2024-06-22 17:07:27,382][utils.model][INFO] - Step 3/40 - val_loss: 2.3218 - val_accuracy: 0.0859
[2024-06-22 17:07:27,410][utils.model][INFO] - Step 4/40 - val_loss: 2.3201 - val_accuracy: 0.0869
[2024-06-22 17:07:27,434][utils.model][INFO] - Step 5/40 - val_loss: 2.3203 - val_accuracy: 0.0852
[2024-06-22 17:07:27,459][utils.model][INFO] - Step 6/40 - val_loss: 2.3207 - val_accuracy: 0.0853
[2024-06-22 17:07:27,486][utils.model][INFO] - Step 7/40 - val_loss: 2.3235 - val_accuracy: 0.0843
[2024-06-22 17:07:27,512][utils.model][INFO] - Step 8/40 - val_loss: 2.3210 - val_accuracy: 0.0898
[2024-06-22 17:07:27,538][utils.model][INFO] - Step 9/40 - val_loss: 2.3216 - val_accuracy: 0.0894
[2024-06-22 17:07:27,564][utils.model][INFO] - Step 10/40 - val_loss: 2.3219 - val_accuracy: 0.0895
[2024-06-22 17:07:27,590][utils.model][INFO] - Step 11/40 - val_loss: 2.3212 - val_accuracy: 0.0916
[2024-06-22 17:07:27,619][utils.model][INFO] - Step 12/40 - val_loss: 2.3216 - val_accuracy: 0.0918
[2024-06-22 17:07:27,644][utils.model][INFO] - Step 13/40 - val_loss: 2.3214 - val_accuracy: 0.0925
[2024-06-22 17:07:27,666][utils.model][INFO] - Step 14/40 - val_loss: 2.3209 - val_accuracy: 0.0943
[2024-06-22 17:07:27,695][utils.model][INFO] - Step 15/40 - val_loss: 2.3212 - val_accuracy: 0.0943
[2024-06-22 17:07:27,719][utils.model][INFO] - Step 16/40 - val_loss: 2.3219 - val_accuracy: 0.0945
[2024-06-22 17:07:27,743][utils.model][INFO] - Step 17/40 - val_loss: 2.3227 - val_accuracy: 0.0924
[2024-06-22 17:07:27,766][utils.model][INFO] - Step 18/40 - val_loss: 2.3227 - val_accuracy: 0.0929
[2024-06-22 17:07:27,791][utils.model][INFO] - Step 19/40 - val_loss: 2.3232 - val_accuracy: 0.0927
[2024-06-22 17:07:27,814][utils.model][INFO] - Step 20/40 - val_loss: 2.3227 - val_accuracy: 0.0926
[2024-06-22 17:07:27,837][utils.model][INFO] - Step 21/40 - val_loss: 2.3229 - val_accuracy: 0.0926
[2024-06-22 17:07:27,864][utils.model][INFO] - Step 22/40 - val_loss: 2.3233 - val_accuracy: 0.0927
[2024-06-22 17:07:27,886][utils.model][INFO] - Step 23/40 - val_loss: 2.3233 - val_accuracy: 0.0932
[2024-06-22 17:07:27,908][utils.model][INFO] - Step 24/40 - val_loss: 2.3232 - val_accuracy: 0.0941
[2024-06-22 17:07:27,932][utils.model][INFO] - Step 25/40 - val_loss: 2.3234 - val_accuracy: 0.0941
[2024-06-22 17:07:27,955][utils.model][INFO] - Step 26/40 - val_loss: 2.3237 - val_accuracy: 0.0934
[2024-06-22 17:07:27,979][utils.model][INFO] - Step 27/40 - val_loss: 2.3238 - val_accuracy: 0.0938
[2024-06-22 17:07:28,003][utils.model][INFO] - Step 28/40 - val_loss: 2.3237 - val_accuracy: 0.0942
[2024-06-22 17:07:28,028][utils.model][INFO] - Step 29/40 - val_loss: 2.3237 - val_accuracy: 0.0943
[2024-06-22 17:07:28,054][utils.model][INFO] - Step 30/40 - val_loss: 2.3238 - val_accuracy: 0.0941
[2024-06-22 17:07:28,079][utils.model][INFO] - Step 31/40 - val_loss: 2.3240 - val_accuracy: 0.0946
[2024-06-22 17:07:28,105][utils.model][INFO] - Step 32/40 - val_loss: 2.3242 - val_accuracy: 0.0947
[2024-06-22 17:07:28,129][utils.model][INFO] - Step 33/40 - val_loss: 2.3243 - val_accuracy: 0.0948
[2024-06-22 17:07:28,155][utils.model][INFO] - Step 34/40 - val_loss: 2.3244 - val_accuracy: 0.0950
[2024-06-22 17:07:28,178][utils.model][INFO] - Step 35/40 - val_loss: 2.3243 - val_accuracy: 0.0950
[2024-06-22 17:07:28,200][utils.model][INFO] - Step 36/40 - val_loss: 2.3239 - val_accuracy: 0.0956
[2024-06-22 17:07:28,224][utils.model][INFO] - Step 37/40 - val_loss: 2.3242 - val_accuracy: 0.0958
[2024-06-22 17:07:28,246][utils.model][INFO] - Step 38/40 - val_loss: 2.3242 - val_accuracy: 0.0956
[2024-06-22 17:07:28,268][utils.model][INFO] - Step 39/40 - val_loss: 2.3238 - val_accuracy: 0.0958
[2024-06-22 17:07:28,281][utils.model][INFO] - Step 40/40 - val_loss: 2.3230 - val_accuracy: 0.0958
[2024-06-22 17:07:28,284][utils.model][INFO] - Evaluation Results - Val Loss: 2.3230, Val Accuracy: 0.0958 in 40 steps
[2024-06-22 17:07:28,291][flwr][INFO] - initial parameters (loss, other metrics): 2.3230083, {'accuracy': 0.0958}
[2024-06-22 17:07:28,292][flwr][INFO] - FL starting
[2024-06-22 17:07:34,611][flwr][DEBUG] - fit_round 1: strategy sampled 5 clients (out of 5)
[2024-06-22 17:07:37,211][flwr][DEBUG] - fit_round 1 received 5 results and 0 failures
[2024-06-22 17:07:37,314][utils.model][INFO] - LeNet model built
[2024-06-22 17:07:37,450][utils.model][INFO] - Size of serialized model: 279.0341796875 kbytes
[2024-06-22 17:07:37,498][utils.model][INFO] - Step 1/40 - val_loss: 1.1966 - val_accuracy: 0.6523
[2024-06-22 17:07:37,521][utils.model][INFO] - Step 2/40 - val_loss: 1.2212 - val_accuracy: 0.6484
[2024-06-22 17:07:37,544][utils.model][INFO] - Step 3/40 - val_loss: 1.2455 - val_accuracy: 0.6380
[2024-06-22 17:07:37,567][utils.model][INFO] - Step 4/40 - val_loss: 1.2346 - val_accuracy: 0.6465
[2024-06-22 17:07:37,589][utils.model][INFO] - Step 5/40 - val_loss: 1.2612 - val_accuracy: 0.6367
[2024-06-22 17:07:37,614][utils.model][INFO] - Step 6/40 - val_loss: 1.2662 - val_accuracy: 0.6341
[2024-06-22 17:07:37,638][utils.model][INFO] - Step 7/40 - val_loss: 1.2716 - val_accuracy: 0.6289
[2024-06-22 17:07:37,662][utils.model][INFO] - Step 8/40 - val_loss: 1.2644 - val_accuracy: 0.6362
[2024-06-22 17:07:37,684][utils.model][INFO] - Step 9/40 - val_loss: 1.2750 - val_accuracy: 0.6337
[2024-06-22 17:07:37,706][utils.model][INFO] - Step 10/40 - val_loss: 1.2700 - val_accuracy: 0.6344
[2024-06-22 17:07:37,728][utils.model][INFO] - Step 11/40 - val_loss: 1.2675 - val_accuracy: 0.6374
[2024-06-22 17:07:37,751][utils.model][INFO] - Step 12/40 - val_loss: 1.2649 - val_accuracy: 0.6396
[2024-06-22 17:07:37,775][utils.model][INFO] - Step 13/40 - val_loss: 1.2642 - val_accuracy: 0.6373
[2024-06-22 17:07:37,799][utils.model][INFO] - Step 14/40 - val_loss: 1.2677 - val_accuracy: 0.6350
[2024-06-22 17:07:37,823][utils.model][INFO] - Step 15/40 - val_loss: 1.2689 - val_accuracy: 0.6331
[2024-06-22 17:07:37,847][utils.model][INFO] - Step 16/40 - val_loss: 1.2637 - val_accuracy: 0.6365
[2024-06-22 17:07:37,871][utils.model][INFO] - Step 17/40 - val_loss: 1.2629 - val_accuracy: 0.6379
[2024-06-22 17:07:37,897][utils.model][INFO] - Step 18/40 - val_loss: 1.2649 - val_accuracy: 0.6365
[2024-06-22 17:07:37,923][utils.model][INFO] - Step 19/40 - val_loss: 1.2633 - val_accuracy: 0.6384
[2024-06-22 17:07:37,947][utils.model][INFO] - Step 20/40 - val_loss: 1.2607 - val_accuracy: 0.6387
[2024-06-22 17:07:37,973][utils.model][INFO] - Step 21/40 - val_loss: 1.2521 - val_accuracy: 0.6438
[2024-06-22 17:07:38,001][utils.model][INFO] - Step 22/40 - val_loss: 1.2444 - val_accuracy: 0.6488
[2024-06-22 17:07:38,028][utils.model][INFO] - Step 23/40 - val_loss: 1.2375 - val_accuracy: 0.6527
[2024-06-22 17:07:38,054][utils.model][INFO] - Step 24/40 - val_loss: 1.2341 - val_accuracy: 0.6545
[2024-06-22 17:07:38,081][utils.model][INFO] - Step 25/40 - val_loss: 1.2278 - val_accuracy: 0.6573
[2024-06-22 17:07:38,108][utils.model][INFO] - Step 26/40 - val_loss: 1.2270 - val_accuracy: 0.6587
[2024-06-22 17:07:38,136][utils.model][INFO] - Step 27/40 - val_loss: 1.2267 - val_accuracy: 0.6583
[2024-06-22 17:07:38,163][utils.model][INFO] - Step 28/40 - val_loss: 1.2247 - val_accuracy: 0.6609
[2024-06-22 17:07:38,187][utils.model][INFO] - Step 29/40 - val_loss: 1.2251 - val_accuracy: 0.6611
[2024-06-22 17:07:38,209][utils.model][INFO] - Step 30/40 - val_loss: 1.2267 - val_accuracy: 0.6626
[2024-06-22 17:07:38,233][utils.model][INFO] - Step 31/40 - val_loss: 1.2224 - val_accuracy: 0.6632
[2024-06-22 17:07:38,257][utils.model][INFO] - Step 32/40 - val_loss: 1.2190 - val_accuracy: 0.6654
[2024-06-22 17:07:38,284][utils.model][INFO] - Step 33/40 - val_loss: 1.2174 - val_accuracy: 0.6664
[2024-06-22 17:07:38,309][utils.model][INFO] - Step 34/40 - val_loss: 1.2119 - val_accuracy: 0.6683
[2024-06-22 17:07:38,334][utils.model][INFO] - Step 35/40 - val_loss: 1.2046 - val_accuracy: 0.6723
[2024-06-22 17:07:38,358][utils.model][INFO] - Step 36/40 - val_loss: 1.2049 - val_accuracy: 0.6726
[2024-06-22 17:07:38,379][utils.model][INFO] - Step 37/40 - val_loss: 1.2010 - val_accuracy: 0.6753
[2024-06-22 17:07:38,399][utils.model][INFO] - Step 38/40 - val_loss: 1.2027 - val_accuracy: 0.6750
[2024-06-22 17:07:38,420][utils.model][INFO] - Step 39/40 - val_loss: 1.2092 - val_accuracy: 0.6720
[2024-06-22 17:07:38,431][utils.model][INFO] - Step 40/40 - val_loss: 1.2063 - val_accuracy: 0.6719
[2024-06-22 17:07:38,434][utils.model][INFO] - Evaluation Results - Val Loss: 1.2063, Val Accuracy: 0.6719 in 40 steps
[2024-06-22 17:07:38,436][flwr][INFO] - fit progress: (1, 1.2063116, {'accuracy': 0.6719}, 10.144196327979444)
[2024-06-22 17:07:38,436][flwr][DEBUG] - evaluate_round 1: strategy sampled 5 clients (out of 5)
[2024-06-22 17:07:39,087][flwr][DEBUG] - evaluate_round 1 received 5 results and 0 failures
[2024-06-22 17:07:39,093][root][INFO] - Epoch data saved to /home/psklavos/fl/geom_aio/csv_logs/exp_20240622_170721/clients/client_0/epoch.csv
[2024-06-22 17:07:39,131][root][INFO] - Batch data saved to /home/psklavos/fl/geom_aio/csv_logs/exp_20240622_170721/clients/client_0/batch.csv
[2024-06-22 17:07:39,132][root][INFO] - Server data saved to /home/psklavos/fl/geom_aio/csv_logs/exp_20240622_170721/server/server.csv
[2024-06-22 17:07:45,685][flwr][DEBUG] - fit_round 2: strategy sampled 4 clients (out of 5)
[2024-06-22 17:07:50,996][flwr][DEBUG] - fit_round 2 received 4 results and 0 failures
[2024-06-22 17:07:51,065][utils.model][INFO] - LeNet model built
[2024-06-22 17:07:51,184][utils.model][INFO] - Size of serialized model: 279.0341796875 kbytes
[2024-06-22 17:07:51,234][utils.model][INFO] - Step 1/40 - val_loss: 0.3267 - val_accuracy: 0.9180
[2024-06-22 17:07:51,257][utils.model][INFO] - Step 2/40 - val_loss: 0.3982 - val_accuracy: 0.8887
[2024-06-22 17:07:51,279][utils.model][INFO] - Step 3/40 - val_loss: 0.4195 - val_accuracy: 0.8763
[2024-06-22 17:07:51,302][utils.model][INFO] - Step 4/40 - val_loss: 0.4159 - val_accuracy: 0.8711
[2024-06-22 17:07:51,327][utils.model][INFO] - Step 5/40 - val_loss: 0.4479 - val_accuracy: 0.8672
[2024-06-22 17:07:51,350][utils.model][INFO] - Step 6/40 - val_loss: 0.4542 - val_accuracy: 0.8652
[2024-06-22 17:07:51,373][utils.model][INFO] - Step 7/40 - val_loss: 0.4622 - val_accuracy: 0.8644
[2024-06-22 17:07:51,397][utils.model][INFO] - Step 8/40 - val_loss: 0.4558 - val_accuracy: 0.8682
[2024-06-22 17:07:51,420][utils.model][INFO] - Step 9/40 - val_loss: 0.4659 - val_accuracy: 0.8676
[2024-06-22 17:07:51,442][utils.model][INFO] - Step 10/40 - val_loss: 0.4578 - val_accuracy: 0.8699
[2024-06-22 17:07:51,464][utils.model][INFO] - Step 11/40 - val_loss: 0.4535 - val_accuracy: 0.8704
[2024-06-22 17:07:51,487][utils.model][INFO] - Step 12/40 - val_loss: 0.4482 - val_accuracy: 0.8701
[2024-06-22 17:07:51,510][utils.model][INFO] - Step 13/40 - val_loss: 0.4477 - val_accuracy: 0.8696
[2024-06-22 17:07:51,539][utils.model][INFO] - Step 14/40 - val_loss: 0.4463 - val_accuracy: 0.8680
[2024-06-22 17:07:51,566][utils.model][INFO] - Step 15/40 - val_loss: 0.4505 - val_accuracy: 0.8674
[2024-06-22 17:07:51,593][utils.model][INFO] - Step 16/40 - val_loss: 0.4509 - val_accuracy: 0.8684
[2024-06-22 17:07:51,621][utils.model][INFO] - Step 17/40 - val_loss: 0.4538 - val_accuracy: 0.8672
[2024-06-22 17:07:51,647][utils.model][INFO] - Step 18/40 - val_loss: 0.4532 - val_accuracy: 0.8668
[2024-06-22 17:07:51,676][utils.model][INFO] - Step 19/40 - val_loss: 0.4516 - val_accuracy: 0.8668
[2024-06-22 17:07:51,702][utils.model][INFO] - Step 20/40 - val_loss: 0.4505 - val_accuracy: 0.8676
[2024-06-22 17:07:51,728][utils.model][INFO] - Step 21/40 - val_loss: 0.4409 - val_accuracy: 0.8703
[2024-06-22 17:07:51,752][utils.model][INFO] - Step 22/40 - val_loss: 0.4299 - val_accuracy: 0.8743
[2024-06-22 17:07:51,774][utils.model][INFO] - Step 23/40 - val_loss: 0.4249 - val_accuracy: 0.8747
[2024-06-22 17:07:51,797][utils.model][INFO] - Step 24/40 - val_loss: 0.4247 - val_accuracy: 0.8737
[2024-06-22 17:07:51,822][utils.model][INFO] - Step 25/40 - val_loss: 0.4168 - val_accuracy: 0.8764
[2024-06-22 17:07:51,850][utils.model][INFO] - Step 26/40 - val_loss: 0.4155 - val_accuracy: 0.8779
[2024-06-22 17:07:51,874][utils.model][INFO] - Step 27/40 - val_loss: 0.4125 - val_accuracy: 0.8792
[2024-06-22 17:07:51,900][utils.model][INFO] - Step 28/40 - val_loss: 0.4046 - val_accuracy: 0.8816
[2024-06-22 17:07:51,926][utils.model][INFO] - Step 29/40 - val_loss: 0.3998 - val_accuracy: 0.8835
[2024-06-22 17:07:51,949][utils.model][INFO] - Step 30/40 - val_loss: 0.3977 - val_accuracy: 0.8840
[2024-06-22 17:07:51,974][utils.model][INFO] - Step 31/40 - val_loss: 0.3947 - val_accuracy: 0.8846
[2024-06-22 17:07:51,995][utils.model][INFO] - Step 32/40 - val_loss: 0.3893 - val_accuracy: 0.8864
[2024-06-22 17:07:52,021][utils.model][INFO] - Step 33/40 - val_loss: 0.3868 - val_accuracy: 0.8872
[2024-06-22 17:07:52,043][utils.model][INFO] - Step 34/40 - val_loss: 0.3811 - val_accuracy: 0.8889
[2024-06-22 17:07:52,067][utils.model][INFO] - Step 35/40 - val_loss: 0.3733 - val_accuracy: 0.8915
[2024-06-22 17:07:52,091][utils.model][INFO] - Step 36/40 - val_loss: 0.3743 - val_accuracy: 0.8915
[2024-06-22 17:07:52,113][utils.model][INFO] - Step 37/40 - val_loss: 0.3697 - val_accuracy: 0.8933
[2024-06-22 17:07:52,135][utils.model][INFO] - Step 38/40 - val_loss: 0.3700 - val_accuracy: 0.8928
[2024-06-22 17:07:52,157][utils.model][INFO] - Step 39/40 - val_loss: 0.3752 - val_accuracy: 0.8917
[2024-06-22 17:07:52,170][utils.model][INFO] - Step 40/40 - val_loss: 0.3716 - val_accuracy: 0.8918
[2024-06-22 17:07:52,172][utils.model][INFO] - Evaluation Results - Val Loss: 0.3716, Val Accuracy: 0.8918 in 40 steps
[2024-06-22 17:07:52,174][flwr][INFO] - fit progress: (2, 0.37159002, {'accuracy': 0.8918}, 23.882217923994176)
[2024-06-22 17:07:52,174][flwr][DEBUG] - evaluate_round 2: strategy sampled 5 clients (out of 5)
[2024-06-22 17:07:52,782][flwr][DEBUG] - evaluate_round 2 received 5 results and 0 failures
[2024-06-22 17:07:52,786][root][INFO] - Epoch data saved to /home/psklavos/fl/geom_aio/csv_logs/exp_20240622_170721/clients/client_0/epoch.csv
[2024-06-22 17:07:52,818][root][INFO] - Batch data saved to /home/psklavos/fl/geom_aio/csv_logs/exp_20240622_170721/clients/client_0/batch.csv
[2024-06-22 17:07:52,820][root][INFO] - Server data saved to /home/psklavos/fl/geom_aio/csv_logs/exp_20240622_170721/server/server.csv
[2024-06-22 17:07:59,816][flwr][DEBUG] - fit_round 3: strategy sampled 5 clients (out of 5)
[2024-06-22 17:08:11,380][flwr][DEBUG] - fit_round 3 received 5 results and 0 failures
[2024-06-22 17:08:11,468][utils.model][INFO] - LeNet model built
[2024-06-22 17:08:11,586][utils.model][INFO] - Size of serialized model: 279.0341796875 kbytes
[2024-06-22 17:08:11,632][utils.model][INFO] - Step 1/40 - val_loss: 0.1421 - val_accuracy: 0.9648
[2024-06-22 17:08:11,651][utils.model][INFO] - Step 2/40 - val_loss: 0.1960 - val_accuracy: 0.9375
[2024-06-22 17:08:11,674][utils.model][INFO] - Step 3/40 - val_loss: 0.2135 - val_accuracy: 0.9323
[2024-06-22 17:08:11,695][utils.model][INFO] - Step 4/40 - val_loss: 0.2146 - val_accuracy: 0.9316
[2024-06-22 17:08:11,716][utils.model][INFO] - Step 5/40 - val_loss: 0.2434 - val_accuracy: 0.9219
[2024-06-22 17:08:11,737][utils.model][INFO] - Step 6/40 - val_loss: 0.2478 - val_accuracy: 0.9245
[2024-06-22 17:08:11,757][utils.model][INFO] - Step 7/40 - val_loss: 0.2584 - val_accuracy: 0.9224
[2024-06-22 17:08:11,778][utils.model][INFO] - Step 8/40 - val_loss: 0.2581 - val_accuracy: 0.9233
[2024-06-22 17:08:11,801][utils.model][INFO] - Step 9/40 - val_loss: 0.2672 - val_accuracy: 0.9223
[2024-06-22 17:08:11,824][utils.model][INFO] - Step 10/40 - val_loss: 0.2611 - val_accuracy: 0.9246
[2024-06-22 17:08:11,846][utils.model][INFO] - Step 11/40 - val_loss: 0.2570 - val_accuracy: 0.9240
[2024-06-22 17:08:11,867][utils.model][INFO] - Step 12/40 - val_loss: 0.2552 - val_accuracy: 0.9235
[2024-06-22 17:08:11,888][utils.model][INFO] - Step 13/40 - val_loss: 0.2544 - val_accuracy: 0.9243
[2024-06-22 17:08:11,910][utils.model][INFO] - Step 14/40 - val_loss: 0.2517 - val_accuracy: 0.9244
[2024-06-22 17:08:11,931][utils.model][INFO] - Step 15/40 - val_loss: 0.2571 - val_accuracy: 0.9224
[2024-06-22 17:08:11,952][utils.model][INFO] - Step 16/40 - val_loss: 0.2607 - val_accuracy: 0.9216
[2024-06-22 17:08:11,972][utils.model][INFO] - Step 17/40 - val_loss: 0.2614 - val_accuracy: 0.9205
[2024-06-22 17:08:11,993][utils.model][INFO] - Step 18/40 - val_loss: 0.2609 - val_accuracy: 0.9206
[2024-06-22 17:08:12,015][utils.model][INFO] - Step 19/40 - val_loss: 0.2589 - val_accuracy: 0.9211
[2024-06-22 17:08:12,039][utils.model][INFO] - Step 20/40 - val_loss: 0.2566 - val_accuracy: 0.9217
[2024-06-22 17:08:12,062][utils.model][INFO] - Step 21/40 - val_loss: 0.2492 - val_accuracy: 0.9239
[2024-06-22 17:08:12,087][utils.model][INFO] - Step 22/40 - val_loss: 0.2411 - val_accuracy: 0.9263
[2024-06-22 17:08:12,112][utils.model][INFO] - Step 23/40 - val_loss: 0.2386 - val_accuracy: 0.9266
[2024-06-22 17:08:12,139][utils.model][INFO] - Step 24/40 - val_loss: 0.2401 - val_accuracy: 0.9263
[2024-06-22 17:08:12,163][utils.model][INFO] - Step 25/40 - val_loss: 0.2345 - val_accuracy: 0.9283
[2024-06-22 17:08:12,188][utils.model][INFO] - Step 26/40 - val_loss: 0.2340 - val_accuracy: 0.9291
[2024-06-22 17:08:12,214][utils.model][INFO] - Step 27/40 - val_loss: 0.2300 - val_accuracy: 0.9306
[2024-06-22 17:08:12,239][utils.model][INFO] - Step 28/40 - val_loss: 0.2242 - val_accuracy: 0.9325
[2024-06-22 17:08:12,266][utils.model][INFO] - Step 29/40 - val_loss: 0.2196 - val_accuracy: 0.9340
[2024-06-22 17:08:12,291][utils.model][INFO] - Step 30/40 - val_loss: 0.2171 - val_accuracy: 0.9348
[2024-06-22 17:08:12,317][utils.model][INFO] - Step 31/40 - val_loss: 0.2145 - val_accuracy: 0.9357
[2024-06-22 17:08:12,344][utils.model][INFO] - Step 32/40 - val_loss: 0.2103 - val_accuracy: 0.9368
[2024-06-22 17:08:12,370][utils.model][INFO] - Step 33/40 - val_loss: 0.2071 - val_accuracy: 0.9382
[2024-06-22 17:08:12,394][utils.model][INFO] - Step 34/40 - val_loss: 0.2025 - val_accuracy: 0.9397
[2024-06-22 17:08:12,416][utils.model][INFO] - Step 35/40 - val_loss: 0.1972 - val_accuracy: 0.9414
[2024-06-22 17:08:12,438][utils.model][INFO] - Step 36/40 - val_loss: 0.1981 - val_accuracy: 0.9419
[2024-06-22 17:08:12,460][utils.model][INFO] - Step 37/40 - val_loss: 0.1944 - val_accuracy: 0.9430
[2024-06-22 17:08:12,481][utils.model][INFO] - Step 38/40 - val_loss: 0.1944 - val_accuracy: 0.9427
[2024-06-22 17:08:12,504][utils.model][INFO] - Step 39/40 - val_loss: 0.1983 - val_accuracy: 0.9415
[2024-06-22 17:08:12,516][utils.model][INFO] - Step 40/40 - val_loss: 0.1947 - val_accuracy: 0.9416
[2024-06-22 17:08:12,518][utils.model][INFO] - Evaluation Results - Val Loss: 0.1947, Val Accuracy: 0.9416 in 40 steps
[2024-06-22 17:08:12,521][flwr][INFO] - fit progress: (3, 0.19467524, {'accuracy': 0.9416}, 44.22898116198485)
[2024-06-22 17:08:12,521][flwr][DEBUG] - evaluate_round 3: strategy sampled 5 clients (out of 5)
[2024-06-22 17:08:13,095][flwr][DEBUG] - evaluate_round 3 received 5 results and 0 failures
[2024-06-22 17:08:13,099][root][INFO] - Epoch data saved to /home/psklavos/fl/geom_aio/csv_logs/exp_20240622_170721/clients/client_0/epoch.csv
[2024-06-22 17:08:13,257][root][INFO] - Batch data saved to /home/psklavos/fl/geom_aio/csv_logs/exp_20240622_170721/clients/client_0/batch.csv
[2024-06-22 17:08:13,259][root][INFO] - Server data saved to /home/psklavos/fl/geom_aio/csv_logs/exp_20240622_170721/server/server.csv
[2024-06-22 17:08:13,259][flwr][INFO] - FL finished in 44.96710577397607
[2024-06-22 17:08:13,259][flwr][INFO] - app_fit: losses_distributed [(1, 1.2503968954086304), (2, 0.42258636355400087), (3, 0.23378959596157073)]
[2024-06-22 17:08:13,259][flwr][INFO] - app_fit: metrics_distributed_fit {'average_norm': [(1, 5.147967338562012), (2, 5.0242239236831665), (3, 5.022884368896484)], 'round_time': [(1, 6.3333166244078365), (2, 8.650261697960815), (3, 15.192433459402343)], 'average_downlink_time': [(1, 1.6670027101999998), (2, 1.23762597975), (3, 1.6915713098)], 'average_rtc_check_time': [(1, 0.2123996825888753), (2, 0.46852476054482395), (3, 1.0643613523978275)], 'average_uplink_time': [(1, 0.42791635480000006), (2, 0.5129879900000001), (3, 0.8427953883999999)], 'average_computation_time': [(1, 2.1392940044403077), (2, 4.4783201813697815), (3, 9.79560718536377)], 'average_communication_time': [(1, 2.3073187475888752), (2, 2.219138730294824), (3, 3.5987280505978276)], 'average_fit_time': [(1, 2.540937042236328), (2, 5.273620247840881), (3, 11.515766668319703)], 'average_throughput': [(1, 5.50721356474224), (2, 6.4027493936436635), (3, 4.752760155408071)], 'dropouts': [(1, 0), (2, 1), (3, 0)]}
[2024-06-22 17:08:13,259][flwr][INFO] - app_fit: metrics_distributed {'accuracy': [(1, 0.6444999933242798), (2, 0.8766666650772095), (3, 0.9320000052452088)]}
[2024-06-22 17:08:13,260][flwr][INFO] - app_fit: losses_centralized [(0, 2.3230083), (1, 1.2063116), (2, 0.37159002), (3, 0.19467524)]
[2024-06-22 17:08:13,260][flwr][INFO] - app_fit: metrics_centralized {'accuracy': [(0, 0.0958), (1, 0.6719), (2, 0.8918), (3, 0.9416)]}
