[2024-06-16 17:52:34,931][flwr][INFO] - Starting Flower server, config: ServerConfig(num_rounds=5, round_timeout=None)
[2024-06-16 17:52:34,935][flwr][INFO] - Flower ECE: gRPC server running (5 rounds), SSL is disabled
[2024-06-16 17:52:34,936][flwr][INFO] - Initializing global parameters
[2024-06-16 17:52:34,936][flwr][INFO] - Requesting initial parameters from one random client
[2024-06-16 17:52:43,365][flwr][INFO] - Received initial parameters from one random client
[2024-06-16 17:52:43,393][flwr][INFO] - Evaluating initial parameters
[2024-06-16 17:52:45,289][utils.model][INFO] - LeNet model built
[2024-06-16 17:52:48,283][utils.model][INFO] - Size of serialized model: 279.0341796875 kbytes
[2024-06-16 17:52:48,798][utils.model][INFO] - Step 1/40 - val_loss: 2.3004 - val_accuracy: 0.0977
[2024-06-16 17:52:48,814][utils.model][INFO] - Step 2/40 - val_loss: 2.2952 - val_accuracy: 0.1191
[2024-06-16 17:52:48,830][utils.model][INFO] - Step 3/40 - val_loss: 2.2962 - val_accuracy: 0.1263
[2024-06-16 17:52:48,846][utils.model][INFO] - Step 4/40 - val_loss: 2.2938 - val_accuracy: 0.1377
[2024-06-16 17:52:48,862][utils.model][INFO] - Step 5/40 - val_loss: 2.2938 - val_accuracy: 0.1383
[2024-06-16 17:52:48,881][utils.model][INFO] - Step 6/40 - val_loss: 2.2924 - val_accuracy: 0.1393
[2024-06-16 17:52:48,896][utils.model][INFO] - Step 7/40 - val_loss: 2.2926 - val_accuracy: 0.1384
[2024-06-16 17:52:48,909][utils.model][INFO] - Step 8/40 - val_loss: 2.2927 - val_accuracy: 0.1357
[2024-06-16 17:52:48,924][utils.model][INFO] - Step 9/40 - val_loss: 2.2929 - val_accuracy: 0.1363
[2024-06-16 17:52:48,937][utils.model][INFO] - Step 10/40 - val_loss: 2.2932 - val_accuracy: 0.1328
[2024-06-16 17:52:48,949][utils.model][INFO] - Step 11/40 - val_loss: 2.2930 - val_accuracy: 0.1339
[2024-06-16 17:52:48,963][utils.model][INFO] - Step 12/40 - val_loss: 2.2933 - val_accuracy: 0.1296
[2024-06-16 17:52:48,975][utils.model][INFO] - Step 13/40 - val_loss: 2.2935 - val_accuracy: 0.1259
[2024-06-16 17:52:48,988][utils.model][INFO] - Step 14/40 - val_loss: 2.2939 - val_accuracy: 0.1270
[2024-06-16 17:52:49,002][utils.model][INFO] - Step 15/40 - val_loss: 2.2939 - val_accuracy: 0.1258
[2024-06-16 17:52:49,017][utils.model][INFO] - Step 16/40 - val_loss: 2.2939 - val_accuracy: 0.1243
[2024-06-16 17:52:49,031][utils.model][INFO] - Step 17/40 - val_loss: 2.2935 - val_accuracy: 0.1243
[2024-06-16 17:52:49,045][utils.model][INFO] - Step 18/40 - val_loss: 2.2936 - val_accuracy: 0.1246
[2024-06-16 17:52:49,058][utils.model][INFO] - Step 19/40 - val_loss: 2.2936 - val_accuracy: 0.1231
[2024-06-16 17:52:49,072][utils.model][INFO] - Step 20/40 - val_loss: 2.2936 - val_accuracy: 0.1232
[2024-06-16 17:52:49,090][utils.model][INFO] - Step 21/40 - val_loss: 2.2934 - val_accuracy: 0.1259
[2024-06-16 17:52:49,105][utils.model][INFO] - Step 22/40 - val_loss: 2.2933 - val_accuracy: 0.1264
[2024-06-16 17:52:49,120][utils.model][INFO] - Step 23/40 - val_loss: 2.2931 - val_accuracy: 0.1270
[2024-06-16 17:52:49,134][utils.model][INFO] - Step 24/40 - val_loss: 2.2930 - val_accuracy: 0.1268
[2024-06-16 17:52:49,149][utils.model][INFO] - Step 25/40 - val_loss: 2.2929 - val_accuracy: 0.1269
[2024-06-16 17:52:49,167][utils.model][INFO] - Step 26/40 - val_loss: 2.2928 - val_accuracy: 0.1273
[2024-06-16 17:52:49,181][utils.model][INFO] - Step 27/40 - val_loss: 2.2929 - val_accuracy: 0.1279
[2024-06-16 17:52:49,195][utils.model][INFO] - Step 28/40 - val_loss: 2.2929 - val_accuracy: 0.1288
[2024-06-16 17:52:49,207][utils.model][INFO] - Step 29/40 - val_loss: 2.2929 - val_accuracy: 0.1289
[2024-06-16 17:52:49,223][utils.model][INFO] - Step 30/40 - val_loss: 2.2927 - val_accuracy: 0.1301
[2024-06-16 17:52:49,237][utils.model][INFO] - Step 31/40 - val_loss: 2.2926 - val_accuracy: 0.1299
[2024-06-16 17:52:49,251][utils.model][INFO] - Step 32/40 - val_loss: 2.2926 - val_accuracy: 0.1296
[2024-06-16 17:52:49,264][utils.model][INFO] - Step 33/40 - val_loss: 2.2925 - val_accuracy: 0.1294
[2024-06-16 17:52:49,278][utils.model][INFO] - Step 34/40 - val_loss: 2.2925 - val_accuracy: 0.1297
[2024-06-16 17:52:49,291][utils.model][INFO] - Step 35/40 - val_loss: 2.2925 - val_accuracy: 0.1306
[2024-06-16 17:52:49,304][utils.model][INFO] - Step 36/40 - val_loss: 2.2925 - val_accuracy: 0.1305
[2024-06-16 17:52:49,319][utils.model][INFO] - Step 37/40 - val_loss: 2.2923 - val_accuracy: 0.1299
[2024-06-16 17:52:49,333][utils.model][INFO] - Step 38/40 - val_loss: 2.2923 - val_accuracy: 0.1303
[2024-06-16 17:52:49,346][utils.model][INFO] - Step 39/40 - val_loss: 2.2924 - val_accuracy: 0.1303
[2024-06-16 17:52:49,509][utils.model][INFO] - Step 40/40 - val_loss: 2.2929 - val_accuracy: 0.1302
[2024-06-16 17:52:49,516][utils.model][INFO] - Evaluation Results - Val Loss: 2.2929, Val Accuracy: 0.1302 in 40 steps
[2024-06-16 17:52:49,520][flwr][INFO] - initial parameters (loss, other metrics): 2.2928967, {'accuracy': 0.1302}
[2024-06-16 17:52:49,523][flwr][INFO] - FL starting
[2024-06-16 17:52:54,047][flwr][DEBUG] - fit_round 1: strategy sampled 3 clients (out of 3)
[2024-06-16 17:52:55,493][flwr][DEBUG] - fit_round 1 received 3 results and 0 failures
[2024-06-16 17:52:55,616][utils.model][INFO] - LeNet model built
[2024-06-16 17:52:55,806][utils.model][INFO] - Size of serialized model: 279.0341796875 kbytes
[2024-06-16 17:52:55,849][utils.model][INFO] - Step 1/40 - val_loss: 1.2223 - val_accuracy: 0.7227
[2024-06-16 17:52:55,862][utils.model][INFO] - Step 2/40 - val_loss: 1.2406 - val_accuracy: 0.7109
[2024-06-16 17:52:55,878][utils.model][INFO] - Step 3/40 - val_loss: 1.2528 - val_accuracy: 0.7018
[2024-06-16 17:52:55,891][utils.model][INFO] - Step 4/40 - val_loss: 1.2363 - val_accuracy: 0.7139
[2024-06-16 17:52:55,907][utils.model][INFO] - Step 5/40 - val_loss: 1.2592 - val_accuracy: 0.6961
[2024-06-16 17:52:55,922][utils.model][INFO] - Step 6/40 - val_loss: 1.2661 - val_accuracy: 0.6908
[2024-06-16 17:52:55,937][utils.model][INFO] - Step 7/40 - val_loss: 1.2726 - val_accuracy: 0.6920
[2024-06-16 17:52:55,949][utils.model][INFO] - Step 8/40 - val_loss: 1.2727 - val_accuracy: 0.6919
[2024-06-16 17:52:55,965][utils.model][INFO] - Step 9/40 - val_loss: 1.2777 - val_accuracy: 0.6884
[2024-06-16 17:52:55,979][utils.model][INFO] - Step 10/40 - val_loss: 1.2758 - val_accuracy: 0.6883
[2024-06-16 17:52:55,995][utils.model][INFO] - Step 11/40 - val_loss: 1.2783 - val_accuracy: 0.6882
[2024-06-16 17:52:56,010][utils.model][INFO] - Step 12/40 - val_loss: 1.2760 - val_accuracy: 0.6891
[2024-06-16 17:52:56,025][utils.model][INFO] - Step 13/40 - val_loss: 1.2740 - val_accuracy: 0.6917
[2024-06-16 17:52:56,040][utils.model][INFO] - Step 14/40 - val_loss: 1.2747 - val_accuracy: 0.6917
[2024-06-16 17:52:56,053][utils.model][INFO] - Step 15/40 - val_loss: 1.2773 - val_accuracy: 0.6888
[2024-06-16 17:52:56,067][utils.model][INFO] - Step 16/40 - val_loss: 1.2768 - val_accuracy: 0.6877
[2024-06-16 17:52:56,084][utils.model][INFO] - Step 17/40 - val_loss: 1.2771 - val_accuracy: 0.6884
[2024-06-16 17:52:56,098][utils.model][INFO] - Step 18/40 - val_loss: 1.2792 - val_accuracy: 0.6871
[2024-06-16 17:52:56,114][utils.model][INFO] - Step 19/40 - val_loss: 1.2781 - val_accuracy: 0.6875
[2024-06-16 17:52:56,130][utils.model][INFO] - Step 20/40 - val_loss: 1.2731 - val_accuracy: 0.6881
[2024-06-16 17:52:56,144][utils.model][INFO] - Step 21/40 - val_loss: 1.2621 - val_accuracy: 0.6931
[2024-06-16 17:52:56,157][utils.model][INFO] - Step 22/40 - val_loss: 1.2523 - val_accuracy: 0.6966
[2024-06-16 17:52:56,170][utils.model][INFO] - Step 23/40 - val_loss: 1.2453 - val_accuracy: 0.6989
[2024-06-16 17:52:56,183][utils.model][INFO] - Step 24/40 - val_loss: 1.2430 - val_accuracy: 0.7002
[2024-06-16 17:52:56,197][utils.model][INFO] - Step 25/40 - val_loss: 1.2329 - val_accuracy: 0.7067
[2024-06-16 17:52:56,214][utils.model][INFO] - Step 26/40 - val_loss: 1.2313 - val_accuracy: 0.7096
[2024-06-16 17:52:56,227][utils.model][INFO] - Step 27/40 - val_loss: 1.2297 - val_accuracy: 0.7095
[2024-06-16 17:52:56,240][utils.model][INFO] - Step 28/40 - val_loss: 1.2259 - val_accuracy: 0.7109
[2024-06-16 17:52:56,256][utils.model][INFO] - Step 29/40 - val_loss: 1.2232 - val_accuracy: 0.7128
[2024-06-16 17:52:56,269][utils.model][INFO] - Step 30/40 - val_loss: 1.2232 - val_accuracy: 0.7132
[2024-06-16 17:52:56,282][utils.model][INFO] - Step 31/40 - val_loss: 1.2184 - val_accuracy: 0.7157
[2024-06-16 17:52:56,294][utils.model][INFO] - Step 32/40 - val_loss: 1.2137 - val_accuracy: 0.7183
[2024-06-16 17:52:56,308][utils.model][INFO] - Step 33/40 - val_loss: 1.2098 - val_accuracy: 0.7212
[2024-06-16 17:52:56,322][utils.model][INFO] - Step 34/40 - val_loss: 1.2036 - val_accuracy: 0.7236
[2024-06-16 17:52:56,335][utils.model][INFO] - Step 35/40 - val_loss: 1.1967 - val_accuracy: 0.7272
[2024-06-16 17:52:56,348][utils.model][INFO] - Step 36/40 - val_loss: 1.1937 - val_accuracy: 0.7285
[2024-06-16 17:52:56,362][utils.model][INFO] - Step 37/40 - val_loss: 1.1899 - val_accuracy: 0.7308
[2024-06-16 17:52:56,374][utils.model][INFO] - Step 38/40 - val_loss: 1.1901 - val_accuracy: 0.7308
[2024-06-16 17:52:56,388][utils.model][INFO] - Step 39/40 - val_loss: 1.1931 - val_accuracy: 0.7291
[2024-06-16 17:52:56,401][utils.model][INFO] - Step 40/40 - val_loss: 1.1897 - val_accuracy: 0.7291
[2024-06-16 17:52:56,403][utils.model][INFO] - Evaluation Results - Val Loss: 1.1897, Val Accuracy: 0.7291 in 40 steps
[2024-06-16 17:52:56,407][flwr][INFO] - fit progress: (1, 1.1897414, {'accuracy': 0.7291}, 6.882717545995547)
[2024-06-16 17:52:56,408][flwr][DEBUG] - evaluate_round 1: strategy sampled 3 clients (out of 3)
[2024-06-16 17:52:57,069][flwr][DEBUG] - evaluate_round 1 received 3 results and 0 failures
[2024-06-16 17:53:01,649][flwr][DEBUG] - fit_round 2: strategy sampled 3 clients (out of 3)
[2024-06-16 17:53:05,137][flwr][DEBUG] - fit_round 2 received 3 results and 0 failures
[2024-06-16 17:53:05,206][utils.model][INFO] - LeNet model built
[2024-06-16 17:53:05,346][utils.model][INFO] - Size of serialized model: 279.0341796875 kbytes
[2024-06-16 17:53:05,374][utils.model][INFO] - Step 1/40 - val_loss: 0.3450 - val_accuracy: 0.8789
[2024-06-16 17:53:05,386][utils.model][INFO] - Step 2/40 - val_loss: 0.3818 - val_accuracy: 0.8750
[2024-06-16 17:53:05,398][utils.model][INFO] - Step 3/40 - val_loss: 0.3915 - val_accuracy: 0.8711
[2024-06-16 17:53:05,411][utils.model][INFO] - Step 4/40 - val_loss: 0.3756 - val_accuracy: 0.8789
[2024-06-16 17:53:05,423][utils.model][INFO] - Step 5/40 - val_loss: 0.4059 - val_accuracy: 0.8648
[2024-06-16 17:53:05,436][utils.model][INFO] - Step 6/40 - val_loss: 0.4174 - val_accuracy: 0.8626
[2024-06-16 17:53:05,448][utils.model][INFO] - Step 7/40 - val_loss: 0.4252 - val_accuracy: 0.8616
[2024-06-16 17:53:05,460][utils.model][INFO] - Step 8/40 - val_loss: 0.4229 - val_accuracy: 0.8608
[2024-06-16 17:53:05,472][utils.model][INFO] - Step 9/40 - val_loss: 0.4353 - val_accuracy: 0.8594
[2024-06-16 17:53:05,485][utils.model][INFO] - Step 10/40 - val_loss: 0.4333 - val_accuracy: 0.8578
[2024-06-16 17:53:05,500][utils.model][INFO] - Step 11/40 - val_loss: 0.4304 - val_accuracy: 0.8587
[2024-06-16 17:53:05,513][utils.model][INFO] - Step 12/40 - val_loss: 0.4258 - val_accuracy: 0.8590
[2024-06-16 17:53:05,528][utils.model][INFO] - Step 13/40 - val_loss: 0.4226 - val_accuracy: 0.8609
[2024-06-16 17:53:05,543][utils.model][INFO] - Step 14/40 - val_loss: 0.4225 - val_accuracy: 0.8610
[2024-06-16 17:53:05,557][utils.model][INFO] - Step 15/40 - val_loss: 0.4288 - val_accuracy: 0.8591
[2024-06-16 17:53:05,570][utils.model][INFO] - Step 16/40 - val_loss: 0.4347 - val_accuracy: 0.8569
[2024-06-16 17:53:05,590][utils.model][INFO] - Step 17/40 - val_loss: 0.4395 - val_accuracy: 0.8543
[2024-06-16 17:53:05,609][utils.model][INFO] - Step 18/40 - val_loss: 0.4409 - val_accuracy: 0.8531
[2024-06-16 17:53:05,624][utils.model][INFO] - Step 19/40 - val_loss: 0.4395 - val_accuracy: 0.8536
[2024-06-16 17:53:05,637][utils.model][INFO] - Step 20/40 - val_loss: 0.4382 - val_accuracy: 0.8531
[2024-06-16 17:53:05,651][utils.model][INFO] - Step 21/40 - val_loss: 0.4277 - val_accuracy: 0.8575
[2024-06-16 17:53:05,664][utils.model][INFO] - Step 22/40 - val_loss: 0.4152 - val_accuracy: 0.8629
[2024-06-16 17:53:05,675][utils.model][INFO] - Step 23/40 - val_loss: 0.4088 - val_accuracy: 0.8643
[2024-06-16 17:53:05,687][utils.model][INFO] - Step 24/40 - val_loss: 0.4103 - val_accuracy: 0.8633
[2024-06-16 17:53:05,699][utils.model][INFO] - Step 25/40 - val_loss: 0.4033 - val_accuracy: 0.8666
[2024-06-16 17:53:05,711][utils.model][INFO] - Step 26/40 - val_loss: 0.4022 - val_accuracy: 0.8667
[2024-06-16 17:53:05,723][utils.model][INFO] - Step 27/40 - val_loss: 0.3997 - val_accuracy: 0.8675
[2024-06-16 17:53:05,736][utils.model][INFO] - Step 28/40 - val_loss: 0.3928 - val_accuracy: 0.8698
[2024-06-16 17:53:05,748][utils.model][INFO] - Step 29/40 - val_loss: 0.3863 - val_accuracy: 0.8731
[2024-06-16 17:53:05,760][utils.model][INFO] - Step 30/40 - val_loss: 0.3846 - val_accuracy: 0.8730
[2024-06-16 17:53:05,771][utils.model][INFO] - Step 31/40 - val_loss: 0.3832 - val_accuracy: 0.8735
[2024-06-16 17:53:05,783][utils.model][INFO] - Step 32/40 - val_loss: 0.3780 - val_accuracy: 0.8751
[2024-06-16 17:53:05,795][utils.model][INFO] - Step 33/40 - val_loss: 0.3737 - val_accuracy: 0.8768
[2024-06-16 17:53:05,807][utils.model][INFO] - Step 34/40 - val_loss: 0.3673 - val_accuracy: 0.8789
[2024-06-16 17:53:05,819][utils.model][INFO] - Step 35/40 - val_loss: 0.3600 - val_accuracy: 0.8817
[2024-06-16 17:53:05,830][utils.model][INFO] - Step 36/40 - val_loss: 0.3594 - val_accuracy: 0.8818
[2024-06-16 17:53:05,843][utils.model][INFO] - Step 37/40 - val_loss: 0.3548 - val_accuracy: 0.8832
[2024-06-16 17:53:05,856][utils.model][INFO] - Step 38/40 - val_loss: 0.3542 - val_accuracy: 0.8836
[2024-06-16 17:53:05,869][utils.model][INFO] - Step 39/40 - val_loss: 0.3594 - val_accuracy: 0.8820
[2024-06-16 17:53:05,883][utils.model][INFO] - Step 40/40 - val_loss: 0.3559 - val_accuracy: 0.8821
[2024-06-16 17:53:05,886][utils.model][INFO] - Evaluation Results - Val Loss: 0.3559, Val Accuracy: 0.8821 in 40 steps
[2024-06-16 17:53:05,890][flwr][INFO] - fit progress: (2, 0.3559424, {'accuracy': 0.8821}, 16.365831978000642)
[2024-06-16 17:53:05,890][flwr][DEBUG] - evaluate_round 2: strategy sampled 3 clients (out of 3)
[2024-06-16 17:53:06,476][flwr][DEBUG] - evaluate_round 2 received 3 results and 0 failures
[2024-06-16 17:53:10,750][flwr][DEBUG] - fit_round 3: strategy sampled 3 clients (out of 3)
[2024-06-16 17:53:17,665][flwr][DEBUG] - fit_round 3 received 3 results and 0 failures
[2024-06-16 17:53:17,742][utils.model][INFO] - LeNet model built
[2024-06-16 17:53:17,893][utils.model][INFO] - Size of serialized model: 279.0341796875 kbytes
[2024-06-16 17:53:17,925][utils.model][INFO] - Step 1/40 - val_loss: 0.1178 - val_accuracy: 0.9766
[2024-06-16 17:53:17,942][utils.model][INFO] - Step 2/40 - val_loss: 0.1603 - val_accuracy: 0.9531
[2024-06-16 17:53:17,958][utils.model][INFO] - Step 3/40 - val_loss: 0.1819 - val_accuracy: 0.9414
[2024-06-16 17:53:17,974][utils.model][INFO] - Step 4/40 - val_loss: 0.1802 - val_accuracy: 0.9434
[2024-06-16 17:53:17,991][utils.model][INFO] - Step 5/40 - val_loss: 0.2005 - val_accuracy: 0.9352
[2024-06-16 17:53:18,007][utils.model][INFO] - Step 6/40 - val_loss: 0.2068 - val_accuracy: 0.9342
[2024-06-16 17:53:18,024][utils.model][INFO] - Step 7/40 - val_loss: 0.2107 - val_accuracy: 0.9336
[2024-06-16 17:53:18,041][utils.model][INFO] - Step 8/40 - val_loss: 0.2119 - val_accuracy: 0.9326
[2024-06-16 17:53:18,058][utils.model][INFO] - Step 9/40 - val_loss: 0.2199 - val_accuracy: 0.9319
[2024-06-16 17:53:18,074][utils.model][INFO] - Step 10/40 - val_loss: 0.2154 - val_accuracy: 0.9336
[2024-06-16 17:53:18,091][utils.model][INFO] - Step 11/40 - val_loss: 0.2110 - val_accuracy: 0.9350
[2024-06-16 17:53:18,108][utils.model][INFO] - Step 12/40 - val_loss: 0.2079 - val_accuracy: 0.9362
[2024-06-16 17:53:18,124][utils.model][INFO] - Step 13/40 - val_loss: 0.2075 - val_accuracy: 0.9372
[2024-06-16 17:53:18,138][utils.model][INFO] - Step 14/40 - val_loss: 0.2075 - val_accuracy: 0.9367
[2024-06-16 17:53:18,155][utils.model][INFO] - Step 15/40 - val_loss: 0.2117 - val_accuracy: 0.9359
[2024-06-16 17:53:18,171][utils.model][INFO] - Step 16/40 - val_loss: 0.2141 - val_accuracy: 0.9353
[2024-06-16 17:53:18,186][utils.model][INFO] - Step 17/40 - val_loss: 0.2158 - val_accuracy: 0.9343
[2024-06-16 17:53:18,200][utils.model][INFO] - Step 18/40 - val_loss: 0.2158 - val_accuracy: 0.9342
[2024-06-16 17:53:18,216][utils.model][INFO] - Step 19/40 - val_loss: 0.2145 - val_accuracy: 0.9352
[2024-06-16 17:53:18,232][utils.model][INFO] - Step 20/40 - val_loss: 0.2124 - val_accuracy: 0.9361
[2024-06-16 17:53:18,251][utils.model][INFO] - Step 21/40 - val_loss: 0.2061 - val_accuracy: 0.9379
[2024-06-16 17:53:18,268][utils.model][INFO] - Step 22/40 - val_loss: 0.2005 - val_accuracy: 0.9395
[2024-06-16 17:53:18,284][utils.model][INFO] - Step 23/40 - val_loss: 0.1994 - val_accuracy: 0.9394
[2024-06-16 17:53:18,301][utils.model][INFO] - Step 24/40 - val_loss: 0.2022 - val_accuracy: 0.9385
[2024-06-16 17:53:18,318][utils.model][INFO] - Step 25/40 - val_loss: 0.1973 - val_accuracy: 0.9402
[2024-06-16 17:53:18,334][utils.model][INFO] - Step 26/40 - val_loss: 0.1969 - val_accuracy: 0.9404
[2024-06-16 17:53:18,350][utils.model][INFO] - Step 27/40 - val_loss: 0.1935 - val_accuracy: 0.9417
[2024-06-16 17:53:18,363][utils.model][INFO] - Step 28/40 - val_loss: 0.1890 - val_accuracy: 0.9431
[2024-06-16 17:53:18,374][utils.model][INFO] - Step 29/40 - val_loss: 0.1847 - val_accuracy: 0.9449
[2024-06-16 17:53:18,390][utils.model][INFO] - Step 30/40 - val_loss: 0.1819 - val_accuracy: 0.9458
[2024-06-16 17:53:18,403][utils.model][INFO] - Step 31/40 - val_loss: 0.1795 - val_accuracy: 0.9466
[2024-06-16 17:53:18,415][utils.model][INFO] - Step 32/40 - val_loss: 0.1759 - val_accuracy: 0.9478
[2024-06-16 17:53:18,428][utils.model][INFO] - Step 33/40 - val_loss: 0.1736 - val_accuracy: 0.9484
[2024-06-16 17:53:18,440][utils.model][INFO] - Step 34/40 - val_loss: 0.1697 - val_accuracy: 0.9498
[2024-06-16 17:53:18,453][utils.model][INFO] - Step 35/40 - val_loss: 0.1653 - val_accuracy: 0.9512
[2024-06-16 17:53:18,465][utils.model][INFO] - Step 36/40 - val_loss: 0.1654 - val_accuracy: 0.9517
[2024-06-16 17:53:18,478][utils.model][INFO] - Step 37/40 - val_loss: 0.1624 - val_accuracy: 0.9525
[2024-06-16 17:53:18,491][utils.model][INFO] - Step 38/40 - val_loss: 0.1617 - val_accuracy: 0.9527
[2024-06-16 17:53:18,506][utils.model][INFO] - Step 39/40 - val_loss: 0.1661 - val_accuracy: 0.9513
[2024-06-16 17:53:18,524][utils.model][INFO] - Step 40/40 - val_loss: 0.1633 - val_accuracy: 0.9514
[2024-06-16 17:53:18,527][utils.model][INFO] - Evaluation Results - Val Loss: 0.1633, Val Accuracy: 0.9514 in 40 steps
[2024-06-16 17:53:18,532][flwr][INFO] - fit progress: (3, 0.16326948, {'accuracy': 0.9514}, 29.00768586599588)
[2024-06-16 17:53:18,532][flwr][DEBUG] - evaluate_round 3: strategy sampled 3 clients (out of 3)
[2024-06-16 17:53:19,269][flwr][DEBUG] - evaluate_round 3 received 3 results and 0 failures
[2024-06-16 17:53:23,840][flwr][DEBUG] - fit_round 4: strategy sampled 3 clients (out of 3)
[2024-06-16 17:53:32,840][flwr][DEBUG] - fit_round 4 received 3 results and 0 failures
[2024-06-16 17:53:32,912][utils.model][INFO] - LeNet model built
[2024-06-16 17:53:33,052][utils.model][INFO] - Size of serialized model: 279.0341796875 kbytes
[2024-06-16 17:53:33,085][utils.model][INFO] - Step 1/40 - val_loss: 0.0700 - val_accuracy: 0.9805
[2024-06-16 17:53:33,103][utils.model][INFO] - Step 2/40 - val_loss: 0.0901 - val_accuracy: 0.9688
[2024-06-16 17:53:33,120][utils.model][INFO] - Step 3/40 - val_loss: 0.1037 - val_accuracy: 0.9570
[2024-06-16 17:53:33,137][utils.model][INFO] - Step 4/40 - val_loss: 0.1037 - val_accuracy: 0.9600
[2024-06-16 17:53:33,154][utils.model][INFO] - Step 5/40 - val_loss: 0.1181 - val_accuracy: 0.9570
[2024-06-16 17:53:33,171][utils.model][INFO] - Step 6/40 - val_loss: 0.1276 - val_accuracy: 0.9564
[2024-06-16 17:53:33,188][utils.model][INFO] - Step 7/40 - val_loss: 0.1323 - val_accuracy: 0.9570
[2024-06-16 17:53:33,206][utils.model][INFO] - Step 8/40 - val_loss: 0.1316 - val_accuracy: 0.9570
[2024-06-16 17:53:33,227][utils.model][INFO] - Step 9/40 - val_loss: 0.1380 - val_accuracy: 0.9553
[2024-06-16 17:53:33,245][utils.model][INFO] - Step 10/40 - val_loss: 0.1342 - val_accuracy: 0.9566
[2024-06-16 17:53:33,265][utils.model][INFO] - Step 11/40 - val_loss: 0.1305 - val_accuracy: 0.9588
[2024-06-16 17:53:33,288][utils.model][INFO] - Step 12/40 - val_loss: 0.1299 - val_accuracy: 0.9587
[2024-06-16 17:53:33,305][utils.model][INFO] - Step 13/40 - val_loss: 0.1273 - val_accuracy: 0.9591
[2024-06-16 17:53:33,323][utils.model][INFO] - Step 14/40 - val_loss: 0.1269 - val_accuracy: 0.9593
[2024-06-16 17:53:33,341][utils.model][INFO] - Step 15/40 - val_loss: 0.1300 - val_accuracy: 0.9583
[2024-06-16 17:53:33,361][utils.model][INFO] - Step 16/40 - val_loss: 0.1324 - val_accuracy: 0.9580
[2024-06-16 17:53:33,376][utils.model][INFO] - Step 17/40 - val_loss: 0.1343 - val_accuracy: 0.9584
[2024-06-16 17:53:33,396][utils.model][INFO] - Step 18/40 - val_loss: 0.1346 - val_accuracy: 0.9581
[2024-06-16 17:53:33,415][utils.model][INFO] - Step 19/40 - val_loss: 0.1342 - val_accuracy: 0.9585
[2024-06-16 17:53:33,434][utils.model][INFO] - Step 20/40 - val_loss: 0.1331 - val_accuracy: 0.9588
[2024-06-16 17:53:33,452][utils.model][INFO] - Step 21/40 - val_loss: 0.1289 - val_accuracy: 0.9600
[2024-06-16 17:53:33,469][utils.model][INFO] - Step 22/40 - val_loss: 0.1247 - val_accuracy: 0.9611
[2024-06-16 17:53:33,486][utils.model][INFO] - Step 23/40 - val_loss: 0.1237 - val_accuracy: 0.9614
[2024-06-16 17:53:33,503][utils.model][INFO] - Step 24/40 - val_loss: 0.1257 - val_accuracy: 0.9611
[2024-06-16 17:53:33,520][utils.model][INFO] - Step 25/40 - val_loss: 0.1222 - val_accuracy: 0.9620
[2024-06-16 17:53:33,537][utils.model][INFO] - Step 26/40 - val_loss: 0.1228 - val_accuracy: 0.9623
[2024-06-16 17:53:33,556][utils.model][INFO] - Step 27/40 - val_loss: 0.1200 - val_accuracy: 0.9633
[2024-06-16 17:53:33,575][utils.model][INFO] - Step 28/40 - val_loss: 0.1167 - val_accuracy: 0.9644
[2024-06-16 17:53:33,593][utils.model][INFO] - Step 29/40 - val_loss: 0.1135 - val_accuracy: 0.9655
[2024-06-16 17:53:33,612][utils.model][INFO] - Step 30/40 - val_loss: 0.1121 - val_accuracy: 0.9659
[2024-06-16 17:53:33,630][utils.model][INFO] - Step 31/40 - val_loss: 0.1101 - val_accuracy: 0.9665
[2024-06-16 17:53:33,648][utils.model][INFO] - Step 32/40 - val_loss: 0.1084 - val_accuracy: 0.9668
[2024-06-16 17:53:33,665][utils.model][INFO] - Step 33/40 - val_loss: 0.1069 - val_accuracy: 0.9673
[2024-06-16 17:53:33,683][utils.model][INFO] - Step 34/40 - val_loss: 0.1042 - val_accuracy: 0.9682
[2024-06-16 17:53:33,701][utils.model][INFO] - Step 35/40 - val_loss: 0.1014 - val_accuracy: 0.9691
[2024-06-16 17:53:33,719][utils.model][INFO] - Step 36/40 - val_loss: 0.1008 - val_accuracy: 0.9694
[2024-06-16 17:53:33,738][utils.model][INFO] - Step 37/40 - val_loss: 0.0986 - val_accuracy: 0.9701
[2024-06-16 17:53:33,754][utils.model][INFO] - Step 38/40 - val_loss: 0.0987 - val_accuracy: 0.9700
[2024-06-16 17:53:33,771][utils.model][INFO] - Step 39/40 - val_loss: 0.1034 - val_accuracy: 0.9684
[2024-06-16 17:53:33,788][utils.model][INFO] - Step 40/40 - val_loss: 0.1012 - val_accuracy: 0.9685
[2024-06-16 17:53:33,791][utils.model][INFO] - Evaluation Results - Val Loss: 0.1012, Val Accuracy: 0.9685 in 40 steps
[2024-06-16 17:53:33,797][flwr][INFO] - fit progress: (4, 0.10119088, {'accuracy': 0.9685}, 44.27245415200014)
[2024-06-16 17:53:33,797][flwr][DEBUG] - evaluate_round 4: strategy sampled 3 clients (out of 3)
[2024-06-16 17:53:34,476][flwr][DEBUG] - evaluate_round 4 received 3 results and 0 failures
[2024-06-16 17:53:38,673][flwr][DEBUG] - fit_round 5: strategy sampled 3 clients (out of 3)
[2024-06-16 17:53:50,003][flwr][DEBUG] - fit_round 5 received 3 results and 0 failures
[2024-06-16 17:53:50,072][utils.model][INFO] - LeNet model built
[2024-06-16 17:53:50,205][utils.model][INFO] - Size of serialized model: 279.0341796875 kbytes
[2024-06-16 17:53:50,242][utils.model][INFO] - Step 1/40 - val_loss: 0.0424 - val_accuracy: 0.9883
[2024-06-16 17:53:50,263][utils.model][INFO] - Step 2/40 - val_loss: 0.0611 - val_accuracy: 0.9844
[2024-06-16 17:53:50,284][utils.model][INFO] - Step 3/40 - val_loss: 0.0726 - val_accuracy: 0.9779
[2024-06-16 17:53:50,306][utils.model][INFO] - Step 4/40 - val_loss: 0.0767 - val_accuracy: 0.9756
[2024-06-16 17:53:50,329][utils.model][INFO] - Step 5/40 - val_loss: 0.0871 - val_accuracy: 0.9711
[2024-06-16 17:53:50,351][utils.model][INFO] - Step 6/40 - val_loss: 0.0920 - val_accuracy: 0.9707
[2024-06-16 17:53:50,373][utils.model][INFO] - Step 7/40 - val_loss: 0.0921 - val_accuracy: 0.9699
[2024-06-16 17:53:50,394][utils.model][INFO] - Step 8/40 - val_loss: 0.0948 - val_accuracy: 0.9692
[2024-06-16 17:53:50,413][utils.model][INFO] - Step 9/40 - val_loss: 0.1005 - val_accuracy: 0.9674
[2024-06-16 17:53:50,434][utils.model][INFO] - Step 10/40 - val_loss: 0.0984 - val_accuracy: 0.9688
[2024-06-16 17:53:50,452][utils.model][INFO] - Step 11/40 - val_loss: 0.0955 - val_accuracy: 0.9705
[2024-06-16 17:53:50,472][utils.model][INFO] - Step 12/40 - val_loss: 0.0956 - val_accuracy: 0.9701
[2024-06-16 17:53:50,493][utils.model][INFO] - Step 13/40 - val_loss: 0.0950 - val_accuracy: 0.9697
[2024-06-16 17:53:50,512][utils.model][INFO] - Step 14/40 - val_loss: 0.0944 - val_accuracy: 0.9690
[2024-06-16 17:53:50,532][utils.model][INFO] - Step 15/40 - val_loss: 0.0964 - val_accuracy: 0.9690
[2024-06-16 17:53:50,552][utils.model][INFO] - Step 16/40 - val_loss: 0.0983 - val_accuracy: 0.9683
[2024-06-16 17:53:50,573][utils.model][INFO] - Step 17/40 - val_loss: 0.0999 - val_accuracy: 0.9671
[2024-06-16 17:53:50,593][utils.model][INFO] - Step 18/40 - val_loss: 0.1009 - val_accuracy: 0.9666
[2024-06-16 17:53:50,613][utils.model][INFO] - Step 19/40 - val_loss: 0.1003 - val_accuracy: 0.9667
[2024-06-16 17:53:50,632][utils.model][INFO] - Step 20/40 - val_loss: 0.0991 - val_accuracy: 0.9674
[2024-06-16 17:53:50,652][utils.model][INFO] - Step 21/40 - val_loss: 0.0956 - val_accuracy: 0.9688
[2024-06-16 17:53:50,672][utils.model][INFO] - Step 22/40 - val_loss: 0.0924 - val_accuracy: 0.9696
[2024-06-16 17:53:50,691][utils.model][INFO] - Step 23/40 - val_loss: 0.0919 - val_accuracy: 0.9699
[2024-06-16 17:53:50,711][utils.model][INFO] - Step 24/40 - val_loss: 0.0933 - val_accuracy: 0.9689
[2024-06-16 17:53:50,731][utils.model][INFO] - Step 25/40 - val_loss: 0.0905 - val_accuracy: 0.9698
[2024-06-16 17:53:50,751][utils.model][INFO] - Step 26/40 - val_loss: 0.0915 - val_accuracy: 0.9698
[2024-06-16 17:53:50,771][utils.model][INFO] - Step 27/40 - val_loss: 0.0891 - val_accuracy: 0.9708
[2024-06-16 17:53:50,790][utils.model][INFO] - Step 28/40 - val_loss: 0.0867 - val_accuracy: 0.9717
[2024-06-16 17:53:50,809][utils.model][INFO] - Step 29/40 - val_loss: 0.0844 - val_accuracy: 0.9725
[2024-06-16 17:53:50,829][utils.model][INFO] - Step 30/40 - val_loss: 0.0830 - val_accuracy: 0.9730
[2024-06-16 17:53:50,848][utils.model][INFO] - Step 31/40 - val_loss: 0.0814 - val_accuracy: 0.9735
[2024-06-16 17:53:50,868][utils.model][INFO] - Step 32/40 - val_loss: 0.0799 - val_accuracy: 0.9741
[2024-06-16 17:53:50,888][utils.model][INFO] - Step 33/40 - val_loss: 0.0785 - val_accuracy: 0.9747
[2024-06-16 17:53:50,907][utils.model][INFO] - Step 34/40 - val_loss: 0.0766 - val_accuracy: 0.9753
[2024-06-16 17:53:50,927][utils.model][INFO] - Step 35/40 - val_loss: 0.0745 - val_accuracy: 0.9760
[2024-06-16 17:53:50,945][utils.model][INFO] - Step 36/40 - val_loss: 0.0743 - val_accuracy: 0.9761
[2024-06-16 17:53:50,964][utils.model][INFO] - Step 37/40 - val_loss: 0.0726 - val_accuracy: 0.9768
[2024-06-16 17:53:50,984][utils.model][INFO] - Step 38/40 - val_loss: 0.0726 - val_accuracy: 0.9766
[2024-06-16 17:53:51,005][utils.model][INFO] - Step 39/40 - val_loss: 0.0748 - val_accuracy: 0.9758
[2024-06-16 17:53:51,019][utils.model][INFO] - Step 40/40 - val_loss: 0.0731 - val_accuracy: 0.9758
[2024-06-16 17:53:51,022][utils.model][INFO] - Evaluation Results - Val Loss: 0.0731, Val Accuracy: 0.9758 in 40 steps
[2024-06-16 17:53:51,027][flwr][INFO] - fit progress: (5, 0.07305629, {'accuracy': 0.9758}, 61.50274090399762)
[2024-06-16 17:53:51,027][flwr][DEBUG] - evaluate_round 5: strategy sampled 3 clients (out of 3)
[2024-06-16 17:53:51,707][flwr][DEBUG] - evaluate_round 5 received 3 results and 0 failures
[2024-06-16 17:53:51,707][flwr][INFO] - FL finished in 62.183300199998484
[2024-06-16 17:53:51,710][flwr][INFO] - app_fit: losses_distributed [(1, 1.2153850396474202), (2, 0.36915698647499084), (3, 0.17014496525128683), (4, 0.10918353746334712), (5, 0.08532827347517014)]
[2024-06-16 17:53:51,711][flwr][INFO] - app_fit: metrics_distributed_fit {'average_norm': [(1, 5.063668568929036), (2, 5.081877708435059), (3, 5.0264662106831866), (4, 5.027656078338623), (5, 5.019646962483724)], 'round_time': [(1, 2.773107422699585), (2, 4.938245410720581), (3, 8.128203972396973), (4, 11.005346058816162), (5, 12.593931399344116)], 'average_downlink_time': [(1, 0.6706665773333333), (2, 0.7907028973333334), (3, 0.670729644), (4, 0.6630192413333332), (5, 0.6992536893333333)], 'average_rtc_check_time': [(1, 0.07816413199907402), (2, 0.23236803168886885), (3, 0.4703713666895055), (4, 0.6610255727015707), (5, 0.7850643289736278)], 'average_uplink_time': [(1, 0.6063125326666666), (2, 0.5791610963333333), (3, 0.41337220033333333), (4, 0.9784004816666667), (5, 0.39175153599999996)], 'average_computation_time': [(1, 1.0704078674316406), (2, 3.0077099005381265), (3, 6.02317746480306), (4, 7.811556736628215), (5, 9.893354256947836)], 'average_communication_time': [(1, 1.3551432419990739), (2, 1.6022320253555355), (3, 1.5544732110228388), (4, 2.302445295701571), (5, 1.8760695543069612)], 'average_fit_time': [(1, 1.398136297861735), (2, 3.4676360289255777), (3, 6.895134925842285), (4, 8.981415033340454), (5, 11.311198949813843)], 'average_throughput': [(1, 3.695221445904219), (2, 3.8746694150314904), (3, 5.679389578634837), (4, 2.463731882328537), (5, 6.170474571227094)], 'dropouts': [(1, 0), (2, 0), (3, 0), (4, 0), (5, 0)]}
[2024-06-16 17:53:51,711][flwr][INFO] - app_fit: metrics_distributed {'accuracy': [(1, 0.7148333390553793), (2, 0.8763333360354105), (3, 0.950166662534078), (4, 0.9669999877611796), (5, 0.9710000157356262)]}
[2024-06-16 17:53:51,711][flwr][INFO] - app_fit: losses_centralized [(0, 2.2928967), (1, 1.1897414), (2, 0.3559424), (3, 0.16326948), (4, 0.10119088), (5, 0.07305629)]
[2024-06-16 17:53:51,711][flwr][INFO] - app_fit: metrics_centralized {'accuracy': [(0, 0.1302), (1, 0.7291), (2, 0.8821), (3, 0.9514), (4, 0.9685), (5, 0.9758)]}
