[2024-06-19 18:30:15,218][root][INFO] - Initialized DataManager for experiment exp_20240619_183015
[2024-06-19 18:30:15,224][root][INFO] - Added info data: {'experiment_id': 'exp_20240619_183015', 'algorithm': 'fda', 'num_clients': 3, 'dataset': 'mnist', 'ann': 'lenet', 'threshold': 5, 'thres_discount_factor': 1.0, 'steps_threshold': 500, 'train_batch_size': 32, 'eval_batch_size': 64, 'network_template': 1, 'client_mobility': False}
[2024-06-19 18:30:15,225][flwr][INFO] - Starting Flower server, config: ServerConfig(num_rounds=5, round_timeout=None)
[2024-06-19 18:30:15,227][flwr][INFO] - Flower ECE: gRPC server running (5 rounds), SSL is disabled
[2024-06-19 18:30:15,227][flwr][INFO] - Initializing global parameters
[2024-06-19 18:30:15,228][flwr][INFO] - Requesting initial parameters from one random client
[2024-06-19 18:30:22,819][flwr][INFO] - Received initial parameters from one random client
[2024-06-19 18:30:22,819][flwr][INFO] - Evaluating initial parameters
[2024-06-19 18:30:22,945][utils.model][INFO] - LeNet model built
[2024-06-19 18:30:23,247][utils.model][INFO] - Size of serialized model: 279.0341796875 kbytes
[2024-06-19 18:30:23,351][utils.model][INFO] - Step 1/40 - val_loss: 2.3217 - val_accuracy: 0.1328
[2024-06-19 18:30:23,383][utils.model][INFO] - Step 2/40 - val_loss: 2.3195 - val_accuracy: 0.1445
[2024-06-19 18:30:23,405][utils.model][INFO] - Step 3/40 - val_loss: 2.3167 - val_accuracy: 0.1445
[2024-06-19 18:30:23,430][utils.model][INFO] - Step 4/40 - val_loss: 2.3143 - val_accuracy: 0.1504
[2024-06-19 18:30:23,451][utils.model][INFO] - Step 5/40 - val_loss: 2.3130 - val_accuracy: 0.1437
[2024-06-19 18:30:23,472][utils.model][INFO] - Step 6/40 - val_loss: 2.3113 - val_accuracy: 0.1465
[2024-06-19 18:30:23,492][utils.model][INFO] - Step 7/40 - val_loss: 2.3131 - val_accuracy: 0.1440
[2024-06-19 18:30:23,514][utils.model][INFO] - Step 8/40 - val_loss: 2.3132 - val_accuracy: 0.1401
[2024-06-19 18:30:23,533][utils.model][INFO] - Step 9/40 - val_loss: 2.3117 - val_accuracy: 0.1419
[2024-06-19 18:30:23,554][utils.model][INFO] - Step 10/40 - val_loss: 2.3115 - val_accuracy: 0.1449
[2024-06-19 18:30:23,574][utils.model][INFO] - Step 11/40 - val_loss: 2.3125 - val_accuracy: 0.1410
[2024-06-19 18:30:23,596][utils.model][INFO] - Step 12/40 - val_loss: 2.3128 - val_accuracy: 0.1390
[2024-06-19 18:30:23,618][utils.model][INFO] - Step 13/40 - val_loss: 2.3124 - val_accuracy: 0.1400
[2024-06-19 18:30:23,639][utils.model][INFO] - Step 14/40 - val_loss: 2.3122 - val_accuracy: 0.1381
[2024-06-19 18:30:23,660][utils.model][INFO] - Step 15/40 - val_loss: 2.3121 - val_accuracy: 0.1385
[2024-06-19 18:30:23,680][utils.model][INFO] - Step 16/40 - val_loss: 2.3126 - val_accuracy: 0.1365
[2024-06-19 18:30:23,699][utils.model][INFO] - Step 17/40 - val_loss: 2.3126 - val_accuracy: 0.1369
[2024-06-19 18:30:23,719][utils.model][INFO] - Step 18/40 - val_loss: 2.3121 - val_accuracy: 0.1382
[2024-06-19 18:30:23,742][utils.model][INFO] - Step 19/40 - val_loss: 2.3128 - val_accuracy: 0.1371
[2024-06-19 18:30:23,762][utils.model][INFO] - Step 20/40 - val_loss: 2.3127 - val_accuracy: 0.1381
[2024-06-19 18:30:23,781][utils.model][INFO] - Step 21/40 - val_loss: 2.3134 - val_accuracy: 0.1365
[2024-06-19 18:30:23,803][utils.model][INFO] - Step 22/40 - val_loss: 2.3133 - val_accuracy: 0.1369
[2024-06-19 18:30:23,823][utils.model][INFO] - Step 23/40 - val_loss: 2.3131 - val_accuracy: 0.1367
[2024-06-19 18:30:23,843][utils.model][INFO] - Step 24/40 - val_loss: 2.3131 - val_accuracy: 0.1362
[2024-06-19 18:30:23,863][utils.model][INFO] - Step 25/40 - val_loss: 2.3133 - val_accuracy: 0.1358
[2024-06-19 18:30:23,883][utils.model][INFO] - Step 26/40 - val_loss: 2.3132 - val_accuracy: 0.1358
[2024-06-19 18:30:23,903][utils.model][INFO] - Step 27/40 - val_loss: 2.3137 - val_accuracy: 0.1359
[2024-06-19 18:30:23,925][utils.model][INFO] - Step 28/40 - val_loss: 2.3134 - val_accuracy: 0.1352
[2024-06-19 18:30:23,943][utils.model][INFO] - Step 29/40 - val_loss: 2.3136 - val_accuracy: 0.1346
[2024-06-19 18:30:23,962][utils.model][INFO] - Step 30/40 - val_loss: 2.3137 - val_accuracy: 0.1342
[2024-06-19 18:30:23,979][utils.model][INFO] - Step 31/40 - val_loss: 2.3140 - val_accuracy: 0.1343
[2024-06-19 18:30:23,998][utils.model][INFO] - Step 32/40 - val_loss: 2.3148 - val_accuracy: 0.1343
[2024-06-19 18:30:24,016][utils.model][INFO] - Step 33/40 - val_loss: 2.3150 - val_accuracy: 0.1344
[2024-06-19 18:30:24,035][utils.model][INFO] - Step 34/40 - val_loss: 2.3151 - val_accuracy: 0.1341
[2024-06-19 18:30:24,054][utils.model][INFO] - Step 35/40 - val_loss: 2.3150 - val_accuracy: 0.1340
[2024-06-19 18:30:24,073][utils.model][INFO] - Step 36/40 - val_loss: 2.3148 - val_accuracy: 0.1352
[2024-06-19 18:30:24,092][utils.model][INFO] - Step 37/40 - val_loss: 2.3151 - val_accuracy: 0.1350
[2024-06-19 18:30:24,111][utils.model][INFO] - Step 38/40 - val_loss: 2.3152 - val_accuracy: 0.1353
[2024-06-19 18:30:24,131][utils.model][INFO] - Step 39/40 - val_loss: 2.3153 - val_accuracy: 0.1353
[2024-06-19 18:30:24,141][utils.model][INFO] - Step 40/40 - val_loss: 2.3149 - val_accuracy: 0.1353
[2024-06-19 18:30:24,142][utils.model][INFO] - Evaluation Results - Val Loss: 2.3149, Val Accuracy: 0.1353 in 40 steps
[2024-06-19 18:30:24,145][root][INFO] - Added server data: {'round': 0, 'experiment_id': 'exp_20240619_183015', 'centralized_loss': 0.0, 'centralized_acc': 0.0, 'distributed_loss': 0.0, 'distributed_acc': 0.0, 'dropouts': 0, 'average_norm': 0.0, 'round_time': 0.0, 'average_downlink_time': 0.0, 'average_rtc_check_time': 0.0, 'average_uplink_time': 0.0, 'average_computation_time': 0.0, 'average_communication_time': 0.0, 'average_fit_time': 0.0, 'average_throughput': 0.0}
[2024-06-19 18:30:24,146][root][INFO] - Appended data to last row of column centralized_loss in server data
[2024-06-19 18:30:24,146][root][INFO] - Appended data to last row of column centralized_acc in server data
[2024-06-19 18:30:24,146][root][INFO] - Appended {'centralized_loss': 2.314876, 'centralized_acc': 0.1353} to the last row of server data
[2024-06-19 18:30:24,146][flwr][INFO] - initial parameters (loss, other metrics): 2.314876, {'accuracy': 0.1353}
[2024-06-19 18:30:24,146][flwr][INFO] - FL starting
[2024-06-19 18:30:28,828][flwr][DEBUG] - fit_round 1: strategy sampled 3 clients (out of 3)
[2024-06-19 18:30:30,592][flwr][DEBUG] - fit_round 1 received 3 results and 0 failures
[2024-06-19 18:30:30,598][root][INFO] - Added server data: {'round': 1, 'average_norm': 5.114857991536458, 'round_time': 3.094743622650757, 'average_downlink_time': 0.6706665773333333, 'average_rtc_check_time': 0.08930166600233254, 'average_uplink_time': 0.6063125326666666, 'average_computation_time': 1.4176102479298909, 'average_communication_time': 1.3662807760023326, 'average_fit_time': 1.7265506585439045, 'average_throughput': 3.695221445904219, 'dropouts': 0, 'experiment_id': 'exp_20240619_183015'}
[2024-06-19 18:30:30,657][utils.model][INFO] - LeNet model built
[2024-06-19 18:30:30,773][utils.model][INFO] - Size of serialized model: 279.0341796875 kbytes
[2024-06-19 18:30:30,810][utils.model][INFO] - Step 1/40 - val_loss: 1.1755 - val_accuracy: 0.7734
[2024-06-19 18:30:30,831][utils.model][INFO] - Step 2/40 - val_loss: 1.1926 - val_accuracy: 0.7578
[2024-06-19 18:30:30,851][utils.model][INFO] - Step 3/40 - val_loss: 1.2066 - val_accuracy: 0.7396
[2024-06-19 18:30:30,870][utils.model][INFO] - Step 4/40 - val_loss: 1.1991 - val_accuracy: 0.7383
[2024-06-19 18:30:30,888][utils.model][INFO] - Step 5/40 - val_loss: 1.2254 - val_accuracy: 0.7227
[2024-06-19 18:30:30,908][utils.model][INFO] - Step 6/40 - val_loss: 1.2236 - val_accuracy: 0.7214
[2024-06-19 18:30:30,927][utils.model][INFO] - Step 7/40 - val_loss: 1.2290 - val_accuracy: 0.7238
[2024-06-19 18:30:30,945][utils.model][INFO] - Step 8/40 - val_loss: 1.2281 - val_accuracy: 0.7212
[2024-06-19 18:30:30,964][utils.model][INFO] - Step 9/40 - val_loss: 1.2353 - val_accuracy: 0.7205
[2024-06-19 18:30:30,984][utils.model][INFO] - Step 10/40 - val_loss: 1.2302 - val_accuracy: 0.7219
[2024-06-19 18:30:31,005][utils.model][INFO] - Step 11/40 - val_loss: 1.2323 - val_accuracy: 0.7209
[2024-06-19 18:30:31,025][utils.model][INFO] - Step 12/40 - val_loss: 1.2280 - val_accuracy: 0.7220
[2024-06-19 18:30:31,045][utils.model][INFO] - Step 13/40 - val_loss: 1.2269 - val_accuracy: 0.7212
[2024-06-19 18:30:31,065][utils.model][INFO] - Step 14/40 - val_loss: 1.2290 - val_accuracy: 0.7207
[2024-06-19 18:30:31,083][utils.model][INFO] - Step 15/40 - val_loss: 1.2305 - val_accuracy: 0.7180
[2024-06-19 18:30:31,101][utils.model][INFO] - Step 16/40 - val_loss: 1.2290 - val_accuracy: 0.7188
[2024-06-19 18:30:31,120][utils.model][INFO] - Step 17/40 - val_loss: 1.2284 - val_accuracy: 0.7181
[2024-06-19 18:30:31,139][utils.model][INFO] - Step 18/40 - val_loss: 1.2284 - val_accuracy: 0.7179
[2024-06-19 18:30:31,159][utils.model][INFO] - Step 19/40 - val_loss: 1.2277 - val_accuracy: 0.7185
[2024-06-19 18:30:31,178][utils.model][INFO] - Step 20/40 - val_loss: 1.2242 - val_accuracy: 0.7201
[2024-06-19 18:30:31,196][utils.model][INFO] - Step 21/40 - val_loss: 1.2161 - val_accuracy: 0.7236
[2024-06-19 18:30:31,214][utils.model][INFO] - Step 22/40 - val_loss: 1.2068 - val_accuracy: 0.7262
[2024-06-19 18:30:31,233][utils.model][INFO] - Step 23/40 - val_loss: 1.2009 - val_accuracy: 0.7271
[2024-06-19 18:30:31,252][utils.model][INFO] - Step 24/40 - val_loss: 1.1958 - val_accuracy: 0.7285
[2024-06-19 18:30:31,269][utils.model][INFO] - Step 25/40 - val_loss: 1.1893 - val_accuracy: 0.7295
[2024-06-19 18:30:31,288][utils.model][INFO] - Step 26/40 - val_loss: 1.1884 - val_accuracy: 0.7303
[2024-06-19 18:30:31,307][utils.model][INFO] - Step 27/40 - val_loss: 1.1876 - val_accuracy: 0.7329
[2024-06-19 18:30:31,325][utils.model][INFO] - Step 28/40 - val_loss: 1.1828 - val_accuracy: 0.7356
[2024-06-19 18:30:31,342][utils.model][INFO] - Step 29/40 - val_loss: 1.1795 - val_accuracy: 0.7376
[2024-06-19 18:30:31,359][utils.model][INFO] - Step 30/40 - val_loss: 1.1810 - val_accuracy: 0.7378
[2024-06-19 18:30:31,377][utils.model][INFO] - Step 31/40 - val_loss: 1.1771 - val_accuracy: 0.7400
[2024-06-19 18:30:31,397][utils.model][INFO] - Step 32/40 - val_loss: 1.1724 - val_accuracy: 0.7411
[2024-06-19 18:30:31,415][utils.model][INFO] - Step 33/40 - val_loss: 1.1706 - val_accuracy: 0.7430
[2024-06-19 18:30:31,432][utils.model][INFO] - Step 34/40 - val_loss: 1.1652 - val_accuracy: 0.7443
[2024-06-19 18:30:31,451][utils.model][INFO] - Step 35/40 - val_loss: 1.1585 - val_accuracy: 0.7475
[2024-06-19 18:30:31,471][utils.model][INFO] - Step 36/40 - val_loss: 1.1574 - val_accuracy: 0.7475
[2024-06-19 18:30:31,492][utils.model][INFO] - Step 37/40 - val_loss: 1.1536 - val_accuracy: 0.7510
[2024-06-19 18:30:31,512][utils.model][INFO] - Step 38/40 - val_loss: 1.1544 - val_accuracy: 0.7511
[2024-06-19 18:30:31,531][utils.model][INFO] - Step 39/40 - val_loss: 1.1597 - val_accuracy: 0.7485
[2024-06-19 18:30:31,540][utils.model][INFO] - Step 40/40 - val_loss: 1.1551 - val_accuracy: 0.7487
[2024-06-19 18:30:31,541][utils.model][INFO] - Evaluation Results - Val Loss: 1.1551, Val Accuracy: 0.7487 in 40 steps
[2024-06-19 18:30:31,543][root][INFO] - Appended data to last row of column centralized_loss in server data
[2024-06-19 18:30:31,543][root][INFO] - Appended data to last row of column centralized_acc in server data
[2024-06-19 18:30:31,543][root][INFO] - Appended {'centralized_loss': 1.1550945, 'centralized_acc': 0.7487} to the last row of server data
[2024-06-19 18:30:31,543][flwr][INFO] - fit progress: (1, 1.1550945, {'accuracy': 0.7487}, 7.3965340689974255)
[2024-06-19 18:30:31,543][flwr][DEBUG] - evaluate_round 1: strategy sampled 3 clients (out of 3)
[2024-06-19 18:30:32,173][flwr][DEBUG] - evaluate_round 1 received 3 results and 0 failures
[2024-06-19 18:30:32,175][root][INFO] - Added epoch data: {'round': 0, 'experiment_id': 'exp_20240619_183015', 'epoch_steps': 0, 'total_steps': 0, 'l2_norm': 0.0, 'total_computation_time': 0.0, 'total_rtc_check_time': 0.0, 'total_duration': 0.0, 'val_loss': 0.0, 'val_accuracy': 0.0}
[2024-06-19 18:30:32,176][root][INFO] - Added training data: {'round': 0, 'experiment_id': 'exp_20240619_183015', 'step_no': 0, 'loss': 0.0, 'accuracy': 0.0, 'l2_norm': 0.0, 'computation_time': 0.0, 'rtc_check_time': 0.0, 'batch_time': 0.0}
[2024-06-19 18:30:32,179][root][INFO] - Added epoch data: {'round': 1, 'epoch_steps': 23, 'total_steps': 23, 'l2_norm': 5.147593975067139, 'total_computation_time': 1.4206032752990723, 'total_rtc_check_time': 0.08618313198530814, 'total_duration': 1.7217919826507568, 'val_loss': 1.1832599639892578, 'val_accuracy': 0.7360000014305115, 'experiment_id': 'exp_20240619_183015'}
[2024-06-19 18:30:32,183][root][INFO] - Epoch data saved to /home/psklavos/fl/geom_aio/csv_logs/exp_20240619_183015/clients/client_0/epoch.csv
[2024-06-19 18:30:32,215][root][INFO] - Added training data List. New Data Added: 23
[2024-06-19 18:30:32,217][root][INFO] - Training data saved to /home/psklavos/fl/geom_aio/csv_logs/exp_20240619_183015/clients/client_0/training.csv
[2024-06-19 18:30:32,218][root][INFO] - Appended data to last row of column distributed_loss in server data
[2024-06-19 18:30:32,218][root][INFO] - Appended data to last row of column distributed_acc in server data
[2024-06-19 18:30:32,218][root][INFO] - Appended {'distributed_loss': 1.1885809898376465, 'distributed_acc': 0.7294999957084656} to the last row of server data
[2024-06-19 18:30:32,220][root][INFO] - Server data saved to /home/psklavos/fl/geom_aio/csv_logs/exp_20240619_183015/server/server.csv
[2024-06-19 18:30:36,896][flwr][DEBUG] - fit_round 2: strategy sampled 3 clients (out of 3)
[2024-06-19 18:30:41,497][flwr][DEBUG] - fit_round 2 received 3 results and 0 failures
[2024-06-19 18:30:41,503][root][INFO] - Added server data: {'round': 2, 'average_norm': 5.0150039990743, 'round_time': 6.052942151824707, 'average_downlink_time': 0.7907028973333334, 'average_rtc_check_time': 0.29900752031971933, 'average_uplink_time': 0.5791610963333333, 'average_computation_time': 3.984487851460775, 'average_communication_time': 1.6688715139863861, 'average_fit_time': 4.580672979354858, 'average_throughput': 3.8746694150314904, 'dropouts': 0, 'experiment_id': 'exp_20240619_183015'}
[2024-06-19 18:30:41,565][utils.model][INFO] - LeNet model built
[2024-06-19 18:30:41,683][utils.model][INFO] - Size of serialized model: 279.0341796875 kbytes
[2024-06-19 18:30:41,725][utils.model][INFO] - Step 1/40 - val_loss: 0.3027 - val_accuracy: 0.8945
[2024-06-19 18:30:41,745][utils.model][INFO] - Step 2/40 - val_loss: 0.3565 - val_accuracy: 0.8809
[2024-06-19 18:30:41,764][utils.model][INFO] - Step 3/40 - val_loss: 0.3866 - val_accuracy: 0.8776
[2024-06-19 18:30:41,782][utils.model][INFO] - Step 4/40 - val_loss: 0.3754 - val_accuracy: 0.8799
[2024-06-19 18:30:41,802][utils.model][INFO] - Step 5/40 - val_loss: 0.4163 - val_accuracy: 0.8687
[2024-06-19 18:30:41,821][utils.model][INFO] - Step 6/40 - val_loss: 0.4220 - val_accuracy: 0.8665
[2024-06-19 18:30:41,840][utils.model][INFO] - Step 7/40 - val_loss: 0.4306 - val_accuracy: 0.8650
[2024-06-19 18:30:41,858][utils.model][INFO] - Step 8/40 - val_loss: 0.4264 - val_accuracy: 0.8662
[2024-06-19 18:30:41,877][utils.model][INFO] - Step 9/40 - val_loss: 0.4364 - val_accuracy: 0.8663
[2024-06-19 18:30:41,897][utils.model][INFO] - Step 10/40 - val_loss: 0.4288 - val_accuracy: 0.8680
[2024-06-19 18:30:41,915][utils.model][INFO] - Step 11/40 - val_loss: 0.4266 - val_accuracy: 0.8690
[2024-06-19 18:30:41,934][utils.model][INFO] - Step 12/40 - val_loss: 0.4218 - val_accuracy: 0.8695
[2024-06-19 18:30:41,952][utils.model][INFO] - Step 13/40 - val_loss: 0.4228 - val_accuracy: 0.8696
[2024-06-19 18:30:41,974][utils.model][INFO] - Step 14/40 - val_loss: 0.4220 - val_accuracy: 0.8677
[2024-06-19 18:30:41,992][utils.model][INFO] - Step 15/40 - val_loss: 0.4278 - val_accuracy: 0.8669
[2024-06-19 18:30:42,010][utils.model][INFO] - Step 16/40 - val_loss: 0.4312 - val_accuracy: 0.8660
[2024-06-19 18:30:42,029][utils.model][INFO] - Step 17/40 - val_loss: 0.4348 - val_accuracy: 0.8633
[2024-06-19 18:30:42,049][utils.model][INFO] - Step 18/40 - val_loss: 0.4346 - val_accuracy: 0.8633
[2024-06-19 18:30:42,069][utils.model][INFO] - Step 19/40 - val_loss: 0.4340 - val_accuracy: 0.8639
[2024-06-19 18:30:42,088][utils.model][INFO] - Step 20/40 - val_loss: 0.4355 - val_accuracy: 0.8643
[2024-06-19 18:30:42,107][utils.model][INFO] - Step 21/40 - val_loss: 0.4251 - val_accuracy: 0.8676
[2024-06-19 18:30:42,125][utils.model][INFO] - Step 22/40 - val_loss: 0.4134 - val_accuracy: 0.8720
[2024-06-19 18:30:42,143][utils.model][INFO] - Step 23/40 - val_loss: 0.4089 - val_accuracy: 0.8716
[2024-06-19 18:30:42,161][utils.model][INFO] - Step 24/40 - val_loss: 0.4073 - val_accuracy: 0.8727
[2024-06-19 18:30:42,182][utils.model][INFO] - Step 25/40 - val_loss: 0.3995 - val_accuracy: 0.8755
[2024-06-19 18:30:42,199][utils.model][INFO] - Step 26/40 - val_loss: 0.4018 - val_accuracy: 0.8745
[2024-06-19 18:30:42,218][utils.model][INFO] - Step 27/40 - val_loss: 0.3991 - val_accuracy: 0.8751
[2024-06-19 18:30:42,236][utils.model][INFO] - Step 28/40 - val_loss: 0.3910 - val_accuracy: 0.8782
[2024-06-19 18:30:42,255][utils.model][INFO] - Step 29/40 - val_loss: 0.3844 - val_accuracy: 0.8809
[2024-06-19 18:30:42,274][utils.model][INFO] - Step 30/40 - val_loss: 0.3834 - val_accuracy: 0.8815
[2024-06-19 18:30:42,295][utils.model][INFO] - Step 31/40 - val_loss: 0.3819 - val_accuracy: 0.8826
[2024-06-19 18:30:42,315][utils.model][INFO] - Step 32/40 - val_loss: 0.3757 - val_accuracy: 0.8842
[2024-06-19 18:30:42,333][utils.model][INFO] - Step 33/40 - val_loss: 0.3730 - val_accuracy: 0.8853
[2024-06-19 18:30:42,352][utils.model][INFO] - Step 34/40 - val_loss: 0.3660 - val_accuracy: 0.8876
[2024-06-19 18:30:42,370][utils.model][INFO] - Step 35/40 - val_loss: 0.3582 - val_accuracy: 0.8903
[2024-06-19 18:30:42,389][utils.model][INFO] - Step 36/40 - val_loss: 0.3571 - val_accuracy: 0.8907
[2024-06-19 18:30:42,409][utils.model][INFO] - Step 37/40 - val_loss: 0.3523 - val_accuracy: 0.8923
[2024-06-19 18:30:42,429][utils.model][INFO] - Step 38/40 - val_loss: 0.3522 - val_accuracy: 0.8920
[2024-06-19 18:30:42,450][utils.model][INFO] - Step 39/40 - val_loss: 0.3580 - val_accuracy: 0.8906
[2024-06-19 18:30:42,459][utils.model][INFO] - Step 40/40 - val_loss: 0.3549 - val_accuracy: 0.8907
[2024-06-19 18:30:42,461][utils.model][INFO] - Evaluation Results - Val Loss: 0.3549, Val Accuracy: 0.8907 in 40 steps
[2024-06-19 18:30:42,463][root][INFO] - Appended data to last row of column centralized_loss in server data
[2024-06-19 18:30:42,463][root][INFO] - Appended data to last row of column centralized_acc in server data
[2024-06-19 18:30:42,463][root][INFO] - Appended {'centralized_loss': 0.3549015, 'centralized_acc': 0.8907} to the last row of server data
[2024-06-19 18:30:42,463][flwr][INFO] - fit progress: (2, 0.3549015, {'accuracy': 0.8907}, 18.31651325600251)
[2024-06-19 18:30:42,463][flwr][DEBUG] - evaluate_round 2: strategy sampled 3 clients (out of 3)
[2024-06-19 18:30:43,078][flwr][DEBUG] - evaluate_round 2 received 3 results and 0 failures
[2024-06-19 18:30:43,080][root][INFO] - Added epoch data: {'round': 2, 'epoch_steps': 75, 'total_steps': 98, 'l2_norm': 5.0796051025390625, 'total_computation_time': 3.9909918308258057, 'total_rtc_check_time': 0.2916682189825224, 'total_duration': 4.580845832824707, 'val_loss': 0.3713003098964691, 'val_accuracy': 0.8895000219345093, 'experiment_id': 'exp_20240619_183015'}
[2024-06-19 18:30:43,081][root][INFO] - Epoch data saved to /home/psklavos/fl/geom_aio/csv_logs/exp_20240619_183015/clients/client_0/epoch.csv
[2024-06-19 18:30:43,159][root][INFO] - Added training data List. New Data Added: 75
[2024-06-19 18:30:43,161][root][INFO] - Training data saved to /home/psklavos/fl/geom_aio/csv_logs/exp_20240619_183015/clients/client_0/training.csv
[2024-06-19 18:30:43,161][root][INFO] - Appended data to last row of column distributed_loss in server data
[2024-06-19 18:30:43,161][root][INFO] - Appended data to last row of column distributed_acc in server data
[2024-06-19 18:30:43,161][root][INFO] - Appended {'distributed_loss': 0.37986161311467487, 'distributed_acc': 0.8828333417574564} to the last row of server data
[2024-06-19 18:30:43,162][root][INFO] - Server data saved to /home/psklavos/fl/geom_aio/csv_logs/exp_20240619_183015/server/server.csv
[2024-06-19 18:30:47,441][flwr][DEBUG] - fit_round 3: strategy sampled 3 clients (out of 3)
[2024-06-19 18:30:55,339][flwr][DEBUG] - fit_round 3 received 3 results and 0 failures
[2024-06-19 18:30:55,344][root][INFO] - Added server data: {'round': 3, 'average_norm': 5.0213009516398115, 'round_time': 9.111632927475098, 'average_downlink_time': 0.670729644, 'average_rtc_check_time': 0.5410337187058758, 'average_uplink_time': 0.41337220033333333, 'average_computation_time': 6.852251688639323, 'average_communication_time': 1.625135563039209, 'average_fit_time': 7.875600337982178, 'average_throughput': 5.679389578634837, 'dropouts': 0, 'experiment_id': 'exp_20240619_183015'}
[2024-06-19 18:30:55,402][utils.model][INFO] - LeNet model built
[2024-06-19 18:30:55,519][utils.model][INFO] - Size of serialized model: 279.0341796875 kbytes
[2024-06-19 18:30:55,561][utils.model][INFO] - Step 1/40 - val_loss: 0.1338 - val_accuracy: 0.9648
[2024-06-19 18:30:55,587][utils.model][INFO] - Step 2/40 - val_loss: 0.1833 - val_accuracy: 0.9512
[2024-06-19 18:30:55,612][utils.model][INFO] - Step 3/40 - val_loss: 0.1965 - val_accuracy: 0.9427
[2024-06-19 18:30:55,632][utils.model][INFO] - Step 4/40 - val_loss: 0.2018 - val_accuracy: 0.9434
[2024-06-19 18:30:55,654][utils.model][INFO] - Step 5/40 - val_loss: 0.2244 - val_accuracy: 0.9359
[2024-06-19 18:30:55,674][utils.model][INFO] - Step 6/40 - val_loss: 0.2275 - val_accuracy: 0.9336
[2024-06-19 18:30:55,693][utils.model][INFO] - Step 7/40 - val_loss: 0.2321 - val_accuracy: 0.9325
[2024-06-19 18:30:55,711][utils.model][INFO] - Step 8/40 - val_loss: 0.2278 - val_accuracy: 0.9326
[2024-06-19 18:30:55,730][utils.model][INFO] - Step 9/40 - val_loss: 0.2385 - val_accuracy: 0.9297
[2024-06-19 18:30:55,749][utils.model][INFO] - Step 10/40 - val_loss: 0.2343 - val_accuracy: 0.9285
[2024-06-19 18:30:55,769][utils.model][INFO] - Step 11/40 - val_loss: 0.2313 - val_accuracy: 0.9286
[2024-06-19 18:30:55,789][utils.model][INFO] - Step 12/40 - val_loss: 0.2266 - val_accuracy: 0.9300
[2024-06-19 18:30:55,809][utils.model][INFO] - Step 13/40 - val_loss: 0.2289 - val_accuracy: 0.9303
[2024-06-19 18:30:55,828][utils.model][INFO] - Step 14/40 - val_loss: 0.2278 - val_accuracy: 0.9297
[2024-06-19 18:30:55,847][utils.model][INFO] - Step 15/40 - val_loss: 0.2330 - val_accuracy: 0.9271
[2024-06-19 18:30:55,869][utils.model][INFO] - Step 16/40 - val_loss: 0.2361 - val_accuracy: 0.9260
[2024-06-19 18:30:55,887][utils.model][INFO] - Step 17/40 - val_loss: 0.2370 - val_accuracy: 0.9253
[2024-06-19 18:30:55,906][utils.model][INFO] - Step 18/40 - val_loss: 0.2363 - val_accuracy: 0.9245
[2024-06-19 18:30:55,924][utils.model][INFO] - Step 19/40 - val_loss: 0.2356 - val_accuracy: 0.9252
[2024-06-19 18:30:55,942][utils.model][INFO] - Step 20/40 - val_loss: 0.2349 - val_accuracy: 0.9252
[2024-06-19 18:30:55,960][utils.model][INFO] - Step 21/40 - val_loss: 0.2276 - val_accuracy: 0.9280
[2024-06-19 18:30:55,978][utils.model][INFO] - Step 22/40 - val_loss: 0.2207 - val_accuracy: 0.9300
[2024-06-19 18:30:55,997][utils.model][INFO] - Step 23/40 - val_loss: 0.2186 - val_accuracy: 0.9304
[2024-06-19 18:30:56,015][utils.model][INFO] - Step 24/40 - val_loss: 0.2239 - val_accuracy: 0.9282
[2024-06-19 18:30:56,033][utils.model][INFO] - Step 25/40 - val_loss: 0.2200 - val_accuracy: 0.9298
[2024-06-19 18:30:56,051][utils.model][INFO] - Step 26/40 - val_loss: 0.2213 - val_accuracy: 0.9295
[2024-06-19 18:30:56,071][utils.model][INFO] - Step 27/40 - val_loss: 0.2185 - val_accuracy: 0.9308
[2024-06-19 18:30:56,089][utils.model][INFO] - Step 28/40 - val_loss: 0.2124 - val_accuracy: 0.9328
[2024-06-19 18:30:56,107][utils.model][INFO] - Step 29/40 - val_loss: 0.2074 - val_accuracy: 0.9347
[2024-06-19 18:30:56,124][utils.model][INFO] - Step 30/40 - val_loss: 0.2042 - val_accuracy: 0.9355
[2024-06-19 18:30:56,143][utils.model][INFO] - Step 31/40 - val_loss: 0.2021 - val_accuracy: 0.9357
[2024-06-19 18:30:56,161][utils.model][INFO] - Step 32/40 - val_loss: 0.1992 - val_accuracy: 0.9365
[2024-06-19 18:30:56,180][utils.model][INFO] - Step 33/40 - val_loss: 0.1966 - val_accuracy: 0.9374
