[2024-02-09 17:42:39,316][tensorflow][INFO] - Assets written to: /tmp/tmpp8pmia2l/assets
[2024-02-09 17:42:39,340][flwr][INFO] - Opened insecure gRPC connection (no certificates were passed)
[2024-02-09 17:42:39,350][flwr][DEBUG] - ChannelConnectivity.IDLE
[2024-02-09 17:42:39,365][flwr][DEBUG] - ChannelConnectivity.CONNECTING
[2024-02-09 17:42:39,366][flwr][DEBUG] - ChannelConnectivity.READY
[2024-02-09 17:42:39,451][tensorflow][INFO] - Assets written to: /tmp/tmpayi1owj9/assets
[2024-02-09 17:42:39,452][tensorflow][INFO] - Assets written to: /tmp/tmper1z2ev8/assets
[2024-02-09 17:42:39,465][flwr][INFO] - Opened insecure gRPC connection (no certificates were passed)
[2024-02-09 17:42:39,467][flwr][DEBUG] - ChannelConnectivity.IDLE
[2024-02-09 17:42:39,469][flwr][DEBUG] - ChannelConnectivity.CONNECTING
[2024-02-09 17:42:39,470][flwr][DEBUG] - ChannelConnectivity.READY
[2024-02-09 17:42:39,472][flwr][INFO] - Opened insecure gRPC connection (no certificates were passed)
[2024-02-09 17:42:39,474][flwr][DEBUG] - ChannelConnectivity.IDLE
[2024-02-09 17:42:39,475][flwr][DEBUG] - ChannelConnectivity.CONNECTING
[2024-02-09 17:42:39,476][flwr][DEBUG] - ChannelConnectivity.READY
[2024-02-09 17:42:39,501][tensorflow][INFO] - Assets written to: /tmp/tmpe294yd6u/assets
[2024-02-09 17:42:39,531][flwr][INFO] - Opened insecure gRPC connection (no certificates were passed)
[2024-02-09 17:42:39,536][flwr][DEBUG] - ChannelConnectivity.IDLE
[2024-02-09 17:42:39,540][flwr][DEBUG] - ChannelConnectivity.CONNECTING
[2024-02-09 17:42:39,541][flwr][DEBUG] - ChannelConnectivity.READY
[2024-02-09 17:43:51,489][flwr][DEBUG] - ChannelConnectivity.IDLE
[2024-02-09 17:43:51,489][flwr][DEBUG] - ChannelConnectivity.IDLE
[2024-02-09 17:43:51,489][flwr][DEBUG] - ChannelConnectivity.IDLE
[2024-02-09 17:43:51,491][flwr][DEBUG] - ChannelConnectivity.IDLE
[2024-02-09 17:43:51,691][flwr][DEBUG] - gRPC channel closed
[2024-02-09 17:43:51,691][flwr][DEBUG] - gRPC channel closed
[2024-02-09 17:43:51,691][flwr][DEBUG] - gRPC channel closed
[2024-02-09 17:43:51,694][flwr][DEBUG] - gRPC channel closed
