[2024-06-22 17:30:27,861][root][INFO] - Initialized DataManager for experiment exp_20240622_173027
[2024-06-22 17:30:27,867][root][INFO] - Info data saved to /home/psklavos/fl/geom_aio/csv_logs/exp_20240622_173027/info.csv
[2024-06-22 17:30:27,868][flwr][INFO] - Starting Flower server, config: ServerConfig(num_rounds=3, round_timeout=None)
[2024-06-22 17:30:27,870][flwr][INFO] - Flower ECE: gRPC server running (3 rounds), SSL is disabled
[2024-06-22 17:30:27,871][flwr][INFO] - Initializing global parameters
[2024-06-22 17:30:27,871][flwr][INFO] - Requesting initial parameters from one random client
[2024-06-22 17:30:36,805][flwr][INFO] - Received initial parameters from one random client
[2024-06-22 17:30:36,805][flwr][INFO] - Evaluating initial parameters
[2024-06-22 17:30:36,984][utils.model][INFO] - LeNet model built
[2024-06-22 17:30:37,313][utils.model][INFO] - Size of serialized model: 279.0341796875 kbytes
[2024-06-22 17:30:37,390][utils.model][INFO] - Step 1/40 - val_loss: 2.2973 - val_accuracy: 0.1211
[2024-06-22 17:30:37,421][utils.model][INFO] - Step 2/40 - val_loss: 2.3019 - val_accuracy: 0.1211
[2024-06-22 17:30:37,452][utils.model][INFO] - Step 3/40 - val_loss: 2.3024 - val_accuracy: 0.1120
[2024-06-22 17:30:37,478][utils.model][INFO] - Step 4/40 - val_loss: 2.3071 - val_accuracy: 0.1035
[2024-06-22 17:30:37,504][utils.model][INFO] - Step 5/40 - val_loss: 2.3061 - val_accuracy: 0.1000
[2024-06-22 17:30:37,526][utils.model][INFO] - Step 6/40 - val_loss: 2.3058 - val_accuracy: 0.1035
[2024-06-22 17:30:37,547][utils.model][INFO] - Step 7/40 - val_loss: 2.3045 - val_accuracy: 0.1044
[2024-06-22 17:30:37,569][utils.model][INFO] - Step 8/40 - val_loss: 2.3048 - val_accuracy: 0.1025
[2024-06-22 17:30:37,600][utils.model][INFO] - Step 9/40 - val_loss: 2.3063 - val_accuracy: 0.1016
[2024-06-22 17:30:37,630][utils.model][INFO] - Step 10/40 - val_loss: 2.3060 - val_accuracy: 0.1027
[2024-06-22 17:30:37,663][utils.model][INFO] - Step 11/40 - val_loss: 2.3059 - val_accuracy: 0.1019
[2024-06-22 17:30:37,699][utils.model][INFO] - Step 12/40 - val_loss: 2.3048 - val_accuracy: 0.1035
[2024-06-22 17:30:37,719][utils.model][INFO] - Step 13/40 - val_loss: 2.3058 - val_accuracy: 0.0995
[2024-06-22 17:30:37,742][utils.model][INFO] - Step 14/40 - val_loss: 2.3051 - val_accuracy: 0.0999
[2024-06-22 17:30:37,764][utils.model][INFO] - Step 15/40 - val_loss: 2.3054 - val_accuracy: 0.0992
[2024-06-22 17:30:37,783][utils.model][INFO] - Step 16/40 - val_loss: 2.3041 - val_accuracy: 0.1025
[2024-06-22 17:30:37,804][utils.model][INFO] - Step 17/40 - val_loss: 2.3038 - val_accuracy: 0.1066
[2024-06-22 17:30:37,823][utils.model][INFO] - Step 18/40 - val_loss: 2.3036 - val_accuracy: 0.1076
[2024-06-22 17:30:37,842][utils.model][INFO] - Step 19/40 - val_loss: 2.3033 - val_accuracy: 0.1086
[2024-06-22 17:30:37,861][utils.model][INFO] - Step 20/40 - val_loss: 2.3036 - val_accuracy: 0.1100
[2024-06-22 17:30:37,887][utils.model][INFO] - Step 21/40 - val_loss: 2.3037 - val_accuracy: 0.1094
[2024-06-22 17:30:37,910][utils.model][INFO] - Step 22/40 - val_loss: 2.3039 - val_accuracy: 0.1088
[2024-06-22 17:30:37,933][utils.model][INFO] - Step 23/40 - val_loss: 2.3041 - val_accuracy: 0.1085
[2024-06-22 17:30:37,954][utils.model][INFO] - Step 24/40 - val_loss: 2.3044 - val_accuracy: 0.1077
[2024-06-22 17:30:37,974][utils.model][INFO] - Step 25/40 - val_loss: 2.3050 - val_accuracy: 0.1066
[2024-06-22 17:30:37,995][utils.model][INFO] - Step 26/40 - val_loss: 2.3057 - val_accuracy: 0.1071
[2024-06-22 17:30:38,014][utils.model][INFO] - Step 27/40 - val_loss: 2.3058 - val_accuracy: 0.1066
[2024-06-22 17:30:38,033][utils.model][INFO] - Step 28/40 - val_loss: 2.3060 - val_accuracy: 0.1066
[2024-06-22 17:30:38,051][utils.model][INFO] - Step 29/40 - val_loss: 2.3063 - val_accuracy: 0.1063
[2024-06-22 17:30:38,073][utils.model][INFO] - Step 30/40 - val_loss: 2.3064 - val_accuracy: 0.1069
[2024-06-22 17:30:38,092][utils.model][INFO] - Step 31/40 - val_loss: 2.3069 - val_accuracy: 0.1066
[2024-06-22 17:30:38,113][utils.model][INFO] - Step 32/40 - val_loss: 2.3070 - val_accuracy: 0.1064
[2024-06-22 17:30:38,132][utils.model][INFO] - Step 33/40 - val_loss: 2.3072 - val_accuracy: 0.1064
[2024-06-22 17:30:38,153][utils.model][INFO] - Step 34/40 - val_loss: 2.3073 - val_accuracy: 0.1059
[2024-06-22 17:30:38,172][utils.model][INFO] - Step 35/40 - val_loss: 2.3074 - val_accuracy: 0.1061
[2024-06-22 17:30:38,190][utils.model][INFO] - Step 36/40 - val_loss: 2.3080 - val_accuracy: 0.1058
[2024-06-22 17:30:38,208][utils.model][INFO] - Step 37/40 - val_loss: 2.3078 - val_accuracy: 0.1057
[2024-06-22 17:30:38,225][utils.model][INFO] - Step 38/40 - val_loss: 2.3081 - val_accuracy: 0.1056
[2024-06-22 17:30:38,243][utils.model][INFO] - Step 39/40 - val_loss: 2.3085 - val_accuracy: 0.1052
[2024-06-22 17:30:38,252][utils.model][INFO] - Step 40/40 - val_loss: 2.3087 - val_accuracy: 0.1051
[2024-06-22 17:30:38,254][utils.model][INFO] - Evaluation Results - Val Loss: 2.3087, Val Accuracy: 0.1051 in 40 steps
[2024-06-22 17:30:38,259][flwr][INFO] - initial parameters (loss, other metrics): 2.308702, {'accuracy': 0.1051}
[2024-06-22 17:30:38,259][flwr][INFO] - FL starting
[2024-06-22 17:30:44,183][flwr][DEBUG] - fit_round 1: strategy sampled 5 clients (out of 5)
[2024-06-22 17:30:46,009][flwr][DEBUG] - fit_round 1 received 5 results and 0 failures
[2024-06-22 17:30:46,078][utils.model][INFO] - LeNet model built
[2024-06-22 17:30:46,189][utils.model][INFO] - Size of serialized model: 279.0341796875 kbytes
[2024-06-22 17:30:46,223][utils.model][INFO] - Step 1/40 - val_loss: 1.2250 - val_accuracy: 0.7031
[2024-06-22 17:30:46,243][utils.model][INFO] - Step 2/40 - val_loss: 1.2609 - val_accuracy: 0.6758
[2024-06-22 17:30:46,262][utils.model][INFO] - Step 3/40 - val_loss: 1.2706 - val_accuracy: 0.6771
[2024-06-22 17:30:46,282][utils.model][INFO] - Step 4/40 - val_loss: 1.2545 - val_accuracy: 0.6924
[2024-06-22 17:30:46,302][utils.model][INFO] - Step 5/40 - val_loss: 1.2778 - val_accuracy: 0.6766
[2024-06-22 17:30:46,323][utils.model][INFO] - Step 6/40 - val_loss: 1.2859 - val_accuracy: 0.6693
[2024-06-22 17:30:46,345][utils.model][INFO] - Step 7/40 - val_loss: 1.2906 - val_accuracy: 0.6696
[2024-06-22 17:30:46,365][utils.model][INFO] - Step 8/40 - val_loss: 1.2875 - val_accuracy: 0.6694
[2024-06-22 17:30:46,384][utils.model][INFO] - Step 9/40 - val_loss: 1.2972 - val_accuracy: 0.6632
[2024-06-22 17:30:46,403][utils.model][INFO] - Step 10/40 - val_loss: 1.2929 - val_accuracy: 0.6629
[2024-06-22 17:30:46,422][utils.model][INFO] - Step 11/40 - val_loss: 1.2938 - val_accuracy: 0.6658
[2024-06-22 17:30:46,442][utils.model][INFO] - Step 12/40 - val_loss: 1.2915 - val_accuracy: 0.6663
[2024-06-22 17:30:46,461][utils.model][INFO] - Step 13/40 - val_loss: 1.2870 - val_accuracy: 0.6704
[2024-06-22 17:30:46,480][utils.model][INFO] - Step 14/40 - val_loss: 1.2888 - val_accuracy: 0.6685
[2024-06-22 17:30:46,499][utils.model][INFO] - Step 15/40 - val_loss: 1.2901 - val_accuracy: 0.6667
[2024-06-22 17:30:46,519][utils.model][INFO] - Step 16/40 - val_loss: 1.2897 - val_accuracy: 0.6648
[2024-06-22 17:30:46,540][utils.model][INFO] - Step 17/40 - val_loss: 1.2915 - val_accuracy: 0.6615
[2024-06-22 17:30:46,560][utils.model][INFO] - Step 18/40 - val_loss: 1.2949 - val_accuracy: 0.6593
[2024-06-22 17:30:46,579][utils.model][INFO] - Step 19/40 - val_loss: 1.2944 - val_accuracy: 0.6581
[2024-06-22 17:30:46,600][utils.model][INFO] - Step 20/40 - val_loss: 1.2899 - val_accuracy: 0.6598
[2024-06-22 17:30:46,619][utils.model][INFO] - Step 21/40 - val_loss: 1.2814 - val_accuracy: 0.6657
[2024-06-22 17:30:46,640][utils.model][INFO] - Step 22/40 - val_loss: 1.2729 - val_accuracy: 0.6712
[2024-06-22 17:30:46,659][utils.model][INFO] - Step 23/40 - val_loss: 1.2673 - val_accuracy: 0.6715
[2024-06-22 17:30:46,678][utils.model][INFO] - Step 24/40 - val_loss: 1.2632 - val_accuracy: 0.6745
[2024-06-22 17:30:46,698][utils.model][INFO] - Step 25/40 - val_loss: 1.2540 - val_accuracy: 0.6786
[2024-06-22 17:30:46,717][utils.model][INFO] - Step 26/40 - val_loss: 1.2548 - val_accuracy: 0.6798
[2024-06-22 17:30:46,737][utils.model][INFO] - Step 27/40 - val_loss: 1.2539 - val_accuracy: 0.6793
[2024-06-22 17:30:46,756][utils.model][INFO] - Step 28/40 - val_loss: 1.2516 - val_accuracy: 0.6823
[2024-06-22 17:30:46,776][utils.model][INFO] - Step 29/40 - val_loss: 1.2496 - val_accuracy: 0.6856
[2024-06-22 17:30:46,795][utils.model][INFO] - Step 30/40 - val_loss: 1.2511 - val_accuracy: 0.6859
[2024-06-22 17:30:46,819][utils.model][INFO] - Step 31/40 - val_loss: 1.2486 - val_accuracy: 0.6862
[2024-06-22 17:30:46,837][utils.model][INFO] - Step 32/40 - val_loss: 1.2446 - val_accuracy: 0.6884
[2024-06-22 17:30:46,856][utils.model][INFO] - Step 33/40 - val_loss: 1.2430 - val_accuracy: 0.6895
[2024-06-22 17:30:46,875][utils.model][INFO] - Step 34/40 - val_loss: 1.2369 - val_accuracy: 0.6926
[2024-06-22 17:30:46,895][utils.model][INFO] - Step 35/40 - val_loss: 1.2314 - val_accuracy: 0.6958
[2024-06-22 17:30:46,915][utils.model][INFO] - Step 36/40 - val_loss: 1.2312 - val_accuracy: 0.6968
[2024-06-22 17:30:46,936][utils.model][INFO] - Step 37/40 - val_loss: 1.2276 - val_accuracy: 0.6988
[2024-06-22 17:30:46,957][utils.model][INFO] - Step 38/40 - val_loss: 1.2285 - val_accuracy: 0.6990
[2024-06-22 17:30:46,977][utils.model][INFO] - Step 39/40 - val_loss: 1.2333 - val_accuracy: 0.6981
[2024-06-22 17:30:46,986][utils.model][INFO] - Step 40/40 - val_loss: 1.2276 - val_accuracy: 0.6984
[2024-06-22 17:30:46,988][utils.model][INFO] - Evaluation Results - Val Loss: 1.2276, Val Accuracy: 0.6984 in 40 steps
[2024-06-22 17:30:46,989][flwr][INFO] - fit progress: (1, 1.2275872, {'accuracy': 0.6984}, 8.730365531984717)
[2024-06-22 17:30:46,990][flwr][DEBUG] - evaluate_round 1: strategy sampled 5 clients (out of 5)
[2024-06-22 17:30:47,466][flwr][DEBUG] - evaluate_round 1 received 5 results and 0 failures
[2024-06-22 17:30:47,471][root][INFO] - Epoch data saved to /home/psklavos/fl/geom_aio/csv_logs/exp_20240622_173027/clients/client_0/epoch.csv
[2024-06-22 17:30:47,491][root][INFO] - Batch data saved to /home/psklavos/fl/geom_aio/csv_logs/exp_20240622_173027/clients/client_0/batch.csv
[2024-06-22 17:30:47,492][root][INFO] - Server data saved to /home/psklavos/fl/geom_aio/csv_logs/exp_20240622_173027/server/server.csv
[2024-06-22 17:30:53,322][flwr][DEBUG] - fit_round 2: strategy sampled 5 clients (out of 5)
[2024-06-22 17:30:58,918][flwr][DEBUG] - fit_round 2 received 5 results and 0 failures
[2024-06-22 17:30:58,991][utils.model][INFO] - LeNet model built
[2024-06-22 17:30:59,114][utils.model][INFO] - Size of serialized model: 279.0341796875 kbytes
[2024-06-22 17:30:59,183][utils.model][INFO] - Step 1/40 - val_loss: 0.3310 - val_accuracy: 0.8945
[2024-06-22 17:30:59,205][utils.model][INFO] - Step 2/40 - val_loss: 0.3770 - val_accuracy: 0.8770
[2024-06-22 17:30:59,227][utils.model][INFO] - Step 3/40 - val_loss: 0.3836 - val_accuracy: 0.8750
[2024-06-22 17:30:59,248][utils.model][INFO] - Step 4/40 - val_loss: 0.3749 - val_accuracy: 0.8799
[2024-06-22 17:30:59,268][utils.model][INFO] - Step 5/40 - val_loss: 0.4091 - val_accuracy: 0.8727
[2024-06-22 17:30:59,288][utils.model][INFO] - Step 6/40 - val_loss: 0.4168 - val_accuracy: 0.8711
[2024-06-22 17:30:59,307][utils.model][INFO] - Step 7/40 - val_loss: 0.4263 - val_accuracy: 0.8722
[2024-06-22 17:30:59,326][utils.model][INFO] - Step 8/40 - val_loss: 0.4232 - val_accuracy: 0.8750
[2024-06-22 17:30:59,345][utils.model][INFO] - Step 9/40 - val_loss: 0.4356 - val_accuracy: 0.8733
[2024-06-22 17:30:59,364][utils.model][INFO] - Step 10/40 - val_loss: 0.4292 - val_accuracy: 0.8746
[2024-06-22 17:30:59,382][utils.model][INFO] - Step 11/40 - val_loss: 0.4258 - val_accuracy: 0.8743
[2024-06-22 17:30:59,402][utils.model][INFO] - Step 12/40 - val_loss: 0.4187 - val_accuracy: 0.8770
[2024-06-22 17:30:59,422][utils.model][INFO] - Step 13/40 - val_loss: 0.4139 - val_accuracy: 0.8792
[2024-06-22 17:30:59,441][utils.model][INFO] - Step 14/40 - val_loss: 0.4130 - val_accuracy: 0.8775
[2024-06-22 17:30:59,461][utils.model][INFO] - Step 15/40 - val_loss: 0.4195 - val_accuracy: 0.8755
[2024-06-22 17:30:59,480][utils.model][INFO] - Step 16/40 - val_loss: 0.4239 - val_accuracy: 0.8738
[2024-06-22 17:30:59,501][utils.model][INFO] - Step 17/40 - val_loss: 0.4277 - val_accuracy: 0.8725
[2024-06-22 17:30:59,524][utils.model][INFO] - Step 18/40 - val_loss: 0.4290 - val_accuracy: 0.8713
[2024-06-22 17:30:59,548][utils.model][INFO] - Step 19/40 - val_loss: 0.4257 - val_accuracy: 0.8729
[2024-06-22 17:30:59,570][utils.model][INFO] - Step 20/40 - val_loss: 0.4222 - val_accuracy: 0.8736
[2024-06-22 17:30:59,590][utils.model][INFO] - Step 21/40 - val_loss: 0.4126 - val_accuracy: 0.8769
[2024-06-22 17:30:59,611][utils.model][INFO] - Step 22/40 - val_loss: 0.4005 - val_accuracy: 0.8816
[2024-06-22 17:30:59,632][utils.model][INFO] - Step 23/40 - val_loss: 0.3961 - val_accuracy: 0.8823
[2024-06-22 17:30:59,654][utils.model][INFO] - Step 24/40 - val_loss: 0.3952 - val_accuracy: 0.8825
[2024-06-22 17:30:59,673][utils.model][INFO] - Step 25/40 - val_loss: 0.3868 - val_accuracy: 0.8853
[2024-06-22 17:30:59,691][utils.model][INFO] - Step 26/40 - val_loss: 0.3847 - val_accuracy: 0.8854
[2024-06-22 17:30:59,709][utils.model][INFO] - Step 27/40 - val_loss: 0.3814 - val_accuracy: 0.8864
[2024-06-22 17:30:59,727][utils.model][INFO] - Step 28/40 - val_loss: 0.3739 - val_accuracy: 0.8890
[2024-06-22 17:30:59,746][utils.model][INFO] - Step 29/40 - val_loss: 0.3675 - val_accuracy: 0.8916
[2024-06-22 17:30:59,765][utils.model][INFO] - Step 30/40 - val_loss: 0.3661 - val_accuracy: 0.8922
[2024-06-22 17:30:59,785][utils.model][INFO] - Step 31/40 - val_loss: 0.3619 - val_accuracy: 0.8936
[2024-06-22 17:30:59,804][utils.model][INFO] - Step 32/40 - val_loss: 0.3564 - val_accuracy: 0.8953
[2024-06-22 17:30:59,822][utils.model][INFO] - Step 33/40 - val_loss: 0.3537 - val_accuracy: 0.8962
[2024-06-22 17:30:59,841][utils.model][INFO] - Step 34/40 - val_loss: 0.3478 - val_accuracy: 0.8980
[2024-06-22 17:30:59,861][utils.model][INFO] - Step 35/40 - val_loss: 0.3409 - val_accuracy: 0.9003
[2024-06-22 17:30:59,879][utils.model][INFO] - Step 36/40 - val_loss: 0.3410 - val_accuracy: 0.9010
[2024-06-22 17:30:59,898][utils.model][INFO] - Step 37/40 - val_loss: 0.3362 - val_accuracy: 0.9029
[2024-06-22 17:30:59,917][utils.model][INFO] - Step 38/40 - val_loss: 0.3354 - val_accuracy: 0.9033
[2024-06-22 17:30:59,936][utils.model][INFO] - Step 39/40 - val_loss: 0.3413 - val_accuracy: 0.9011
[2024-06-22 17:30:59,945][utils.model][INFO] - Step 40/40 - val_loss: 0.3369 - val_accuracy: 0.9012
[2024-06-22 17:30:59,947][utils.model][INFO] - Evaluation Results - Val Loss: 0.3369, Val Accuracy: 0.9012 in 40 steps
[2024-06-22 17:30:59,949][flwr][INFO] - fit progress: (2, 0.3368904, {'accuracy': 0.9012}, 21.689540094987024)
[2024-06-22 17:30:59,949][flwr][DEBUG] - evaluate_round 2: strategy sampled 5 clients (out of 5)
[2024-06-22 17:31:00,467][flwr][DEBUG] - evaluate_round 2 received 5 results and 0 failures
[2024-06-22 17:31:00,469][root][INFO] - Epoch data saved to /home/psklavos/fl/geom_aio/csv_logs/exp_20240622_173027/clients/client_0/epoch.csv
[2024-06-22 17:31:00,533][root][INFO] - Batch data saved to /home/psklavos/fl/geom_aio/csv_logs/exp_20240622_173027/clients/client_0/batch.csv
[2024-06-22 17:31:00,534][root][INFO] - Server data saved to /home/psklavos/fl/geom_aio/csv_logs/exp_20240622_173027/server/server.csv
[2024-06-22 17:31:06,572][flwr][DEBUG] - fit_round 3: strategy sampled 5 clients (out of 5)
[2024-06-22 17:31:16,095][flwr][DEBUG] - fit_round 3 received 5 results and 0 failures
[2024-06-22 17:31:16,161][utils.model][INFO] - LeNet model built
[2024-06-22 17:31:16,272][utils.model][INFO] - Size of serialized model: 279.0341796875 kbytes
[2024-06-22 17:31:16,304][utils.model][INFO] - Step 1/40 - val_loss: 0.1267 - val_accuracy: 0.9570
[2024-06-22 17:31:16,325][utils.model][INFO] - Step 2/40 - val_loss: 0.1643 - val_accuracy: 0.9414
[2024-06-22 17:31:16,344][utils.model][INFO] - Step 3/40 - val_loss: 0.1796 - val_accuracy: 0.9336
[2024-06-22 17:31:16,363][utils.model][INFO] - Step 4/40 - val_loss: 0.1837 - val_accuracy: 0.9346
[2024-06-22 17:31:16,381][utils.model][INFO] - Step 5/40 - val_loss: 0.2101 - val_accuracy: 0.9273
[2024-06-22 17:31:16,401][utils.model][INFO] - Step 6/40 - val_loss: 0.2162 - val_accuracy: 0.9284
[2024-06-22 17:31:16,420][utils.model][INFO] - Step 7/40 - val_loss: 0.2213 - val_accuracy: 0.9291
[2024-06-22 17:31:16,439][utils.model][INFO] - Step 8/40 - val_loss: 0.2225 - val_accuracy: 0.9287
[2024-06-22 17:31:16,458][utils.model][INFO] - Step 9/40 - val_loss: 0.2307 - val_accuracy: 0.9280
[2024-06-22 17:31:16,477][utils.model][INFO] - Step 10/40 - val_loss: 0.2257 - val_accuracy: 0.9289
[2024-06-22 17:31:16,496][utils.model][INFO] - Step 11/40 - val_loss: 0.2231 - val_accuracy: 0.9293
[2024-06-22 17:31:16,515][utils.model][INFO] - Step 12/40 - val_loss: 0.2202 - val_accuracy: 0.9300
[2024-06-22 17:31:16,534][utils.model][INFO] - Step 13/40 - val_loss: 0.2192 - val_accuracy: 0.9294
[2024-06-22 17:31:16,553][utils.model][INFO] - Step 14/40 - val_loss: 0.2183 - val_accuracy: 0.9291
[2024-06-22 17:31:16,572][utils.model][INFO] - Step 15/40 - val_loss: 0.2232 - val_accuracy: 0.9289
[2024-06-22 17:31:16,593][utils.model][INFO] - Step 16/40 - val_loss: 0.2256 - val_accuracy: 0.9280
[2024-06-22 17:31:16,612][utils.model][INFO] - Step 17/40 - val_loss: 0.2246 - val_accuracy: 0.9283
[2024-06-22 17:31:16,633][utils.model][INFO] - Step 18/40 - val_loss: 0.2253 - val_accuracy: 0.9288
[2024-06-22 17:31:16,655][utils.model][INFO] - Step 19/40 - val_loss: 0.2222 - val_accuracy: 0.9299
[2024-06-22 17:31:16,675][utils.model][INFO] - Step 20/40 - val_loss: 0.2186 - val_accuracy: 0.9311
[2024-06-22 17:31:16,697][utils.model][INFO] - Step 21/40 - val_loss: 0.2119 - val_accuracy: 0.9328
[2024-06-22 17:31:16,720][utils.model][INFO] - Step 22/40 - val_loss: 0.2050 - val_accuracy: 0.9348
[2024-06-22 17:31:16,741][utils.model][INFO] - Step 23/40 - val_loss: 0.2036 - val_accuracy: 0.9350
[2024-06-22 17:31:16,761][utils.model][INFO] - Step 24/40 - val_loss: 0.2065 - val_accuracy: 0.9338
[2024-06-22 17:31:16,779][utils.model][INFO] - Step 25/40 - val_loss: 0.2006 - val_accuracy: 0.9359
[2024-06-22 17:31:16,798][utils.model][INFO] - Step 26/40 - val_loss: 0.1995 - val_accuracy: 0.9372
[2024-06-22 17:31:16,818][utils.model][INFO] - Step 27/40 - val_loss: 0.1945 - val_accuracy: 0.9394
[2024-06-22 17:31:16,838][utils.model][INFO] - Step 28/40 - val_loss: 0.1895 - val_accuracy: 0.9411
[2024-06-22 17:31:16,857][utils.model][INFO] - Step 29/40 - val_loss: 0.1850 - val_accuracy: 0.9426
[2024-06-22 17:31:16,875][utils.model][INFO] - Step 30/40 - val_loss: 0.1824 - val_accuracy: 0.9439
[2024-06-22 17:31:16,894][utils.model][INFO] - Step 31/40 - val_loss: 0.1788 - val_accuracy: 0.9453
[2024-06-22 17:31:16,913][utils.model][INFO] - Step 32/40 - val_loss: 0.1752 - val_accuracy: 0.9464
[2024-06-22 17:31:16,931][utils.model][INFO] - Step 33/40 - val_loss: 0.1720 - val_accuracy: 0.9473
[2024-06-22 17:31:16,950][utils.model][INFO] - Step 34/40 - val_loss: 0.1682 - val_accuracy: 0.9486
[2024-06-22 17:31:16,968][utils.model][INFO] - Step 35/40 - val_loss: 0.1638 - val_accuracy: 0.9501
[2024-06-22 17:31:16,987][utils.model][INFO] - Step 36/40 - val_loss: 0.1645 - val_accuracy: 0.9501
[2024-06-22 17:31:17,006][utils.model][INFO] - Step 37/40 - val_loss: 0.1610 - val_accuracy: 0.9513
[2024-06-22 17:31:17,025][utils.model][INFO] - Step 38/40 - val_loss: 0.1599 - val_accuracy: 0.9516
[2024-06-22 17:31:17,044][utils.model][INFO] - Step 39/40 - val_loss: 0.1637 - val_accuracy: 0.9505
[2024-06-22 17:31:17,054][utils.model][INFO] - Step 40/40 - val_loss: 0.1609 - val_accuracy: 0.9506
[2024-06-22 17:31:17,056][utils.model][INFO] - Evaluation Results - Val Loss: 0.1609, Val Accuracy: 0.9506 in 40 steps
[2024-06-22 17:31:17,057][flwr][INFO] - fit progress: (3, 0.16094863, {'accuracy': 0.9506}, 38.79842650098726)
[2024-06-22 17:31:17,058][flwr][DEBUG] - evaluate_round 3: strategy sampled 5 clients (out of 5)
[2024-06-22 17:31:17,575][flwr][DEBUG] - evaluate_round 3 received 5 results and 0 failures
[2024-06-22 17:31:17,578][root][INFO] - Epoch data saved to /home/psklavos/fl/geom_aio/csv_logs/exp_20240622_173027/clients/client_0/epoch.csv
[2024-06-22 17:31:17,723][root][INFO] - Batch data saved to /home/psklavos/fl/geom_aio/csv_logs/exp_20240622_173027/clients/client_0/batch.csv
[2024-06-22 17:31:17,725][root][INFO] - Server data saved to /home/psklavos/fl/geom_aio/csv_logs/exp_20240622_173027/server/server.csv
[2024-06-22 17:31:17,725][flwr][INFO] - FL finished in 39.46581020799931
[2024-06-22 17:31:17,725][flwr][INFO] - app_fit: losses_distributed [(1, 1.248745036125183), (2, 0.3449020624160767), (3, 0.16888489127159118)]
[2024-06-22 17:31:17,725][flwr][INFO] - app_fit: metrics_distributed_fit {'average_norm': [(1, 5.014420127868652), (2, 5.000378131866455), (3, 5.052895355224609)], 'round_time': [(1, 5.918145669468506), (2, 8.937375853410156), (3, 13.21643108512793)], 'average_downlink_time': [(1, 1.6812618854), (2, 1.2602848506000002), (3, 1.7141612341999999)], 'average_rtc_check_time': [(1, 0.1498391167842783), (2, 0.5492853407631628), (3, 0.9113349036662839)], 'average_uplink_time': [(1, 0.6399556747999999), (2, 0.44711713239999995), (3, 0.6569700772)], 'average_computation_time': [(1, 1.5096786499023438), (2, 4.7117063999176025), (3, 8.097811126708985)], 'average_communication_time': [(1, 2.4710566769842783), (2, 2.256687323763163), (3, 3.2824662150662838)], 'average_fit_time': [(1, 1.7874835968017577), (2, 5.566255235671997), (3, 9.496348237991333)], 'average_throughput': [(1, 3.5751851442176994), (2, 7.295827136351865), (3, 4.889270177951091)], 'dropouts': [(1, 0), (2, 0), (3, 0)]}
[2024-06-22 17:31:17,725][flwr][INFO] - app_fit: metrics_distributed {'accuracy': [(1, 0.6921666622161865), (2, 0.8999999761581421), (3, 0.9484999895095825)]}
[2024-06-22 17:31:17,725][flwr][INFO] - app_fit: losses_centralized [(0, 2.308702), (1, 1.2275872), (2, 0.3368904), (3, 0.16094863)]
[2024-06-22 17:31:17,726][flwr][INFO] - app_fit: metrics_centralized {'accuracy': [(0, 0.1051), (1, 0.6984), (2, 0.9012), (3, 0.9506)]}
