[2024-03-05 23:10:48,513][flwr][INFO] - Starting Flower server, config: ServerConfig(num_rounds=3, round_timeout=None)
[2024-03-05 23:10:48,518][flwr][INFO] - Flower ECE: gRPC server running (3 rounds), SSL is disabled
[2024-03-05 23:10:48,519][flwr][INFO] - Initializing global parameters
[2024-03-05 23:10:48,520][flwr][INFO] - Requesting initial parameters from one random client
[2024-03-05 23:10:52,121][flwr][INFO] - Received initial parameters from one random client
[2024-03-05 23:10:52,122][flwr][INFO] - Evaluating initial parameters
[2024-03-05 23:10:52,122][flwr][INFO] - FL starting
[2024-03-05 23:11:18,559][flwr][DEBUG] - fit_round 1: strategy sampled 2 clients (out of 4)
[2024-03-05 23:11:34,000][flwr][DEBUG] - fit_round 1 received 2 results and 0 failures
[2024-03-05 23:11:34,007][flwr][DEBUG] - evaluate_round 1: strategy sampled 2 clients (out of 4)
[2024-03-05 23:11:37,417][flwr][DEBUG] - evaluate_round 1 received 2 results and 0 failures
[2024-03-05 23:12:01,838][flwr][DEBUG] - fit_round 2: strategy sampled 2 clients (out of 4)
[2024-03-05 23:12:19,132][flwr][DEBUG] - fit_round 2 received 2 results and 0 failures
[2024-03-05 23:12:19,137][flwr][DEBUG] - evaluate_round 2: strategy sampled 2 clients (out of 4)
[2024-03-05 23:12:22,657][flwr][DEBUG] - evaluate_round 2 received 2 results and 0 failures
[2024-03-05 23:12:46,456][flwr][DEBUG] - fit_round 3: strategy sampled 2 clients (out of 4)
[2024-03-05 23:13:05,785][flwr][DEBUG] - fit_round 3 received 2 results and 0 failures
[2024-03-05 23:13:05,790][flwr][DEBUG] - evaluate_round 3: strategy sampled 2 clients (out of 4)
[2024-03-05 23:13:09,305][flwr][DEBUG] - evaluate_round 3 received 2 results and 0 failures
[2024-03-05 23:13:09,305][flwr][INFO] - FL finished in 137.1832685949994
[2024-03-05 23:13:09,306][flwr][INFO] - app_fit: losses_distributed [(1, 1.02227783203125), (2, 0.6227480173110962), (3, 0.46325722336769104)]
[2024-03-05 23:13:09,306][flwr][INFO] - app_fit: metrics_distributed_fit {'average_norm': [(1, 23.748096466064453), (2, 17.42130708694458), (3, 14.549358367919922)], 'round_time': [(1, 23.562631284), (2, 26.800346499), (3, 26.8263118)], 'average_throughput': [(1, 1963.785116468314), (2, 1505.7166922521712), (3, 1505.7347272173045)], 'dropouts': [(1, 0), (2, 0), (3, 0)]}
[2024-03-05 23:13:09,306][flwr][INFO] - app_fit: metrics_distributed {'accuracy': [(1, 0.6956999897956848), (2, 0.8256999850273132), (3, 0.8654000163078308)]}
[2024-03-05 23:13:09,306][flwr][INFO] - app_fit: losses_centralized []
[2024-03-05 23:13:09,306][flwr][INFO] - app_fit: metrics_centralized {}
