[2024-06-21 20:07:31,270][utils.model][INFO] - LeNet model built
[2024-06-21 20:07:31,495][utils.model][INFO] - Size of serialized model: 279.0341796875 kbytes
[2024-06-21 20:07:31,504][flwr][INFO] - Opened insecure gRPC connection (no certificates were passed)
[2024-06-21 20:07:31,506][flwr][DEBUG] - ChannelConnectivity.IDLE
[2024-06-21 20:07:31,507][flwr][DEBUG] - ChannelConnectivity.CONNECTING
[2024-06-21 20:07:31,511][flwr][DEBUG] - ChannelConnectivity.READY
[2024-06-21 20:07:35,911][utils.model][INFO] - ========================== Epoch Start ==========================
[2024-06-21 20:07:36,389][utils.model][INFO] - (In epoch/Overall): (1/1)| inst_loss: 0.4770 - Mean loss: 2.3088 - acc: 0.1562 - norm: 0.19 - 2.31s
[2024-06-21 20:07:36,789][utils.model][INFO] - (In epoch/Overall): (11/11)| inst_loss: 0.8768 - Mean loss: 2.2347 - acc: 0.2216 - norm: 1.55 - 2.14s
[2024-06-21 20:07:37,220][utils.model][INFO] - (In epoch/Overall): (21/21)| inst_loss: 1.3065 - Mean loss: 2.0529 - acc: 0.3393 - norm: 4.16 - 1.53s
[2024-06-21 20:07:37,670][utils.model][INFO] - (In epoch/Overall): (31/31)| inst_loss: 1.7581 - Mean loss: 1.8167 - acc: 0.4375 - norm: 6.66 - 1.13s
[2024-06-21 20:07:38,102][utils.model][INFO] - (In epoch/Overall): (41/41)| inst_loss: 2.1896 - Mean loss: 1.6191 - acc: 0.5008 - norm: 8.77 - 1.13s
[2024-06-21 20:07:38,426][utils.model][INFO] - Epoch Results:
[2024-06-21 20:07:38,431][utils.model][INFO] - (In epoch/Overall): (49/49)| inst_loss: 0.7150 - Mean loss: 1.4916 - acc: 0.5415 - norm: 10.01 - 2.52s
[2024-06-21 20:07:40,246][utils.model][INFO] - Evaluation Results - Val Loss: 0.7195, Val Accuracy: 0.8213 in 47 steps
[2024-06-21 20:07:42,982][utils.model][INFO] - ========================== Epoch Start ==========================
[2024-06-21 20:07:43,088][utils.model][INFO] - (In epoch/Overall): (1/50)| inst_loss: 0.1050 - Mean loss: 0.6460 - acc: 0.8750 - norm: 0.05 - 0.65s
[2024-06-21 20:07:43,501][utils.model][INFO] - (In epoch/Overall): (11/60)| inst_loss: 0.5176 - Mean loss: 0.7639 - acc: 0.7415 - norm: 0.38 - 0.73s
[2024-06-21 20:07:43,911][utils.model][INFO] - (In epoch/Overall): (21/70)| inst_loss: 0.9280 - Mean loss: 0.6726 - acc: 0.7887 - norm: 0.70 - 0.35s
[2024-06-21 20:07:44,334][utils.model][INFO] - (In epoch/Overall): (31/80)| inst_loss: 1.3509 - Mean loss: 0.6288 - acc: 0.8004 - norm: 1.17 - 0.66s
[2024-06-21 20:07:44,731][utils.model][INFO] - (In epoch/Overall): (41/90)| inst_loss: 1.7476 - Mean loss: 0.5999 - acc: 0.8102 - norm: 1.60 - 0.29s
[2024-06-21 20:07:45,143][utils.model][INFO] - (In epoch/Overall): (51/100)| inst_loss: 2.1598 - Mean loss: 0.5667 - acc: 0.8217 - norm: 2.12 - 0.30s
[2024-06-21 20:07:45,542][utils.model][INFO] - (In epoch/Overall): (61/110)| inst_loss: 2.5592 - Mean loss: 0.5620 - acc: 0.8212 - norm: 2.69 - 0.50s
[2024-06-21 20:07:45,930][utils.model][INFO] - (In epoch/Overall): (71/120)| inst_loss: 2.9463 - Mean loss: 0.5297 - acc: 0.8336 - norm: 3.27 - 0.45s
[2024-06-21 20:07:46,354][utils.model][INFO] - (In epoch/Overall): (81/130)| inst_loss: 3.3710 - Mean loss: 0.5149 - acc: 0.8380 - norm: 3.85 - 0.24s
