[2024-01-24 12:33:38,959][absl][WARNING] - Found untraced functions such as test_step, train_step, _jit_compiled_convolution_op, _jit_compiled_convolution_op while saving (showing 4 of 4). These functions will not be directly callable after loading.
[2024-01-24 12:33:39,003][absl][WARNING] - Found untraced functions such as test_step, train_step, _jit_compiled_convolution_op, _jit_compiled_convolution_op while saving (showing 4 of 4). These functions will not be directly callable after loading.
[2024-01-24 12:33:39,206][tensorflow][INFO] - Assets written to: /tmp/tmpguuuqax_/assets
[2024-01-24 12:33:39,216][absl][WARNING] - Found untraced functions such as test_step, train_step, _jit_compiled_convolution_op, _jit_compiled_convolution_op while saving (showing 4 of 4). These functions will not be directly callable after loading.
[2024-01-24 12:33:39,242][flwr][INFO] - Opened insecure gRPC connection (no certificates were passed)
[2024-01-24 12:33:39,246][tensorflow][INFO] - Assets written to: /tmp/tmphk9r6eg9/assets
[2024-01-24 12:33:39,246][flwr][DEBUG] - ChannelConnectivity.IDLE
[2024-01-24 12:33:39,251][flwr][DEBUG] - ChannelConnectivity.CONNECTING
[2024-01-24 12:33:39,254][flwr][DEBUG] - ChannelConnectivity.READY
[2024-01-24 12:33:39,286][flwr][INFO] - Opened insecure gRPC connection (no certificates were passed)
[2024-01-24 12:33:39,289][flwr][DEBUG] - ChannelConnectivity.IDLE
[2024-01-24 12:33:39,293][flwr][DEBUG] - ChannelConnectivity.READY
[2024-01-24 12:33:39,478][tensorflow][INFO] - Assets written to: /tmp/tmpon9j9etw/assets
[2024-01-24 12:33:39,515][flwr][INFO] - Opened insecure gRPC connection (no certificates were passed)
[2024-01-24 12:33:39,518][flwr][DEBUG] - ChannelConnectivity.IDLE
[2024-01-24 12:33:39,520][flwr][DEBUG] - ChannelConnectivity.CONNECTING
[2024-01-24 12:33:39,521][flwr][DEBUG] - ChannelConnectivity.READY
[2024-01-24 12:34:51,172][flwr][DEBUG] - ChannelConnectivity.IDLE
[2024-01-24 12:34:51,172][flwr][DEBUG] - ChannelConnectivity.IDLE
[2024-01-24 12:34:51,172][flwr][DEBUG] - ChannelConnectivity.IDLE
[2024-01-24 12:34:51,375][flwr][DEBUG] - gRPC channel closed
[2024-01-24 12:34:51,375][flwr][DEBUG] - gRPC channel closed
[2024-01-24 12:34:51,375][flwr][DEBUG] - gRPC channel closed
