[2024-06-22 14:38:46,412][utils.model][INFO] - LeNet model built
[2024-06-22 14:38:46,584][utils.model][INFO] - LeNet model built
[2024-06-22 14:38:46,695][utils.model][INFO] - Size of serialized model: 279.0341796875 kbytes
[2024-06-22 14:38:46,710][flwr][INFO] - Opened insecure gRPC connection (no certificates were passed)
[2024-06-22 14:38:46,712][flwr][DEBUG] - ChannelConnectivity.IDLE
[2024-06-22 14:38:46,714][flwr][DEBUG] - ChannelConnectivity.READY
[2024-06-22 14:38:46,847][utils.model][INFO] - Size of serialized model: 279.0341796875 kbytes
[2024-06-22 14:38:46,859][flwr][INFO] - Opened insecure gRPC connection (no certificates were passed)
[2024-06-22 14:38:46,862][flwr][DEBUG] - ChannelConnectivity.IDLE
[2024-06-22 14:38:46,863][flwr][DEBUG] - ChannelConnectivity.READY
[2024-06-22 14:38:52,346][utils.model][INFO] - ========================== Epoch Start ==========================
[2024-06-22 14:38:52,347][utils.model][INFO] - ========================== Epoch Start ==========================
[2024-06-22 14:38:52,837][utils.model][INFO] - (In epoch/Overall): (1/1)| inst_loss: 0.4881 - Mean loss: 2.3148 - acc: 0.1250 - norm: 0.17 - 2.31s
[2024-06-22 14:38:52,838][utils.model][INFO] - (In epoch/Overall): (1/1)| inst_loss: 0.4890 - Mean loss: 2.3273 - acc: 0.0938 - norm: 0.18 - 2.33s
[2024-06-22 14:38:53,528][utils.model][INFO] - (In epoch/Overall): (11/11)| inst_loss: 1.1784 - Mean loss: 2.2098 - acc: 0.2557 - norm: 1.91 - 2.04s
[2024-06-22 14:38:53,528][utils.model][INFO] - (In epoch/Overall): (11/11)| inst_loss: 1.1779 - Mean loss: 2.1875 - acc: 0.2841 - norm: 1.78 - 2.06s
[2024-06-22 14:38:54,250][utils.model][INFO] - (In epoch/Overall): (21/21)| inst_loss: 1.9025 - Mean loss: 1.9874 - acc: 0.3542 - norm: 4.87 - 1.47s
[2024-06-22 14:38:54,252][utils.model][INFO] - (In epoch/Overall): (21/21)| inst_loss: 1.9020 - Mean loss: 1.9853 - acc: 0.3676 - norm: 4.54 - 1.45s
[2024-06-22 14:38:54,367][utils.model][INFO] - Epoch Results:
[2024-06-22 14:38:54,367][utils.model][INFO] - Epoch Results:
[2024-06-22 14:38:54,371][utils.model][INFO] - (In epoch/Overall): (23/23)| inst_loss: 1.2907 - Mean loss: 1.9331 - acc: 0.4008 - norm: 5.15 - 2.02s
[2024-06-22 14:38:54,372][utils.model][INFO] - (In epoch/Overall): (23/23)| inst_loss: 1.4480 - Mean loss: 1.9386 - acc: 0.3601 - norm: 5.33 - 2.02s
[2024-06-22 14:38:56,048][utils.model][INFO] - Evaluation Results - Val Loss: 1.3932, Val Accuracy: 0.6810 in 32 steps
[2024-06-22 14:38:56,050][utils.model][INFO] - Evaluation Results - Val Loss: 1.3573, Val Accuracy: 0.7075 in 32 steps
[2024-06-22 14:38:59,572][utils.model][INFO] - ========================== Epoch Start ==========================
[2024-06-22 14:38:59,576][utils.model][INFO] - ========================== Epoch Start ==========================
[2024-06-22 14:38:59,683][utils.model][INFO] - (In epoch/Overall): (1/24)| inst_loss: 0.1095 - Mean loss: 1.3503 - acc: 0.6875 - norm: 0.09 - 1.35s
[2024-06-22 14:38:59,684][utils.model][INFO] - (In epoch/Overall): (1/24)| inst_loss: 0.1061 - Mean loss: 1.3709 - acc: 0.7500 - norm: 0.12 - 1.37s
[2024-06-22 14:39:00,235][utils.model][INFO] - (In epoch/Overall): (11/34)| inst_loss: 0.6612 - Mean loss: 1.2018 - acc: 0.6761 - norm: 0.67 - 1.31s
[2024-06-22 14:39:00,236][utils.model][INFO] - (In epoch/Overall): (11/34)| inst_loss: 0.6579 - Mean loss: 1.2363 - acc: 0.6705 - norm: 0.69 - 0.93s
[2024-06-22 14:39:00,813][utils.model][INFO] - (In epoch/Overall): (21/44)| inst_loss: 1.2393 - Mean loss: 1.0051 - acc: 0.7247 - norm: 1.40 - 0.48s
[2024-06-22 14:39:00,813][utils.model][INFO] - (In epoch/Overall): (21/44)| inst_loss: 1.2359 - Mean loss: 1.0945 - acc: 0.6905 - norm: 1.39 - 0.98s
[2024-06-22 14:39:01,333][utils.model][INFO] - (In epoch/Overall): (31/54)| inst_loss: 1.7593 - Mean loss: 0.9244 - acc: 0.7298 - norm: 2.05 - 0.76s
[2024-06-22 14:39:01,333][utils.model][INFO] - (In epoch/Overall): (31/54)| inst_loss: 1.7560 - Mean loss: 0.9558 - acc: 0.7288 - norm: 2.16 - 0.59s
[2024-06-22 14:39:02,072][utils.model][INFO] - (In epoch/Overall): (41/64)| inst_loss: 2.4982 - Mean loss: 0.8578 - acc: 0.7500 - norm: 2.71 - 0.82s
[2024-06-22 14:39:02,072][utils.model][INFO] - (In epoch/Overall): (41/64)| inst_loss: 2.4950 - Mean loss: 0.8556 - acc: 0.7569 - norm: 2.87 - 0.49s
[2024-06-22 14:39:02,813][utils.model][INFO] - (In epoch/Overall): (51/74)| inst_loss: 3.2379 - Mean loss: 0.7908 - acc: 0.7678 - norm: 3.36 - 0.42s
[2024-06-22 14:39:02,813][utils.model][INFO] - (In epoch/Overall): (51/74)| inst_loss: 3.2345 - Mean loss: 0.7984 - acc: 0.7733 - norm: 3.51 - 0.42s
[2024-06-22 14:39:03,413][utils.model][INFO] - (In epoch/Overall): (61/84)| inst_loss: 3.8386 - Mean loss: 0.7340 - acc: 0.7838 - norm: 4.15 - 0.44s
[2024-06-22 14:39:03,413][utils.model][INFO] - (In epoch/Overall): (61/84)| inst_loss: 3.8353 - Mean loss: 0.7255 - acc: 0.7925 - norm: 4.33 - 0.35s
[2024-06-22 14:39:03,919][utils.model][INFO] - (In epoch/Overall): (71/94)| inst_loss: 4.3456 - Mean loss: 0.7092 - acc: 0.7918 - norm: 4.88 - 0.40s
[2024-06-22 14:39:03,920][utils.model][INFO] - (In epoch/Overall): (71/94)| inst_loss: 4.3426 - Mean loss: 0.6842 - acc: 0.8006 - norm: 4.99 - 0.30s
[2024-06-22 14:39:04,082][utils.model][INFO] - Epoch Results:
[2024-06-22 14:39:04,082][utils.model][INFO] - Epoch Results:
[2024-06-22 14:39:04,086][utils.model][INFO] - (In epoch/Overall): (74/97)| inst_loss: 0.4269 - Mean loss: 0.6948 - acc: 0.7956 - norm: 5.07 - 4.51s
[2024-06-22 14:39:04,086][utils.model][INFO] - (In epoch/Overall): (74/97)| inst_loss: 0.4371 - Mean loss: 0.6769 - acc: 0.8028 - norm: 5.20 - 4.51s
[2024-06-22 14:39:05,818][utils.model][INFO] - Evaluation Results - Val Loss: 0.3471, Val Accuracy: 0.8965 in 32 steps
[2024-06-22 14:39:05,819][utils.model][INFO] - Evaluation Results - Val Loss: 0.3328, Val Accuracy: 0.9090 in 32 steps
[2024-06-22 14:39:09,796][utils.model][INFO] - ========================== Epoch Start ==========================
[2024-06-22 14:39:09,798][utils.model][INFO] - ========================== Epoch Start ==========================
[2024-06-22 14:39:09,904][utils.model][INFO] - (In epoch/Overall): (1/98)| inst_loss: 0.1049 - Mean loss: 0.4493 - acc: 0.8750 - norm: 0.04 - 0.45s
[2024-06-22 14:39:09,904][utils.model][INFO] - (In epoch/Overall): (1/98)| inst_loss: 0.1060 - Mean loss: 0.5424 - acc: 0.9062 - norm: 0.04 - 0.54s
[2024-06-22 14:39:10,460][utils.model][INFO] - (In epoch/Overall): (11/108)| inst_loss: 0.6606 - Mean loss: 0.3606 - acc: 0.8750 - norm: 0.16 - 0.39s
[2024-06-22 14:39:10,460][utils.model][INFO] - (In epoch/Overall): (11/108)| inst_loss: 0.6621 - Mean loss: 0.3338 - acc: 0.9034 - norm: 0.19 - 0.41s
[2024-06-22 14:39:10,939][utils.model][INFO] - (In epoch/Overall): (21/118)| inst_loss: 1.1414 - Mean loss: 0.3935 - acc: 0.8795 - norm: 0.42 - 0.39s
[2024-06-22 14:39:10,940][utils.model][INFO] - (In epoch/Overall): (21/118)| inst_loss: 1.1406 - Mean loss: 0.3570 - acc: 0.8810 - norm: 0.34 - 0.37s
[2024-06-22 14:39:11,425][utils.model][INFO] - (In epoch/Overall): (31/128)| inst_loss: 1.6255 - Mean loss: 0.3753 - acc: 0.8770 - norm: 0.59 - 0.51s
[2024-06-22 14:39:11,425][utils.model][INFO] - (In epoch/Overall): (31/128)| inst_loss: 1.6270 - Mean loss: 0.3875 - acc: 0.8861 - norm: 0.56 - 0.42s
[2024-06-22 14:39:11,950][utils.model][INFO] - (In epoch/Overall): (41/138)| inst_loss: 2.1512 - Mean loss: 0.3791 - acc: 0.8803 - norm: 0.92 - 0.43s
[2024-06-22 14:39:11,951][utils.model][INFO] - (In epoch/Overall): (41/138)| inst_loss: 2.1528 - Mean loss: 0.3674 - acc: 0.8933 - norm: 0.80 - 0.53s
[2024-06-22 14:39:12,430][utils.model][INFO] - (In epoch/Overall): (51/148)| inst_loss: 2.6302 - Mean loss: 0.3781 - acc: 0.8811 - norm: 1.28 - 0.24s
[2024-06-22 14:39:12,430][utils.model][INFO] - (In epoch/Overall): (51/148)| inst_loss: 2.6317 - Mean loss: 0.3661 - acc: 0.8928 - norm: 1.01 - 0.26s
[2024-06-22 14:39:12,912][utils.model][INFO] - (In epoch/Overall): (61/158)| inst_loss: 3.1125 - Mean loss: 0.3550 - acc: 0.8873 - norm: 1.62 - 0.21s
[2024-06-22 14:39:12,915][utils.model][INFO] - (In epoch/Overall): (61/158)| inst_loss: 3.1147 - Mean loss: 0.3659 - acc: 0.8924 - norm: 1.38 - 0.32s
[2024-06-22 14:39:13,400][utils.model][INFO] - (In epoch/Overall): (71/168)| inst_loss: 3.6001 - Mean loss: 0.3535 - acc: 0.8886 - norm: 2.02 - 0.36s
[2024-06-22 14:39:13,401][utils.model][INFO] - (In epoch/Overall): (71/168)| inst_loss: 3.6022 - Mean loss: 0.3692 - acc: 0.8913 - norm: 1.78 - 0.23s
[2024-06-22 14:39:14,001][utils.model][INFO] - (In epoch/Overall): (81/178)| inst_loss: 4.2021 - Mean loss: 0.3530 - acc: 0.8970 - norm: 2.13 - 0.18s
[2024-06-22 14:39:14,002][utils.model][INFO] - (In epoch/Overall): (81/178)| inst_loss: 4.2010 - Mean loss: 0.3480 - acc: 0.8935 - norm: 2.44 - 0.31s
[2024-06-22 14:39:14,650][utils.model][INFO] - (In epoch/Overall): (91/188)| inst_loss: 4.8506 - Mean loss: 0.3408 - acc: 0.8956 - norm: 2.93 - 0.24s
[2024-06-22 14:39:14,651][utils.model][INFO] - (In epoch/Overall): (91/188)| inst_loss: 4.8519 - Mean loss: 0.3394 - acc: 0.9008 - norm: 2.56 - 0.20s
[2024-06-22 14:39:15,295][utils.model][INFO] - (In epoch/Overall): (101/198)| inst_loss: 5.4965 - Mean loss: 0.3312 - acc: 0.9019 - norm: 3.08 - 0.29s
[2024-06-22 14:39:15,295][utils.model][INFO] - (In epoch/Overall): (101/198)| inst_loss: 5.4953 - Mean loss: 0.3371 - acc: 0.8957 - norm: 3.39 - 0.11s
[2024-06-22 14:39:15,791][utils.model][INFO] - (In epoch/Overall): (111/208)| inst_loss: 5.9933 - Mean loss: 0.3287 - acc: 0.9034 - norm: 3.59 - 0.63s
[2024-06-22 14:39:15,792][utils.model][INFO] - (In epoch/Overall): (111/208)| inst_loss: 5.9923 - Mean loss: 0.3275 - acc: 0.8978 - norm: 3.79 - 0.37s
[2024-06-22 14:39:16,329][utils.model][INFO] - (In epoch/Overall): (121/218)| inst_loss: 6.5307 - Mean loss: 0.3207 - acc: 0.9065 - norm: 4.09 - 0.27s
[2024-06-22 14:39:16,329][utils.model][INFO] - (In epoch/Overall): (121/218)| inst_loss: 6.5295 - Mean loss: 0.3273 - acc: 0.8988 - norm: 4.22 - 0.36s
[2024-06-22 14:39:16,808][utils.model][INFO] - (In epoch/Overall): (131/228)| inst_loss: 7.0089 - Mean loss: 0.3243 - acc: 0.9000 - norm: 4.73 - 0.11s
[2024-06-22 14:39:16,808][utils.model][INFO] - (In epoch/Overall): (131/228)| inst_loss: 7.0102 - Mean loss: 0.3118 - acc: 0.9077 - norm: 4.50 - 0.02s
[2024-06-22 14:39:17,368][utils.model][INFO] - (In epoch/Overall): (141/238)| inst_loss: 7.5687 - Mean loss: 0.3217 - acc: 0.9007 - norm: 5.29 - 0.24s
[2024-06-22 14:39:17,369][utils.model][INFO] - (In epoch/Overall): (141/238)| inst_loss: 7.5702 - Mean loss: 0.3042 - acc: 0.9102 - norm: 4.90 - 0.41s
[2024-06-22 14:39:17,489][utils.model][INFO] - Epoch Results:
[2024-06-22 14:39:17,494][utils.model][INFO] - (In epoch/Overall): (143/240)| inst_loss: 0.6813 - Mean loss: 0.3074 - acc: 0.9093 - norm: 5.07 - 7.70s
[2024-06-22 14:39:17,493][utils.model][INFO] - Epoch Results:
[2024-06-22 14:39:17,497][utils.model][INFO] - (In epoch/Overall): (143/240)| inst_loss: 0.4243 - Mean loss: 0.3212 - acc: 0.9017 - norm: 5.37 - 7.70s
[2024-06-22 14:39:19,482][utils.model][INFO] - Evaluation Results - Val Loss: 0.1714, Val Accuracy: 0.9485 in 32 steps
[2024-06-22 14:39:19,501][utils.model][INFO] - Evaluation Results - Val Loss: 0.1761, Val Accuracy: 0.9465 in 32 steps
[2024-06-22 14:39:19,657][flwr][DEBUG] - gRPC channel closed
[2024-06-22 14:39:19,657][flwr][DEBUG] - gRPC channel closed
[2024-06-22 14:39:19,657][flwr][INFO] - Disconnect and shut down
[2024-06-22 14:39:19,657][flwr][INFO] - Disconnect and shut down
