[2024-06-18 21:13:01,848][flwr][INFO] - Starting Flower server, config: ServerConfig(num_rounds=5, round_timeout=None)
[2024-06-18 21:13:01,852][flwr][INFO] - Flower ECE: gRPC server running (5 rounds), SSL is disabled
[2024-06-18 21:13:01,853][flwr][INFO] - Initializing global parameters
[2024-06-18 21:13:01,853][flwr][INFO] - Requesting initial parameters from one random client
[2024-06-18 21:13:31,268][flwr][INFO] - Received initial parameters from one random client
[2024-06-18 21:13:31,321][flwr][INFO] - Evaluating initial parameters
[2024-06-18 21:13:35,013][utils.model][INFO] - LeNet model built
[2024-06-18 21:13:38,140][utils.model][INFO] - Size of serialized model: 279.0341796875 kbytes
[2024-06-18 21:13:38,586][utils.model][INFO] - Step 1/40 - val_loss: 2.3080 - val_accuracy: 0.1211
[2024-06-18 21:13:38,609][utils.model][INFO] - Step 2/40 - val_loss: 2.3137 - val_accuracy: 0.0977
[2024-06-18 21:13:38,631][utils.model][INFO] - Step 3/40 - val_loss: 2.3107 - val_accuracy: 0.1016
[2024-06-18 21:13:38,652][utils.model][INFO] - Step 4/40 - val_loss: 2.3105 - val_accuracy: 0.1016
[2024-06-18 21:13:38,672][utils.model][INFO] - Step 5/40 - val_loss: 2.3118 - val_accuracy: 0.1039
[2024-06-18 21:13:38,694][utils.model][INFO] - Step 6/40 - val_loss: 2.3116 - val_accuracy: 0.1029
[2024-06-18 21:13:38,718][utils.model][INFO] - Step 7/40 - val_loss: 2.3111 - val_accuracy: 0.1049
[2024-06-18 21:13:38,744][utils.model][INFO] - Step 8/40 - val_loss: 2.3122 - val_accuracy: 0.1040
[2024-06-18 21:13:38,765][utils.model][INFO] - Step 9/40 - val_loss: 2.3127 - val_accuracy: 0.1055
[2024-06-18 21:13:38,787][utils.model][INFO] - Step 10/40 - val_loss: 2.3125 - val_accuracy: 0.1047
[2024-06-18 21:13:38,809][utils.model][INFO] - Step 11/40 - val_loss: 2.3118 - val_accuracy: 0.1044
[2024-06-18 21:13:38,831][utils.model][INFO] - Step 12/40 - val_loss: 2.3114 - val_accuracy: 0.1045
[2024-06-18 21:13:38,854][utils.model][INFO] - Step 13/40 - val_loss: 2.3108 - val_accuracy: 0.1061
[2024-06-18 21:13:38,875][utils.model][INFO] - Step 14/40 - val_loss: 2.3103 - val_accuracy: 0.1069
[2024-06-18 21:13:38,898][utils.model][INFO] - Step 15/40 - val_loss: 2.3104 - val_accuracy: 0.1073
[2024-06-18 21:13:38,919][utils.model][INFO] - Step 16/40 - val_loss: 2.3109 - val_accuracy: 0.1060
[2024-06-18 21:13:38,932][utils.model][INFO] - Step 17/40 - val_loss: 2.3110 - val_accuracy: 0.1045
[2024-06-18 21:13:38,945][utils.model][INFO] - Step 18/40 - val_loss: 2.3110 - val_accuracy: 0.1044
[2024-06-18 21:13:38,959][utils.model][INFO] - Step 19/40 - val_loss: 2.3107 - val_accuracy: 0.1059
[2024-06-18 21:13:38,972][utils.model][INFO] - Step 20/40 - val_loss: 2.3107 - val_accuracy: 0.1057
[2024-06-18 21:13:38,988][utils.model][INFO] - Step 21/40 - val_loss: 2.3106 - val_accuracy: 0.1060
[2024-06-18 21:13:39,000][utils.model][INFO] - Step 22/40 - val_loss: 2.3109 - val_accuracy: 0.1055
[2024-06-18 21:13:39,012][utils.model][INFO] - Step 23/40 - val_loss: 2.3108 - val_accuracy: 0.1055
[2024-06-18 21:13:39,028][utils.model][INFO] - Step 24/40 - val_loss: 2.3106 - val_accuracy: 0.1050
[2024-06-18 21:13:39,053][utils.model][INFO] - Step 25/40 - val_loss: 2.3106 - val_accuracy: 0.1058
[2024-06-18 21:13:39,078][utils.model][INFO] - Step 26/40 - val_loss: 2.3107 - val_accuracy: 0.1050
[2024-06-18 21:13:39,095][utils.model][INFO] - Step 27/40 - val_loss: 2.3106 - val_accuracy: 0.1052
[2024-06-18 21:13:39,110][utils.model][INFO] - Step 28/40 - val_loss: 2.3105 - val_accuracy: 0.1048
[2024-06-18 21:13:39,123][utils.model][INFO] - Step 29/40 - val_loss: 2.3103 - val_accuracy: 0.1048
[2024-06-18 21:13:39,142][utils.model][INFO] - Step 30/40 - val_loss: 2.3102 - val_accuracy: 0.1051
[2024-06-18 21:13:39,163][utils.model][INFO] - Step 31/40 - val_loss: 2.3103 - val_accuracy: 0.1048
[2024-06-18 21:13:39,187][utils.model][INFO] - Step 32/40 - val_loss: 2.3103 - val_accuracy: 0.1046
[2024-06-18 21:13:39,210][utils.model][INFO] - Step 33/40 - val_loss: 2.3103 - val_accuracy: 0.1048
[2024-06-18 21:13:39,230][utils.model][INFO] - Step 34/40 - val_loss: 2.3102 - val_accuracy: 0.1050
[2024-06-18 21:13:39,253][utils.model][INFO] - Step 35/40 - val_loss: 2.3100 - val_accuracy: 0.1050
[2024-06-18 21:13:39,273][utils.model][INFO] - Step 36/40 - val_loss: 2.3100 - val_accuracy: 0.1051
[2024-06-18 21:13:39,296][utils.model][INFO] - Step 37/40 - val_loss: 2.3097 - val_accuracy: 0.1053
[2024-06-18 21:13:39,315][utils.model][INFO] - Step 38/40 - val_loss: 2.3096 - val_accuracy: 0.1053
[2024-06-18 21:13:39,337][utils.model][INFO] - Step 39/40 - val_loss: 2.3094 - val_accuracy: 0.1059
[2024-06-18 21:13:39,483][utils.model][INFO] - Step 40/40 - val_loss: 2.3096 - val_accuracy: 0.1058
[2024-06-18 21:13:39,486][utils.model][INFO] - Evaluation Results - Val Loss: 2.3096, Val Accuracy: 0.1058 in 40 steps
[2024-06-18 21:13:39,491][flwr][INFO] - initial parameters (loss, other metrics): 2.3095775, {'accuracy': 0.1058}
[2024-06-18 21:13:39,493][flwr][INFO] - FL starting
[2024-06-18 21:13:44,061][flwr][DEBUG] - fit_round 1: strategy sampled 3 clients (out of 3)
[2024-06-18 21:13:51,119][flwr][DEBUG] - fit_round 1 received 3 results and 0 failures
[2024-06-18 21:13:51,226][utils.model][INFO] - LeNet model built
[2024-06-18 21:13:51,468][utils.model][INFO] - Size of serialized model: 279.0341796875 kbytes
[2024-06-18 21:13:51,509][utils.model][INFO] - Step 1/40 - val_loss: 1.1047 - val_accuracy: 0.6523
[2024-06-18 21:13:51,523][utils.model][INFO] - Step 2/40 - val_loss: 1.1837 - val_accuracy: 0.6211
[2024-06-18 21:13:51,537][utils.model][INFO] - Step 3/40 - val_loss: 1.2120 - val_accuracy: 0.6094
[2024-06-18 21:13:51,551][utils.model][INFO] - Step 4/40 - val_loss: 1.2132 - val_accuracy: 0.6094
[2024-06-18 21:13:51,566][utils.model][INFO] - Step 5/40 - val_loss: 1.2419 - val_accuracy: 0.5984
[2024-06-18 21:13:51,581][utils.model][INFO] - Step 6/40 - val_loss: 1.2477 - val_accuracy: 0.5872
[2024-06-18 21:13:51,600][utils.model][INFO] - Step 7/40 - val_loss: 1.2564 - val_accuracy: 0.5854
[2024-06-18 21:13:51,613][utils.model][INFO] - Step 8/40 - val_loss: 1.2558 - val_accuracy: 0.5845
[2024-06-18 21:13:51,626][utils.model][INFO] - Step 9/40 - val_loss: 1.2665 - val_accuracy: 0.5829
[2024-06-18 21:13:51,640][utils.model][INFO] - Step 10/40 - val_loss: 1.2576 - val_accuracy: 0.5852
[2024-06-18 21:13:51,656][utils.model][INFO] - Step 11/40 - val_loss: 1.2566 - val_accuracy: 0.5856
[2024-06-18 21:13:51,672][utils.model][INFO] - Step 12/40 - val_loss: 1.2531 - val_accuracy: 0.5859
[2024-06-18 21:13:51,687][utils.model][INFO] - Step 13/40 - val_loss: 1.2516 - val_accuracy: 0.5886
[2024-06-18 21:13:51,700][utils.model][INFO] - Step 14/40 - val_loss: 1.2509 - val_accuracy: 0.5898
[2024-06-18 21:13:51,717][utils.model][INFO] - Step 15/40 - val_loss: 1.2523 - val_accuracy: 0.5896
[2024-06-18 21:13:51,738][utils.model][INFO] - Step 16/40 - val_loss: 1.2517 - val_accuracy: 0.5901
[2024-06-18 21:13:51,751][utils.model][INFO] - Step 17/40 - val_loss: 1.2536 - val_accuracy: 0.5896
[2024-06-18 21:13:51,767][utils.model][INFO] - Step 18/40 - val_loss: 1.2571 - val_accuracy: 0.5883
[2024-06-18 21:13:51,779][utils.model][INFO] - Step 19/40 - val_loss: 1.2595 - val_accuracy: 0.5870
[2024-06-18 21:13:51,791][utils.model][INFO] - Step 20/40 - val_loss: 1.2587 - val_accuracy: 0.5873
[2024-06-18 21:13:51,803][utils.model][INFO] - Step 21/40 - val_loss: 1.2499 - val_accuracy: 0.5915
[2024-06-18 21:13:51,815][utils.model][INFO] - Step 22/40 - val_loss: 1.2398 - val_accuracy: 0.5969
[2024-06-18 21:13:51,828][utils.model][INFO] - Step 23/40 - val_loss: 1.2311 - val_accuracy: 0.6007
[2024-06-18 21:13:51,840][utils.model][INFO] - Step 24/40 - val_loss: 1.2255 - val_accuracy: 0.6038
[2024-06-18 21:13:51,853][utils.model][INFO] - Step 25/40 - val_loss: 1.2175 - val_accuracy: 0.6073
[2024-06-18 21:13:51,867][utils.model][INFO] - Step 26/40 - val_loss: 1.2191 - val_accuracy: 0.6068
[2024-06-18 21:13:51,878][utils.model][INFO] - Step 27/40 - val_loss: 1.2175 - val_accuracy: 0.6062
[2024-06-18 21:13:51,890][utils.model][INFO] - Step 28/40 - val_loss: 1.2125 - val_accuracy: 0.6084
[2024-06-18 21:13:51,905][utils.model][INFO] - Step 29/40 - val_loss: 1.2096 - val_accuracy: 0.6098
[2024-06-18 21:13:51,918][utils.model][INFO] - Step 30/40 - val_loss: 1.2124 - val_accuracy: 0.6077
[2024-06-18 21:13:51,931][utils.model][INFO] - Step 31/40 - val_loss: 1.2135 - val_accuracy: 0.6065
[2024-06-18 21:13:51,943][utils.model][INFO] - Step 32/40 - val_loss: 1.2101 - val_accuracy: 0.6077
[2024-06-18 21:13:51,954][utils.model][INFO] - Step 33/40 - val_loss: 1.2120 - val_accuracy: 0.6067
[2024-06-18 21:13:51,966][utils.model][INFO] - Step 34/40 - val_loss: 1.2051 - val_accuracy: 0.6090
[2024-06-18 21:13:51,978][utils.model][INFO] - Step 35/40 - val_loss: 1.1983 - val_accuracy: 0.6112
[2024-06-18 21:13:51,991][utils.model][INFO] - Step 36/40 - val_loss: 1.1988 - val_accuracy: 0.6109
[2024-06-18 21:13:52,005][utils.model][INFO] - Step 37/40 - val_loss: 1.1928 - val_accuracy: 0.6129
[2024-06-18 21:13:52,020][utils.model][INFO] - Step 38/40 - val_loss: 1.1935 - val_accuracy: 0.6127
[2024-06-18 21:13:52,035][utils.model][INFO] - Step 39/40 - val_loss: 1.1992 - val_accuracy: 0.6113
[2024-06-18 21:13:52,045][utils.model][INFO] - Step 40/40 - val_loss: 1.1943 - val_accuracy: 0.6114
[2024-06-18 21:13:52,048][utils.model][INFO] - Evaluation Results - Val Loss: 1.1943, Val Accuracy: 0.6114 in 40 steps
[2024-06-18 21:13:52,052][flwr][INFO] - fit progress: (1, 1.194278, {'accuracy': 0.6114}, 12.557952554000622)
[2024-06-18 21:13:52,053][flwr][DEBUG] - evaluate_round 1: strategy sampled 3 clients (out of 3)
[2024-06-18 21:13:53,382][flwr][DEBUG] - evaluate_round 1 received 2 results and 1 failures
