[2024-03-03 15:44:47,832][flwr][INFO] - Starting Flower server, config: ServerConfig(num_rounds=3, round_timeout=None)
[2024-03-03 15:44:47,837][flwr][INFO] - Flower ECE: gRPC server running (3 rounds), SSL is disabled
[2024-03-03 15:44:47,838][flwr][INFO] - Initializing global parameters
[2024-03-03 15:44:47,839][flwr][INFO] - Requesting initial parameters from one random client
[2024-03-03 15:44:51,183][flwr][INFO] - Received initial parameters from one random client
[2024-03-03 15:44:51,183][flwr][INFO] - Evaluating initial parameters
[2024-03-03 15:44:51,184][flwr][INFO] - FL starting
[2024-03-03 17:19:42,717][flwr][DEBUG] - fit_round 1: strategy sampled 3 clients (out of 4)
[2024-03-03 17:20:00,531][flwr][DEBUG] - fit_round 1 received 3 results and 0 failures
[2024-03-03 17:20:00,554][flwr][DEBUG] - evaluate_round 1: strategy sampled 2 clients (out of 4)
[2024-03-03 17:20:04,515][flwr][DEBUG] - evaluate_round 1 received 2 results and 0 failures
[2024-03-03 18:53:27,897][flwr][DEBUG] - fit_round 2: strategy sampled 3 clients (out of 4)
[2024-03-03 18:53:47,805][flwr][DEBUG] - fit_round 2 received 3 results and 0 failures
[2024-03-03 18:53:47,815][flwr][DEBUG] - evaluate_round 2: strategy sampled 2 clients (out of 4)
[2024-03-03 18:53:51,345][flwr][DEBUG] - evaluate_round 2 received 2 results and 0 failures
[2024-03-03 20:27:11,260][flwr][DEBUG] - fit_round 3: strategy sampled 3 clients (out of 4)
[2024-03-03 20:27:32,841][flwr][DEBUG] - fit_round 3 received 3 results and 0 failures
[2024-03-03 20:27:32,850][flwr][DEBUG] - evaluate_round 3: strategy sampled 2 clients (out of 4)
[2024-03-03 20:27:36,110][flwr][DEBUG] - evaluate_round 3 received 2 results and 0 failures
[2024-03-03 20:27:36,112][flwr][INFO] - FL finished in 16964.928032641998
[2024-03-03 20:27:36,148][flwr][INFO] - app_fit: losses_distributed [(1, 0.7066565155982971), (2, 0.3586879074573517), (3, 0.28321462869644165)]
[2024-03-03 20:27:36,149][flwr][INFO] - app_fit: metrics_distributed_fit {'average_norm': [(1, 23.47450574239095), (2, 18.391557057698567), (3, 13.891195297241211)], 'round_time': [(1, 7.957803902), (2, 10.097612728), (3, 10.23148835)], 'average_throughput': [(1, 1832.5977497870742), (2, 1702.2056531690498), (3, 1527.2412732808723)], 'dropouts': [(1, 0), (2, 0), (3, 0)]}
[2024-03-03 20:27:36,149][flwr][INFO] - app_fit: metrics_distributed {'accuracy': [(1, 0.8026000261306763), (2, 0.8883000016212463), (3, 0.9128000140190125)]}
[2024-03-03 20:27:36,149][flwr][INFO] - app_fit: losses_centralized []
[2024-03-03 20:27:36,150][flwr][INFO] - app_fit: metrics_centralized {}
