[2024-03-02 18:44:16,488][flwr][INFO] - Starting Flower server, config: ServerConfig(num_rounds=3, round_timeout=None)
[2024-03-02 18:44:16,492][flwr][INFO] - Flower ECE: gRPC server running (3 rounds), SSL is disabled
[2024-03-02 18:44:16,494][flwr][INFO] - Initializing global parameters
[2024-03-02 18:44:16,495][flwr][INFO] - Requesting initial parameters from one random client
[2024-03-02 18:44:19,937][flwr][INFO] - Received initial parameters from one random client
[2024-03-02 18:44:19,938][flwr][INFO] - Evaluating initial parameters
[2024-03-02 18:44:19,938][flwr][INFO] - FL starting
[2024-03-02 18:44:58,706][flwr][DEBUG] - fit_round 1: strategy sampled 3 clients (out of 4)
[2024-03-02 18:45:14,754][flwr][DEBUG] - fit_round 1 received 3 results and 0 failures
[2024-03-02 18:45:14,766][flwr][DEBUG] - evaluate_round 1: strategy sampled 2 clients (out of 4)
[2024-03-02 18:45:18,654][flwr][DEBUG] - evaluate_round 1 received 2 results and 0 failures
[2024-03-02 18:45:45,193][flwr][DEBUG] - fit_round 2: strategy sampled 2 clients (out of 4)
[2024-03-02 18:46:02,899][flwr][DEBUG] - fit_round 2 received 2 results and 0 failures
[2024-03-02 18:46:02,904][flwr][DEBUG] - evaluate_round 2: strategy sampled 2 clients (out of 4)
[2024-03-02 18:46:06,269][flwr][DEBUG] - evaluate_round 2 received 2 results and 0 failures
[2024-03-02 18:46:17,282][grpc._server][ERROR] - Exception iterating responses: 
Traceback (most recent call last):
  File "/home/psklavos/miniconda3/envs/flower/lib/python3.10/site-packages/grpc/_server.py", line 599, in _take_response_from_response_iterator
    return next(response_iterator), True
  File "/home/psklavos/miniconda3/envs/flower/lib/python3.10/site-packages/flwr/server/fleet/grpc_bidi/flower_service_servicer.py", line 113, in Join
    ins_wrapper: InsWrapper = next(ins_wrapper_iterator)
  File "/home/psklavos/miniconda3/envs/flower/lib/python3.10/site-packages/flwr/server/fleet/grpc_bidi/grpc_bridge.py", line 165, in ins_wrapper_iterator
    self._raise_if_closed()
  File "/home/psklavos/miniconda3/envs/flower/lib/python3.10/site-packages/flwr/server/fleet/grpc_bidi/grpc_bridge.py", line 81, in _raise_if_closed
    raise GrpcBridgeClosed()
flwr.server.fleet.grpc_bidi.grpc_bridge.GrpcBridgeClosed
