[2024-06-22 17:34:08,410][utils.model][INFO] - LeNet model built
[2024-06-22 17:34:08,416][utils.model][INFO] - LeNet model built
[2024-06-22 17:34:09,023][utils.model][INFO] - Size of serialized model: 279.0341796875 kbytes
[2024-06-22 17:34:09,024][utils.model][INFO] - Size of serialized model: 279.0341796875 kbytes
[2024-06-22 17:34:09,036][flwr][INFO] - Opened insecure gRPC connection (no certificates were passed)
[2024-06-22 17:34:09,043][flwr][INFO] - Opened insecure gRPC connection (no certificates were passed)
[2024-06-22 17:34:09,049][flwr][DEBUG] - ChannelConnectivity.IDLE
[2024-06-22 17:34:09,051][flwr][DEBUG] - ChannelConnectivity.IDLE
[2024-06-22 17:34:09,052][flwr][DEBUG] - ChannelConnectivity.CONNECTING
[2024-06-22 17:34:09,054][flwr][DEBUG] - ChannelConnectivity.CONNECTING
[2024-06-22 17:34:09,060][flwr][DEBUG] - ChannelConnectivity.READY
[2024-06-22 17:34:09,060][flwr][DEBUG] - ChannelConnectivity.READY
[2024-06-22 17:34:18,823][utils.model][INFO] - ========================== Epoch Start ==========================
[2024-06-22 17:34:18,827][utils.model][INFO] - ========================== Epoch Start ==========================
[2024-06-22 17:34:19,782][utils.model][INFO] - (In epoch/Overall): (1/1)| inst_loss: 0.9558 - Mean loss: 2.3360 - acc: 0.2188 - norm: 0.22 - 2.34s
[2024-06-22 17:34:19,782][utils.model][INFO] - (In epoch/Overall): (1/1)| inst_loss: 0.9520 - Mean loss: 2.3306 - acc: 0.1875 - norm: 0.21 - 2.33s
[2024-06-22 17:34:20,674][utils.model][INFO] - (In epoch/Overall): (11/11)| inst_loss: 1.8434 - Mean loss: 2.1270 - acc: 0.3267 - norm: 2.01 - 1.92s
[2024-06-22 17:34:20,674][utils.model][INFO] - (In epoch/Overall): (11/11)| inst_loss: 1.8463 - Mean loss: 2.1303 - acc: 0.3352 - norm: 1.96 - 1.79s
[2024-06-22 17:34:21,395][utils.model][INFO] - (In epoch/Overall): (21/21)| inst_loss: 2.5672 - Mean loss: 1.8770 - acc: 0.4196 - norm: 4.41 - 1.14s
[2024-06-22 17:34:21,397][utils.model][INFO] - (In epoch/Overall): (21/21)| inst_loss: 2.5708 - Mean loss: 1.8677 - acc: 0.4301 - norm: 4.52 - 1.25s
[2024-06-22 17:34:21,655][utils.model][INFO] - Epoch Results:
[2024-06-22 17:34:21,657][utils.model][INFO] - Epoch Results:
[2024-06-22 17:34:21,659][utils.model][INFO] - (In epoch/Overall): (25/25)| inst_loss: 1.1502 - Mean loss: 1.7695 - acc: 0.4575 - norm: 5.43 - 2.83s
[2024-06-22 17:34:21,660][utils.model][INFO] - (In epoch/Overall): (25/25)| inst_loss: 1.2286 - Mean loss: 1.7774 - acc: 0.4575 - norm: 5.28 - 2.83s
[2024-06-22 17:34:23,263][utils.model][INFO] - Evaluation Results - Val Loss: 1.1268, Val Accuracy: 0.7450 in 19 steps
[2024-06-22 17:34:23,263][utils.model][INFO] - Evaluation Results - Val Loss: 1.1249, Val Accuracy: 0.7650 in 19 steps
[2024-06-22 17:34:29,773][utils.model][INFO] - ========================== Epoch Start ==========================
[2024-06-22 17:34:29,774][utils.model][INFO] - ========================== Epoch Start ==========================
[2024-06-22 17:34:29,911][utils.model][INFO] - (In epoch/Overall): (1/26)| inst_loss: 0.1352 - Mean loss: 1.1541 - acc: 0.6562 - norm: 0.06 - 1.15s
[2024-06-22 17:34:29,912][utils.model][INFO] - (In epoch/Overall): (1/26)| inst_loss: 0.1336 - Mean loss: 1.1385 - acc: 0.7812 - norm: 0.07 - 1.14s
[2024-06-22 17:34:30,667][utils.model][INFO] - (In epoch/Overall): (11/36)| inst_loss: 0.8928 - Mean loss: 1.1331 - acc: 0.6477 - norm: 0.44 - 1.28s
[2024-06-22 17:34:30,668][utils.model][INFO] - (In epoch/Overall): (11/36)| inst_loss: 0.8916 - Mean loss: 1.0874 - acc: 0.6761 - norm: 0.51 - 0.77s
[2024-06-22 17:34:31,332][utils.model][INFO] - (In epoch/Overall): (21/46)| inst_loss: 1.5575 - Mean loss: 0.9796 - acc: 0.6920 - norm: 1.01 - 0.81s
[2024-06-22 17:34:31,332][utils.model][INFO] - (In epoch/Overall): (21/46)| inst_loss: 1.5559 - Mean loss: 0.9546 - acc: 0.7188 - norm: 1.09 - 0.57s
[2024-06-22 17:34:32,009][utils.model][INFO] - (In epoch/Overall): (31/56)| inst_loss: 2.2333 - Mean loss: 0.8886 - acc: 0.7349 - norm: 1.71 - 0.66s
[2024-06-22 17:34:32,010][utils.model][INFO] - (In epoch/Overall): (31/56)| inst_loss: 2.2346 - Mean loss: 0.9091 - acc: 0.7117 - norm: 1.63 - 0.67s
[2024-06-22 17:34:32,753][utils.model][INFO] - (In epoch/Overall): (41/66)| inst_loss: 2.9786 - Mean loss: 0.8309 - acc: 0.7386 - norm: 2.29 - 0.55s
[2024-06-22 17:34:32,754][utils.model][INFO] - (In epoch/Overall): (41/66)| inst_loss: 2.9771 - Mean loss: 0.8318 - acc: 0.7431 - norm: 2.37 - 0.64s
[2024-06-22 17:34:33,446][utils.model][INFO] - (In epoch/Overall): (51/76)| inst_loss: 3.6707 - Mean loss: 0.7718 - acc: 0.7616 - norm: 3.02 - 0.74s
[2024-06-22 17:34:33,447][utils.model][INFO] - (In epoch/Overall): (51/76)| inst_loss: 3.6695 - Mean loss: 0.7794 - acc: 0.7549 - norm: 3.04 - 0.61s
[2024-06-22 17:34:34,084][utils.model][INFO] - (In epoch/Overall): (61/86)| inst_loss: 4.3079 - Mean loss: 0.7198 - acc: 0.7736 - norm: 3.71 - 0.42s
[2024-06-22 17:34:34,084][utils.model][INFO] - (In epoch/Overall): (61/86)| inst_loss: 4.3094 - Mean loss: 0.7151 - acc: 0.7777 - norm: 3.69 - 0.59s
[2024-06-22 17:34:34,846][utils.model][INFO] - (In epoch/Overall): (71/96)| inst_loss: 5.0719 - Mean loss: 0.6870 - acc: 0.7848 - norm: 4.34 - 0.38s
[2024-06-22 17:34:34,848][utils.model][INFO] - (In epoch/Overall): (71/96)| inst_loss: 5.0710 - Mean loss: 0.6877 - acc: 0.7799 - norm: 4.44 - 0.42s
[2024-06-22 17:34:35,501][utils.model][INFO] - Epoch Results:
[2024-06-22 17:34:35,503][utils.model][INFO] - Epoch Results:
[2024-06-22 17:34:35,505][utils.model][INFO] - (In epoch/Overall): (80/105)| inst_loss: 0.1749 - Mean loss: 0.6635 - acc: 0.7883 - norm: 4.98 - 5.73s
[2024-06-22 17:34:35,507][utils.model][INFO] - (In epoch/Overall): (80/105)| inst_loss: 0.3049 - Mean loss: 0.6510 - acc: 0.7957 - norm: 4.99 - 5.73s
[2024-06-22 17:34:36,969][utils.model][INFO] - Evaluation Results - Val Loss: 0.3449, Val Accuracy: 0.9008 in 19 steps
[2024-06-22 17:34:36,986][utils.model][INFO] - Evaluation Results - Val Loss: 0.3475, Val Accuracy: 0.8958 in 19 steps
[2024-06-22 17:34:43,259][utils.model][INFO] - ========================== Epoch Start ==========================
[2024-06-22 17:34:43,266][utils.model][INFO] - ========================== Epoch Start ==========================
[2024-06-22 17:34:43,372][utils.model][INFO] - (In epoch/Overall): (1/106)| inst_loss: 0.1048 - Mean loss: 0.2533 - acc: 0.9062 - norm: 0.02 - 0.25s
[2024-06-22 17:34:43,374][utils.model][INFO] - (In epoch/Overall): (1/106)| inst_loss: 0.1120 - Mean loss: 0.1983 - acc: 0.9375 - norm: 0.01 - 0.20s
[2024-06-22 17:34:44,072][utils.model][INFO] - (In epoch/Overall): (11/116)| inst_loss: 0.8108 - Mean loss: 0.4022 - acc: 0.8693 - norm: 0.18 - 0.29s
[2024-06-22 17:34:44,072][utils.model][INFO] - (In epoch/Overall): (11/116)| inst_loss: 0.8046 - Mean loss: 0.3746 - acc: 0.8807 - norm: 0.22 - 0.33s
[2024-06-22 17:34:44,818][utils.model][INFO] - (In epoch/Overall): (21/126)| inst_loss: 1.5562 - Mean loss: 0.3857 - acc: 0.8735 - norm: 0.37 - 0.46s
[2024-06-22 17:34:44,819][utils.model][INFO] - (In epoch/Overall): (21/126)| inst_loss: 1.5502 - Mean loss: 0.3712 - acc: 0.8839 - norm: 0.36 - 0.16s
[2024-06-22 17:34:45,627][utils.model][INFO] - (In epoch/Overall): (31/136)| inst_loss: 2.3657 - Mean loss: 0.3762 - acc: 0.8700 - norm: 0.61 - 0.46s
[2024-06-22 17:34:45,629][utils.model][INFO] - (In epoch/Overall): (31/136)| inst_loss: 2.3601 - Mean loss: 0.3989 - acc: 0.8669 - norm: 0.59 - 0.50s
[2024-06-22 17:34:46,475][utils.model][INFO] - (In epoch/Overall): (41/146)| inst_loss: 3.2135 - Mean loss: 0.3863 - acc: 0.8674 - norm: 0.87 - 0.33s
[2024-06-22 17:34:46,476][utils.model][INFO] - (In epoch/Overall): (41/146)| inst_loss: 3.2072 - Mean loss: 0.4096 - acc: 0.8666 - norm: 0.89 - 0.69s
[2024-06-22 17:34:47,308][utils.model][INFO] - (In epoch/Overall): (51/156)| inst_loss: 4.0397 - Mean loss: 0.4022 - acc: 0.8695 - norm: 1.21 - 0.58s
[2024-06-22 17:34:47,311][utils.model][INFO] - (In epoch/Overall): (51/156)| inst_loss: 4.0465 - Mean loss: 0.3775 - acc: 0.8707 - norm: 1.10 - 0.31s
[2024-06-22 17:34:48,175][utils.model][INFO] - (In epoch/Overall): (61/166)| inst_loss: 4.9131 - Mean loss: 0.3748 - acc: 0.8745 - norm: 1.51 - 0.42s
[2024-06-22 17:34:48,175][utils.model][INFO] - (In epoch/Overall): (61/166)| inst_loss: 4.9070 - Mean loss: 0.3934 - acc: 0.8740 - norm: 1.51 - 0.18s
[2024-06-22 17:34:48,935][utils.model][INFO] - (In epoch/Overall): (71/176)| inst_loss: 5.6678 - Mean loss: 0.3790 - acc: 0.8763 - norm: 1.86 - 0.38s
[2024-06-22 17:34:48,937][utils.model][INFO] - (In epoch/Overall): (71/176)| inst_loss: 5.6747 - Mean loss: 0.3759 - acc: 0.8763 - norm: 1.82 - 0.56s
[2024-06-22 17:34:49,624][utils.model][INFO] - (In epoch/Overall): (81/186)| inst_loss: 6.3567 - Mean loss: 0.3703 - acc: 0.8800 - norm: 2.21 - 0.20s
[2024-06-22 17:34:49,626][utils.model][INFO] - (In epoch/Overall): (81/186)| inst_loss: 6.3638 - Mean loss: 0.3519 - acc: 0.8846 - norm: 2.11 - 0.19s
[2024-06-22 17:34:50,304][utils.model][INFO] - (In epoch/Overall): (91/196)| inst_loss: 7.0359 - Mean loss: 0.3653 - acc: 0.8819 - norm: 2.73 - 0.38s
[2024-06-22 17:34:50,305][utils.model][INFO] - (In epoch/Overall): (91/196)| inst_loss: 7.0428 - Mean loss: 0.3373 - acc: 0.8887 - norm: 2.48 - 0.19s
[2024-06-22 17:34:51,000][utils.model][INFO] - (In epoch/Overall): (101/206)| inst_loss: 7.7384 - Mean loss: 0.3321 - acc: 0.8905 - norm: 2.85 - 0.21s
[2024-06-22 17:34:51,000][utils.model][INFO] - (In epoch/Overall): (101/206)| inst_loss: 7.7324 - Mean loss: 0.3538 - acc: 0.8849 - norm: 3.19 - 0.35s
[2024-06-22 17:34:51,713][utils.model][INFO] - (In epoch/Overall): (111/216)| inst_loss: 8.4456 - Mean loss: 0.3491 - acc: 0.8874 - norm: 3.67 - 0.38s
[2024-06-22 17:34:51,716][utils.model][INFO] - (In epoch/Overall): (111/216)| inst_loss: 8.4529 - Mean loss: 0.3237 - acc: 0.8925 - norm: 3.44 - 0.36s
[2024-06-22 17:34:52,392][utils.model][INFO] - (In epoch/Overall): (121/226)| inst_loss: 9.1243 - Mean loss: 0.3446 - acc: 0.8895 - norm: 4.22 - 0.63s
[2024-06-22 17:34:52,393][utils.model][INFO] - (In epoch/Overall): (121/226)| inst_loss: 9.1312 - Mean loss: 0.3208 - acc: 0.8949 - norm: 3.88 - 0.50s
[2024-06-22 17:34:53,081][utils.model][INFO] - (In epoch/Overall): (131/236)| inst_loss: 9.8133 - Mean loss: 0.3397 - acc: 0.8917 - norm: 4.59 - 0.04s
[2024-06-22 17:34:53,082][utils.model][INFO] - (In epoch/Overall): (131/236)| inst_loss: 9.8197 - Mean loss: 0.3093 - acc: 0.8991 - norm: 4.23 - 0.13s
[2024-06-22 17:34:53,790][utils.model][INFO] - (In epoch/Overall): (141/246)| inst_loss: 10.5217 - Mean loss: 0.3335 - acc: 0.8930 - norm: 5.14 - 0.19s
[2024-06-22 17:34:53,790][utils.model][INFO] - (In epoch/Overall): (141/246)| inst_loss: 10.5282 - Mean loss: 0.3092 - acc: 0.8996 - norm: 4.72 - 0.41s
[2024-06-22 17:34:53,932][utils.model][INFO] - Epoch Results:
[2024-06-22 17:34:53,933][utils.model][INFO] - Epoch Results:
[2024-06-22 17:34:53,935][utils.model][INFO] - (In epoch/Overall): (143/248)| inst_loss: 0.3837 - Mean loss: 0.3335 - acc: 0.8929 - norm: 5.26 - 10.67s
[2024-06-22 17:34:53,937][utils.model][INFO] - (In epoch/Overall): (143/248)| inst_loss: 0.1340 - Mean loss: 0.3065 - acc: 0.9008 - norm: 4.83 - 10.68s
[2024-06-22 17:34:55,470][utils.model][INFO] - Evaluation Results - Val Loss: 0.1728, Val Accuracy: 0.9517 in 19 steps
[2024-06-22 17:34:55,472][utils.model][INFO] - Evaluation Results - Val Loss: 0.1857, Val Accuracy: 0.9442 in 19 steps
[2024-06-22 17:34:55,658][flwr][DEBUG] - gRPC channel closed
[2024-06-22 17:34:55,658][flwr][DEBUG] - gRPC channel closed
[2024-06-22 17:34:55,658][flwr][INFO] - Disconnect and shut down
[2024-06-22 17:34:55,658][flwr][INFO] - Disconnect and shut down
