[2024-02-22 16:47:34,774][tensorflow][WARNING] - Skipping full serialization of Keras layer <client.model.CustomModel object at 0x7fa3f5575450>, because it is not built.
[2024-02-22 16:47:34,783][tensorflow][WARNING] - Skipping full serialization of Keras layer <keras.src.layers.convolutional.conv2d.Conv2D object at 0x7fa3f541ec50>, because it is not built.
[2024-02-22 16:47:34,786][tensorflow][WARNING] - Skipping full serialization of Keras layer <keras.src.layers.pooling.max_pooling2d.MaxPooling2D object at 0x7fa3f541c0a0>, because it is not built.
[2024-02-22 16:47:34,788][tensorflow][WARNING] - Skipping full serialization of Keras layer <keras.src.layers.reshaping.flatten.Flatten object at 0x7fa3f541d990>, because it is not built.
[2024-02-22 16:47:34,789][tensorflow][WARNING] - Skipping full serialization of Keras layer <keras.src.layers.core.dense.Dense object at 0x7fa3f542bd60>, because it is not built.
[2024-02-22 16:47:34,791][tensorflow][WARNING] - Skipping full serialization of Keras layer <keras.src.layers.core.dense.Dense object at 0x7fa3f5429660>, because it is not built.
[2024-02-22 16:47:34,925][tensorflow][INFO] - Assets written to: /tmp/tmprwpuuoqp/assets
[2024-02-22 16:47:34,936][flwr][INFO] - Opened insecure gRPC connection (no certificates were passed)
[2024-02-22 16:47:34,938][flwr][DEBUG] - ChannelConnectivity.IDLE
[2024-02-22 16:47:34,939][flwr][DEBUG] - ChannelConnectivity.READY
[2024-02-22 16:47:35,137][tensorflow][WARNING] - Skipping full serialization of Keras layer <client.model.CustomModel object at 0x7f7a3413c850>, because it is not built.
[2024-02-22 16:47:35,145][tensorflow][WARNING] - Skipping full serialization of Keras layer <keras.src.layers.convolutional.conv2d.Conv2D object at 0x7f7a3400a320>, because it is not built.
[2024-02-22 16:47:35,147][tensorflow][WARNING] - Skipping full serialization of Keras layer <keras.src.layers.pooling.max_pooling2d.MaxPooling2D object at 0x7f7a34008670>, because it is not built.
[2024-02-22 16:47:35,149][tensorflow][WARNING] - Skipping full serialization of Keras layer <keras.src.layers.reshaping.flatten.Flatten object at 0x7f7a34009990>, because it is not built.
[2024-02-22 16:47:35,150][tensorflow][WARNING] - Skipping full serialization of Keras layer <keras.src.layers.core.dense.Dense object at 0x7f7a34017c10>, because it is not built.
[2024-02-22 16:47:35,152][tensorflow][WARNING] - Skipping full serialization of Keras layer <keras.src.layers.core.dense.Dense object at 0x7f7a34016050>, because it is not built.
[2024-02-22 16:47:35,245][tensorflow][INFO] - Assets written to: /tmp/tmpqncpe87k/assets
[2024-02-22 16:47:35,256][flwr][INFO] - Opened insecure gRPC connection (no certificates were passed)
[2024-02-22 16:47:35,261][flwr][DEBUG] - ChannelConnectivity.IDLE
[2024-02-22 16:47:35,261][flwr][DEBUG] - ChannelConnectivity.READY
[2024-02-22 16:47:35,835][tensorflow][WARNING] - Skipping full serialization of Keras layer <client.model.CustomModel object at 0x7fbaf369cdf0>, because it is not built.
[2024-02-22 16:47:35,842][tensorflow][WARNING] - Skipping full serialization of Keras layer <keras.src.layers.convolutional.conv2d.Conv2D object at 0x7fbaf354ab30>, because it is not built.
[2024-02-22 16:47:35,844][tensorflow][WARNING] - Skipping full serialization of Keras layer <keras.src.layers.pooling.max_pooling2d.MaxPooling2D object at 0x7fbaf3548040>, because it is not built.
[2024-02-22 16:47:35,846][tensorflow][WARNING] - Skipping full serialization of Keras layer <keras.src.layers.reshaping.flatten.Flatten object at 0x7fbaf3549660>, because it is not built.
[2024-02-22 16:47:35,847][tensorflow][WARNING] - Skipping full serialization of Keras layer <keras.src.layers.core.dense.Dense object at 0x7fbaf3557d00>, because it is not built.
[2024-02-22 16:47:35,849][tensorflow][WARNING] - Skipping full serialization of Keras layer <keras.src.layers.core.dense.Dense object at 0x7fbaf3555f90>, because it is not built.
[2024-02-22 16:47:35,927][tensorflow][INFO] - Assets written to: /tmp/tmpsq0wuwxu/assets
[2024-02-22 16:47:35,936][flwr][INFO] - Opened insecure gRPC connection (no certificates were passed)
[2024-02-22 16:47:35,938][flwr][DEBUG] - ChannelConnectivity.IDLE
[2024-02-22 16:47:35,941][flwr][DEBUG] - ChannelConnectivity.CONNECTING
[2024-02-22 16:47:35,943][flwr][DEBUG] - ChannelConnectivity.READY
[2024-02-22 16:48:42,709][flwr][DEBUG] - gRPC channel closed
[2024-02-22 16:49:04,594][flwr][DEBUG] - ChannelConnectivity.IDLE
[2024-02-22 16:49:04,797][flwr][DEBUG] - gRPC channel closed
