[2024-02-22 16:45:06,890][tensorflow][WARNING] - Skipping full serialization of Keras layer <client.model.CustomModel object at 0x7f32084993f0>, because it is not built.
[2024-02-22 16:45:06,898][tensorflow][WARNING] - Skipping full serialization of Keras layer <keras.src.layers.convolutional.conv2d.Conv2D object at 0x7f3208346980>, because it is not built.
[2024-02-22 16:45:06,900][tensorflow][WARNING] - Skipping full serialization of Keras layer <keras.src.layers.pooling.max_pooling2d.MaxPooling2D object at 0x7f32083450c0>, because it is not built.
[2024-02-22 16:45:06,902][tensorflow][WARNING] - Skipping full serialization of Keras layer <keras.src.layers.reshaping.flatten.Flatten object at 0x7f3208345900>, because it is not built.
[2024-02-22 16:45:06,903][tensorflow][WARNING] - Skipping full serialization of Keras layer <keras.src.layers.core.dense.Dense object at 0x7f3208353cd0>, because it is not built.
[2024-02-22 16:45:06,905][tensorflow][WARNING] - Skipping full serialization of Keras layer <keras.src.layers.core.dense.Dense object at 0x7f3208351f60>, because it is not built.
[2024-02-22 16:45:06,995][tensorflow][INFO] - Assets written to: /tmp/tmpfcmpq7vj/assets
[2024-02-22 16:45:07,008][flwr][INFO] - Opened insecure gRPC connection (no certificates were passed)
[2024-02-22 16:45:07,010][flwr][DEBUG] - ChannelConnectivity.IDLE
[2024-02-22 16:45:07,013][flwr][DEBUG] - ChannelConnectivity.READY
[2024-02-22 16:45:07,497][tensorflow][WARNING] - Skipping full serialization of Keras layer <client.model.CustomModel object at 0x7ffb2d17d450>, because it is not built.
[2024-02-22 16:45:07,505][tensorflow][WARNING] - Skipping full serialization of Keras layer <keras.src.layers.convolutional.conv2d.Conv2D object at 0x7ffb2d026c50>, because it is not built.
[2024-02-22 16:45:07,508][tensorflow][WARNING] - Skipping full serialization of Keras layer <keras.src.layers.pooling.max_pooling2d.MaxPooling2D object at 0x7ffb2d0240a0>, because it is not built.
[2024-02-22 16:45:07,509][tensorflow][WARNING] - Skipping full serialization of Keras layer <keras.src.layers.reshaping.flatten.Flatten object at 0x7ffb2d025990>, because it is not built.
[2024-02-22 16:45:07,510][tensorflow][WARNING] - Skipping full serialization of Keras layer <keras.src.layers.core.dense.Dense object at 0x7ffb2d033d60>, because it is not built.
[2024-02-22 16:45:07,512][tensorflow][WARNING] - Skipping full serialization of Keras layer <keras.src.layers.core.dense.Dense object at 0x7ffb2d031660>, because it is not built.
[2024-02-22 16:45:07,590][tensorflow][INFO] - Assets written to: /tmp/tmpdr31ewpo/assets
[2024-02-22 16:45:07,599][flwr][INFO] - Opened insecure gRPC connection (no certificates were passed)
[2024-02-22 16:45:07,601][flwr][DEBUG] - ChannelConnectivity.IDLE
[2024-02-22 16:45:07,603][flwr][DEBUG] - ChannelConnectivity.READY
[2024-02-22 16:45:37,970][flwr][DEBUG] - gRPC channel closed
[2024-02-22 16:47:15,732][flwr][DEBUG] - gRPC channel closed
