[2024-06-22 12:16:34,406][utils.model][INFO] - LeNet model built
[2024-06-22 12:16:34,713][utils.model][INFO] - Size of serialized model: 279.0341796875 kbytes
[2024-06-22 12:16:34,726][flwr][INFO] - Opened insecure gRPC connection (no certificates were passed)
[2024-06-22 12:16:34,730][flwr][DEBUG] - ChannelConnectivity.IDLE
[2024-06-22 12:16:34,734][flwr][DEBUG] - ChannelConnectivity.CONNECTING
[2024-06-22 12:16:34,738][flwr][DEBUG] - ChannelConnectivity.READY
[2024-06-22 12:16:34,797][utils.model][INFO] - LeNet model built
[2024-06-22 12:16:35,031][utils.model][INFO] - LeNet model built
[2024-06-22 12:16:35,088][utils.model][INFO] - Size of serialized model: 279.0341796875 kbytes
[2024-06-22 12:16:35,100][flwr][INFO] - Opened insecure gRPC connection (no certificates were passed)
[2024-06-22 12:16:35,104][flwr][DEBUG] - ChannelConnectivity.IDLE
[2024-06-22 12:16:35,105][flwr][DEBUG] - ChannelConnectivity.READY
[2024-06-22 12:16:35,251][utils.model][INFO] - Size of serialized model: 279.0341796875 kbytes
[2024-06-22 12:16:35,267][flwr][INFO] - Opened insecure gRPC connection (no certificates were passed)
[2024-06-22 12:16:35,270][flwr][DEBUG] - ChannelConnectivity.IDLE
[2024-06-22 12:16:35,271][flwr][DEBUG] - ChannelConnectivity.CONNECTING
[2024-06-22 12:16:35,273][flwr][DEBUG] - ChannelConnectivity.READY
[2024-06-22 12:16:39,592][utils.model][INFO] - ========================== Epoch Start ==========================
[2024-06-22 12:16:39,592][utils.model][INFO] - ========================== Epoch Start ==========================
[2024-06-22 12:18:02,052][flwr][DEBUG] - ChannelConnectivity.IDLE
[2024-06-22 12:18:02,052][flwr][DEBUG] - ChannelConnectivity.IDLE
[2024-06-22 12:18:02,052][flwr][DEBUG] - ChannelConnectivity.IDLE
[2024-06-22 12:18:02,255][flwr][DEBUG] - gRPC channel closed
[2024-06-22 12:18:02,255][flwr][DEBUG] - gRPC channel closed
