[2024-06-22 17:24:08,777][root][INFO] - Initialized DataManager for experiment exp_20240622_172408
[2024-06-22 17:24:08,839][root][INFO] - Info data saved to /home/psklavos/fl/geom_aio/csv_logs/exp_20240622_172408/info.csv
[2024-06-22 17:24:08,842][flwr][INFO] - Starting Flower server, config: ServerConfig(num_rounds=3, round_timeout=None)
[2024-06-22 17:24:08,847][flwr][INFO] - Flower ECE: gRPC server running (3 rounds), SSL is disabled
[2024-06-22 17:24:08,848][flwr][INFO] - Initializing global parameters
[2024-06-22 17:24:08,849][flwr][INFO] - Requesting initial parameters from one random client
[2024-06-22 17:24:17,466][flwr][INFO] - Received initial parameters from one random client
[2024-06-22 17:24:17,468][flwr][INFO] - Evaluating initial parameters
[2024-06-22 17:24:17,934][utils.model][INFO] - LeNet model built
[2024-06-22 17:24:18,625][utils.model][INFO] - Size of serialized model: 279.0341796875 kbytes
[2024-06-22 17:24:18,776][utils.model][INFO] - Step 1/40 - val_loss: 2.2935 - val_accuracy: 0.1133
[2024-06-22 17:24:18,830][utils.model][INFO] - Step 2/40 - val_loss: 2.2988 - val_accuracy: 0.1172
[2024-06-22 17:24:18,888][utils.model][INFO] - Step 3/40 - val_loss: 2.3032 - val_accuracy: 0.1094
[2024-06-22 17:24:18,952][utils.model][INFO] - Step 4/40 - val_loss: 2.3054 - val_accuracy: 0.0977
[2024-06-22 17:24:18,996][utils.model][INFO] - Step 5/40 - val_loss: 2.3058 - val_accuracy: 0.0922
[2024-06-22 17:24:19,037][utils.model][INFO] - Step 6/40 - val_loss: 2.3050 - val_accuracy: 0.0990
[2024-06-22 17:24:19,071][utils.model][INFO] - Step 7/40 - val_loss: 2.3043 - val_accuracy: 0.1027
[2024-06-22 17:24:19,102][utils.model][INFO] - Step 8/40 - val_loss: 2.3043 - val_accuracy: 0.1016
[2024-06-22 17:24:19,139][utils.model][INFO] - Step 9/40 - val_loss: 2.3050 - val_accuracy: 0.0998
[2024-06-22 17:24:19,169][utils.model][INFO] - Step 10/40 - val_loss: 2.3048 - val_accuracy: 0.0996
[2024-06-22 17:24:19,206][utils.model][INFO] - Step 11/40 - val_loss: 2.3049 - val_accuracy: 0.0991
[2024-06-22 17:24:19,242][utils.model][INFO] - Step 12/40 - val_loss: 2.3042 - val_accuracy: 0.1016
[2024-06-22 17:24:19,281][utils.model][INFO] - Step 13/40 - val_loss: 2.3052 - val_accuracy: 0.0989
[2024-06-22 17:24:19,311][utils.model][INFO] - Step 14/40 - val_loss: 2.3053 - val_accuracy: 0.0993
[2024-06-22 17:24:19,347][utils.model][INFO] - Step 15/40 - val_loss: 2.3053 - val_accuracy: 0.0995
[2024-06-22 17:24:19,378][utils.model][INFO] - Step 16/40 - val_loss: 2.3047 - val_accuracy: 0.1003
[2024-06-22 17:24:19,408][utils.model][INFO] - Step 17/40 - val_loss: 2.3041 - val_accuracy: 0.1009
[2024-06-22 17:24:19,435][utils.model][INFO] - Step 18/40 - val_loss: 2.3042 - val_accuracy: 0.1022
[2024-06-22 17:24:19,459][utils.model][INFO] - Step 19/40 - val_loss: 2.3043 - val_accuracy: 0.1049
[2024-06-22 17:24:19,481][utils.model][INFO] - Step 20/40 - val_loss: 2.3040 - val_accuracy: 0.1059
[2024-06-22 17:24:19,507][utils.model][INFO] - Step 21/40 - val_loss: 2.3037 - val_accuracy: 0.1058
[2024-06-22 17:24:19,530][utils.model][INFO] - Step 22/40 - val_loss: 2.3040 - val_accuracy: 0.1049
[2024-06-22 17:24:19,555][utils.model][INFO] - Step 23/40 - val_loss: 2.3042 - val_accuracy: 0.1048
[2024-06-22 17:24:19,584][utils.model][INFO] - Step 24/40 - val_loss: 2.3043 - val_accuracy: 0.1037
[2024-06-22 17:24:19,607][utils.model][INFO] - Step 25/40 - val_loss: 2.3045 - val_accuracy: 0.1031
[2024-06-22 17:24:19,632][utils.model][INFO] - Step 26/40 - val_loss: 2.3046 - val_accuracy: 0.1035
[2024-06-22 17:24:19,658][utils.model][INFO] - Step 27/40 - val_loss: 2.3043 - val_accuracy: 0.1033
[2024-06-22 17:24:19,685][utils.model][INFO] - Step 28/40 - val_loss: 2.3042 - val_accuracy: 0.1038
[2024-06-22 17:24:19,711][utils.model][INFO] - Step 29/40 - val_loss: 2.3041 - val_accuracy: 0.1041
[2024-06-22 17:24:19,732][utils.model][INFO] - Step 30/40 - val_loss: 2.3042 - val_accuracy: 0.1038
[2024-06-22 17:24:19,754][utils.model][INFO] - Step 31/40 - val_loss: 2.3044 - val_accuracy: 0.1045
[2024-06-22 17:24:19,777][utils.model][INFO] - Step 32/40 - val_loss: 2.3041 - val_accuracy: 0.1040
[2024-06-22 17:24:19,798][utils.model][INFO] - Step 33/40 - val_loss: 2.3040 - val_accuracy: 0.1042
[2024-06-22 17:24:19,818][utils.model][INFO] - Step 34/40 - val_loss: 2.3040 - val_accuracy: 0.1037
[2024-06-22 17:24:19,839][utils.model][INFO] - Step 35/40 - val_loss: 2.3038 - val_accuracy: 0.1045
[2024-06-22 17:24:19,860][utils.model][INFO] - Step 36/40 - val_loss: 2.3040 - val_accuracy: 0.1039
[2024-06-22 17:24:19,882][utils.model][INFO] - Step 37/40 - val_loss: 2.3041 - val_accuracy: 0.1038
[2024-06-22 17:24:19,903][utils.model][INFO] - Step 38/40 - val_loss: 2.3040 - val_accuracy: 0.1031
[2024-06-22 17:24:19,926][utils.model][INFO] - Step 39/40 - val_loss: 2.3041 - val_accuracy: 0.1027
[2024-06-22 17:24:19,937][utils.model][INFO] - Step 40/40 - val_loss: 2.3038 - val_accuracy: 0.1026
[2024-06-22 17:24:19,939][utils.model][INFO] - Evaluation Results - Val Loss: 2.3038, Val Accuracy: 0.1026 in 40 steps
[2024-06-22 17:24:20,151][flwr][INFO] - initial parameters (loss, other metrics): 2.3037953, {'accuracy': 0.1026}
[2024-06-22 17:24:20,151][flwr][INFO] - FL starting
[2024-06-22 17:24:27,897][flwr][DEBUG] - fit_round 1: strategy sampled 5 clients (out of 5)
[2024-06-22 17:24:30,218][flwr][DEBUG] - fit_round 1 received 5 results and 0 failures
[2024-06-22 17:24:30,287][utils.model][INFO] - LeNet model built
[2024-06-22 17:24:30,402][utils.model][INFO] - Size of serialized model: 279.0341796875 kbytes
[2024-06-22 17:24:30,443][utils.model][INFO] - Step 1/40 - val_loss: 1.1803 - val_accuracy: 0.6875
[2024-06-22 17:24:30,463][utils.model][INFO] - Step 2/40 - val_loss: 1.2166 - val_accuracy: 0.6660
[2024-06-22 17:24:30,485][utils.model][INFO] - Step 3/40 - val_loss: 1.2371 - val_accuracy: 0.6602
[2024-06-22 17:24:30,509][utils.model][INFO] - Step 4/40 - val_loss: 1.2235 - val_accuracy: 0.6641
[2024-06-22 17:24:30,532][utils.model][INFO] - Step 5/40 - val_loss: 1.2465 - val_accuracy: 0.6539
[2024-06-22 17:24:30,554][utils.model][INFO] - Step 6/40 - val_loss: 1.2517 - val_accuracy: 0.6510
[2024-06-22 17:24:30,581][utils.model][INFO] - Step 7/40 - val_loss: 1.2628 - val_accuracy: 0.6417
[2024-06-22 17:24:30,605][utils.model][INFO] - Step 8/40 - val_loss: 1.2620 - val_accuracy: 0.6421
[2024-06-22 17:24:30,631][utils.model][INFO] - Step 9/40 - val_loss: 1.2662 - val_accuracy: 0.6385
[2024-06-22 17:24:30,653][utils.model][INFO] - Step 10/40 - val_loss: 1.2635 - val_accuracy: 0.6379
[2024-06-22 17:24:30,675][utils.model][INFO] - Step 11/40 - val_loss: 1.2688 - val_accuracy: 0.6346
[2024-06-22 17:24:30,698][utils.model][INFO] - Step 12/40 - val_loss: 1.2666 - val_accuracy: 0.6370
[2024-06-22 17:24:30,718][utils.model][INFO] - Step 13/40 - val_loss: 1.2630 - val_accuracy: 0.6385
[2024-06-22 17:24:30,739][utils.model][INFO] - Step 14/40 - val_loss: 1.2653 - val_accuracy: 0.6350
[2024-06-22 17:24:30,757][utils.model][INFO] - Step 15/40 - val_loss: 1.2656 - val_accuracy: 0.6344
[2024-06-22 17:24:30,776][utils.model][INFO] - Step 16/40 - val_loss: 1.2633 - val_accuracy: 0.6355
[2024-06-22 17:24:30,795][utils.model][INFO] - Step 17/40 - val_loss: 1.2625 - val_accuracy: 0.6381
[2024-06-22 17:24:30,814][utils.model][INFO] - Step 18/40 - val_loss: 1.2644 - val_accuracy: 0.6350
[2024-06-22 17:24:30,834][utils.model][INFO] - Step 19/40 - val_loss: 1.2624 - val_accuracy: 0.6330
[2024-06-22 17:24:30,856][utils.model][INFO] - Step 20/40 - val_loss: 1.2576 - val_accuracy: 0.6367
[2024-06-22 17:24:30,877][utils.model][INFO] - Step 21/40 - val_loss: 1.2475 - val_accuracy: 0.6432
[2024-06-22 17:24:30,900][utils.model][INFO] - Step 22/40 - val_loss: 1.2388 - val_accuracy: 0.6470
[2024-06-22 17:24:30,923][utils.model][INFO] - Step 23/40 - val_loss: 1.2317 - val_accuracy: 0.6493
[2024-06-22 17:24:30,947][utils.model][INFO] - Step 24/40 - val_loss: 1.2281 - val_accuracy: 0.6489
[2024-06-22 17:24:30,969][utils.model][INFO] - Step 25/40 - val_loss: 1.2179 - val_accuracy: 0.6517
[2024-06-22 17:24:30,992][utils.model][INFO] - Step 26/40 - val_loss: 1.2164 - val_accuracy: 0.6555
[2024-06-22 17:24:31,014][utils.model][INFO] - Step 27/40 - val_loss: 1.2128 - val_accuracy: 0.6574
[2024-06-22 17:24:31,034][utils.model][INFO] - Step 28/40 - val_loss: 1.2090 - val_accuracy: 0.6593
[2024-06-22 17:24:31,053][utils.model][INFO] - Step 29/40 - val_loss: 1.2069 - val_accuracy: 0.6595
[2024-06-22 17:24:31,072][utils.model][INFO] - Step 30/40 - val_loss: 1.2077 - val_accuracy: 0.6615
[2024-06-22 17:24:31,089][utils.model][INFO] - Step 31/40 - val_loss: 1.2027 - val_accuracy: 0.6615
[2024-06-22 17:24:31,108][utils.model][INFO] - Step 32/40 - val_loss: 1.1969 - val_accuracy: 0.6633
[2024-06-22 17:24:31,127][utils.model][INFO] - Step 33/40 - val_loss: 1.1920 - val_accuracy: 0.6658
[2024-06-22 17:24:31,144][utils.model][INFO] - Step 34/40 - val_loss: 1.1854 - val_accuracy: 0.6685
[2024-06-22 17:24:31,162][utils.model][INFO] - Step 35/40 - val_loss: 1.1778 - val_accuracy: 0.6732
[2024-06-22 17:24:31,180][utils.model][INFO] - Step 36/40 - val_loss: 1.1749 - val_accuracy: 0.6745
[2024-06-22 17:24:31,197][utils.model][INFO] - Step 37/40 - val_loss: 1.1711 - val_accuracy: 0.6763
[2024-06-22 17:24:31,214][utils.model][INFO] - Step 38/40 - val_loss: 1.1697 - val_accuracy: 0.6771
[2024-06-22 17:24:31,231][utils.model][INFO] - Step 39/40 - val_loss: 1.1743 - val_accuracy: 0.6766
[2024-06-22 17:24:31,240][utils.model][INFO] - Step 40/40 - val_loss: 1.1718 - val_accuracy: 0.6764
[2024-06-22 17:24:31,242][utils.model][INFO] - Evaluation Results - Val Loss: 1.1718, Val Accuracy: 0.6764 in 40 steps
[2024-06-22 17:24:31,244][flwr][INFO] - fit progress: (1, 1.1718, {'accuracy': 0.6764}, 11.092612223001197)
[2024-06-22 17:24:31,244][flwr][DEBUG] - evaluate_round 1: strategy sampled 5 clients (out of 5)
[2024-06-22 17:24:31,738][flwr][DEBUG] - evaluate_round 1 received 5 results and 0 failures
[2024-06-22 17:24:31,743][root][INFO] - Epoch data saved to /home/psklavos/fl/geom_aio/csv_logs/exp_20240622_172408/clients/client_0/epoch.csv
[2024-06-22 17:24:31,769][root][INFO] - Batch data saved to /home/psklavos/fl/geom_aio/csv_logs/exp_20240622_172408/clients/client_0/batch.csv
[2024-06-22 17:24:31,770][root][INFO] - Server data saved to /home/psklavos/fl/geom_aio/csv_logs/exp_20240622_172408/server/server.csv
[2024-06-22 17:24:38,151][flwr][DEBUG] - fit_round 2: strategy sampled 5 clients (out of 5)
[2024-06-22 17:24:46,036][flwr][DEBUG] - fit_round 2 received 5 results and 0 failures
[2024-06-22 17:24:46,117][utils.model][INFO] - LeNet model built
[2024-06-22 17:24:46,266][utils.model][INFO] - Size of serialized model: 279.0341796875 kbytes
[2024-06-22 17:24:46,296][utils.model][INFO] - Step 1/40 - val_loss: 0.2512 - val_accuracy: 0.9258
[2024-06-22 17:24:46,314][utils.model][INFO] - Step 2/40 - val_loss: 0.3356 - val_accuracy: 0.8965
[2024-06-22 17:24:46,332][utils.model][INFO] - Step 3/40 - val_loss: 0.3537 - val_accuracy: 0.8893
[2024-06-22 17:24:46,352][utils.model][INFO] - Step 4/40 - val_loss: 0.3474 - val_accuracy: 0.8926
[2024-06-22 17:24:46,372][utils.model][INFO] - Step 5/40 - val_loss: 0.3795 - val_accuracy: 0.8813
[2024-06-22 17:24:46,392][utils.model][INFO] - Step 6/40 - val_loss: 0.3896 - val_accuracy: 0.8802
[2024-06-22 17:24:46,411][utils.model][INFO] - Step 7/40 - val_loss: 0.4027 - val_accuracy: 0.8795
[2024-06-22 17:24:46,430][utils.model][INFO] - Step 8/40 - val_loss: 0.3977 - val_accuracy: 0.8833
[2024-06-22 17:24:46,448][utils.model][INFO] - Step 9/40 - val_loss: 0.4080 - val_accuracy: 0.8806
[2024-06-22 17:24:46,466][utils.model][INFO] - Step 10/40 - val_loss: 0.4046 - val_accuracy: 0.8793
[2024-06-22 17:24:46,484][utils.model][INFO] - Step 11/40 - val_loss: 0.4021 - val_accuracy: 0.8793
[2024-06-22 17:24:46,504][utils.model][INFO] - Step 12/40 - val_loss: 0.3962 - val_accuracy: 0.8809
[2024-06-22 17:24:46,522][utils.model][INFO] - Step 13/40 - val_loss: 0.3935 - val_accuracy: 0.8810
[2024-06-22 17:24:46,541][utils.model][INFO] - Step 14/40 - val_loss: 0.3909 - val_accuracy: 0.8817
[2024-06-22 17:24:46,562][utils.model][INFO] - Step 15/40 - val_loss: 0.3961 - val_accuracy: 0.8802
[2024-06-22 17:24:46,582][utils.model][INFO] - Step 16/40 - val_loss: 0.3991 - val_accuracy: 0.8787
[2024-06-22 17:24:46,603][utils.model][INFO] - Step 17/40 - val_loss: 0.4024 - val_accuracy: 0.8778
[2024-06-22 17:24:46,629][utils.model][INFO] - Step 18/40 - val_loss: 0.4029 - val_accuracy: 0.8783
[2024-06-22 17:24:46,652][utils.model][INFO] - Step 19/40 - val_loss: 0.4014 - val_accuracy: 0.8795
[2024-06-22 17:24:46,673][utils.model][INFO] - Step 20/40 - val_loss: 0.3986 - val_accuracy: 0.8809
[2024-06-22 17:24:46,693][utils.model][INFO] - Step 21/40 - val_loss: 0.3886 - val_accuracy: 0.8837
[2024-06-22 17:24:46,713][utils.model][INFO] - Step 22/40 - val_loss: 0.3780 - val_accuracy: 0.8869
[2024-06-22 17:24:46,740][utils.model][INFO] - Step 23/40 - val_loss: 0.3730 - val_accuracy: 0.8886
[2024-06-22 17:24:46,765][utils.model][INFO] - Step 24/40 - val_loss: 0.3717 - val_accuracy: 0.8890
[2024-06-22 17:24:46,787][utils.model][INFO] - Step 25/40 - val_loss: 0.3644 - val_accuracy: 0.8917
[2024-06-22 17:24:46,808][utils.model][INFO] - Step 26/40 - val_loss: 0.3639 - val_accuracy: 0.8918
[2024-06-22 17:24:46,830][utils.model][INFO] - Step 27/40 - val_loss: 0.3603 - val_accuracy: 0.8929
[2024-06-22 17:24:46,851][utils.model][INFO] - Step 28/40 - val_loss: 0.3527 - val_accuracy: 0.8956
[2024-06-22 17:24:46,868][utils.model][INFO] - Step 29/40 - val_loss: 0.3464 - val_accuracy: 0.8984
[2024-06-22 17:24:46,885][utils.model][INFO] - Step 30/40 - val_loss: 0.3444 - val_accuracy: 0.8991
[2024-06-22 17:24:46,903][utils.model][INFO] - Step 31/40 - val_loss: 0.3416 - val_accuracy: 0.8993
[2024-06-22 17:24:46,920][utils.model][INFO] - Step 32/40 - val_loss: 0.3355 - val_accuracy: 0.9014
[2024-06-22 17:24:46,939][utils.model][INFO] - Step 33/40 - val_loss: 0.3321 - val_accuracy: 0.9021
[2024-06-22 17:24:46,957][utils.model][INFO] - Step 34/40 - val_loss: 0.3260 - val_accuracy: 0.9042
[2024-06-22 17:24:46,975][utils.model][INFO] - Step 35/40 - val_loss: 0.3185 - val_accuracy: 0.9067
[2024-06-22 17:24:46,992][utils.model][INFO] - Step 36/40 - val_loss: 0.3171 - val_accuracy: 0.9071
[2024-06-22 17:24:47,012][utils.model][INFO] - Step 37/40 - val_loss: 0.3125 - val_accuracy: 0.9090
[2024-06-22 17:24:47,031][utils.model][INFO] - Step 38/40 - val_loss: 0.3111 - val_accuracy: 0.9093
[2024-06-22 17:24:47,052][utils.model][INFO] - Step 39/40 - val_loss: 0.3170 - val_accuracy: 0.9078
[2024-06-22 17:24:47,061][utils.model][INFO] - Step 40/40 - val_loss: 0.3133 - val_accuracy: 0.9078
[2024-06-22 17:24:47,063][utils.model][INFO] - Evaluation Results - Val Loss: 0.3133, Val Accuracy: 0.9078 in 40 steps
[2024-06-22 17:24:47,065][flwr][INFO] - fit progress: (2, 0.31334, {'accuracy': 0.9078}, 26.9134009469999)
[2024-06-22 17:24:47,065][flwr][DEBUG] - evaluate_round 2: strategy sampled 5 clients (out of 5)
[2024-06-22 17:24:47,558][flwr][DEBUG] - evaluate_round 2 received 5 results and 0 failures
[2024-06-22 17:24:47,561][root][INFO] - Epoch data saved to /home/psklavos/fl/geom_aio/csv_logs/exp_20240622_172408/clients/client_0/epoch.csv
[2024-06-22 17:24:47,633][root][INFO] - Batch data saved to /home/psklavos/fl/geom_aio/csv_logs/exp_20240622_172408/clients/client_0/batch.csv
[2024-06-22 17:24:47,634][root][INFO] - Server data saved to /home/psklavos/fl/geom_aio/csv_logs/exp_20240622_172408/server/server.csv
[2024-06-22 17:24:54,662][flwr][DEBUG] - fit_round 3: strategy sampled 5 clients (out of 5)
