[2024-06-19 02:02:31,497][utils.model][INFO] - LeNet model built
[2024-06-19 02:02:31,775][utils.model][INFO] - Size of serialized model: 279.0341796875 kbytes
[2024-06-19 02:02:31,792][flwr][INFO] - Opened insecure gRPC connection (no certificates were passed)
[2024-06-19 02:02:31,795][flwr][DEBUG] - ChannelConnectivity.IDLE
[2024-06-19 02:02:31,798][flwr][DEBUG] - ChannelConnectivity.CONNECTING
[2024-06-19 02:02:31,799][flwr][DEBUG] - ChannelConnectivity.READY
[2024-06-19 02:02:31,958][utils.model][INFO] - LeNet model built
[2024-06-19 02:02:32,224][utils.model][INFO] - Size of serialized model: 279.0341796875 kbytes
[2024-06-19 02:02:32,239][flwr][INFO] - Opened insecure gRPC connection (no certificates were passed)
[2024-06-19 02:02:32,243][flwr][DEBUG] - ChannelConnectivity.IDLE
[2024-06-19 02:02:32,248][flwr][DEBUG] - ChannelConnectivity.CONNECTING
[2024-06-19 02:02:32,251][flwr][DEBUG] - ChannelConnectivity.READY
[2024-06-19 02:02:48,619][utils.model][INFO] - ========================== Epoch Start ==========================
[2024-06-19 02:02:48,623][utils.model][INFO] - ========================== Epoch Start ==========================
[2024-06-19 02:02:49,018][utils.model][INFO] - (In epoch/Overall): (1/1)| inst_loss: 2.3118 - Mean loss: 2.3118 - acc: 0.1250 - norm: 0.17 - 0.40s
[2024-06-19 02:02:49,018][utils.model][INFO] - (In epoch/Overall): (1/1)| inst_loss: 2.3197 - Mean loss: 2.3197 - acc: 0.0312 - norm: 0.16 - 0.39s
[2024-06-19 02:02:49,464][utils.model][INFO] - (In epoch/Overall): (11/11)| inst_loss: 1.9720 - Mean loss: 2.1909 - acc: 0.2983 - norm: 1.76 - 0.84s
[2024-06-19 02:02:49,465][utils.model][INFO] - (In epoch/Overall): (11/11)| inst_loss: 2.1012 - Mean loss: 2.1852 - acc: 0.2500 - norm: 1.64 - 0.84s
[2024-06-19 02:02:49,930][utils.model][INFO] - (In epoch/Overall): (21/21)| inst_loss: 1.4150 - Mean loss: 1.9353 - acc: 0.4062 - norm: 4.59 - 1.31s
[2024-06-19 02:02:49,931][utils.model][INFO] - (In epoch/Overall): (21/21)| inst_loss: 1.6203 - Mean loss: 1.9878 - acc: 0.3482 - norm: 3.76 - 1.31s
[2024-06-19 02:02:50,079][utils.model][INFO] - Epoch Results:
[2024-06-19 02:02:50,081][utils.model][INFO] - Epoch Results:
[2024-06-19 02:02:50,083][utils.model][INFO] - (In epoch/Overall): (24/24)| inst_loss: 1.5200 - Mean loss: 1.9330 - acc: 0.3555 - norm: 4.39 - 1.46s
[2024-06-19 02:02:50,085][utils.model][INFO] - (In epoch/Overall): (24/24)| inst_loss: 1.2561 - Mean loss: 1.8560 - acc: 0.4336 - norm: 5.37 - 1.46s
[2024-06-19 02:02:54,434][utils.model][INFO] - Evaluation Results - Val Loss: 1.1750, Val Accuracy: 0.6585 in 32 steps
[2024-06-19 02:02:54,436][utils.model][INFO] - Evaluation Results - Val Loss: 1.2169, Val Accuracy: 0.6340 in 32 steps
[2024-06-19 02:02:58,443][flwr][DEBUG] - ChannelConnectivity.IDLE
[2024-06-19 02:02:58,443][flwr][DEBUG] - ChannelConnectivity.IDLE
