[2024-06-20 19:08:58,399][root][INFO] - Initialized DataManager for experiment exp_20240620_190858
[2024-06-20 19:08:58,404][root][INFO] - Added data to info for client None: {'experiment_id': 'exp_20240620_190858', 'algorithm': 'fda', 'num_clients': 3, 'dataset': 'mnist', 'ann': 'lenet', 'threshold': 5, 'thres_discount_factor': 1.0, 'steps_threshold': 500, 'train_batch_size': 32, 'eval_batch_size': 64, 'network_template': 1, 'client_mobility': True, 'non_iid': False}
[2024-06-20 19:08:58,404][root][INFO] - Added info data: {'experiment_id': 'exp_20240620_190858', 'algorithm': 'fda', 'num_clients': 3, 'dataset': 'mnist', 'ann': 'lenet', 'threshold': 5, 'thres_discount_factor': 1.0, 'steps_threshold': 500, 'train_batch_size': 32, 'eval_batch_size': 64, 'network_template': 1, 'client_mobility': True, 'non_iid': False}
[2024-06-20 19:08:58,406][root][INFO] - Info data saved to /home/psklavos/fl/geom_aio/csv_logs/exp_20240620_190858/info.csv
[2024-06-20 19:08:58,407][flwr][INFO] - Starting Flower server, config: ServerConfig(num_rounds=5, round_timeout=None)
[2024-06-20 19:08:58,408][flwr][INFO] - Flower ECE: gRPC server running (5 rounds), SSL is disabled
[2024-06-20 19:08:58,409][flwr][INFO] - Initializing global parameters
[2024-06-20 19:08:58,410][flwr][INFO] - Requesting initial parameters from one random client
[2024-06-20 19:09:08,218][flwr][INFO] - Received initial parameters from one random client
[2024-06-20 19:09:08,219][flwr][INFO] - Evaluating initial parameters
[2024-06-20 19:09:08,405][utils.model][INFO] - LeNet model built
[2024-06-20 19:09:08,694][utils.model][INFO] - Size of serialized model: 279.0341796875 kbytes
[2024-06-20 19:09:08,778][utils.model][INFO] - Step 1/40 - val_loss: 2.3002 - val_accuracy: 0.0898
[2024-06-20 19:09:08,800][utils.model][INFO] - Step 2/40 - val_loss: 2.3008 - val_accuracy: 0.0898
[2024-06-20 19:09:08,820][utils.model][INFO] - Step 3/40 - val_loss: 2.2983 - val_accuracy: 0.0977
[2024-06-20 19:09:08,841][utils.model][INFO] - Step 4/40 - val_loss: 2.2972 - val_accuracy: 0.1025
[2024-06-20 19:09:08,863][utils.model][INFO] - Step 5/40 - val_loss: 2.2981 - val_accuracy: 0.1016
[2024-06-20 19:09:08,885][utils.model][INFO] - Step 6/40 - val_loss: 2.3002 - val_accuracy: 0.1009
[2024-06-20 19:09:08,907][utils.model][INFO] - Step 7/40 - val_loss: 2.2982 - val_accuracy: 0.1021
[2024-06-20 19:09:08,927][utils.model][INFO] - Step 8/40 - val_loss: 2.2983 - val_accuracy: 0.1030
[2024-06-20 19:09:08,949][utils.model][INFO] - Step 9/40 - val_loss: 2.2983 - val_accuracy: 0.1016
[2024-06-20 19:09:08,970][utils.model][INFO] - Step 10/40 - val_loss: 2.2988 - val_accuracy: 0.1000
[2024-06-20 19:09:08,990][utils.model][INFO] - Step 11/40 - val_loss: 2.2991 - val_accuracy: 0.1001
[2024-06-20 19:09:09,012][utils.model][INFO] - Step 12/40 - val_loss: 2.2990 - val_accuracy: 0.1003
[2024-06-20 19:09:09,033][utils.model][INFO] - Step 13/40 - val_loss: 2.2990 - val_accuracy: 0.1010
[2024-06-20 19:09:09,054][utils.model][INFO] - Step 14/40 - val_loss: 2.2992 - val_accuracy: 0.1004
[2024-06-20 19:09:09,074][utils.model][INFO] - Step 15/40 - val_loss: 2.2999 - val_accuracy: 0.1000
[2024-06-20 19:09:09,098][utils.model][INFO] - Step 16/40 - val_loss: 2.3002 - val_accuracy: 0.0981
[2024-06-20 19:09:09,120][utils.model][INFO] - Step 17/40 - val_loss: 2.3002 - val_accuracy: 0.0981
[2024-06-20 19:09:09,143][utils.model][INFO] - Step 18/40 - val_loss: 2.3004 - val_accuracy: 0.0977
[2024-06-20 19:09:09,164][utils.model][INFO] - Step 19/40 - val_loss: 2.2997 - val_accuracy: 0.0979
[2024-06-20 19:09:09,186][utils.model][INFO] - Step 20/40 - val_loss: 2.2996 - val_accuracy: 0.0969
[2024-06-20 19:09:09,207][utils.model][INFO] - Step 21/40 - val_loss: 2.2994 - val_accuracy: 0.0978
[2024-06-20 19:09:09,228][utils.model][INFO] - Step 22/40 - val_loss: 2.2992 - val_accuracy: 0.0975
[2024-06-20 19:09:09,249][utils.model][INFO] - Step 23/40 - val_loss: 2.2992 - val_accuracy: 0.0978
[2024-06-20 19:09:09,269][utils.model][INFO] - Step 24/40 - val_loss: 2.2994 - val_accuracy: 0.0975
[2024-06-20 19:09:09,293][utils.model][INFO] - Step 25/40 - val_loss: 2.2991 - val_accuracy: 0.0978
[2024-06-20 19:09:09,314][utils.model][INFO] - Step 26/40 - val_loss: 2.2989 - val_accuracy: 0.0981
[2024-06-20 19:09:09,336][utils.model][INFO] - Step 27/40 - val_loss: 2.2984 - val_accuracy: 0.0988
[2024-06-20 19:09:09,359][utils.model][INFO] - Step 28/40 - val_loss: 2.2983 - val_accuracy: 0.0988
[2024-06-20 19:09:09,381][utils.model][INFO] - Step 29/40 - val_loss: 2.2982 - val_accuracy: 0.0985
[2024-06-20 19:09:09,403][utils.model][INFO] - Step 30/40 - val_loss: 2.2984 - val_accuracy: 0.0987
[2024-06-20 19:09:09,425][utils.model][INFO] - Step 31/40 - val_loss: 2.2984 - val_accuracy: 0.0994
[2024-06-20 19:09:09,446][utils.model][INFO] - Step 32/40 - val_loss: 2.2981 - val_accuracy: 0.0994
[2024-06-20 19:09:09,468][utils.model][INFO] - Step 33/40 - val_loss: 2.2976 - val_accuracy: 0.1001
[2024-06-20 19:09:09,489][utils.model][INFO] - Step 34/40 - val_loss: 2.2977 - val_accuracy: 0.0995
[2024-06-20 19:09:09,511][utils.model][INFO] - Step 35/40 - val_loss: 2.2975 - val_accuracy: 0.0999
[2024-06-20 19:09:09,535][utils.model][INFO] - Step 36/40 - val_loss: 2.2975 - val_accuracy: 0.1002
[2024-06-20 19:09:09,560][utils.model][INFO] - Step 37/40 - val_loss: 2.2973 - val_accuracy: 0.1002
[2024-06-20 19:09:09,583][utils.model][INFO] - Step 38/40 - val_loss: 2.2973 - val_accuracy: 0.1008
[2024-06-20 19:09:09,615][utils.model][INFO] - Step 39/40 - val_loss: 2.2973 - val_accuracy: 0.1014
[2024-06-20 19:09:09,630][utils.model][INFO] - Step 40/40 - val_loss: 2.2981 - val_accuracy: 0.1013
[2024-06-20 19:09:09,632][utils.model][INFO] - Evaluation Results - Val Loss: 2.2981, Val Accuracy: 0.1013 in 40 steps
[2024-06-20 19:09:09,638][root][INFO] - Added data to server for client None: {'round': 0, 'experiment_id': 'exp_20240620_190858', 'centralized_loss': 0.0, 'centralized_acc': 0.0, 'distributed_loss': 0.0, 'distributed_acc': 0.0, 'dropouts': 0, 'average_norm': 0.0, 'round_time': 0.0, 'average_downlink_time': 0.0, 'average_rtc_check_time': 0.0, 'average_uplink_time': 0.0, 'average_computation_time': 0.0, 'average_communication_time': 0.0, 'average_fit_time': 0.0, 'average_throughput': 0.0}
[2024-06-20 19:09:09,638][root][INFO] - Added server data: {'round': 0, 'experiment_id': 'exp_20240620_190858', 'centralized_loss': 0.0, 'centralized_acc': 0.0, 'distributed_loss': 0.0, 'distributed_acc': 0.0, 'dropouts': 0, 'average_norm': 0.0, 'round_time': 0.0, 'average_downlink_time': 0.0, 'average_rtc_check_time': 0.0, 'average_uplink_time': 0.0, 'average_computation_time': 0.0, 'average_communication_time': 0.0, 'average_fit_time': 0.0, 'average_throughput': 0.0}
[2024-06-20 19:09:09,641][root][INFO] - Appended data to last row of column centralized_loss in server data for client None
[2024-06-20 19:09:09,641][root][INFO] - Appended data to last row of column centralized_acc in server data for client None
[2024-06-20 19:09:09,641][root][INFO] - Appended {'centralized_loss': 2.2981486, 'centralized_acc': 0.1013} to the last row of server data
[2024-06-20 19:09:09,641][flwr][INFO] - initial parameters (loss, other metrics): 2.2981486, {'accuracy': 0.1013}
[2024-06-20 19:09:09,642][flwr][INFO] - FL starting
