[2024-02-07 15:26:59,176][tensorflow][INFO] - Assets written to: /tmp/tmpxwao8gx0/assets
[2024-02-07 15:26:59,191][flwr][INFO] - Opened insecure gRPC connection (no certificates were passed)
[2024-02-07 15:26:59,192][flwr][DEBUG] - ChannelConnectivity.IDLE
[2024-02-07 15:26:59,195][flwr][DEBUG] - ChannelConnectivity.CONNECTING
[2024-02-07 15:26:59,196][flwr][DEBUG] - ChannelConnectivity.READY
[2024-02-07 15:26:59,271][tensorflow][INFO] - Assets written to: /tmp/tmpmg8nkwg_/assets
[2024-02-07 15:26:59,282][flwr][INFO] - Opened insecure gRPC connection (no certificates were passed)
[2024-02-07 15:26:59,284][flwr][DEBUG] - ChannelConnectivity.IDLE
[2024-02-07 15:26:59,285][flwr][DEBUG] - ChannelConnectivity.CONNECTING
[2024-02-07 15:26:59,287][flwr][DEBUG] - ChannelConnectivity.READY
[2024-02-07 15:26:59,381][tensorflow][INFO] - Assets written to: /tmp/tmpjaif8ufr/assets
[2024-02-07 15:26:59,393][flwr][INFO] - Opened insecure gRPC connection (no certificates were passed)
[2024-02-07 15:26:59,395][flwr][DEBUG] - ChannelConnectivity.IDLE
[2024-02-07 15:26:59,397][flwr][DEBUG] - ChannelConnectivity.READY
[2024-02-07 15:26:59,671][tensorflow][INFO] - Assets written to: /tmp/tmpk81bx9bn/assets
[2024-02-07 15:26:59,682][flwr][INFO] - Opened insecure gRPC connection (no certificates were passed)
[2024-02-07 15:26:59,684][flwr][DEBUG] - ChannelConnectivity.IDLE
[2024-02-07 15:26:59,685][flwr][DEBUG] - ChannelConnectivity.READY
[2024-02-07 15:28:13,754][flwr][DEBUG] - gRPC channel closed
[2024-02-07 15:36:14,531][flwr][DEBUG] - ChannelConnectivity.IDLE
[2024-02-07 15:36:14,531][flwr][DEBUG] - ChannelConnectivity.IDLE
[2024-02-07 15:36:14,531][flwr][DEBUG] - ChannelConnectivity.IDLE
[2024-02-07 15:36:14,734][flwr][DEBUG] - gRPC channel closed
[2024-02-07 15:36:14,734][flwr][DEBUG] - gRPC channel closed
[2024-02-07 15:36:14,734][flwr][DEBUG] - gRPC channel closed
