[2024-06-19 19:01:50,970][utils.model][INFO] - LeNet model built
[2024-06-19 19:01:51,358][utils.model][INFO] - Size of serialized model: 279.0341796875 kbytes
[2024-06-19 19:01:51,374][flwr][INFO] - Opened insecure gRPC connection (no certificates were passed)
[2024-06-19 19:01:51,378][flwr][DEBUG] - ChannelConnectivity.IDLE
[2024-06-19 19:01:51,380][flwr][DEBUG] - ChannelConnectivity.CONNECTING
[2024-06-19 19:01:51,385][flwr][DEBUG] - ChannelConnectivity.READY
[2024-06-19 19:01:57,968][utils.model][INFO] - ========================== Epoch Start ==========================
[2024-06-19 19:01:58,897][utils.model][INFO] - (In epoch/Overall): (1/1)| inst_loss: 0.9280 - Mean loss: 2.2865 - acc: 0.0000 - norm: 0.17 - 2.29s
[2024-06-19 19:01:59,450][utils.model][INFO] - (In epoch/Overall): (11/11)| inst_loss: 1.4809 - Mean loss: 2.1755 - acc: 0.2102 - norm: 1.66 - 2.02s
[2024-06-19 19:01:59,953][utils.model][INFO] - (In epoch/Overall): (21/21)| inst_loss: 1.9828 - Mean loss: 2.0017 - acc: 0.3170 - norm: 3.87 - 1.75s
[2024-06-19 19:02:00,173][utils.model][INFO] - Epoch Results:
[2024-06-19 19:02:00,177][utils.model][INFO] - (In epoch/Overall): (25/25)| inst_loss: 1.3929 - Mean loss: 1.9084 - acc: 0.3700 - norm: 5.01 - 2.21s
[2024-06-19 19:02:01,958][utils.model][INFO] - Evaluation Results - Val Loss: 1.3907, Val Accuracy: 0.6440 in 32 steps
[2024-06-19 19:02:06,711][utils.model][INFO] - ========================== Epoch Start ==========================
[2024-06-19 19:02:07,224][utils.model][INFO] - (In epoch/Overall): (1/26)| inst_loss: 0.5105 - Mean loss: 1.4720 - acc: 0.5312 - norm: 0.09 - 1.47s
[2024-06-19 19:02:07,878][utils.model][INFO] - (In epoch/Overall): (11/36)| inst_loss: 1.1650 - Mean loss: 1.2485 - acc: 0.6761 - norm: 0.85 - 1.25s
[2024-06-19 19:02:08,507][utils.model][INFO] - (In epoch/Overall): (21/46)| inst_loss: 1.7946 - Mean loss: 1.0656 - acc: 0.7292 - norm: 1.80 - 0.81s
[2024-06-19 19:02:09,146][utils.model][INFO] - (In epoch/Overall): (31/56)| inst_loss: 2.4333 - Mean loss: 0.9671 - acc: 0.7440 - norm: 2.72 - 0.79s
[2024-06-19 19:02:09,816][utils.model][INFO] - (In epoch/Overall): (41/66)| inst_loss: 3.1028 - Mean loss: 0.8782 - acc: 0.7584 - norm: 3.69 - 0.46s
[2024-06-19 19:02:10,436][utils.model][INFO] - (In epoch/Overall): (51/76)| inst_loss: 3.7238 - Mean loss: 0.8038 - acc: 0.7727 - norm: 4.54 - 0.45s
[2024-06-19 19:02:10,996][utils.model][INFO] - Epoch Results:
[2024-06-19 19:02:11,003][utils.model][INFO] - (In epoch/Overall): (60/85)| inst_loss: 0.3817 - Mean loss: 0.7563 - acc: 0.7849 - norm: 5.28 - 4.29s
[2024-06-19 19:02:13,157][utils.model][INFO] - Evaluation Results - Val Loss: 0.3907, Val Accuracy: 0.8965 in 32 steps
[2024-06-19 19:02:17,861][utils.model][INFO] - ========================== Epoch Start ==========================
[2024-06-19 19:02:17,977][utils.model][INFO] - (In epoch/Overall): (1/86)| inst_loss: 0.1144 - Mean loss: 0.1713 - acc: 0.9688 - norm: 0.02 - 0.17s
[2024-06-19 19:02:18,463][utils.model][INFO] - (In epoch/Overall): (11/96)| inst_loss: 0.5999 - Mean loss: 0.4812 - acc: 0.8381 - norm: 0.21 - 0.68s
[2024-06-19 19:02:19,083][utils.model][INFO] - (In epoch/Overall): (21/106)| inst_loss: 1.2191 - Mean loss: 0.4490 - acc: 0.8586 - norm: 0.44 - 0.19s
[2024-06-19 19:02:19,712][utils.model][INFO] - (In epoch/Overall): (31/116)| inst_loss: 1.8492 - Mean loss: 0.4331 - acc: 0.8629 - norm: 0.73 - 0.36s
[2024-06-19 19:02:20,342][utils.model][INFO] - (In epoch/Overall): (41/126)| inst_loss: 2.4789 - Mean loss: 0.4107 - acc: 0.8681 - norm: 1.13 - 0.29s
[2024-06-19 19:02:20,903][utils.model][INFO] - (In epoch/Overall): (51/136)| inst_loss: 3.0406 - Mean loss: 0.4035 - acc: 0.8738 - norm: 1.52 - 0.35s
[2024-06-19 19:02:21,391][utils.model][INFO] - (In epoch/Overall): (61/146)| inst_loss: 3.5273 - Mean loss: 0.3952 - acc: 0.8765 - norm: 1.93 - 0.33s
[2024-06-19 19:02:21,908][utils.model][INFO] - (In epoch/Overall): (71/156)| inst_loss: 4.0450 - Mean loss: 0.3827 - acc: 0.8807 - norm: 2.38 - 0.24s
[2024-06-19 19:02:22,376][utils.model][INFO] - (In epoch/Overall): (81/166)| inst_loss: 4.5136 - Mean loss: 0.3785 - acc: 0.8831 - norm: 2.88 - 0.89s
[2024-06-19 19:02:22,845][utils.model][INFO] - (In epoch/Overall): (91/176)| inst_loss: 4.9827 - Mean loss: 0.3706 - acc: 0.8856 - norm: 3.31 - 0.35s
[2024-06-19 19:02:23,303][utils.model][INFO] - (In epoch/Overall): (101/186)| inst_loss: 5.4403 - Mean loss: 0.3588 - acc: 0.8899 - norm: 3.74 - 0.21s
[2024-06-19 19:02:23,846][utils.model][INFO] - (In epoch/Overall): (111/196)| inst_loss: 5.9838 - Mean loss: 0.3520 - acc: 0.8919 - norm: 4.31 - 0.22s
[2024-06-19 19:02:24,346][utils.model][INFO] - (In epoch/Overall): (121/206)| inst_loss: 6.4830 - Mean loss: 0.3433 - acc: 0.8946 - norm: 4.83 - 0.25s
[2024-06-19 19:02:24,491][utils.model][INFO] - Epoch Results:
[2024-06-19 19:02:24,494][utils.model][INFO] - (In epoch/Overall): (124/209)| inst_loss: 0.0982 - Mean loss: 0.3421 - acc: 0.8947 - norm: 4.97 - 6.63s
[2024-06-19 19:02:26,150][utils.model][INFO] - Evaluation Results - Val Loss: 0.2419, Val Accuracy: 0.9280 in 32 steps
[2024-06-19 19:02:30,822][utils.model][INFO] - ========================== Epoch Start ==========================
[2024-06-19 19:02:30,957][utils.model][INFO] - (In epoch/Overall): (1/210)| inst_loss: 0.1323 - Mean loss: 0.3738 - acc: 0.9062 - norm: 0.06 - 0.37s
[2024-06-19 19:02:31,435][utils.model][INFO] - (In epoch/Overall): (11/220)| inst_loss: 0.6107 - Mean loss: 0.2645 - acc: 0.9261 - norm: 0.24 - 0.24s
[2024-06-19 19:02:31,925][utils.model][INFO] - (In epoch/Overall): (21/230)| inst_loss: 1.1014 - Mean loss: 0.2620 - acc: 0.9226 - norm: 0.41 - 0.27s
[2024-06-19 19:02:32,389][utils.model][INFO] - (In epoch/Overall): (31/240)| inst_loss: 1.5654 - Mean loss: 0.2638 - acc: 0.9194 - norm: 0.63 - 0.62s
[2024-06-19 19:02:32,916][utils.model][INFO] - (In epoch/Overall): (41/250)| inst_loss: 2.0925 - Mean loss: 0.2532 - acc: 0.9223 - norm: 0.87 - 0.31s
[2024-06-19 19:02:33,378][utils.model][INFO] - (In epoch/Overall): (51/260)| inst_loss: 2.5537 - Mean loss: 0.2581 - acc: 0.9191 - norm: 1.07 - 0.14s
[2024-06-19 19:02:33,895][utils.model][INFO] - (In epoch/Overall): (61/270)| inst_loss: 3.0706 - Mean loss: 0.2459 - acc: 0.9257 - norm: 1.29 - 0.20s
[2024-06-19 19:02:34,420][utils.model][INFO] - (In epoch/Overall): (71/280)| inst_loss: 3.5946 - Mean loss: 0.2459 - acc: 0.9256 - norm: 1.65 - 0.25s
[2024-06-19 19:02:35,004][utils.model][INFO] - (In epoch/Overall): (81/290)| inst_loss: 4.1795 - Mean loss: 0.2332 - acc: 0.9290 - norm: 1.90 - 0.18s
[2024-06-19 19:02:35,924][utils.model][INFO] - (In epoch/Overall): (91/300)| inst_loss: 5.0996 - Mean loss: 0.2280 - acc: 0.9303 - norm: 2.30 - 0.24s
[2024-06-19 19:02:36,701][utils.model][INFO] - (In epoch/Overall): (101/310)| inst_loss: 5.8752 - Mean loss: 0.2234 - acc: 0.9310 - norm: 2.58 - 0.27s
[2024-06-19 19:02:37,552][utils.model][INFO] - (In epoch/Overall): (111/320)| inst_loss: 6.7276 - Mean loss: 0.2177 - acc: 0.9324 - norm: 2.83 - 0.18s
[2024-06-19 19:02:38,156][utils.model][INFO] - (In epoch/Overall): (121/330)| inst_loss: 7.3308 - Mean loss: 0.2135 - acc: 0.9336 - norm: 3.12 - 0.22s
[2024-06-19 19:02:38,644][utils.model][INFO] - (In epoch/Overall): (131/340)| inst_loss: 7.8205 - Mean loss: 0.2117 - acc: 0.9349 - norm: 3.45 - 0.21s
[2024-06-19 19:02:39,253][utils.model][INFO] - (In epoch/Overall): (141/350)| inst_loss: 8.4288 - Mean loss: 0.2144 - acc: 0.9342 - norm: 3.84 - 0.33s
[2024-06-19 19:02:39,841][utils.model][INFO] - (In epoch/Overall): (151/360)| inst_loss: 9.0155 - Mean loss: 0.2123 - acc: 0.9350 - norm: 4.15 - 0.13s
[2024-06-19 19:02:40,315][utils.model][INFO] - (In epoch/Overall): (161/370)| inst_loss: 9.4910 - Mean loss: 0.2100 - acc: 0.9359 - norm: 4.52 - 0.13s
[2024-06-19 19:02:40,802][utils.model][INFO] - (In epoch/Overall): (171/380)| inst_loss: 9.9775 - Mean loss: 0.2099 - acc: 0.9360 - norm: 4.93 - 0.34s
[2024-06-19 19:02:40,859][utils.model][INFO] - Epoch Results:
[2024-06-19 19:02:40,863][utils.model][INFO] - (In epoch/Overall): (172/381)| inst_loss: 0.2269 - Mean loss: 0.2100 - acc: 0.9359 - norm: 5.03 - 10.04s
[2024-06-19 19:02:42,626][utils.model][INFO] - Evaluation Results - Val Loss: 0.1566, Val Accuracy: 0.9555 in 32 steps
[2024-06-19 19:02:47,269][utils.model][INFO] - ========================== Epoch Start ==========================
[2024-06-19 19:02:47,427][utils.model][INFO] - (In epoch/Overall): (1/382)| inst_loss: 0.1552 - Mean loss: 0.0801 - acc: 1.0000 - norm: 0.02 - 0.08s
[2024-06-19 19:02:47,979][utils.model][INFO] - (In epoch/Overall): (11/392)| inst_loss: 0.7086 - Mean loss: 0.1184 - acc: 0.9631 - norm: 0.24 - 0.09s
[2024-06-19 19:02:48,522][utils.model][INFO] - (In epoch/Overall): (21/402)| inst_loss: 1.2494 - Mean loss: 0.1818 - acc: 0.9435 - norm: 0.46 - 0.41s
[2024-06-19 19:02:49,043][utils.model][INFO] - (In epoch/Overall): (31/412)| inst_loss: 1.7717 - Mean loss: 0.1676 - acc: 0.9516 - norm: 0.60 - 0.07s
[2024-06-19 19:02:49,539][utils.model][INFO] - (In epoch/Overall): (41/422)| inst_loss: 2.2673 - Mean loss: 0.1551 - acc: 0.9535 - norm: 0.77 - 0.02s
[2024-06-19 19:02:50,070][utils.model][INFO] - (In epoch/Overall): (51/432)| inst_loss: 2.7990 - Mean loss: 0.1612 - acc: 0.9528 - norm: 1.04 - 0.01s
[2024-06-19 19:02:50,532][utils.model][INFO] - (In epoch/Overall): (61/442)| inst_loss: 3.2616 - Mean loss: 0.1635 - acc: 0.9503 - norm: 1.30 - 0.37s
[2024-06-19 19:02:51,053][utils.model][INFO] - (In epoch/Overall): (71/452)| inst_loss: 3.7820 - Mean loss: 0.1642 - acc: 0.9511 - norm: 1.48 - 0.19s
[2024-06-19 19:02:51,541][utils.model][INFO] - (In epoch/Overall): (81/462)| inst_loss: 4.2699 - Mean loss: 0.1586 - acc: 0.9518 - norm: 1.63 - 0.09s
[2024-06-19 19:02:52,054][utils.model][INFO] - (In epoch/Overall): (91/472)| inst_loss: 4.7828 - Mean loss: 0.1550 - acc: 0.9530 - norm: 1.76 - 0.05s
[2024-06-19 19:02:52,561][utils.model][INFO] - (In epoch/Overall): (101/482)| inst_loss: 5.2899 - Mean loss: 0.1609 - acc: 0.9505 - norm: 2.07 - 0.22s
[2024-06-19 19:02:53,090][utils.model][INFO] - (In epoch/Overall): (111/492)| inst_loss: 5.8197 - Mean loss: 0.1575 - acc: 0.9510 - norm: 2.31 - 0.08s
[2024-06-19 19:02:53,593][utils.model][INFO] - (In epoch/Overall): (121/502)| inst_loss: 6.3224 - Mean loss: 0.1594 - acc: 0.9512 - norm: 2.55 - 0.05s
[2024-06-19 19:02:54,124][utils.model][INFO] - (In epoch/Overall): (131/512)| inst_loss: 6.8529 - Mean loss: 0.1631 - acc: 0.9501 - norm: 2.76 - 0.08s
[2024-06-19 19:02:54,643][utils.model][INFO] - (In epoch/Overall): (141/522)| inst_loss: 7.3710 - Mean loss: 0.1646 - acc: 0.9492 - norm: 2.97 - 0.46s
[2024-06-19 19:02:55,142][utils.model][INFO] - (In epoch/Overall): (151/532)| inst_loss: 7.8715 - Mean loss: 0.1637 - acc: 0.9495 - norm: 3.20 - 0.23s
[2024-06-19 19:02:55,689][utils.model][INFO] - (In epoch/Overall): (161/542)| inst_loss: 8.4177 - Mean loss: 0.1648 - acc: 0.9499 - norm: 3.54 - 0.11s
[2024-06-19 19:02:56,196][utils.model][INFO] - (In epoch/Overall): (171/552)| inst_loss: 8.9256 - Mean loss: 0.1641 - acc: 0.9503 - norm: 3.92 - 0.22s
[2024-06-19 19:02:56,710][utils.model][INFO] - (In epoch/Overall): (181/562)| inst_loss: 9.4392 - Mean loss: 0.1653 - acc: 0.9508 - norm: 4.18 - 0.07s
[2024-06-19 19:02:57,236][utils.model][INFO] - (In epoch/Overall): (191/572)| inst_loss: 9.9650 - Mean loss: 0.1606 - acc: 0.9521 - norm: 4.44 - 0.01s
[2024-06-19 19:02:57,816][utils.model][INFO] - (In epoch/Overall): (201/582)| inst_loss: 10.5449 - Mean loss: 0.1645 - acc: 0.9512 - norm: 4.93 - 0.19s
[2024-06-19 19:02:58,116][utils.model][INFO] - Epoch Results:
[2024-06-19 19:02:58,120][utils.model][INFO] - (In epoch/Overall): (206/587)| inst_loss: 0.1862 - Mean loss: 0.1644 - acc: 0.9510 - norm: 5.11 - 10.85s
[2024-06-19 19:03:00,291][utils.model][INFO] - Evaluation Results - Val Loss: 0.1242, Val Accuracy: 0.9600 in 32 steps
[2024-06-19 19:03:00,719][flwr][DEBUG] - gRPC channel closed
[2024-06-19 19:03:00,719][flwr][INFO] - Disconnect and shut down
