[2024-06-22 11:44:49,649][utils.model][INFO] - LeNet model built
[2024-06-22 11:44:49,959][utils.model][INFO] - Size of serialized model: 279.0341796875 kbytes
[2024-06-22 11:44:49,976][flwr][INFO] - Opened insecure gRPC connection (no certificates were passed)
[2024-06-22 11:44:49,979][flwr][DEBUG] - ChannelConnectivity.IDLE
[2024-06-22 11:44:49,983][flwr][DEBUG] - ChannelConnectivity.READY
[2024-06-22 11:44:54,700][utils.model][INFO] - ========================== Epoch Start ==========================
[2024-06-22 11:44:55,163][utils.model][INFO] - (In epoch/Overall): (1/1)| inst_loss: 0.4606 - Mean loss: 2.2628 - acc: 0.1875 - norm: 0.22 - 2.26s
[2024-06-22 11:44:55,613][utils.model][INFO] - (In epoch/Overall): (11/11)| inst_loss: 0.9106 - Mean loss: 2.2310 - acc: 0.1534 - norm: 1.54 - 2.10s
[2024-06-22 11:44:56,082][utils.model][INFO] - (In epoch/Overall): (21/21)| inst_loss: 1.3799 - Mean loss: 2.0181 - acc: 0.2917 - norm: 4.30 - 1.62s
[2024-06-22 11:44:56,550][utils.model][INFO] - (In epoch/Overall): (31/31)| inst_loss: 1.8482 - Mean loss: 1.8045 - acc: 0.3891 - norm: 6.63 - 1.20s
[2024-06-22 11:44:57,020][utils.model][INFO] - (In epoch/Overall): (41/41)| inst_loss: 2.3178 - Mean loss: 1.5935 - acc: 0.4748 - norm: 8.47 - 0.78s
[2024-06-22 11:44:57,518][utils.model][INFO] - (In epoch/Overall): (51/51)| inst_loss: 2.8160 - Mean loss: 1.4273 - acc: 0.5300 - norm: 10.07 - 0.59s
[2024-06-22 11:44:57,523][utils.model][INFO] - Epoch Results:
[2024-06-22 11:44:57,526][utils.model][INFO] - (In epoch/Overall): (51/51)| inst_loss: 0.5911 - Mean loss: 1.4273 - acc: 0.5300 - norm: 10.07 - 2.82s
[2024-06-22 11:44:59,086][utils.model][INFO] - Evaluation Results - Val Loss: 0.8188, Val Accuracy: 0.7505 in 32 steps
[2024-06-22 11:45:02,656][utils.model][INFO] - ========================== Epoch Start ==========================
[2024-06-22 11:45:02,749][utils.model][INFO] - (In epoch/Overall): (1/52)| inst_loss: 0.0917 - Mean loss: 0.8169 - acc: 0.7812 - norm: 0.08 - 0.82s
[2024-06-22 11:45:03,213][utils.model][INFO] - (In epoch/Overall): (11/62)| inst_loss: 0.5562 - Mean loss: 0.7350 - acc: 0.7784 - norm: 0.40 - 0.53s
[2024-06-22 11:45:03,752][utils.model][INFO] - (In epoch/Overall): (21/72)| inst_loss: 1.0942 - Mean loss: 0.6932 - acc: 0.7842 - norm: 0.75 - 0.74s
[2024-06-22 11:45:04,234][utils.model][INFO] - (In epoch/Overall): (31/82)| inst_loss: 1.5772 - Mean loss: 0.6482 - acc: 0.8044 - norm: 1.21 - 0.27s
[2024-06-22 11:45:04,743][utils.model][INFO] - (In epoch/Overall): (41/92)| inst_loss: 2.0853 - Mean loss: 0.6300 - acc: 0.8079 - norm: 1.70 - 0.38s
[2024-06-22 11:45:05,199][utils.model][INFO] - (In epoch/Overall): (51/102)| inst_loss: 2.5409 - Mean loss: 0.5906 - acc: 0.8192 - norm: 2.24 - 0.34s
[2024-06-22 11:45:05,696][utils.model][INFO] - (In epoch/Overall): (61/112)| inst_loss: 3.0386 - Mean loss: 0.5785 - acc: 0.8207 - norm: 2.78 - 0.63s
[2024-06-22 11:45:06,196][utils.model][INFO] - (In epoch/Overall): (71/122)| inst_loss: 3.5384 - Mean loss: 0.5519 - acc: 0.8279 - norm: 3.32 - 0.39s
[2024-06-22 11:45:06,662][utils.model][INFO] - (In epoch/Overall): (81/132)| inst_loss: 4.0042 - Mean loss: 0.5289 - acc: 0.8341 - norm: 3.81 - 0.34s
[2024-06-22 11:45:07,141][utils.model][INFO] - (In epoch/Overall): (91/142)| inst_loss: 4.4831 - Mean loss: 0.5187 - acc: 0.8389 - norm: 4.46 - 0.69s
[2024-06-22 11:45:07,626][utils.model][INFO] - (In epoch/Overall): (101/152)| inst_loss: 4.9685 - Mean loss: 0.5021 - acc: 0.8428 - norm: 5.16 - 0.65s
[2024-06-22 11:45:08,104][utils.model][INFO] - (In epoch/Overall): (111/162)| inst_loss: 5.4468 - Mean loss: 0.4854 - acc: 0.8491 - norm: 5.74 - 0.25s
[2024-06-22 11:45:08,614][utils.model][INFO] - (In epoch/Overall): (121/172)| inst_loss: 5.9560 - Mean loss: 0.4791 - acc: 0.8510 - norm: 6.43 - 0.63s
[2024-06-22 11:45:09,109][utils.model][INFO] - (In epoch/Overall): (131/182)| inst_loss: 6.4511 - Mean loss: 0.4684 - acc: 0.8559 - norm: 7.03 - 0.24s
[2024-06-22 11:45:09,569][utils.model][INFO] - (In epoch/Overall): (141/192)| inst_loss: 6.9118 - Mean loss: 0.4613 - acc: 0.8579 - norm: 7.69 - 0.41s
[2024-06-22 11:45:10,054][utils.model][INFO] - (In epoch/Overall): (151/202)| inst_loss: 7.3970 - Mean loss: 0.4465 - acc: 0.8620 - norm: 8.32 - 0.23s
[2024-06-22 11:45:10,509][utils.model][INFO] - (In epoch/Overall): (161/212)| inst_loss: 7.8519 - Mean loss: 0.4379 - acc: 0.8632 - norm: 9.14 - 0.20s
[2024-06-22 11:45:10,996][utils.model][INFO] - (In epoch/Overall): (171/222)| inst_loss: 8.3389 - Mean loss: 0.4296 - acc: 0.8662 - norm: 9.98 - 0.53s
[2024-06-22 11:45:11,228][utils.model][INFO] - Epoch Results:
[2024-06-22 11:45:11,231][utils.model][INFO] - (In epoch/Overall): (176/227)| inst_loss: 0.1130 - Mean loss: 0.4220 - acc: 0.8688 - norm: 10.28 - 8.57s
[2024-06-22 11:45:12,838][utils.model][INFO] - Evaluation Results - Val Loss: 0.2330, Val Accuracy: 0.9335 in 32 steps
[2024-06-22 11:45:16,954][utils.model][INFO] - ========================== Epoch Start ==========================
[2024-06-22 11:45:17,061][utils.model][INFO] - (In epoch/Overall): (1/228)| inst_loss: 0.1060 - Mean loss: 0.2221 - acc: 0.9688 - norm: 0.03 - 0.22s
[2024-06-22 11:45:17,576][utils.model][INFO] - (In epoch/Overall): (11/238)| inst_loss: 0.6203 - Mean loss: 0.2321 - acc: 0.9432 - norm: 0.19 - 0.26s
[2024-06-22 11:45:18,042][utils.model][INFO] - (In epoch/Overall): (21/248)| inst_loss: 1.0865 - Mean loss: 0.2232 - acc: 0.9271 - norm: 0.39 - 0.25s
[2024-06-22 11:45:18,514][utils.model][INFO] - (In epoch/Overall): (31/258)| inst_loss: 1.5589 - Mean loss: 0.2287 - acc: 0.9244 - norm: 0.56 - 0.26s
[2024-06-22 11:45:18,994][utils.model][INFO] - (In epoch/Overall): (41/268)| inst_loss: 2.0383 - Mean loss: 0.2322 - acc: 0.9238 - norm: 0.78 - 0.34s
[2024-06-22 11:45:19,499][utils.model][INFO] - (In epoch/Overall): (51/278)| inst_loss: 2.5433 - Mean loss: 0.2394 - acc: 0.9252 - norm: 0.98 - 0.08s
[2024-06-22 11:45:20,102][utils.model][INFO] - (In epoch/Overall): (61/288)| inst_loss: 3.1466 - Mean loss: 0.2381 - acc: 0.9262 - norm: 1.22 - 0.26s
[2024-06-22 11:45:20,586][utils.model][INFO] - (In epoch/Overall): (71/298)| inst_loss: 3.6304 - Mean loss: 0.2298 - acc: 0.9287 - norm: 1.48 - 0.29s
[2024-06-22 11:45:21,062][utils.model][INFO] - (In epoch/Overall): (81/308)| inst_loss: 4.1066 - Mean loss: 0.2264 - acc: 0.9302 - norm: 1.83 - 0.31s
[2024-06-22 11:45:21,513][utils.model][INFO] - (In epoch/Overall): (91/318)| inst_loss: 4.5580 - Mean loss: 0.2216 - acc: 0.9313 - norm: 2.10 - 0.16s
[2024-06-22 11:45:22,008][utils.model][INFO] - (In epoch/Overall): (101/328)| inst_loss: 5.0521 - Mean loss: 0.2239 - acc: 0.9304 - norm: 2.57 - 0.21s
[2024-06-22 11:45:22,474][utils.model][INFO] - (In epoch/Overall): (111/338)| inst_loss: 5.5190 - Mean loss: 0.2191 - acc: 0.9322 - norm: 2.77 - 0.09s
[2024-06-22 11:45:22,957][utils.model][INFO] - (In epoch/Overall): (121/348)| inst_loss: 6.0019 - Mean loss: 0.2154 - acc: 0.9341 - norm: 3.08 - 0.32s
[2024-06-22 11:45:23,413][utils.model][INFO] - (In epoch/Overall): (131/358)| inst_loss: 6.4573 - Mean loss: 0.2123 - acc: 0.9339 - norm: 3.36 - 0.24s
[2024-06-22 11:45:23,899][utils.model][INFO] - (In epoch/Overall): (141/368)| inst_loss: 6.9433 - Mean loss: 0.2110 - acc: 0.9348 - norm: 3.66 - 0.04s
[2024-06-22 11:45:24,404][utils.model][INFO] - (In epoch/Overall): (151/378)| inst_loss: 7.4488 - Mean loss: 0.2128 - acc: 0.9348 - norm: 4.12 - 0.30s
[2024-06-22 11:45:24,890][utils.model][INFO] - (In epoch/Overall): (161/388)| inst_loss: 7.9343 - Mean loss: 0.2136 - acc: 0.9354 - norm: 4.37 - 0.04s
[2024-06-22 11:45:25,354][utils.model][INFO] - (In epoch/Overall): (171/398)| inst_loss: 8.3989 - Mean loss: 0.2115 - acc: 0.9359 - norm: 4.90 - 0.31s
[2024-06-22 11:45:25,836][utils.model][INFO] - (In epoch/Overall): (181/408)| inst_loss: 8.8806 - Mean loss: 0.2081 - acc: 0.9365 - norm: 5.25 - 0.07s
[2024-06-22 11:45:26,338][utils.model][INFO] - (In epoch/Overall): (191/418)| inst_loss: 9.3829 - Mean loss: 0.2068 - acc: 0.9368 - norm: 5.80 - 0.16s
[2024-06-22 11:45:26,816][utils.model][INFO] - (In epoch/Overall): (201/428)| inst_loss: 9.8603 - Mean loss: 0.2050 - acc: 0.9373 - norm: 6.20 - 0.12s
[2024-06-22 11:45:27,268][utils.model][INFO] - (In epoch/Overall): (211/438)| inst_loss: 10.3125 - Mean loss: 0.2017 - acc: 0.9379 - norm: 6.64 - 0.13s
[2024-06-22 11:45:27,733][utils.model][INFO] - (In epoch/Overall): (221/448)| inst_loss: 10.7780 - Mean loss: 0.2013 - acc: 0.9382 - norm: 7.10 - 0.04s
[2024-06-22 11:45:28,198][utils.model][INFO] - (In epoch/Overall): (231/458)| inst_loss: 11.2428 - Mean loss: 0.1993 - acc: 0.9387 - norm: 7.49 - 0.13s
[2024-06-22 11:45:28,714][utils.model][INFO] - (In epoch/Overall): (241/468)| inst_loss: 11.7573 - Mean loss: 0.1974 - acc: 0.9391 - norm: 7.78 - 0.07s
[2024-06-22 11:45:29,163][utils.model][INFO] - (In epoch/Overall): (251/478)| inst_loss: 12.2080 - Mean loss: 0.1941 - acc: 0.9401 - norm: 8.45 - 0.07s
[2024-06-22 11:45:29,654][utils.model][INFO] - (In epoch/Overall): (261/488)| inst_loss: 12.6991 - Mean loss: 0.1941 - acc: 0.9403 - norm: 8.87 - 0.08s
[2024-06-22 11:45:30,113][utils.model][INFO] - (In epoch/Overall): (271/498)| inst_loss: 13.1568 - Mean loss: 0.1947 - acc: 0.9399 - norm: 9.42 - 0.14s
[2024-06-22 11:45:30,582][utils.model][INFO] - (In epoch/Overall): (281/508)| inst_loss: 13.6253 - Mean loss: 0.1930 - acc: 0.9402 - norm: 9.75 - 0.09s
[2024-06-22 11:45:31,055][utils.model][INFO] - Epoch Results:
[2024-06-22 11:45:31,058][utils.model][INFO] - (In epoch/Overall): (290/517)| inst_loss: 0.2974 - Mean loss: 0.1904 - acc: 0.9407 - norm: 10.18 - 14.10s
[2024-06-22 11:45:32,592][utils.model][INFO] - Evaluation Results - Val Loss: 0.1430, Val Accuracy: 0.9585 in 32 steps
[2024-06-22 11:45:32,871][flwr][DEBUG] - gRPC channel closed
[2024-06-22 11:45:32,872][flwr][INFO] - Disconnect and shut down
