[2024-06-19 19:25:45,863][utils.model][INFO] - LeNet model built
[2024-06-19 19:25:46,051][utils.model][INFO] - Size of serialized model: 279.0341796875 kbytes
[2024-06-19 19:25:46,064][flwr][INFO] - Opened insecure gRPC connection (no certificates were passed)
[2024-06-19 19:25:46,065][flwr][DEBUG] - ChannelConnectivity.IDLE
[2024-06-19 19:25:46,067][flwr][DEBUG] - ChannelConnectivity.CONNECTING
[2024-06-19 19:25:46,068][flwr][DEBUG] - ChannelConnectivity.READY
[2024-06-19 19:25:51,710][utils.model][INFO] - ========================== Epoch Start ==========================
[2024-06-19 19:25:52,584][utils.model][INFO] - (In epoch/Overall): (1/1)| inst_loss: 0.8729 - Mean loss: 2.2972 - acc: 0.0625 - norm: 0.18 - 2.30s
[2024-06-19 19:25:53,074][utils.model][INFO] - (In epoch/Overall): (11/11)| inst_loss: 1.3627 - Mean loss: 2.1491 - acc: 0.2926 - norm: 2.14 - 1.85s
[2024-06-19 19:25:53,558][utils.model][INFO] - (In epoch/Overall): (21/21)| inst_loss: 1.8459 - Mean loss: 1.9068 - acc: 0.3810 - norm: 4.78 - 1.39s
[2024-06-19 19:25:53,563][utils.model][INFO] - Epoch Results:
[2024-06-19 19:25:53,567][utils.model][INFO] - (In epoch/Overall): (21/21)| inst_loss: 1.3945 - Mean loss: 1.9068 - acc: 0.3810 - norm: 4.78 - 1.85s
[2024-06-19 19:25:55,122][utils.model][INFO] - Evaluation Results - Val Loss: 1.3780, Val Accuracy: 0.6080 in 32 steps
[2024-06-19 19:25:59,672][utils.model][INFO] - ========================== Epoch Start ==========================
[2024-06-19 19:25:59,825][utils.model][INFO] - (In epoch/Overall): (1/22)| inst_loss: 0.1501 - Mean loss: 1.2816 - acc: 0.6875 - norm: 0.11 - 1.28s
[2024-06-19 19:26:00,492][utils.model][INFO] - (In epoch/Overall): (11/32)| inst_loss: 0.8177 - Mean loss: 1.1269 - acc: 0.6676 - norm: 0.79 - 1.44s
[2024-06-19 19:26:01,020][utils.model][INFO] - (In epoch/Overall): (21/42)| inst_loss: 1.3457 - Mean loss: 0.9891 - acc: 0.7024 - norm: 1.60 - 0.49s
[2024-06-19 19:26:01,506][utils.model][INFO] - (In epoch/Overall): (31/52)| inst_loss: 1.8319 - Mean loss: 0.9116 - acc: 0.7218 - norm: 2.34 - 0.52s
[2024-06-19 19:26:01,982][utils.model][INFO] - (In epoch/Overall): (41/62)| inst_loss: 2.3084 - Mean loss: 0.8607 - acc: 0.7294 - norm: 3.08 - 0.83s
[2024-06-19 19:26:02,462][utils.model][INFO] - (In epoch/Overall): (51/72)| inst_loss: 2.7880 - Mean loss: 0.8108 - acc: 0.7475 - norm: 3.85 - 0.29s
[2024-06-19 19:26:03,017][utils.model][INFO] - (In epoch/Overall): (61/82)| inst_loss: 3.3425 - Mean loss: 0.7659 - acc: 0.7638 - norm: 4.57 - 0.38s
[2024-06-19 19:26:03,334][utils.model][INFO] - Epoch Results:
[2024-06-19 19:26:03,337][utils.model][INFO] - (In epoch/Overall): (67/88)| inst_loss: 0.3252 - Mean loss: 0.7459 - acc: 0.7687 - norm: 5.02 - 3.66s
[2024-06-19 19:26:04,862][utils.model][INFO] - Evaluation Results - Val Loss: 0.4059, Val Accuracy: 0.8760 in 32 steps
[2024-06-19 19:26:09,574][utils.model][INFO] - ========================== Epoch Start ==========================
[2024-06-19 19:26:09,785][utils.model][INFO] - (In epoch/Overall): (1/89)| inst_loss: 0.2087 - Mean loss: 0.3107 - acc: 0.9375 - norm: 0.03 - 0.31s
[2024-06-19 19:26:10,367][utils.model][INFO] - (In epoch/Overall): (11/99)| inst_loss: 0.7909 - Mean loss: 0.4786 - acc: 0.8608 - norm: 0.24 - 0.49s
[2024-06-19 19:26:10,987][utils.model][INFO] - (In epoch/Overall): (21/109)| inst_loss: 1.4098 - Mean loss: 0.4138 - acc: 0.8810 - norm: 0.42 - 0.50s
[2024-06-19 19:26:11,619][utils.model][INFO] - (In epoch/Overall): (31/119)| inst_loss: 2.0427 - Mean loss: 0.4021 - acc: 0.8810 - norm: 0.71 - 0.53s
[2024-06-19 19:26:12,269][utils.model][INFO] - (In epoch/Overall): (41/129)| inst_loss: 2.6936 - Mean loss: 0.4011 - acc: 0.8811 - norm: 1.05 - 0.42s
[2024-06-19 19:26:12,806][utils.model][INFO] - (In epoch/Overall): (51/139)| inst_loss: 3.2301 - Mean loss: 0.3957 - acc: 0.8830 - norm: 1.30 - 0.18s
[2024-06-19 19:26:13,461][utils.model][INFO] - (In epoch/Overall): (61/149)| inst_loss: 3.8796 - Mean loss: 0.3905 - acc: 0.8842 - norm: 1.69 - 0.48s
[2024-06-19 19:26:14,452][utils.model][INFO] - (In epoch/Overall): (71/159)| inst_loss: 4.8760 - Mean loss: 0.3920 - acc: 0.8825 - norm: 2.11 - 0.20s
[2024-06-19 19:26:15,176][utils.model][INFO] - (In epoch/Overall): (81/169)| inst_loss: 5.5986 - Mean loss: 0.3883 - acc: 0.8823 - norm: 2.59 - 0.40s
[2024-06-19 19:26:15,808][utils.model][INFO] - (In epoch/Overall): (91/179)| inst_loss: 6.2314 - Mean loss: 0.3736 - acc: 0.8863 - norm: 2.97 - 0.18s
[2024-06-19 19:26:16,345][utils.model][INFO] - (In epoch/Overall): (101/189)| inst_loss: 6.7690 - Mean loss: 0.3697 - acc: 0.8877 - norm: 3.49 - 0.19s
[2024-06-19 19:26:16,924][utils.model][INFO] - (In epoch/Overall): (111/199)| inst_loss: 7.3475 - Mean loss: 0.3642 - acc: 0.8880 - norm: 3.99 - 0.23s
[2024-06-19 19:26:17,471][utils.model][INFO] - (In epoch/Overall): (121/209)| inst_loss: 7.8948 - Mean loss: 0.3653 - acc: 0.8882 - norm: 4.54 - 0.33s
[2024-06-19 19:26:18,051][utils.model][INFO] - Epoch Results:
[2024-06-19 19:26:18,056][utils.model][INFO] - (In epoch/Overall): (129/217)| inst_loss: 0.4230 - Mean loss: 0.3633 - acc: 0.8881 - norm: 4.91 - 8.48s
[2024-06-19 19:26:20,213][utils.model][INFO] - Evaluation Results - Val Loss: 0.2295, Val Accuracy: 0.9305 in 32 steps
[2024-06-19 19:26:25,509][utils.model][INFO] - ========================== Epoch Start ==========================
[2024-06-19 19:26:25,727][utils.model][INFO] - (In epoch/Overall): (1/218)| inst_loss: 0.2160 - Mean loss: 0.2810 - acc: 0.8750 - norm: 0.04 - 0.28s
[2024-06-19 19:26:26,307][utils.model][INFO] - (In epoch/Overall): (11/228)| inst_loss: 0.7965 - Mean loss: 0.2608 - acc: 0.9233 - norm: 0.21 - 0.13s
[2024-06-19 19:26:26,907][utils.model][INFO] - (In epoch/Overall): (21/238)| inst_loss: 1.3967 - Mean loss: 0.2918 - acc: 0.9167 - norm: 0.43 - 0.13s
[2024-06-19 19:26:27,512][utils.model][INFO] - (In epoch/Overall): (31/248)| inst_loss: 1.9995 - Mean loss: 0.2867 - acc: 0.9133 - norm: 0.65 - 0.50s
[2024-06-19 19:26:28,255][utils.model][INFO] - (In epoch/Overall): (41/258)| inst_loss: 2.7438 - Mean loss: 0.2739 - acc: 0.9154 - norm: 0.86 - 0.50s
[2024-06-19 19:26:28,848][utils.model][INFO] - (In epoch/Overall): (51/268)| inst_loss: 3.3365 - Mean loss: 0.2638 - acc: 0.9197 - norm: 1.03 - 0.15s
[2024-06-19 19:26:29,446][utils.model][INFO] - (In epoch/Overall): (61/278)| inst_loss: 3.9347 - Mean loss: 0.2629 - acc: 0.9196 - norm: 1.32 - 0.39s
[2024-06-19 19:26:30,065][utils.model][INFO] - (In epoch/Overall): (71/288)| inst_loss: 4.5536 - Mean loss: 0.2461 - acc: 0.9252 - norm: 1.54 - 0.28s
[2024-06-19 19:26:30,653][utils.model][INFO] - (In epoch/Overall): (81/298)| inst_loss: 5.1423 - Mean loss: 0.2490 - acc: 0.9232 - norm: 1.94 - 0.10s
[2024-06-19 19:26:31,227][utils.model][INFO] - (In epoch/Overall): (91/308)| inst_loss: 5.7156 - Mean loss: 0.2457 - acc: 0.9245 - norm: 2.25 - 0.42s
[2024-06-19 19:26:31,758][utils.model][INFO] - (In epoch/Overall): (101/318)| inst_loss: 6.2468 - Mean loss: 0.2438 - acc: 0.9267 - norm: 2.52 - 0.15s
[2024-06-19 19:26:32,313][utils.model][INFO] - (In epoch/Overall): (111/328)| inst_loss: 6.8015 - Mean loss: 0.2471 - acc: 0.9265 - norm: 2.88 - 0.24s
[2024-06-19 19:26:32,897][utils.model][INFO] - (In epoch/Overall): (121/338)| inst_loss: 7.3860 - Mean loss: 0.2446 - acc: 0.9269 - norm: 3.22 - 0.19s
[2024-06-19 19:26:33,425][utils.model][INFO] - (In epoch/Overall): (131/348)| inst_loss: 7.9132 - Mean loss: 0.2461 - acc: 0.9265 - norm: 3.54 - 0.25s
[2024-06-19 19:26:33,975][utils.model][INFO] - (In epoch/Overall): (141/358)| inst_loss: 8.4639 - Mean loss: 0.2441 - acc: 0.9266 - norm: 3.94 - 0.49s
[2024-06-19 19:26:34,538][utils.model][INFO] - (In epoch/Overall): (151/368)| inst_loss: 9.0267 - Mean loss: 0.2411 - acc: 0.9276 - norm: 4.34 - 0.07s
[2024-06-19 19:26:35,144][utils.model][INFO] - (In epoch/Overall): (161/378)| inst_loss: 9.6334 - Mean loss: 0.2388 - acc: 0.9284 - norm: 4.71 - 0.25s
[2024-06-19 19:26:35,375][utils.model][INFO] - Epoch Results:
[2024-06-19 19:26:35,379][utils.model][INFO] - (In epoch/Overall): (165/382)| inst_loss: 0.4217 - Mean loss: 0.2385 - acc: 0.9284 - norm: 4.92 - 9.87s
[2024-06-19 19:26:37,307][utils.model][INFO] - Evaluation Results - Val Loss: 0.1486, Val Accuracy: 0.9535 in 32 steps
[2024-06-19 19:26:42,498][utils.model][INFO] - ========================== Epoch Start ==========================
[2024-06-19 19:26:42,686][utils.model][INFO] - (In epoch/Overall): (1/383)| inst_loss: 0.1854 - Mean loss: 0.0781 - acc: 1.0000 - norm: 0.02 - 0.08s
[2024-06-19 19:26:43,437][utils.model][INFO] - (In epoch/Overall): (11/393)| inst_loss: 0.9368 - Mean loss: 0.1517 - acc: 0.9574 - norm: 0.24 - 0.06s
[2024-06-19 19:26:44,223][utils.model][INFO] - (In epoch/Overall): (21/403)| inst_loss: 1.7217 - Mean loss: 0.1432 - acc: 0.9598 - norm: 0.44 - 0.14s
[2024-06-19 19:26:44,942][utils.model][INFO] - (In epoch/Overall): (31/413)| inst_loss: 2.4423 - Mean loss: 0.1553 - acc: 0.9526 - norm: 0.64 - 0.16s
[2024-06-19 19:26:45,499][utils.model][INFO] - (In epoch/Overall): (41/423)| inst_loss: 2.9997 - Mean loss: 0.1543 - acc: 0.9497 - norm: 0.87 - 0.16s
[2024-06-19 19:26:46,087][utils.model][INFO] - (In epoch/Overall): (51/433)| inst_loss: 3.5877 - Mean loss: 0.1596 - acc: 0.9467 - norm: 1.09 - 0.09s
[2024-06-19 19:26:46,631][utils.model][INFO] - (In epoch/Overall): (61/443)| inst_loss: 4.1321 - Mean loss: 0.1518 - acc: 0.9498 - norm: 1.22 - 0.06s
[2024-06-19 19:26:47,213][utils.model][INFO] - (In epoch/Overall): (71/453)| inst_loss: 4.7132 - Mean loss: 0.1527 - acc: 0.9503 - norm: 1.47 - 0.13s
[2024-06-19 19:26:47,738][utils.model][INFO] - (In epoch/Overall): (81/463)| inst_loss: 5.2387 - Mean loss: 0.1541 - acc: 0.9510 - norm: 1.69 - 0.09s
[2024-06-19 19:26:48,299][utils.model][INFO] - (In epoch/Overall): (91/473)| inst_loss: 5.7994 - Mean loss: 0.1560 - acc: 0.9509 - norm: 1.85 - 0.11s
[2024-06-19 19:26:48,862][utils.model][INFO] - (In epoch/Overall): (101/483)| inst_loss: 6.3621 - Mean loss: 0.1505 - acc: 0.9536 - norm: 2.08 - 0.13s
[2024-06-19 19:26:49,458][utils.model][INFO] - (In epoch/Overall): (111/493)| inst_loss: 6.9583 - Mean loss: 0.1444 - acc: 0.9558 - norm: 2.26 - 0.03s
[2024-06-19 19:26:50,094][utils.model][INFO] - (In epoch/Overall): (121/503)| inst_loss: 7.5942 - Mean loss: 0.1433 - acc: 0.9569 - norm: 2.51 - 0.10s
[2024-06-19 19:26:50,737][utils.model][INFO] - (In epoch/Overall): (131/513)| inst_loss: 8.2368 - Mean loss: 0.1508 - acc: 0.9542 - norm: 2.85 - 0.53s
[2024-06-19 19:26:51,367][utils.model][INFO] - (In epoch/Overall): (141/523)| inst_loss: 8.8677 - Mean loss: 0.1465 - acc: 0.9550 - norm: 3.06 - 0.06s
[2024-06-19 19:26:52,086][utils.model][INFO] - (In epoch/Overall): (151/533)| inst_loss: 9.5860 - Mean loss: 0.1476 - acc: 0.9549 - norm: 3.31 - 0.09s
[2024-06-19 19:26:52,626][utils.model][INFO] - (In epoch/Overall): (161/543)| inst_loss: 10.1268 - Mean loss: 0.1477 - acc: 0.9552 - norm: 3.58 - 0.14s
[2024-06-19 19:26:53,153][utils.model][INFO] - (In epoch/Overall): (171/553)| inst_loss: 10.6530 - Mean loss: 0.1488 - acc: 0.9550 - norm: 3.92 - 0.20s
[2024-06-19 19:26:53,625][utils.model][INFO] - (In epoch/Overall): (181/563)| inst_loss: 11.1261 - Mean loss: 0.1470 - acc: 0.9549 - norm: 4.16 - 0.11s
[2024-06-19 19:26:54,100][utils.model][INFO] - (In epoch/Overall): (191/573)| inst_loss: 11.6008 - Mean loss: 0.1477 - acc: 0.9545 - norm: 4.49 - 0.13s
[2024-06-19 19:26:54,574][utils.model][INFO] - (In epoch/Overall): (201/583)| inst_loss: 12.0739 - Mean loss: 0.1456 - acc: 0.9552 - norm: 4.82 - 0.13s
[2024-06-19 19:26:54,834][utils.model][INFO] - Epoch Results:
[2024-06-19 19:26:54,838][utils.model][INFO] - (In epoch/Overall): (206/588)| inst_loss: 0.1488 - Mean loss: 0.1445 - acc: 0.9557 - norm: 4.91 - 12.34s
[2024-06-19 19:26:56,427][utils.model][INFO] - Evaluation Results - Val Loss: 0.1100, Val Accuracy: 0.9620 in 32 steps
[2024-06-19 19:26:56,813][flwr][DEBUG] - gRPC channel closed
[2024-06-19 19:26:56,813][flwr][INFO] - Disconnect and shut down
