[2024-06-20 19:00:10,403][utils.model][INFO] - LeNet model built
[2024-06-20 19:00:10,832][utils.model][INFO] - LeNet model built
[2024-06-20 19:00:10,883][utils.model][INFO] - Size of serialized model: 279.0341796875 kbytes
[2024-06-20 19:00:10,895][flwr][INFO] - Opened insecure gRPC connection (no certificates were passed)
[2024-06-20 19:00:10,898][flwr][DEBUG] - ChannelConnectivity.IDLE
[2024-06-20 19:00:10,900][flwr][DEBUG] - ChannelConnectivity.CONNECTING
[2024-06-20 19:00:10,900][flwr][DEBUG] - ChannelConnectivity.READY
[2024-06-20 19:00:12,152][utils.model][INFO] - Size of serialized model: 279.0341796875 kbytes
[2024-06-20 19:00:12,162][flwr][INFO] - Opened insecure gRPC connection (no certificates were passed)
[2024-06-20 19:00:12,165][flwr][DEBUG] - ChannelConnectivity.IDLE
[2024-06-20 19:00:12,169][flwr][DEBUG] - ChannelConnectivity.READY
[2024-06-20 19:00:18,986][utils.model][INFO] - ========================== Epoch Start ==========================
[2024-06-20 19:00:18,993][utils.model][INFO] - ========================== Epoch Start ==========================
[2024-06-20 19:00:19,658][utils.model][INFO] - (In epoch/Overall): (1/1)| inst_loss: 0.6623 - Mean loss: 2.3427 - acc: 0.0625 - norm: 0.20 - 2.34s
[2024-06-20 19:00:19,658][utils.model][INFO] - (In epoch/Overall): (1/1)| inst_loss: 0.6689 - Mean loss: 2.3278 - acc: 0.0938 - norm: 0.20 - 2.33s
[2024-06-20 19:00:20,473][utils.model][INFO] - (In epoch/Overall): (11/11)| inst_loss: 1.4780 - Mean loss: 2.0608 - acc: 0.2955 - norm: 2.32 - 1.73s
[2024-06-20 19:00:20,474][utils.model][INFO] - (In epoch/Overall): (11/11)| inst_loss: 1.4848 - Mean loss: 2.1300 - acc: 0.2472 - norm: 2.14 - 1.75s
[2024-06-20 19:00:21,182][utils.model][INFO] - (In epoch/Overall): (21/21)| inst_loss: 2.1939 - Mean loss: 1.8293 - acc: 0.3914 - norm: 5.03 - 1.23s
[2024-06-20 19:00:21,182][utils.model][INFO] - (In epoch/Overall): (21/21)| inst_loss: 2.1876 - Mean loss: 1.7365 - acc: 0.4494 - norm: 4.88 - 1.10s
[2024-06-20 19:00:21,310][utils.model][INFO] - Epoch Results:
[2024-06-20 19:00:21,310][utils.model][INFO] - Epoch Results:
[2024-06-20 19:00:21,314][utils.model][INFO] - (In epoch/Overall): (23/23)| inst_loss: 1.5564 - Mean loss: 1.7066 - acc: 0.4538 - norm: 5.11 - 2.32s
[2024-06-20 19:00:21,314][utils.model][INFO] - (In epoch/Overall): (23/23)| inst_loss: 1.1954 - Mean loss: 1.7784 - acc: 0.4130 - norm: 5.47 - 2.33s
[2024-06-20 19:00:23,094][utils.model][INFO] - Evaluation Results - Val Loss: 1.1523, Val Accuracy: 0.7400 in 32 steps
[2024-06-20 19:00:23,111][utils.model][INFO] - Evaluation Results - Val Loss: 1.1858, Val Accuracy: 0.7220 in 32 steps
[2024-06-20 19:00:26,948][utils.model][INFO] - ========================== Epoch Start ==========================
[2024-06-20 19:00:26,949][utils.model][INFO] - ========================== Epoch Start ==========================
[2024-06-20 19:00:27,114][utils.model][INFO] - (In epoch/Overall): (1/24)| inst_loss: 0.1619 - Mean loss: 1.2475 - acc: 0.5938 - norm: 0.08 - 1.25s
[2024-06-20 19:00:27,115][utils.model][INFO] - (In epoch/Overall): (1/24)| inst_loss: 0.1628 - Mean loss: 1.1268 - acc: 0.7500 - norm: 0.05 - 1.13s
[2024-06-20 19:00:27,785][utils.model][INFO] - (In epoch/Overall): (11/34)| inst_loss: 0.8335 - Mean loss: 1.0826 - acc: 0.6619 - norm: 0.51 - 0.76s
[2024-06-20 19:00:27,787][utils.model][INFO] - (In epoch/Overall): (11/34)| inst_loss: 0.8344 - Mean loss: 1.1814 - acc: 0.6477 - norm: 0.49 - 0.94s
[2024-06-20 19:00:28,475][utils.model][INFO] - (In epoch/Overall): (21/44)| inst_loss: 1.5235 - Mean loss: 0.9705 - acc: 0.6830 - norm: 1.17 - 0.93s
[2024-06-20 19:00:28,475][utils.model][INFO] - (In epoch/Overall): (21/44)| inst_loss: 1.5243 - Mean loss: 0.9984 - acc: 0.6994 - norm: 1.11 - 0.90s
[2024-06-20 19:00:29,239][utils.model][INFO] - (In epoch/Overall): (31/54)| inst_loss: 2.2862 - Mean loss: 0.8784 - acc: 0.7188 - norm: 1.95 - 0.56s
[2024-06-20 19:00:29,239][utils.model][INFO] - (In epoch/Overall): (31/54)| inst_loss: 2.2870 - Mean loss: 0.8738 - acc: 0.7369 - norm: 1.82 - 0.58s
[2024-06-20 19:00:29,831][utils.model][INFO] - (In epoch/Overall): (41/64)| inst_loss: 2.8809 - Mean loss: 0.8293 - acc: 0.7340 - norm: 2.66 - 0.37s
[2024-06-20 19:00:29,831][utils.model][INFO] - (In epoch/Overall): (41/64)| inst_loss: 2.8818 - Mean loss: 0.8355 - acc: 0.7363 - norm: 2.56 - 0.63s
[2024-06-20 19:00:30,420][utils.model][INFO] - (In epoch/Overall): (51/74)| inst_loss: 3.4702 - Mean loss: 0.7821 - acc: 0.7543 - norm: 3.26 - 0.53s
[2024-06-20 19:00:30,420][utils.model][INFO] - (In epoch/Overall): (51/74)| inst_loss: 3.4695 - Mean loss: 0.7683 - acc: 0.7567 - norm: 3.21 - 0.66s
[2024-06-20 19:00:30,957][utils.model][INFO] - (In epoch/Overall): (61/84)| inst_loss: 4.0063 - Mean loss: 0.7256 - acc: 0.7731 - norm: 3.90 - 0.32s
[2024-06-20 19:00:30,957][utils.model][INFO] - (In epoch/Overall): (61/84)| inst_loss: 4.0071 - Mean loss: 0.7232 - acc: 0.7710 - norm: 3.98 - 0.61s
[2024-06-20 19:00:31,569][utils.model][INFO] - (In epoch/Overall): (71/94)| inst_loss: 4.6181 - Mean loss: 0.6982 - acc: 0.7786 - norm: 4.60 - 0.63s
[2024-06-20 19:00:31,569][utils.model][INFO] - (In epoch/Overall): (71/94)| inst_loss: 4.6189 - Mean loss: 0.7056 - acc: 0.7773 - norm: 4.52 - 0.70s
[2024-06-20 19:00:31,877][utils.model][INFO] - Epoch Results:
[2024-06-20 19:00:31,878][utils.model][INFO] - Epoch Results:
[2024-06-20 19:00:31,881][utils.model][INFO] - (In epoch/Overall): (77/100)| inst_loss: 0.3426 - Mean loss: 0.6735 - acc: 0.7877 - norm: 5.04 - 4.93s
[2024-06-20 19:00:31,883][utils.model][INFO] - (In epoch/Overall): (77/100)| inst_loss: 0.2560 - Mean loss: 0.6783 - acc: 0.7877 - norm: 5.00 - 4.93s
[2024-06-20 19:00:34,015][utils.model][INFO] - Evaluation Results - Val Loss: 0.3979, Val Accuracy: 0.8655 in 32 steps
[2024-06-20 19:00:34,023][utils.model][INFO] - Evaluation Results - Val Loss: 0.4173, Val Accuracy: 0.8660 in 32 steps
[2024-06-20 19:00:38,712][utils.model][INFO] - ========================== Epoch Start ==========================
[2024-06-20 19:00:38,716][utils.model][INFO] - ========================== Epoch Start ==========================
[2024-06-20 19:00:38,898][utils.model][INFO] - (In epoch/Overall): (1/101)| inst_loss: 0.1800 - Mean loss: 0.4157 - acc: 0.8438 - norm: 0.02 - 0.42s
[2024-06-20 19:00:38,899][utils.model][INFO] - (In epoch/Overall): (1/101)| inst_loss: 0.1836 - Mean loss: 0.3304 - acc: 0.9062 - norm: 0.05 - 0.33s
[2024-06-20 19:00:39,577][utils.model][INFO] - (In epoch/Overall): (11/111)| inst_loss: 0.8581 - Mean loss: 0.3831 - acc: 0.8892 - norm: 0.20 - 0.24s
[2024-06-20 19:00:39,577][utils.model][INFO] - (In epoch/Overall): (11/111)| inst_loss: 0.8621 - Mean loss: 0.3448 - acc: 0.9006 - norm: 0.17 - 0.40s
[2024-06-20 19:00:40,275][utils.model][INFO] - (In epoch/Overall): (21/121)| inst_loss: 1.5572 - Mean loss: 0.3754 - acc: 0.8884 - norm: 0.39 - 0.50s
[2024-06-20 19:00:40,275][utils.model][INFO] - (In epoch/Overall): (21/121)| inst_loss: 1.5610 - Mean loss: 0.3551 - acc: 0.8929 - norm: 0.35 - 0.14s
[2024-06-20 19:00:40,956][utils.model][INFO] - (In epoch/Overall): (31/131)| inst_loss: 2.2385 - Mean loss: 0.3804 - acc: 0.8942 - norm: 0.60 - 0.54s
[2024-06-20 19:00:40,956][utils.model][INFO] - (In epoch/Overall): (31/131)| inst_loss: 2.2416 - Mean loss: 0.3529 - acc: 0.8931 - norm: 0.58 - 0.18s
[2024-06-20 19:00:41,556][utils.model][INFO] - (In epoch/Overall): (41/141)| inst_loss: 2.8385 - Mean loss: 0.3587 - acc: 0.8971 - norm: 0.90 - 0.41s
[2024-06-20 19:00:41,557][utils.model][INFO] - (In epoch/Overall): (41/141)| inst_loss: 2.8428 - Mean loss: 0.3350 - acc: 0.8994 - norm: 0.83 - 0.27s
[2024-06-20 19:00:42,176][utils.model][INFO] - (In epoch/Overall): (51/151)| inst_loss: 3.4587 - Mean loss: 0.3455 - acc: 0.9007 - norm: 1.15 - 0.13s
[2024-06-20 19:00:42,177][utils.model][INFO] - (In epoch/Overall): (51/151)| inst_loss: 3.4625 - Mean loss: 0.3231 - acc: 0.9026 - norm: 1.13 - 0.39s
[2024-06-20 19:00:42,834][utils.model][INFO] - (In epoch/Overall): (61/161)| inst_loss: 4.1160 - Mean loss: 0.3383 - acc: 0.9057 - norm: 1.54 - 0.15s
[2024-06-20 19:00:42,834][utils.model][INFO] - (In epoch/Overall): (61/161)| inst_loss: 4.1196 - Mean loss: 0.3215 - acc: 0.9011 - norm: 1.46 - 0.18s
[2024-06-20 19:00:43,500][utils.model][INFO] - (In epoch/Overall): (71/171)| inst_loss: 4.7862 - Mean loss: 0.3221 - acc: 0.8974 - norm: 1.86 - 0.17s
[2024-06-20 19:00:43,500][utils.model][INFO] - (In epoch/Overall): (71/171)| inst_loss: 4.7825 - Mean loss: 0.3326 - acc: 0.9018 - norm: 1.88 - 0.09s
[2024-06-20 19:00:44,136][utils.model][INFO] - (In epoch/Overall): (81/181)| inst_loss: 5.4184 - Mean loss: 0.3311 - acc: 0.8993 - norm: 2.27 - 0.10s
[2024-06-20 19:00:44,136][utils.model][INFO] - (In epoch/Overall): (81/181)| inst_loss: 5.4218 - Mean loss: 0.3244 - acc: 0.8985 - norm: 2.35 - 0.82s
[2024-06-20 19:00:44,672][utils.model][INFO] - (In epoch/Overall): (91/191)| inst_loss: 5.9541 - Mean loss: 0.3227 - acc: 0.8997 - norm: 2.64 - 0.10s
[2024-06-20 19:00:44,672][utils.model][INFO] - (In epoch/Overall): (91/191)| inst_loss: 5.9580 - Mean loss: 0.3240 - acc: 0.8987 - norm: 2.78 - 0.50s
[2024-06-20 19:00:45,235][utils.model][INFO] - (In epoch/Overall): (101/201)| inst_loss: 6.5166 - Mean loss: 0.3206 - acc: 0.9004 - norm: 2.99 - 0.61s
[2024-06-20 19:00:45,235][utils.model][INFO] - (In epoch/Overall): (101/201)| inst_loss: 6.5204 - Mean loss: 0.3211 - acc: 0.8994 - norm: 3.20 - 0.38s
[2024-06-20 19:00:45,788][utils.model][INFO] - (In epoch/Overall): (111/211)| inst_loss: 7.0708 - Mean loss: 0.3098 - acc: 0.9051 - norm: 3.39 - 0.20s
[2024-06-20 19:00:45,788][utils.model][INFO] - (In epoch/Overall): (111/211)| inst_loss: 7.0746 - Mean loss: 0.3155 - acc: 0.9017 - norm: 3.66 - 0.32s
[2024-06-20 19:00:46,376][utils.model][INFO] - (In epoch/Overall): (121/221)| inst_loss: 7.6627 - Mean loss: 0.3167 - acc: 0.9032 - norm: 4.20 - 0.32s
[2024-06-20 19:00:46,377][utils.model][INFO] - (In epoch/Overall): (121/221)| inst_loss: 7.6592 - Mean loss: 0.3069 - acc: 0.9073 - norm: 3.77 - 0.06s
[2024-06-20 19:00:46,947][utils.model][INFO] - (In epoch/Overall): (131/231)| inst_loss: 8.2334 - Mean loss: 0.3079 - acc: 0.9055 - norm: 4.59 - 0.09s
[2024-06-20 19:00:46,948][utils.model][INFO] - (In epoch/Overall): (131/231)| inst_loss: 8.2300 - Mean loss: 0.3055 - acc: 0.9079 - norm: 4.31 - 0.41s
[2024-06-20 19:00:47,489][utils.model][INFO] - Epoch Results:
[2024-06-20 19:00:47,494][utils.model][INFO] - Epoch Results:
[2024-06-20 19:00:47,497][utils.model][INFO] - (In epoch/Overall): (140/240)| inst_loss: 0.2730 - Mean loss: 0.3015 - acc: 0.9067 - norm: 5.06 - 8.78s
[2024-06-20 19:00:47,500][utils.model][INFO] - (In epoch/Overall): (140/240)| inst_loss: 0.4866 - Mean loss: 0.3030 - acc: 0.9098 - norm: 4.79 - 8.78s
[2024-06-20 19:00:49,626][utils.model][INFO] - Evaluation Results - Val Loss: 0.2247, Val Accuracy: 0.9350 in 32 steps
[2024-06-20 19:00:49,630][utils.model][INFO] - Evaluation Results - Val Loss: 0.1948, Val Accuracy: 0.9390 in 32 steps
[2024-06-20 19:00:55,074][utils.model][INFO] - ========================== Epoch Start ==========================
[2024-06-20 19:00:55,079][utils.model][INFO] - ========================== Epoch Start ==========================
[2024-06-20 19:00:55,265][utils.model][INFO] - (In epoch/Overall): (1/241)| inst_loss: 0.1891 - Mean loss: 0.2569 - acc: 0.9062 - norm: 0.03 - 0.26s
[2024-06-20 19:00:55,266][utils.model][INFO] - (In epoch/Overall): (1/241)| inst_loss: 0.1844 - Mean loss: 0.1062 - acc: 1.0000 - norm: 0.03 - 0.11s
[2024-06-20 19:00:55,931][utils.model][INFO] - (In epoch/Overall): (11/251)| inst_loss: 0.8498 - Mean loss: 0.1617 - acc: 0.9517 - norm: 0.24 - 0.35s
[2024-06-20 19:00:55,933][utils.model][INFO] - (In epoch/Overall): (11/251)| inst_loss: 0.8550 - Mean loss: 0.2190 - acc: 0.9347 - norm: 0.19 - 0.11s
[2024-06-20 19:00:56,516][utils.model][INFO] - (In epoch/Overall): (21/261)| inst_loss: 1.4338 - Mean loss: 0.2144 - acc: 0.9345 - norm: 0.39 - 0.22s
[2024-06-20 19:00:56,517][utils.model][INFO] - (In epoch/Overall): (21/261)| inst_loss: 1.4391 - Mean loss: 0.2461 - acc: 0.9211 - norm: 0.37 - 0.13s
[2024-06-20 19:00:57,209][utils.model][INFO] - (In epoch/Overall): (31/271)| inst_loss: 2.1323 - Mean loss: 0.2317 - acc: 0.9294 - norm: 0.50 - 0.15s
[2024-06-20 19:00:57,209][utils.model][INFO] - (In epoch/Overall): (31/271)| inst_loss: 2.1275 - Mean loss: 0.2109 - acc: 0.9385 - norm: 0.53 - 0.08s
[2024-06-20 19:00:57,855][utils.model][INFO] - (In epoch/Overall): (41/281)| inst_loss: 2.7738 - Mean loss: 0.2099 - acc: 0.9352 - norm: 0.71 - 0.17s
[2024-06-20 19:00:57,856][utils.model][INFO] - (In epoch/Overall): (41/281)| inst_loss: 2.7790 - Mean loss: 0.2019 - acc: 0.9383 - norm: 0.67 - 0.17s
[2024-06-20 19:00:58,469][utils.model][INFO] - (In epoch/Overall): (51/291)| inst_loss: 3.3923 - Mean loss: 0.2141 - acc: 0.9338 - norm: 0.90 - 0.23s
[2024-06-20 19:00:58,470][utils.model][INFO] - (In epoch/Overall): (51/291)| inst_loss: 3.3877 - Mean loss: 0.2125 - acc: 0.9326 - norm: 1.05 - 0.28s
[2024-06-20 19:00:59,145][utils.model][INFO] - (In epoch/Overall): (61/301)| inst_loss: 4.0641 - Mean loss: 0.2134 - acc: 0.9319 - norm: 1.28 - 0.30s
[2024-06-20 19:00:59,145][utils.model][INFO] - (In epoch/Overall): (61/301)| inst_loss: 4.0690 - Mean loss: 0.2075 - acc: 0.9355 - norm: 1.06 - 0.25s
[2024-06-20 19:00:59,742][utils.model][INFO] - (In epoch/Overall): (71/311)| inst_loss: 4.6612 - Mean loss: 0.2111 - acc: 0.9344 - norm: 1.45 - 0.23s
[2024-06-20 19:00:59,743][utils.model][INFO] - (In epoch/Overall): (71/311)| inst_loss: 4.6663 - Mean loss: 0.2094 - acc: 0.9357 - norm: 1.31 - 0.35s
[2024-06-20 19:01:00,340][utils.model][INFO] - (In epoch/Overall): (81/321)| inst_loss: 5.2641 - Mean loss: 0.2029 - acc: 0.9394 - norm: 1.51 - 0.07s
[2024-06-20 19:01:00,340][utils.model][INFO] - (In epoch/Overall): (81/321)| inst_loss: 5.2591 - Mean loss: 0.2056 - acc: 0.9360 - norm: 1.66 - 0.09s
[2024-06-20 19:01:01,013][utils.model][INFO] - (In epoch/Overall): (91/331)| inst_loss: 5.9308 - Mean loss: 0.2011 - acc: 0.9375 - norm: 1.90 - 0.14s
[2024-06-20 19:01:01,014][utils.model][INFO] - (In epoch/Overall): (91/331)| inst_loss: 5.9359 - Mean loss: 0.2009 - acc: 0.9392 - norm: 1.82 - 0.15s
[2024-06-20 19:01:01,741][utils.model][INFO] - (In epoch/Overall): (101/341)| inst_loss: 6.6644 - Mean loss: 0.2018 - acc: 0.9381 - norm: 2.14 - 0.07s
[2024-06-20 19:01:01,742][utils.model][INFO] - (In epoch/Overall): (101/341)| inst_loss: 6.6598 - Mean loss: 0.1968 - acc: 0.9384 - norm: 2.12 - 0.14s
[2024-06-20 19:01:02,315][utils.model][INFO] - (In epoch/Overall): (111/351)| inst_loss: 7.2336 - Mean loss: 0.1916 - acc: 0.9400 - norm: 2.34 - 0.20s
[2024-06-20 19:01:02,316][utils.model][INFO] - (In epoch/Overall): (111/351)| inst_loss: 7.2386 - Mean loss: 0.2052 - acc: 0.9364 - norm: 2.45 - 0.07s
[2024-06-20 19:01:02,934][utils.model][INFO] - (In epoch/Overall): (121/361)| inst_loss: 7.8561 - Mean loss: 0.2018 - acc: 0.9372 - norm: 2.73 - 0.27s
[2024-06-20 19:01:02,934][utils.model][INFO] - (In epoch/Overall): (121/361)| inst_loss: 7.8512 - Mean loss: 0.1923 - acc: 0.9406 - norm: 2.62 - 0.06s
[2024-06-20 19:01:03,613][utils.model][INFO] - (In epoch/Overall): (131/371)| inst_loss: 8.5315 - Mean loss: 0.1898 - acc: 0.9423 - norm: 2.83 - 0.11s
[2024-06-20 19:01:03,614][utils.model][INFO] - (In epoch/Overall): (131/371)| inst_loss: 8.5365 - Mean loss: 0.1967 - acc: 0.9382 - norm: 2.91 - 0.24s
[2024-06-20 19:01:04,245][utils.model][INFO] - (In epoch/Overall): (141/381)| inst_loss: 9.1639 - Mean loss: 0.1863 - acc: 0.9437 - norm: 3.08 - 0.32s
[2024-06-20 19:01:04,245][utils.model][INFO] - (In epoch/Overall): (141/381)| inst_loss: 9.1688 - Mean loss: 0.1929 - acc: 0.9391 - norm: 3.26 - 0.03s
[2024-06-20 19:01:04,836][utils.model][INFO] - (In epoch/Overall): (151/391)| inst_loss: 9.7548 - Mean loss: 0.1909 - acc: 0.9423 - norm: 3.49 - 0.23s
[2024-06-20 19:01:04,836][utils.model][INFO] - (In epoch/Overall): (151/391)| inst_loss: 9.7596 - Mean loss: 0.1915 - acc: 0.9398 - norm: 3.52 - 0.27s
[2024-06-20 19:01:05,346][utils.model][INFO] - (In epoch/Overall): (161/401)| inst_loss: 10.2647 - Mean loss: 0.1876 - acc: 0.9433 - norm: 3.68 - 0.08s
[2024-06-20 19:01:05,346][utils.model][INFO] - (In epoch/Overall): (161/401)| inst_loss: 10.2697 - Mean loss: 0.1922 - acc: 0.9394 - norm: 3.85 - 0.07s
[2024-06-20 19:01:05,884][utils.model][INFO] - (In epoch/Overall): (171/411)| inst_loss: 10.8030 - Mean loss: 0.1827 - acc: 0.9444 - norm: 4.02 - 0.19s
[2024-06-20 19:01:05,884][utils.model][INFO] - (In epoch/Overall): (171/411)| inst_loss: 10.8078 - Mean loss: 0.1919 - acc: 0.9390 - norm: 4.08 - 0.08s
[2024-06-20 19:01:06,367][utils.model][INFO] - (In epoch/Overall): (181/421)| inst_loss: 11.2855 - Mean loss: 0.1810 - acc: 0.9448 - norm: 4.37 - 0.10s
[2024-06-20 19:01:06,367][utils.model][INFO] - (In epoch/Overall): (181/421)| inst_loss: 11.2907 - Mean loss: 0.1900 - acc: 0.9396 - norm: 4.41 - 0.39s
[2024-06-20 19:01:06,864][utils.model][INFO] - (In epoch/Overall): (191/431)| inst_loss: 11.7881 - Mean loss: 0.1878 - acc: 0.9408 - norm: 4.76 - 0.04s
[2024-06-20 19:01:06,864][utils.model][INFO] - (In epoch/Overall): (191/431)| inst_loss: 11.7831 - Mean loss: 0.1845 - acc: 0.9445 - norm: 4.78 - 0.30s
[2024-06-20 19:01:07,166][utils.model][INFO] - Epoch Results:
[2024-06-20 19:01:07,166][utils.model][INFO] - Epoch Results:
[2024-06-20 19:01:07,169][utils.model][INFO] - (In epoch/Overall): (197/437)| inst_loss: 0.0266 - Mean loss: 0.1868 - acc: 0.9413 - norm: 4.92 - 12.10s
[2024-06-20 19:01:07,170][utils.model][INFO] - (In epoch/Overall): (197/437)| inst_loss: 0.1856 - Mean loss: 0.1840 - acc: 0.9448 - norm: 5.00 - 12.09s
[2024-06-20 19:01:08,833][utils.model][INFO] - Evaluation Results - Val Loss: 0.1217, Val Accuracy: 0.9615 in 32 steps
[2024-06-20 19:01:08,842][utils.model][INFO] - Evaluation Results - Val Loss: 0.1390, Val Accuracy: 0.9600 in 32 steps
[2024-06-20 19:01:11,674][utils.model][INFO] - ========================== Epoch Start ==========================
[2024-06-20 19:01:11,766][utils.model][INFO] - (In epoch/Overall): (1/438)| inst_loss: 0.0907 - Mean loss: 0.4184 - acc: 0.9062 - norm: 0.07 - 0.42s
[2024-06-20 19:01:12,143][utils.model][INFO] - (In epoch/Overall): (11/448)| inst_loss: 0.4676 - Mean loss: 0.1232 - acc: 0.9688 - norm: 0.20 - 0.10s
[2024-06-20 19:01:12,509][utils.model][INFO] - (In epoch/Overall): (21/458)| inst_loss: 0.8333 - Mean loss: 0.1296 - acc: 0.9643 - norm: 0.40 - 0.19s
[2024-06-20 19:01:12,877][utils.model][INFO] - (In epoch/Overall): (31/468)| inst_loss: 1.2015 - Mean loss: 0.1334 - acc: 0.9587 - norm: 0.55 - 0.11s
[2024-06-20 19:01:13,231][utils.model][INFO] - (In epoch/Overall): (41/478)| inst_loss: 1.5561 - Mean loss: 0.1360 - acc: 0.9573 - norm: 0.69 - 0.13s
[2024-06-20 19:01:13,578][utils.model][INFO] - (In epoch/Overall): (51/488)| inst_loss: 1.9023 - Mean loss: 0.1273 - acc: 0.9589 - norm: 0.86 - 0.05s
[2024-06-20 19:01:13,926][utils.model][INFO] - (In epoch/Overall): (61/498)| inst_loss: 2.2511 - Mean loss: 0.1320 - acc: 0.9570 - norm: 0.98 - 0.29s
[2024-06-20 19:01:14,273][utils.model][INFO] - (In epoch/Overall): (71/508)| inst_loss: 2.5979 - Mean loss: 0.1403 - acc: 0.9551 - norm: 1.15 - 0.18s
[2024-06-20 19:01:14,618][utils.model][INFO] - (In epoch/Overall): (81/518)| inst_loss: 2.9428 - Mean loss: 0.1407 - acc: 0.9560 - norm: 1.31 - 0.03s
[2024-06-20 19:01:14,993][utils.model][INFO] - (In epoch/Overall): (91/528)| inst_loss: 3.3176 - Mean loss: 0.1408 - acc: 0.9564 - norm: 1.55 - 0.14s
[2024-06-20 19:01:15,344][utils.model][INFO] - (In epoch/Overall): (101/538)| inst_loss: 3.6692 - Mean loss: 0.1417 - acc: 0.9570 - norm: 1.67 - 0.17s
[2024-06-20 19:01:15,695][utils.model][INFO] - (In epoch/Overall): (111/548)| inst_loss: 4.0196 - Mean loss: 0.1421 - acc: 0.9572 - norm: 1.88 - 0.09s
[2024-06-20 19:01:16,035][utils.model][INFO] - (In epoch/Overall): (121/558)| inst_loss: 4.3603 - Mean loss: 0.1414 - acc: 0.9566 - norm: 2.11 - 0.09s
[2024-06-20 19:01:16,395][utils.model][INFO] - (In epoch/Overall): (131/568)| inst_loss: 4.7196 - Mean loss: 0.1415 - acc: 0.9561 - norm: 2.35 - 0.27s
[2024-06-20 19:01:16,737][utils.model][INFO] - (In epoch/Overall): (141/578)| inst_loss: 5.0615 - Mean loss: 0.1408 - acc: 0.9559 - norm: 2.61 - 0.07s
[2024-06-20 19:01:17,104][utils.model][INFO] - (In epoch/Overall): (151/588)| inst_loss: 5.4285 - Mean loss: 0.1412 - acc: 0.9561 - norm: 2.83 - 0.06s
[2024-06-20 19:01:17,465][utils.model][INFO] - (In epoch/Overall): (161/598)| inst_loss: 5.7896 - Mean loss: 0.1401 - acc: 0.9565 - norm: 3.03 - 0.07s
[2024-06-20 19:01:17,833][utils.model][INFO] - (In epoch/Overall): (171/608)| inst_loss: 6.1573 - Mean loss: 0.1445 - acc: 0.9558 - norm: 3.30 - 0.17s
[2024-06-20 19:01:18,180][utils.model][INFO] - (In epoch/Overall): (181/618)| inst_loss: 6.5050 - Mean loss: 0.1455 - acc: 0.9548 - norm: 3.60 - 0.12s
[2024-06-20 19:01:18,526][utils.model][INFO] - (In epoch/Overall): (191/628)| inst_loss: 6.8508 - Mean loss: 0.1438 - acc: 0.9550 - norm: 3.77 - 0.07s
[2024-06-20 19:01:18,882][utils.model][INFO] - (In epoch/Overall): (201/638)| inst_loss: 7.2072 - Mean loss: 0.1408 - acc: 0.9563 - norm: 4.05 - 0.02s
[2024-06-20 19:01:19,238][utils.model][INFO] - (In epoch/Overall): (211/648)| inst_loss: 7.5626 - Mean loss: 0.1395 - acc: 0.9566 - norm: 4.29 - 0.08s
[2024-06-20 19:01:19,613][utils.model][INFO] - (In epoch/Overall): (221/658)| inst_loss: 7.9380 - Mean loss: 0.1400 - acc: 0.9560 - norm: 4.64 - 0.16s
[2024-06-20 19:01:19,968][utils.model][INFO] - (In epoch/Overall): (231/668)| inst_loss: 8.2930 - Mean loss: 0.1374 - acc: 0.9571 - norm: 4.79 - 0.04s
[2024-06-20 19:01:20,331][utils.model][INFO] - (In epoch/Overall): (241/678)| inst_loss: 8.6554 - Mean loss: 0.1370 - acc: 0.9570 - norm: 4.99 - 0.08s
[2024-06-20 19:01:20,371][utils.model][INFO] - Epoch Results:
[2024-06-20 19:01:20,374][utils.model][INFO] - (In epoch/Overall): (242/679)| inst_loss: 0.0269 - Mean loss: 0.1365 - acc: 0.9571 - norm: 5.00 - 8.70s
[2024-06-20 19:01:22,113][utils.model][INFO] - Evaluation Results - Val Loss: 0.1125, Val Accuracy: 0.9650 in 32 steps
[2024-06-20 19:01:22,128][utils.model][INFO] - Evaluation Results - Val Loss: 0.1287, Val Accuracy: 0.9625 in 32 steps
[2024-06-20 19:01:22,423][flwr][DEBUG] - gRPC channel closed
[2024-06-20 19:01:22,423][flwr][DEBUG] - gRPC channel closed
[2024-06-20 19:01:22,423][flwr][INFO] - Disconnect and shut down
[2024-06-20 19:01:22,423][flwr][INFO] - Disconnect and shut down
