[2024-06-19 18:36:14,279][utils.model][INFO] - LeNet model built
[2024-06-19 18:36:14,504][utils.model][INFO] - Size of serialized model: 279.0341796875 kbytes
[2024-06-19 18:36:14,515][flwr][INFO] - Opened insecure gRPC connection (no certificates were passed)
[2024-06-19 18:36:14,516][flwr][DEBUG] - ChannelConnectivity.IDLE
[2024-06-19 18:36:14,518][flwr][DEBUG] - ChannelConnectivity.CONNECTING
[2024-06-19 18:36:14,521][flwr][DEBUG] - ChannelConnectivity.READY
[2024-06-19 18:36:21,096][utils.model][INFO] - ========================== Epoch Start ==========================
[2024-06-19 18:36:21,547][utils.model][INFO] - (In epoch/Overall): (1/1)| inst_loss: 0.4499 - Mean loss: 2.3148 - acc: 0.1250 - norm: 0.18 - 2.31s
[2024-06-19 18:36:22,036][utils.model][INFO] - (In epoch/Overall): (11/11)| inst_loss: 0.9387 - Mean loss: 2.1960 - acc: 0.2699 - norm: 1.77 - 2.05s
[2024-06-19 18:36:22,559][utils.model][INFO] - (In epoch/Overall): (21/21)| inst_loss: 1.4622 - Mean loss: 1.9274 - acc: 0.4062 - norm: 4.69 - 1.37s
[2024-06-19 18:36:22,688][utils.model][INFO] - Epoch Results:
[2024-06-19 18:36:22,692][utils.model][INFO] - (In epoch/Overall): (23/23)| inst_loss: 1.2246 - Mean loss: 1.8757 - acc: 0.4293 - norm: 5.26 - 1.59s
[2024-06-19 18:36:24,401][utils.model][INFO] - Evaluation Results - Val Loss: 1.3437, Val Accuracy: 0.6670 in 32 steps
[2024-06-19 18:36:29,525][utils.model][INFO] - ========================== Epoch Start ==========================
[2024-06-19 18:36:29,643][utils.model][INFO] - (In epoch/Overall): (1/24)| inst_loss: 0.1166 - Mean loss: 1.1450 - acc: 0.8750 - norm: 0.08 - 1.15s
[2024-06-19 18:36:30,293][utils.model][INFO] - (In epoch/Overall): (11/34)| inst_loss: 0.7625 - Mean loss: 1.1615 - acc: 0.6477 - norm: 0.74 - 0.83s
[2024-06-19 18:36:30,956][utils.model][INFO] - (In epoch/Overall): (21/44)| inst_loss: 1.4288 - Mean loss: 1.0047 - acc: 0.7054 - norm: 1.52 - 0.55s
[2024-06-19 18:36:31,566][utils.model][INFO] - (In epoch/Overall): (31/54)| inst_loss: 2.0387 - Mean loss: 0.9037 - acc: 0.7359 - norm: 2.23 - 0.44s
[2024-06-19 18:36:32,107][utils.model][INFO] - (In epoch/Overall): (41/64)| inst_loss: 2.5798 - Mean loss: 0.8478 - acc: 0.7470 - norm: 2.94 - 0.89s
[2024-06-19 18:36:32,688][utils.model][INFO] - (In epoch/Overall): (51/74)| inst_loss: 3.1605 - Mean loss: 0.7880 - acc: 0.7610 - norm: 3.56 - 0.48s
[2024-06-19 18:36:33,199][utils.model][INFO] - (In epoch/Overall): (61/84)| inst_loss: 3.6720 - Mean loss: 0.7320 - acc: 0.7777 - norm: 4.34 - 0.35s
[2024-06-19 18:36:33,700][utils.model][INFO] - (In epoch/Overall): (71/94)| inst_loss: 4.1729 - Mean loss: 0.6954 - acc: 0.7923 - norm: 5.22 - 0.89s
[2024-06-19 18:36:33,706][utils.model][INFO] - Epoch Results:
[2024-06-19 18:36:33,709][utils.model][INFO] - (In epoch/Overall): (71/94)| inst_loss: 0.8938 - Mean loss: 0.6954 - acc: 0.7923 - norm: 5.22 - 4.18s
[2024-06-19 18:36:35,316][utils.model][INFO] - Evaluation Results - Val Loss: 0.3853, Val Accuracy: 0.8830 in 32 steps
[2024-06-19 18:36:39,628][utils.model][INFO] - ========================== Epoch Start ==========================
[2024-06-19 18:36:39,731][utils.model][INFO] - (In epoch/Overall): (1/95)| inst_loss: 0.1017 - Mean loss: 0.4809 - acc: 0.7812 - norm: 0.05 - 0.48s
[2024-06-19 18:36:40,188][utils.model][INFO] - (In epoch/Overall): (11/105)| inst_loss: 0.5588 - Mean loss: 0.4692 - acc: 0.8381 - norm: 0.21 - 0.26s
[2024-06-19 18:36:40,646][utils.model][INFO] - (In epoch/Overall): (21/115)| inst_loss: 1.0171 - Mean loss: 0.4864 - acc: 0.8408 - norm: 0.47 - 0.43s
[2024-06-19 18:36:41,316][utils.model][INFO] - (In epoch/Overall): (31/125)| inst_loss: 1.6843 - Mean loss: 0.4416 - acc: 0.8558 - norm: 0.70 - 0.53s
[2024-06-19 18:36:42,150][utils.model][INFO] - (In epoch/Overall): (41/135)| inst_loss: 2.5192 - Mean loss: 0.4408 - acc: 0.8537 - norm: 0.98 - 0.57s
[2024-06-19 18:36:42,933][utils.model][INFO] - (In epoch/Overall): (51/145)| inst_loss: 3.3039 - Mean loss: 0.4183 - acc: 0.8658 - norm: 1.31 - 0.17s
[2024-06-19 18:36:43,632][utils.model][INFO] - (In epoch/Overall): (61/155)| inst_loss: 4.0021 - Mean loss: 0.3968 - acc: 0.8714 - norm: 1.68 - 0.31s
[2024-06-19 18:36:44,340][utils.model][INFO] - (In epoch/Overall): (71/165)| inst_loss: 4.7114 - Mean loss: 0.3810 - acc: 0.8785 - norm: 2.01 - 0.23s
[2024-06-19 18:36:44,896][utils.model][INFO] - (In epoch/Overall): (81/175)| inst_loss: 5.2661 - Mean loss: 0.3676 - acc: 0.8843 - norm: 2.44 - 0.41s
[2024-06-19 18:36:45,457][utils.model][INFO] - (In epoch/Overall): (91/185)| inst_loss: 5.8270 - Mean loss: 0.3599 - acc: 0.8870 - norm: 2.83 - 0.33s
[2024-06-19 18:36:46,086][utils.model][INFO] - (In epoch/Overall): (101/195)| inst_loss: 6.4569 - Mean loss: 0.3506 - acc: 0.8914 - norm: 3.24 - 0.39s
[2024-06-19 18:36:46,730][utils.model][INFO] - (In epoch/Overall): (111/205)| inst_loss: 7.1004 - Mean loss: 0.3461 - acc: 0.8933 - norm: 3.71 - 0.25s
[2024-06-19 18:36:47,283][utils.model][INFO] - (In epoch/Overall): (121/215)| inst_loss: 7.6539 - Mean loss: 0.3361 - acc: 0.8972 - norm: 4.21 - 0.12s
[2024-06-19 18:36:47,997][utils.model][INFO] - (In epoch/Overall): (131/225)| inst_loss: 8.3678 - Mean loss: 0.3368 - acc: 0.8969 - norm: 4.81 - 0.48s
[2024-06-19 18:36:48,202][utils.model][INFO] - Epoch Results:
[2024-06-19 18:36:48,206][utils.model][INFO] - (In epoch/Overall): (134/228)| inst_loss: 0.0698 - Mean loss: 0.3336 - acc: 0.8979 - norm: 4.86 - 8.58s
[2024-06-19 18:36:49,940][utils.model][INFO] - Evaluation Results - Val Loss: 0.2119, Val Accuracy: 0.9375 in 32 steps
[2024-06-19 18:36:54,818][utils.model][INFO] - ========================== Epoch Start ==========================
[2024-06-19 18:36:54,973][utils.model][INFO] - (In epoch/Overall): (1/229)| inst_loss: 0.1529 - Mean loss: 0.1596 - acc: 0.9375 - norm: 0.04 - 0.16s
[2024-06-19 18:36:55,713][utils.model][INFO] - (In epoch/Overall): (11/239)| inst_loss: 0.8931 - Mean loss: 0.2845 - acc: 0.9290 - norm: 0.20 - 0.41s
[2024-06-19 18:36:56,446][utils.model][INFO] - (In epoch/Overall): (21/249)| inst_loss: 1.6261 - Mean loss: 0.2354 - acc: 0.9420 - norm: 0.35 - 0.08s
[2024-06-19 18:36:57,280][utils.model][INFO] - (In epoch/Overall): (31/259)| inst_loss: 2.4581 - Mean loss: 0.2424 - acc: 0.9405 - norm: 0.60 - 0.46s
[2024-06-19 18:36:58,006][utils.model][INFO] - (In epoch/Overall): (41/269)| inst_loss: 3.1869 - Mean loss: 0.2520 - acc: 0.9375 - norm: 0.88 - 0.38s
[2024-06-19 18:36:58,567][utils.model][INFO] - (In epoch/Overall): (51/279)| inst_loss: 3.7475 - Mean loss: 0.2551 - acc: 0.9326 - norm: 1.07 - 0.21s
[2024-06-19 18:36:59,550][utils.model][INFO] - (In epoch/Overall): (61/289)| inst_loss: 4.7302 - Mean loss: 0.2398 - acc: 0.9349 - norm: 1.29 - 0.21s
[2024-06-19 18:37:00,497][utils.model][INFO] - (In epoch/Overall): (71/299)| inst_loss: 5.6764 - Mean loss: 0.2314 - acc: 0.9353 - norm: 1.54 - 0.13s
[2024-06-19 18:37:01,173][utils.model][INFO] - (In epoch/Overall): (81/309)| inst_loss: 6.3533 - Mean loss: 0.2259 - acc: 0.9360 - norm: 1.83 - 0.33s
[2024-06-19 18:37:01,726][utils.model][INFO] - (In epoch/Overall): (91/319)| inst_loss: 6.9065 - Mean loss: 0.2212 - acc: 0.9361 - norm: 2.09 - 0.29s
[2024-06-19 18:37:02,222][utils.model][INFO] - (In epoch/Overall): (101/329)| inst_loss: 7.4028 - Mean loss: 0.2130 - acc: 0.9378 - norm: 2.35 - 0.12s
