[2024-01-17 15:56:22,884][flwr][INFO] - Opened insecure gRPC connection (no certificates were passed)
[2024-01-17 15:56:22,891][flwr][DEBUG] - ChannelConnectivity.IDLE
[2024-01-17 15:56:22,904][flwr][DEBUG] - ChannelConnectivity.CONNECTING
[2024-01-17 15:56:22,911][flwr][DEBUG] - ChannelConnectivity.READY
[2024-01-17 15:56:22,999][flwr][INFO] - Opened insecure gRPC connection (no certificates were passed)
[2024-01-17 15:56:23,047][flwr][DEBUG] - ChannelConnectivity.IDLE
[2024-01-17 15:56:23,065][flwr][DEBUG] - ChannelConnectivity.CONNECTING
[2024-01-17 15:56:23,068][flwr][DEBUG] - ChannelConnectivity.READY
[2024-01-17 15:56:23,090][flwr][INFO] - Opened insecure gRPC connection (no certificates were passed)
[2024-01-17 15:56:23,111][flwr][DEBUG] - ChannelConnectivity.IDLE
[2024-01-17 15:56:23,093][flwr][INFO] - Opened insecure gRPC connection (no certificates were passed)
[2024-01-17 15:56:23,116][flwr][DEBUG] - ChannelConnectivity.CONNECTING
[2024-01-17 15:56:23,122][flwr][DEBUG] - ChannelConnectivity.READY
[2024-01-17 15:56:23,162][flwr][DEBUG] - ChannelConnectivity.IDLE
[2024-01-17 15:56:23,167][flwr][DEBUG] - ChannelConnectivity.CONNECTING
[2024-01-17 15:56:23,180][flwr][DEBUG] - ChannelConnectivity.READY
[2024-01-17 15:56:35,812][flwr][DEBUG] - gRPC channel closed
[2024-01-17 15:56:35,842][flwr][DEBUG] - gRPC channel closed
[2024-01-17 15:56:35,874][flwr][DEBUG] - gRPC channel closed
[2024-01-17 15:56:35,874][flwr][DEBUG] - gRPC channel closed
