[2024-06-20 20:19:26,113][root][INFO] - Initialized DataManager for experiment exp_20240620_201926
[2024-06-20 20:19:26,117][root][INFO] - Added data to info for client None: {'experiment_id': 'exp_20240620_201926', 'algorithm': 'fda', 'num_clients': 3, 'dataset': 'mnist', 'ann': 'lenet', 'threshold': 5, 'thres_discount_factor': 1.0, 'steps_threshold': 500, 'train_batch_size': 32, 'eval_batch_size': 64, 'network_template': 1, 'client_mobility': True, 'non_iid': False}
[2024-06-20 20:19:26,118][root][INFO] - Added info data: {'experiment_id': 'exp_20240620_201926', 'algorithm': 'fda', 'num_clients': 3, 'dataset': 'mnist', 'ann': 'lenet', 'threshold': 5, 'thres_discount_factor': 1.0, 'steps_threshold': 500, 'train_batch_size': 32, 'eval_batch_size': 64, 'network_template': 1, 'client_mobility': True, 'non_iid': False}
[2024-06-20 20:19:26,119][root][INFO] - Info data saved to /home/psklavos/fl/geom_aio/csv_logs/exp_20240620_201926/info.csv
[2024-06-20 20:19:26,120][flwr][INFO] - Starting Flower server, config: ServerConfig(num_rounds=5, round_timeout=None)
[2024-06-20 20:19:26,122][flwr][INFO] - Flower ECE: gRPC server running (5 rounds), SSL is disabled
[2024-06-20 20:19:26,123][flwr][INFO] - Initializing global parameters
[2024-06-20 20:19:26,123][flwr][INFO] - Requesting initial parameters from one random client
[2024-06-20 20:19:35,437][flwr][INFO] - Received initial parameters from one random client
[2024-06-20 20:19:35,437][flwr][INFO] - Evaluating initial parameters
[2024-06-20 20:19:35,606][utils.model][INFO] - LeNet model built
[2024-06-20 20:19:36,024][utils.model][INFO] - Size of serialized model: 279.0341796875 kbytes
[2024-06-20 20:19:36,113][utils.model][INFO] - Step 1/40 - val_loss: 2.3114 - val_accuracy: 0.1328
[2024-06-20 20:19:36,145][utils.model][INFO] - Step 2/40 - val_loss: 2.3059 - val_accuracy: 0.1641
[2024-06-20 20:19:36,174][utils.model][INFO] - Step 3/40 - val_loss: 2.3064 - val_accuracy: 0.1562
[2024-06-20 20:19:36,209][utils.model][INFO] - Step 4/40 - val_loss: 2.3048 - val_accuracy: 0.1650
[2024-06-20 20:19:36,239][utils.model][INFO] - Step 5/40 - val_loss: 2.3056 - val_accuracy: 0.1586
[2024-06-20 20:19:36,267][utils.model][INFO] - Step 6/40 - val_loss: 2.3058 - val_accuracy: 0.1602
[2024-06-20 20:19:36,299][utils.model][INFO] - Step 7/40 - val_loss: 2.3050 - val_accuracy: 0.1607
[2024-06-20 20:19:36,331][utils.model][INFO] - Step 8/40 - val_loss: 2.3062 - val_accuracy: 0.1553
[2024-06-20 20:19:36,361][utils.model][INFO] - Step 9/40 - val_loss: 2.3063 - val_accuracy: 0.1528
[2024-06-20 20:19:36,391][utils.model][INFO] - Step 10/40 - val_loss: 2.3063 - val_accuracy: 0.1535
[2024-06-20 20:19:36,423][utils.model][INFO] - Step 11/40 - val_loss: 2.3066 - val_accuracy: 0.1520
[2024-06-20 20:19:36,451][utils.model][INFO] - Step 12/40 - val_loss: 2.3067 - val_accuracy: 0.1523
[2024-06-20 20:19:36,483][utils.model][INFO] - Step 13/40 - val_loss: 2.3069 - val_accuracy: 0.1508
[2024-06-20 20:19:36,513][utils.model][INFO] - Step 14/40 - val_loss: 2.3069 - val_accuracy: 0.1493
[2024-06-20 20:19:36,543][utils.model][INFO] - Step 15/40 - val_loss: 2.3070 - val_accuracy: 0.1474
[2024-06-20 20:19:36,571][utils.model][INFO] - Step 16/40 - val_loss: 2.3066 - val_accuracy: 0.1479
[2024-06-20 20:19:36,593][utils.model][INFO] - Step 17/40 - val_loss: 2.3057 - val_accuracy: 0.1519
[2024-06-20 20:19:36,615][utils.model][INFO] - Step 18/40 - val_loss: 2.3057 - val_accuracy: 0.1497
[2024-06-20 20:19:36,636][utils.model][INFO] - Step 19/40 - val_loss: 2.3052 - val_accuracy: 0.1503
[2024-06-20 20:19:36,658][utils.model][INFO] - Step 20/40 - val_loss: 2.3046 - val_accuracy: 0.1510
[2024-06-20 20:19:36,686][utils.model][INFO] - Step 21/40 - val_loss: 2.3047 - val_accuracy: 0.1516
[2024-06-20 20:19:36,707][utils.model][INFO] - Step 22/40 - val_loss: 2.3047 - val_accuracy: 0.1518
[2024-06-20 20:19:36,726][utils.model][INFO] - Step 23/40 - val_loss: 2.3044 - val_accuracy: 0.1527
[2024-06-20 20:19:36,743][utils.model][INFO] - Step 24/40 - val_loss: 2.3050 - val_accuracy: 0.1506
[2024-06-20 20:19:36,762][utils.model][INFO] - Step 25/40 - val_loss: 2.3050 - val_accuracy: 0.1505
[2024-06-20 20:19:36,781][utils.model][INFO] - Step 26/40 - val_loss: 2.3047 - val_accuracy: 0.1502
[2024-06-20 20:19:36,801][utils.model][INFO] - Step 27/40 - val_loss: 2.3047 - val_accuracy: 0.1502
[2024-06-20 20:19:36,821][utils.model][INFO] - Step 28/40 - val_loss: 2.3046 - val_accuracy: 0.1487
[2024-06-20 20:19:36,844][utils.model][INFO] - Step 29/40 - val_loss: 2.3043 - val_accuracy: 0.1496
[2024-06-20 20:19:36,864][utils.model][INFO] - Step 30/40 - val_loss: 2.3043 - val_accuracy: 0.1491
[2024-06-20 20:19:36,886][utils.model][INFO] - Step 31/40 - val_loss: 2.3038 - val_accuracy: 0.1498
[2024-06-20 20:19:36,909][utils.model][INFO] - Step 32/40 - val_loss: 2.3037 - val_accuracy: 0.1493
[2024-06-20 20:19:36,930][utils.model][INFO] - Step 33/40 - val_loss: 2.3039 - val_accuracy: 0.1493
[2024-06-20 20:19:36,952][utils.model][INFO] - Step 34/40 - val_loss: 2.3041 - val_accuracy: 0.1499
[2024-06-20 20:19:36,972][utils.model][INFO] - Step 35/40 - val_loss: 2.3042 - val_accuracy: 0.1492
[2024-06-20 20:19:36,992][utils.model][INFO] - Step 36/40 - val_loss: 2.3042 - val_accuracy: 0.1488
[2024-06-20 20:19:37,012][utils.model][INFO] - Step 37/40 - val_loss: 2.3041 - val_accuracy: 0.1494
[2024-06-20 20:19:37,034][utils.model][INFO] - Step 38/40 - val_loss: 2.3041 - val_accuracy: 0.1491
[2024-06-20 20:19:37,060][utils.model][INFO] - Step 39/40 - val_loss: 2.3041 - val_accuracy: 0.1486
[2024-06-20 20:19:37,069][utils.model][INFO] - Step 40/40 - val_loss: 2.3042 - val_accuracy: 0.1486
[2024-06-20 20:19:37,070][utils.model][INFO] - Evaluation Results - Val Loss: 2.3042, Val Accuracy: 0.1486 in 40 steps
[2024-06-20 20:19:37,074][root][INFO] - Added data to server for client None: {'round': 0, 'experiment_id': 'exp_20240620_201926', 'centralized_loss': 0.0, 'centralized_acc': 0.0, 'distributed_loss': 0.0, 'distributed_acc': 0.0, 'dropouts': 0, 'average_norm': 0.0, 'round_time': 0.0, 'average_downlink_time': 0.0, 'average_rtc_check_time': 0.0, 'average_uplink_time': 0.0, 'average_computation_time': 0.0, 'average_communication_time': 0.0, 'average_fit_time': 0.0, 'average_throughput': 0.0}
[2024-06-20 20:19:37,074][root][INFO] - Added server data: {'round': 0, 'experiment_id': 'exp_20240620_201926', 'centralized_loss': 0.0, 'centralized_acc': 0.0, 'distributed_loss': 0.0, 'distributed_acc': 0.0, 'dropouts': 0, 'average_norm': 0.0, 'round_time': 0.0, 'average_downlink_time': 0.0, 'average_rtc_check_time': 0.0, 'average_uplink_time': 0.0, 'average_computation_time': 0.0, 'average_communication_time': 0.0, 'average_fit_time': 0.0, 'average_throughput': 0.0}
[2024-06-20 20:19:37,074][root][INFO] - Appended data to last row of column centralized_loss in server data for client None
[2024-06-20 20:19:37,074][root][INFO] - Appended data to last row of column centralized_acc in server data for client None
[2024-06-20 20:19:37,074][root][INFO] - Appended {'centralized_loss': 2.3041716, 'centralized_acc': 0.1486} to the last row of server data
[2024-06-20 20:19:37,074][flwr][INFO] - initial parameters (loss, other metrics): 2.3041716, {'accuracy': 0.1486}
[2024-06-20 20:19:37,075][flwr][INFO] - FL starting
