[2024-06-20 17:22:11,853][utils.model][INFO] - LeNet model built
[2024-06-20 17:22:11,882][utils.model][INFO] - LeNet model built
[2024-06-20 17:22:12,354][utils.model][INFO] - Size of serialized model: 279.0341796875 kbytes
[2024-06-20 17:22:12,355][utils.model][INFO] - Size of serialized model: 279.0341796875 kbytes
[2024-06-20 17:22:12,365][flwr][INFO] - Opened insecure gRPC connection (no certificates were passed)
[2024-06-20 17:22:12,365][flwr][INFO] - Opened insecure gRPC connection (no certificates were passed)
[2024-06-20 17:22:12,381][flwr][DEBUG] - ChannelConnectivity.IDLE
[2024-06-20 17:22:12,383][flwr][DEBUG] - ChannelConnectivity.IDLE
[2024-06-20 17:22:12,388][flwr][DEBUG] - ChannelConnectivity.CONNECTING
[2024-06-20 17:22:12,397][flwr][DEBUG] - ChannelConnectivity.CONNECTING
[2024-06-20 17:22:12,398][flwr][DEBUG] - ChannelConnectivity.READY
[2024-06-20 17:22:12,398][flwr][DEBUG] - ChannelConnectivity.READY
[2024-06-20 17:22:38,556][utils.model][INFO] - ========================== Epoch Start ==========================
[2024-06-20 17:22:38,559][utils.model][INFO] - ========================== Epoch Start ==========================
[2024-06-20 17:22:39,598][utils.model][INFO] - (In epoch/Overall): (1/1)| inst_loss: 1.0373 - Mean loss: 2.3314 - acc: 0.0625 - norm: 0.22 - 2.33s
[2024-06-20 17:22:39,598][utils.model][INFO] - (In epoch/Overall): (1/1)| inst_loss: 1.0407 - Mean loss: 2.3417 - acc: 0.1250 - norm: 0.22 - 2.34s
[2024-06-20 17:22:40,213][utils.model][INFO] - (In epoch/Overall): (11/11)| inst_loss: 1.6519 - Mean loss: 2.2310 - acc: 0.2244 - norm: 1.50 - 2.12s
[2024-06-20 17:22:40,214][utils.model][INFO] - (In epoch/Overall): (11/11)| inst_loss: 1.6558 - Mean loss: 2.2132 - acc: 0.2358 - norm: 1.70 - 2.22s
[2024-06-20 17:22:40,778][utils.model][INFO] - (In epoch/Overall): (21/21)| inst_loss: 2.2178 - Mean loss: 2.0812 - acc: 0.3199 - norm: 3.73 - 1.71s
[2024-06-20 17:22:40,779][utils.model][INFO] - (In epoch/Overall): (21/21)| inst_loss: 2.2213 - Mean loss: 2.0288 - acc: 0.3363 - norm: 4.06 - 1.69s
[2024-06-20 17:22:40,972][utils.model][INFO] - Epoch Results:
[2024-06-20 17:22:40,973][utils.model][INFO] - Epoch Results:
[2024-06-20 17:22:40,976][utils.model][INFO] - (In epoch/Overall): (25/25)| inst_loss: 1.4149 - Mean loss: 1.9453 - acc: 0.3688 - norm: 5.11 - 2.42s
[2024-06-20 17:22:40,976][utils.model][INFO] - (In epoch/Overall): (25/25)| inst_loss: 1.4845 - Mean loss: 2.0240 - acc: 0.3475 - norm: 4.61 - 2.41s
[2024-06-20 17:22:42,632][utils.model][INFO] - Evaluation Results - Val Loss: 1.4365, Val Accuracy: 0.6450 in 32 steps
[2024-06-20 17:22:42,637][utils.model][INFO] - Evaluation Results - Val Loss: 1.4644, Val Accuracy: 0.6460 in 32 steps
[2024-06-20 17:53:25,803][utils.model][INFO] - ========================== Epoch Start ==========================
[2024-06-20 17:53:25,903][utils.model][INFO] - (In epoch/Overall): (1/26)| inst_loss: 0.0979 - Mean loss: 1.4389 - acc: 0.7500 - norm: 0.08 - 1.44s
[2024-06-20 17:53:26,305][utils.model][INFO] - (In epoch/Overall): (11/36)| inst_loss: 0.5009 - Mean loss: 1.3102 - acc: 0.6023 - norm: 0.70 - 1.01s
[2024-06-20 17:53:26,722][utils.model][INFO] - (In epoch/Overall): (21/46)| inst_loss: 0.9176 - Mean loss: 1.1360 - acc: 0.6548 - norm: 1.57 - 0.86s
[2024-06-20 17:53:27,127][utils.model][INFO] - (In epoch/Overall): (31/56)| inst_loss: 1.3227 - Mean loss: 1.0105 - acc: 0.6865 - norm: 2.36 - 0.71s
[2024-06-20 17:53:27,526][utils.model][INFO] - (In epoch/Overall): (41/66)| inst_loss: 1.7212 - Mean loss: 0.9410 - acc: 0.7058 - norm: 3.19 - 0.78s
[2024-06-20 17:53:27,917][utils.model][INFO] - (In epoch/Overall): (51/76)| inst_loss: 2.1131 - Mean loss: 0.8716 - acc: 0.7279 - norm: 3.95 - 0.41s
[2024-06-20 17:53:28,345][utils.model][INFO] - (In epoch/Overall): (61/86)| inst_loss: 2.5403 - Mean loss: 0.8111 - acc: 0.7474 - norm: 4.72 - 0.44s
[2024-06-20 17:53:28,506][utils.model][INFO] - Epoch Results:
[2024-06-20 17:53:28,510][utils.model][INFO] - (In epoch/Overall): (65/90)| inst_loss: 0.4257 - Mean loss: 0.7836 - acc: 0.7558 - norm: 5.08 - 2.71s
[2024-06-20 17:53:30,007][utils.model][INFO] - Evaluation Results - Val Loss: 0.4459, Val Accuracy: 0.8670 in 32 steps
[2024-06-20 17:53:30,018][utils.model][INFO] - Evaluation Results - Val Loss: 0.4358, Val Accuracy: 0.8620 in 32 steps
[2024-06-20 17:53:32,025][flwr][DEBUG] - ChannelConnectivity.IDLE
[2024-06-20 17:53:32,025][flwr][DEBUG] - ChannelConnectivity.IDLE
