[2024-06-20 16:11:56,832][utils.model][INFO] - LeNet model built
[2024-06-20 16:11:56,970][utils.model][INFO] - LeNet model built
[2024-06-20 16:11:59,244][utils.model][INFO] - Size of serialized model: 279.0341796875 kbytes
[2024-06-20 16:11:59,245][utils.model][INFO] - Size of serialized model: 279.0341796875 kbytes
[2024-06-20 16:11:59,281][flwr][INFO] - Opened insecure gRPC connection (no certificates were passed)
[2024-06-20 16:11:59,318][flwr][DEBUG] - ChannelConnectivity.IDLE
[2024-06-20 16:12:00,020][flwr][INFO] - Opened insecure gRPC connection (no certificates were passed)
[2024-06-20 16:12:00,370][flwr][DEBUG] - ChannelConnectivity.READY
[2024-06-20 16:12:00,960][flwr][DEBUG] - ChannelConnectivity.IDLE
[2024-06-20 16:12:01,974][flwr][DEBUG] - ChannelConnectivity.CONNECTING
[2024-06-20 16:12:02,237][flwr][DEBUG] - ChannelConnectivity.READY
[2024-06-20 16:12:11,124][utils.model][INFO] - ========================== Epoch Start ==========================
[2024-06-20 16:12:11,158][utils.model][INFO] - ========================== Epoch Start ==========================
[2024-06-20 16:12:13,509][utils.model][INFO] - (In epoch/Overall): (1/1)| inst_loss: 2.3835 - Mean loss: 2.3094 - acc: 0.0938 - norm: 0.13 - 2.31s
[2024-06-20 16:12:13,510][utils.model][INFO] - (In epoch/Overall): (1/1)| inst_loss: 2.3508 - Mean loss: 2.3115 - acc: 0.0625 - norm: 0.12 - 2.31s
[2024-06-20 16:12:14,043][utils.model][INFO] - (In epoch/Overall): (11/11)| inst_loss: 2.8839 - Mean loss: 2.2305 - acc: 0.2585 - norm: 1.62 - 2.04s
[2024-06-20 16:12:14,043][utils.model][INFO] - (In epoch/Overall): (11/11)| inst_loss: 2.9176 - Mean loss: 2.2155 - acc: 0.1989 - norm: 1.68 - 2.07s
[2024-06-20 16:12:14,510][utils.model][INFO] - (In epoch/Overall): (21/21)| inst_loss: 3.3509 - Mean loss: 2.0690 - acc: 0.3497 - norm: 4.41 - 1.57s
[2024-06-20 16:12:14,510][utils.model][INFO] - (In epoch/Overall): (21/21)| inst_loss: 3.3847 - Mean loss: 1.9811 - acc: 0.3586 - norm: 4.85 - 1.44s
[2024-06-20 16:12:14,619][utils.model][INFO] - Epoch Results:
[2024-06-20 16:12:14,621][utils.model][INFO] - Epoch Results:
[2024-06-20 16:12:14,622][utils.model][INFO] - (In epoch/Overall): (23/23)| inst_loss: 1.5835 - Mean loss: 2.0298 - acc: 0.3641 - norm: 5.06 - 3.46s
[2024-06-20 16:12:14,624][utils.model][INFO] - (In epoch/Overall): (23/23)| inst_loss: 1.4157 - Mean loss: 1.9389 - acc: 0.3736 - norm: 5.45 - 3.50s
[2024-06-20 16:12:16,522][utils.model][INFO] - Evaluation Results - Val Loss: 1.4494, Val Accuracy: 0.7230 in 32 steps
[2024-06-20 16:12:16,532][utils.model][INFO] - Evaluation Results - Val Loss: 1.4320, Val Accuracy: 0.7285 in 32 steps
