[2024-03-05 21:37:35,412][flwr][INFO] - Starting Flower server, config: ServerConfig(num_rounds=3, round_timeout=None)
[2024-03-05 21:37:35,417][flwr][INFO] - Flower ECE: gRPC server running (3 rounds), SSL is disabled
[2024-03-05 21:37:35,417][flwr][INFO] - Initializing global parameters
[2024-03-05 21:37:35,418][flwr][INFO] - Requesting initial parameters from one random client
[2024-03-05 21:37:38,754][flwr][INFO] - Received initial parameters from one random client
[2024-03-05 21:37:38,755][flwr][INFO] - Evaluating initial parameters
[2024-03-05 21:37:38,755][flwr][INFO] - FL starting
[2024-03-05 21:38:14,898][flwr][DEBUG] - fit_round 1: strategy sampled 3 clients (out of 4)
[2024-03-05 21:38:30,813][flwr][DEBUG] - fit_round 1 received 3 results and 0 failures
[2024-03-05 21:38:30,823][flwr][DEBUG] - evaluate_round 1: strategy sampled 2 clients (out of 4)
[2024-03-05 21:38:34,110][flwr][DEBUG] - evaluate_round 1 received 2 results and 0 failures
[2024-03-05 21:39:00,040][flwr][DEBUG] - fit_round 2: strategy sampled 2 clients (out of 4)
[2024-03-05 21:39:17,137][flwr][DEBUG] - fit_round 2 received 2 results and 0 failures
[2024-03-05 21:39:17,142][flwr][DEBUG] - evaluate_round 2: strategy sampled 2 clients (out of 4)
[2024-03-05 21:39:20,434][flwr][DEBUG] - evaluate_round 2 received 2 results and 0 failures
[2024-03-05 21:39:55,141][flwr][DEBUG] - fit_round 3: strategy sampled 3 clients (out of 4)
[2024-03-05 21:40:14,884][flwr][DEBUG] - fit_round 3 received 3 results and 0 failures
[2024-03-05 21:40:14,892][flwr][DEBUG] - evaluate_round 3: strategy sampled 2 clients (out of 4)
[2024-03-05 21:40:18,316][flwr][DEBUG] - evaluate_round 3 received 2 results and 0 failures
[2024-03-05 21:40:18,316][flwr][INFO] - FL finished in 159.56099049200202
[2024-03-05 21:40:18,317][flwr][INFO] - app_fit: losses_distributed [(1, 0.8440513014793396), (2, 0.46716123819351196), (3, 0.27855372428894043)]
[2024-03-05 21:40:18,317][flwr][INFO] - app_fit: metrics_distributed_fit {'average_norm': [(1, 24.708024978637695), (2, 18.6457462310791), (3, 13.243400891621908)], 'round_time': [(1, 4.498232051), (2, 4.498232691), (3, 2.132734964)], 'average_throughput': [(1, 1702.2832804719565), (2, 1505.7166922521712), (3, 1832.5983518164842)], 'dropouts': [(1, 0), (2, 0), (3, 0)]}
[2024-03-05 21:40:18,318][flwr][INFO] - app_fit: metrics_distributed {'accuracy': [(1, 0.7524999976158142), (2, 0.857200026512146), (3, 0.9128999710083008)]}
[2024-03-05 21:40:18,318][flwr][INFO] - app_fit: losses_centralized []
[2024-03-05 21:40:18,318][flwr][INFO] - app_fit: metrics_centralized {}
