[2024-06-20 16:47:45,616][root][INFO] - Initialized DataManager for experiment exp_20240620_164745
[2024-06-20 16:47:45,620][root][INFO] - Added data to info for client None: {'experiment_id': 'exp_20240620_164745', 'algorithm': 'fda', 'num_clients': 3, 'dataset': 'mnist', 'ann': 'lenet', 'threshold': 5, 'thres_discount_factor': 1.0, 'steps_threshold': 500, 'train_batch_size': 32, 'eval_batch_size': 64, 'network_template': 1, 'client_mobility': True, 'non_iid': False}
[2024-06-20 16:47:45,620][root][INFO] - Added info data: {'experiment_id': 'exp_20240620_164745', 'algorithm': 'fda', 'num_clients': 3, 'dataset': 'mnist', 'ann': 'lenet', 'threshold': 5, 'thres_discount_factor': 1.0, 'steps_threshold': 500, 'train_batch_size': 32, 'eval_batch_size': 64, 'network_template': 1, 'client_mobility': True, 'non_iid': False}
[2024-06-20 16:47:45,622][root][INFO] - Info data saved to /home/psklavos/fl/geom_aio/csv_logs/exp_20240620_164745/info.csv
[2024-06-20 16:47:45,623][flwr][INFO] - Starting Flower server, config: ServerConfig(num_rounds=5, round_timeout=None)
[2024-06-20 16:47:45,627][flwr][INFO] - Flower ECE: gRPC server running (5 rounds), SSL is disabled
[2024-06-20 16:47:45,627][flwr][INFO] - Initializing global parameters
[2024-06-20 16:47:45,627][flwr][INFO] - Requesting initial parameters from one random client
[2024-06-20 16:47:53,839][flwr][INFO] - Received initial parameters from one random client
[2024-06-20 16:47:53,839][flwr][INFO] - Evaluating initial parameters
[2024-06-20 16:47:53,982][utils.model][INFO] - LeNet model built
[2024-06-20 16:47:54,325][utils.model][INFO] - Size of serialized model: 279.0341796875 kbytes
[2024-06-20 16:47:54,393][utils.model][INFO] - Step 1/40 - val_loss: 2.3096 - val_accuracy: 0.1055
[2024-06-20 16:47:54,418][utils.model][INFO] - Step 2/40 - val_loss: 2.3073 - val_accuracy: 0.1074
[2024-06-20 16:47:54,442][utils.model][INFO] - Step 3/40 - val_loss: 2.3128 - val_accuracy: 0.1081
[2024-06-20 16:47:54,466][utils.model][INFO] - Step 4/40 - val_loss: 2.3119 - val_accuracy: 0.1064
[2024-06-20 16:47:54,492][utils.model][INFO] - Step 5/40 - val_loss: 2.3156 - val_accuracy: 0.1008
[2024-06-20 16:47:54,519][utils.model][INFO] - Step 6/40 - val_loss: 2.3142 - val_accuracy: 0.1016
[2024-06-20 16:47:54,544][utils.model][INFO] - Step 7/40 - val_loss: 2.3165 - val_accuracy: 0.0971
[2024-06-20 16:47:54,574][utils.model][INFO] - Step 8/40 - val_loss: 2.3150 - val_accuracy: 0.1006
[2024-06-20 16:47:54,600][utils.model][INFO] - Step 9/40 - val_loss: 2.3158 - val_accuracy: 0.1007
[2024-06-20 16:47:54,627][utils.model][INFO] - Step 10/40 - val_loss: 2.3157 - val_accuracy: 0.0988
[2024-06-20 16:47:54,652][utils.model][INFO] - Step 11/40 - val_loss: 2.3158 - val_accuracy: 0.0994
[2024-06-20 16:47:54,676][utils.model][INFO] - Step 12/40 - val_loss: 2.3159 - val_accuracy: 0.0993
[2024-06-20 16:47:54,701][utils.model][INFO] - Step 13/40 - val_loss: 2.3167 - val_accuracy: 0.0992
[2024-06-20 16:47:54,726][utils.model][INFO] - Step 14/40 - val_loss: 2.3162 - val_accuracy: 0.1013
[2024-06-20 16:47:54,751][utils.model][INFO] - Step 15/40 - val_loss: 2.3163 - val_accuracy: 0.1016
[2024-06-20 16:47:54,774][utils.model][INFO] - Step 16/40 - val_loss: 2.3156 - val_accuracy: 0.1025
[2024-06-20 16:47:54,798][utils.model][INFO] - Step 17/40 - val_loss: 2.3144 - val_accuracy: 0.1013
[2024-06-20 16:47:54,825][utils.model][INFO] - Step 18/40 - val_loss: 2.3138 - val_accuracy: 0.1013
[2024-06-20 16:47:54,850][utils.model][INFO] - Step 19/40 - val_loss: 2.3141 - val_accuracy: 0.1007
[2024-06-20 16:47:54,874][utils.model][INFO] - Step 20/40 - val_loss: 2.3136 - val_accuracy: 0.1008
[2024-06-20 16:47:54,896][utils.model][INFO] - Step 21/40 - val_loss: 2.3143 - val_accuracy: 0.1001
[2024-06-20 16:47:54,919][utils.model][INFO] - Step 22/40 - val_loss: 2.3147 - val_accuracy: 0.1003
[2024-06-20 16:47:54,941][utils.model][INFO] - Step 23/40 - val_loss: 2.3148 - val_accuracy: 0.1005
[2024-06-20 16:47:54,960][utils.model][INFO] - Step 24/40 - val_loss: 2.3152 - val_accuracy: 0.1024
[2024-06-20 16:47:54,979][utils.model][INFO] - Step 25/40 - val_loss: 2.3156 - val_accuracy: 0.1020
[2024-06-20 16:47:54,998][utils.model][INFO] - Step 26/40 - val_loss: 2.3156 - val_accuracy: 0.1011
[2024-06-20 16:47:55,019][utils.model][INFO] - Step 27/40 - val_loss: 2.3159 - val_accuracy: 0.1013
[2024-06-20 16:47:55,037][utils.model][INFO] - Step 28/40 - val_loss: 2.3157 - val_accuracy: 0.1017
[2024-06-20 16:47:55,056][utils.model][INFO] - Step 29/40 - val_loss: 2.3158 - val_accuracy: 0.1020
[2024-06-20 16:47:55,074][utils.model][INFO] - Step 30/40 - val_loss: 2.3160 - val_accuracy: 0.1018
[2024-06-20 16:47:55,092][utils.model][INFO] - Step 31/40 - val_loss: 2.3162 - val_accuracy: 0.1027
[2024-06-20 16:47:55,112][utils.model][INFO] - Step 32/40 - val_loss: 2.3165 - val_accuracy: 0.1027
[2024-06-20 16:47:55,132][utils.model][INFO] - Step 33/40 - val_loss: 2.3169 - val_accuracy: 0.1025
[2024-06-20 16:47:55,150][utils.model][INFO] - Step 34/40 - val_loss: 2.3170 - val_accuracy: 0.1028
[2024-06-20 16:47:55,168][utils.model][INFO] - Step 35/40 - val_loss: 2.3170 - val_accuracy: 0.1028
[2024-06-20 16:47:55,186][utils.model][INFO] - Step 36/40 - val_loss: 2.3169 - val_accuracy: 0.1035
[2024-06-20 16:47:55,206][utils.model][INFO] - Step 37/40 - val_loss: 2.3173 - val_accuracy: 0.1034
[2024-06-20 16:47:55,227][utils.model][INFO] - Step 38/40 - val_loss: 2.3173 - val_accuracy: 0.1031
[2024-06-20 16:47:55,246][utils.model][INFO] - Step 39/40 - val_loss: 2.3176 - val_accuracy: 0.1032
[2024-06-20 16:47:55,255][utils.model][INFO] - Step 40/40 - val_loss: 2.3171 - val_accuracy: 0.1032
[2024-06-20 16:47:55,257][utils.model][INFO] - Evaluation Results - Val Loss: 2.3171, Val Accuracy: 0.1032 in 40 steps
[2024-06-20 16:47:55,260][root][INFO] - Added data to server for client None: {'round': 0, 'experiment_id': 'exp_20240620_164745', 'centralized_loss': 0.0, 'centralized_acc': 0.0, 'distributed_loss': 0.0, 'distributed_acc': 0.0, 'dropouts': 0, 'average_norm': 0.0, 'round_time': 0.0, 'average_downlink_time': 0.0, 'average_rtc_check_time': 0.0, 'average_uplink_time': 0.0, 'average_computation_time': 0.0, 'average_communication_time': 0.0, 'average_fit_time': 0.0, 'average_throughput': 0.0}
[2024-06-20 16:47:55,260][root][INFO] - Added server data: {'round': 0, 'experiment_id': 'exp_20240620_164745', 'centralized_loss': 0.0, 'centralized_acc': 0.0, 'distributed_loss': 0.0, 'distributed_acc': 0.0, 'dropouts': 0, 'average_norm': 0.0, 'round_time': 0.0, 'average_downlink_time': 0.0, 'average_rtc_check_time': 0.0, 'average_uplink_time': 0.0, 'average_computation_time': 0.0, 'average_communication_time': 0.0, 'average_fit_time': 0.0, 'average_throughput': 0.0}
[2024-06-20 16:47:55,261][root][INFO] - Appended data to last row of column centralized_loss in server data for client None
[2024-06-20 16:47:55,261][root][INFO] - Appended data to last row of column centralized_acc in server data for client None
[2024-06-20 16:47:55,261][root][INFO] - Appended {'centralized_loss': 2.317082, 'centralized_acc': 0.1032} to the last row of server data
[2024-06-20 16:47:55,261][flwr][INFO] - initial parameters (loss, other metrics): 2.317082, {'accuracy': 0.1032}
[2024-06-20 16:47:55,261][flwr][INFO] - FL starting
[2024-06-20 16:48:05,195][flwr][DEBUG] - fit_round 1: strategy sampled 3 clients (out of 3)
[2024-06-20 16:48:06,909][flwr][DEBUG] - fit_round 1 received 3 results and 0 failures
[2024-06-20 16:48:06,917][root][INFO] - Added data to server for client None: {'round': 1, 'average_norm': 5.017457644144694, 'round_time': 383.2259055141003, 'average_downlink_time': 127.36194011966666, 'average_rtc_check_time': 0.09279145102967352, 'average_uplink_time': 0.3747221926666667, 'average_computation_time': 1.3533153533935547, 'average_communication_time': 127.82945376336299, 'average_fit_time': 1.6736302375793457, 'average_throughput': 6.988793531784221, 'dropouts': 0, 'experiment_id': 'exp_20240620_164745'}
[2024-06-20 16:48:06,917][root][INFO] - Added server data: {'round': 1, 'average_norm': 5.017457644144694, 'round_time': 383.2259055141003, 'average_downlink_time': 127.36194011966666, 'average_rtc_check_time': 0.09279145102967352, 'average_uplink_time': 0.3747221926666667, 'average_computation_time': 1.3533153533935547, 'average_communication_time': 127.82945376336299, 'average_fit_time': 1.6736302375793457, 'average_throughput': 6.988793531784221, 'dropouts': 0, 'experiment_id': 'exp_20240620_164745'}
[2024-06-20 16:48:06,983][utils.model][INFO] - LeNet model built
[2024-06-20 16:48:07,106][utils.model][INFO] - Size of serialized model: 279.0341796875 kbytes
[2024-06-20 16:48:07,144][utils.model][INFO] - Step 1/40 - val_loss: 1.2561 - val_accuracy: 0.7109
[2024-06-20 16:48:07,170][utils.model][INFO] - Step 2/40 - val_loss: 1.2880 - val_accuracy: 0.6992
[2024-06-20 16:48:07,189][utils.model][INFO] - Step 3/40 - val_loss: 1.3069 - val_accuracy: 0.6927
[2024-06-20 16:48:07,208][utils.model][INFO] - Step 4/40 - val_loss: 1.2960 - val_accuracy: 0.7041
[2024-06-20 16:48:07,228][utils.model][INFO] - Step 5/40 - val_loss: 1.3179 - val_accuracy: 0.6938
[2024-06-20 16:48:07,247][utils.model][INFO] - Step 6/40 - val_loss: 1.3230 - val_accuracy: 0.6921
[2024-06-20 16:48:07,267][utils.model][INFO] - Step 7/40 - val_loss: 1.3321 - val_accuracy: 0.6886
[2024-06-20 16:48:07,286][utils.model][INFO] - Step 8/40 - val_loss: 1.3294 - val_accuracy: 0.6929
[2024-06-20 16:48:07,306][utils.model][INFO] - Step 9/40 - val_loss: 1.3387 - val_accuracy: 0.6866
[2024-06-20 16:48:07,444][utils.model][INFO] - Step 10/40 - val_loss: 1.3332 - val_accuracy: 0.6906
[2024-06-20 16:48:07,463][utils.model][INFO] - Step 11/40 - val_loss: 1.3313 - val_accuracy: 0.6907
[2024-06-20 16:48:07,487][utils.model][INFO] - Step 12/40 - val_loss: 1.3281 - val_accuracy: 0.6934
[2024-06-20 16:48:07,507][utils.model][INFO] - Step 13/40 - val_loss: 1.3260 - val_accuracy: 0.6944
[2024-06-20 16:48:07,527][utils.model][INFO] - Step 14/40 - val_loss: 1.3293 - val_accuracy: 0.6922
[2024-06-20 16:48:07,547][utils.model][INFO] - Step 15/40 - val_loss: 1.3328 - val_accuracy: 0.6901
[2024-06-20 16:48:07,566][utils.model][INFO] - Step 16/40 - val_loss: 1.3339 - val_accuracy: 0.6877
[2024-06-20 16:48:07,586][utils.model][INFO] - Step 17/40 - val_loss: 1.3336 - val_accuracy: 0.6870
[2024-06-20 16:48:07,606][utils.model][INFO] - Step 18/40 - val_loss: 1.3368 - val_accuracy: 0.6847
[2024-06-20 16:48:07,624][utils.model][INFO] - Step 19/40 - val_loss: 1.3383 - val_accuracy: 0.6844
[2024-06-20 16:48:07,643][utils.model][INFO] - Step 20/40 - val_loss: 1.3341 - val_accuracy: 0.6857
[2024-06-20 16:48:07,661][utils.model][INFO] - Step 21/40 - val_loss: 1.3229 - val_accuracy: 0.6903
[2024-06-20 16:48:07,682][utils.model][INFO] - Step 22/40 - val_loss: 1.3154 - val_accuracy: 0.6941
[2024-06-20 16:48:07,701][utils.model][INFO] - Step 23/40 - val_loss: 1.3081 - val_accuracy: 0.6965
[2024-06-20 16:48:07,721][utils.model][INFO] - Step 24/40 - val_loss: 1.3036 - val_accuracy: 0.6999
[2024-06-20 16:48:07,740][utils.model][INFO] - Step 25/40 - val_loss: 1.2929 - val_accuracy: 0.7050
[2024-06-20 16:48:07,759][utils.model][INFO] - Step 26/40 - val_loss: 1.2905 - val_accuracy: 0.7058
[2024-06-20 16:48:07,778][utils.model][INFO] - Step 27/40 - val_loss: 1.2869 - val_accuracy: 0.7070
[2024-06-20 16:48:07,798][utils.model][INFO] - Step 28/40 - val_loss: 1.2825 - val_accuracy: 0.7088
[2024-06-20 16:48:07,816][utils.model][INFO] - Step 29/40 - val_loss: 1.2791 - val_accuracy: 0.7111
[2024-06-20 16:48:07,835][utils.model][INFO] - Step 30/40 - val_loss: 1.2791 - val_accuracy: 0.7103
[2024-06-20 16:48:07,854][utils.model][INFO] - Step 31/40 - val_loss: 1.2740 - val_accuracy: 0.7108
[2024-06-20 16:48:07,873][utils.model][INFO] - Step 32/40 - val_loss: 1.2666 - val_accuracy: 0.7136
[2024-06-20 16:48:07,893][utils.model][INFO] - Step 33/40 - val_loss: 1.2628 - val_accuracy: 0.7145
[2024-06-20 16:48:07,911][utils.model][INFO] - Step 34/40 - val_loss: 1.2569 - val_accuracy: 0.7176
[2024-06-20 16:48:07,930][utils.model][INFO] - Step 35/40 - val_loss: 1.2495 - val_accuracy: 0.7206
[2024-06-20 16:48:07,949][utils.model][INFO] - Step 36/40 - val_loss: 1.2477 - val_accuracy: 0.7214
[2024-06-20 16:48:07,967][utils.model][INFO] - Step 37/40 - val_loss: 1.2443 - val_accuracy: 0.7240
[2024-06-20 16:48:07,985][utils.model][INFO] - Step 38/40 - val_loss: 1.2428 - val_accuracy: 0.7235
[2024-06-20 16:48:08,002][utils.model][INFO] - Step 39/40 - val_loss: 1.2478 - val_accuracy: 0.7196
[2024-06-20 16:48:08,010][utils.model][INFO] - Step 40/40 - val_loss: 1.2460 - val_accuracy: 0.7196
[2024-06-20 16:48:08,013][utils.model][INFO] - Evaluation Results - Val Loss: 1.2460, Val Accuracy: 0.7196 in 40 steps
[2024-06-20 16:48:08,015][root][INFO] - Appended data to last row of column centralized_loss in server data for client None
[2024-06-20 16:48:08,015][root][INFO] - Appended data to last row of column centralized_acc in server data for client None
[2024-06-20 16:48:08,015][root][INFO] - Appended {'centralized_loss': 1.2460177, 'centralized_acc': 0.7196} to the last row of server data
[2024-06-20 16:48:08,015][flwr][INFO] - fit progress: (1, 1.2460177, {'accuracy': 0.7196}, 12.753750214003958)
[2024-06-20 16:48:08,015][flwr][DEBUG] - evaluate_round 1: strategy sampled 3 clients (out of 3)
[2024-06-20 16:48:08,555][flwr][DEBUG] - evaluate_round 1 received 3 results and 0 failures
[2024-06-20 16:48:08,556][root][INFO] - Added data to epoch for client 0: {'round': 0, 'experiment_id': 'exp_20240620_164745', 'client_id': '0', 'epoch_steps': 0, 'total_steps': 0, 'l2_norm': 0.0, 'total_computation_time': 0.0, 'total_rtc_check_time': 0.0, 'total_duration': 0.0, 'val_loss': 0.0, 'val_accuracy': 0.0}
[2024-06-20 16:48:08,557][root][INFO] - Added epoch data for client 0: {'round': 0, 'experiment_id': 'exp_20240620_164745', 'client_id': '0', 'epoch_steps': 0, 'total_steps': 0, 'l2_norm': 0.0, 'total_computation_time': 0.0, 'total_rtc_check_time': 0.0, 'total_duration': 0.0, 'val_loss': 0.0, 'val_accuracy': 0.0}
[2024-06-20 16:48:08,557][root][INFO] - Added data to batch for client 0: {'round': 0, 'experiment_id': 'exp_20240620_164745', 'client_id': '0', 'step_no': 0, 'loss': 0.0, 'accuracy': 0.0, 'l2_norm': 0.0, 'computation_time': 0.0, 'rtc_check_time': 0.0, 'batch_time': 0.0}
[2024-06-20 16:48:08,558][root][INFO] - Added batch data for client 0: {'round': 0, 'experiment_id': 'exp_20240620_164745', 'client_id': '0', 'step_no': 0, 'loss': 0.0, 'accuracy': 0.0, 'l2_norm': 0.0, 'computation_time': 0.0, 'rtc_check_time': 0.0, 'batch_time': 0.0}
[2024-06-20 16:48:08,559][root][INFO] - Added data to epoch for client 0: {'round': 1, 'epoch_steps': 26, 'total_steps': 26, 'l2_norm': 4.993013858795166, 'total_computation_time': 1.3569941520690918, 'total_rtc_check_time': 0.08277387807902414, 'total_duration': 1.6755099296569824, 'val_loss': 1.23438560962677, 'val_accuracy': 0.7225000262260437, 'experiment_id': 'exp_20240620_164745', 'client_id': '0'}
[2024-06-20 16:48:08,559][root][INFO] - Added epoch data for client 0: {'round': 1, 'epoch_steps': 26, 'total_steps': 26, 'l2_norm': 4.993013858795166, 'total_computation_time': 1.3569941520690918, 'total_rtc_check_time': 0.08277387807902414, 'total_duration': 1.6755099296569824, 'val_loss': 1.23438560962677, 'val_accuracy': 0.7225000262260437, 'experiment_id': 'exp_20240620_164745', 'client_id': '0'}
[2024-06-20 16:48:08,560][root][INFO] - Epoch data saved to /home/psklavos/fl/geom_aio/csv_logs/exp_20240620_164745/clients/client_0/epoch.csv
[2024-06-20 16:48:08,561][root][INFO] - Added data to batch for client 0: {'round': 1, 'step_no': 1, 'loss': 2.342402696609497, 'accuracy': 0.1875, 'l2_norm': 0.21057358384132385, 'computation_time': 0.30880308151245117, 'batch_time': 0.32578884933900554, 'rtc_check_time': 0.0022767720074625686, 'experiment_id': 'exp_20240620_164745', 'client_id': '0'}
[2024-06-20 16:48:08,563][root][INFO] - Added data to batch for client 0: {'round': 1, 'step_no': 2, 'loss': 2.303337574005127, 'accuracy': 0.109375, 'l2_norm': 0.31748566031455994, 'computation_time': 0.04728984832763672, 'batch_time': 0.05617145555152092, 'rtc_check_time': 0.007056513000861742, 'experiment_id': 'exp_20240620_164745', 'client_id': '0'}
[2024-06-20 16:48:08,564][root][INFO] - Added data to batch for client 0: {'round': 1, 'step_no': 3, 'loss': 2.2835965156555176, 'accuracy': 0.09375, 'l2_norm': 0.4057910144329071, 'computation_time': 0.04556393623352051, 'batch_time': 0.048277145047904924, 'rtc_check_time': 0.0016350799996871501, 'experiment_id': 'exp_20240620_164745', 'client_id': '0'}
[2024-06-20 16:48:08,565][root][INFO] - Added data to batch for client 0: {'round': 1, 'step_no': 4, 'loss': 2.2604000568389893, 'accuracy': 0.0859375, 'l2_norm': 0.48735594749450684, 'computation_time': 0.042021989822387695, 'batch_time': 0.04776093739201315, 'rtc_check_time': 0.004515145003097132, 'experiment_id': 'exp_20240620_164745', 'client_id': '0'}
[2024-06-20 16:48:08,566][root][INFO] - Added data to batch for client 0: {'round': 1, 'step_no': 5, 'loss': 2.235621213912964, 'accuracy': 0.11249999701976776, 'l2_norm': 0.5613375306129456, 'computation_time': 0.03937888145446777, 'batch_time': 0.046525526282493956, 'rtc_check_time': 0.006109524008934386, 'experiment_id': 'exp_20240620_164745', 'client_id': '0'}
[2024-06-20 16:48:08,567][root][INFO] - Added data to batch for client 0: {'round': 1, 'step_no': 6, 'loss': 2.1743321418762207, 'accuracy': 0.1302083283662796, 'l2_norm': 0.6766499280929565, 'computation_time': 0.04039311408996582, 'batch_time': 0.04413557765656151, 'rtc_check_time': 0.002559668995672837, 'experiment_id': 'exp_20240620_164745', 'client_id': '0'}
[2024-06-20 16:48:08,568][root][INFO] - Added data to batch for client 0: {'round': 1, 'step_no': 7, 'loss': 2.212343215942383, 'accuracy': 0.125, 'l2_norm': 0.7914774417877197, 'computation_time': 0.03814506530761719, 'batch_time': 0.04266758498852141, 'rtc_check_time': 0.0034615570039022714, 'experiment_id': 'exp_20240620_164745', 'client_id': '0'}
[2024-06-20 16:48:08,569][root][INFO] - Added data to batch for client 0: {'round': 1, 'step_no': 8, 'loss': 2.16164231300354, 'accuracy': 0.12890625, 'l2_norm': 0.93770831823349, 'computation_time': 0.04005599021911621, 'batch_time': 0.044552544204634614, 'rtc_check_time': 0.0034496580046834424, 'experiment_id': 'exp_20240620_164745', 'client_id': '0'}
[2024-06-20 16:48:08,570][root][INFO] - Added data to batch for client 0: {'round': 1, 'step_no': 9, 'loss': 1.9680485725402832, 'accuracy': 0.1770833283662796, 'l2_norm': 1.176161527633667, 'computation_time': 0.040908098220825195, 'batch_time': 0.04396168526727706, 'rtc_check_time': 0.0016466790111735463, 'experiment_id': 'exp_20240620_164745', 'client_id': '0'}
[2024-06-20 16:48:08,571][root][INFO] - Added data to batch for client 0: {'round': 1, 'step_no': 10, 'loss': 2.1757302284240723, 'accuracy': 0.1875, 'l2_norm': 1.3269858360290527, 'computation_time': 0.04148507118225098, 'batch_time': 0.05220829810423311, 'rtc_check_time': 0.00956928099913057, 'experiment_id': 'exp_20240620_164745', 'client_id': '0'}
[2024-06-20 16:48:08,572][root][INFO] - Added data to batch for client 0: {'round': 1, 'step_no': 11, 'loss': 1.9845004081726074, 'accuracy': 0.21590909361839294, 'l2_norm': 1.549368143081665, 'computation_time': 0.03929901123046875, 'batch_time': 0.04303922952385619, 'rtc_check_time': 0.0026532679912634194, 'experiment_id': 'exp_20240620_164745', 'client_id': '0'}
[2024-06-20 16:48:08,573][root][INFO] - Added data to batch for client 0: {'round': 1, 'step_no': 12, 'loss': 1.978865146636963, 'accuracy': 0.2291666716337204, 'l2_norm': 1.7108250856399536, 'computation_time': 0.04180192947387695, 'batch_time': 0.04668039092211984, 'rtc_check_time': 0.0038153530040290207, 'experiment_id': 'exp_20240620_164745', 'client_id': '0'}
[2024-06-20 16:48:08,574][root][INFO] - Added data to batch for client 0: {'round': 1, 'step_no': 13, 'loss': 2.0132486820220947, 'accuracy': 0.24038460850715637, 'l2_norm': 1.9013187885284424, 'computation_time': 0.04143810272216797, 'batch_time': 0.044106467481469736, 'rtc_check_time': 0.0014626820047851652, 'experiment_id': 'exp_20240620_164745', 'client_id': '0'}
[2024-06-20 16:48:08,575][root][INFO] - Added data to batch for client 0: {'round': 1, 'step_no': 14, 'loss': 2.067187786102295, 'accuracy': 0.2366071492433548, 'l2_norm': 2.043128252029419, 'computation_time': 0.042944908142089844, 'batch_time': 0.04658432022552006, 'rtc_check_time': 0.0023731710098218173, 'experiment_id': 'exp_20240620_164745', 'client_id': '0'}
[2024-06-20 16:48:08,576][root][INFO] - Added data to batch for client 0: {'round': 1, 'step_no': 15, 'loss': 1.7898151874542236, 'accuracy': 0.2645833194255829, 'l2_norm': 2.287254810333252, 'computation_time': 0.04036998748779297, 'batch_time': 0.04453522924450226, 'rtc_check_time': 0.0029800629999954253, 'experiment_id': 'exp_20240620_164745', 'client_id': '0'}
[2024-06-20 16:48:08,578][root][INFO] - Added data to batch for client 0: {'round': 1, 'step_no': 16, 'loss': 1.9527485370635986, 'accuracy': 0.265625, 'l2_norm': 2.470130443572998, 'computation_time': 0.03848600387573242, 'batch_time': 0.04343767861428205, 'rtc_check_time': 0.0037488530069822446, 'experiment_id': 'exp_20240620_164745', 'client_id': '0'}
[2024-06-20 16:48:08,580][root][INFO] - Added data to batch for client 0: {'round': 1, 'step_no': 17, 'loss': 1.664128065109253, 'accuracy': 0.2867647111415863, 'l2_norm': 2.729639768600464, 'computation_time': 0.03913617134094238, 'batch_time': 0.042850557452766225, 'rtc_check_time': 0.002619567996589467, 'experiment_id': 'exp_20240620_164745', 'client_id': '0'}
[2024-06-20 16:48:08,582][root][INFO] - Added data to batch for client 0: {'round': 1, 'step_no': 18, 'loss': 1.6338598728179932, 'accuracy': 0.3055555522441864, 'l2_norm': 2.9938788414001465, 'computation_time': 0.038702964782714844, 'batch_time': 0.04380971765203867, 'rtc_check_time': 0.004012650009826757, 'experiment_id': 'exp_20240620_164745', 'client_id': '0'}
[2024-06-20 16:48:08,584][root][INFO] - Added data to batch for client 0: {'round': 1, 'step_no': 19, 'loss': 1.639697551727295, 'accuracy': 0.3174342215061188, 'l2_norm': 3.297518730163574, 'computation_time': 0.039524078369140625, 'batch_time': 0.0422293747542426, 'rtc_check_time': 0.0015043820021674037, 'experiment_id': 'exp_20240620_164745', 'client_id': '0'}
[2024-06-20 16:48:08,586][root][INFO] - Added data to batch for client 0: {'round': 1, 'step_no': 20, 'loss': 1.5350232124328613, 'accuracy': 0.3375000059604645, 'l2_norm': 3.595268487930298, 'computation_time': 0.04262995719909668, 'batch_time': 0.04587814099795651, 'rtc_check_time': 0.0020162750006420538, 'experiment_id': 'exp_20240620_164745', 'client_id': '0'}
[2024-06-20 16:48:08,587][root][INFO] - Added data to batch for client 0: {'round': 1, 'step_no': 21, 'loss': 1.6317331790924072, 'accuracy': 0.3467261791229248, 'l2_norm': 3.855069398880005, 'computation_time': 0.04344487190246582, 'batch_time': 0.046367470000404865, 'rtc_check_time': 0.0015714800101704895, 'experiment_id': 'exp_20240620_164745', 'client_id': '0'}
[2024-06-20 16:48:08,588][root][INFO] - Added data to batch for client 0: {'round': 1, 'step_no': 22, 'loss': 1.5158154964447021, 'accuracy': 0.3551136255264282, 'l2_norm': 4.014526844024658, 'computation_time': 0.04417705535888672, 'batch_time': 0.04805985893472098, 'rtc_check_time': 0.002355970995267853, 'experiment_id': 'exp_20240620_164745', 'client_id': '0'}
[2024-06-20 16:48:08,589][root][INFO] - Added data to batch for client 0: {'round': 1, 'step_no': 23, 'loss': 1.6549344062805176, 'accuracy': 0.354619562625885, 'l2_norm': 4.300614356994629, 'computation_time': 0.04119992256164551, 'batch_time': 0.045591866903123446, 'rtc_check_time': 0.003237760000047274, 'experiment_id': 'exp_20240620_164745', 'client_id': '0'}
[2024-06-20 16:48:08,590][root][INFO] - Added data to batch for client 0: {'round': 1, 'step_no': 24, 'loss': 1.4465901851654053, 'accuracy': 0.3645833432674408, 'l2_norm': 4.481734752655029, 'computation_time': 0.04373908042907715, 'batch_time': 0.046326123585458845, 'rtc_check_time': 0.001383983006235212, 'experiment_id': 'exp_20240620_164745', 'client_id': '0'}
[2024-06-20 16:48:08,591][root][INFO] - Added data to batch for client 0: {'round': 1, 'step_no': 25, 'loss': 1.2498818635940552, 'accuracy': 0.3774999976158142, 'l2_norm': 4.7166829109191895, 'computation_time': 0.04890799522399902, 'batch_time': 0.052408984091016464, 'rtc_check_time': 0.0019500760099617764, 'experiment_id': 'exp_20240620_164745', 'client_id': '0'}
[2024-06-20 16:48:08,592][root][INFO] - Added data to batch for client 0: {'round': 1, 'step_no': 26, 'loss': 1.1730715036392212, 'accuracy': 0.39182692766189575, 'l2_norm': 4.993013858795166, 'computation_time': 0.04714703559875488, 'batch_time': 0.051492346756276675, 'rtc_check_time': 0.00280846499663312, 'experiment_id': 'exp_20240620_164745', 'client_id': '0'}
[2024-06-20 16:48:08,593][root][INFO] - Added batch data list for client 0. New Data Added: 26
[2024-06-20 16:48:08,594][root][INFO] - Batch data saved to /home/psklavos/fl/geom_aio/csv_logs/exp_20240620_164745/clients/client_0/batch.csv
[2024-06-20 16:48:08,594][root][INFO] - Appended data to last row of column distributed_loss in server data for client None
[2024-06-20 16:48:08,594][root][INFO] - Appended data to last row of column distributed_acc in server data for client None
[2024-06-20 16:48:08,594][root][INFO] - Appended {'distributed_loss': 1.2540201743443806, 'distributed_acc': 0.7106666564941406} to the last row of server data
[2024-06-20 16:48:08,595][root][INFO] - Server data saved to /home/psklavos/fl/geom_aio/csv_logs/exp_20240620_164745/server/server.csv
[2024-06-20 16:48:19,715][flwr][DEBUG] - fit_round 2: strategy sampled 3 clients (out of 3)
[2024-06-20 16:48:24,185][flwr][DEBUG] - fit_round 2 received 3 results and 0 failures
[2024-06-20 16:48:24,191][root][INFO] - Added data to server for client None: {'round': 2, 'average_norm': 5.061582565307617, 'round_time': 5.974333531813598, 'average_downlink_time': 0.8294351913333333, 'average_rtc_check_time': 0.2957247460532623, 'average_uplink_time': 0.26262784633333336, 'average_computation_time': 3.859807252883911, 'average_communication_time': 1.387787783719929, 'average_fit_time': 4.448722759882609, 'average_throughput': 9.000028668674792, 'dropouts': 0, 'experiment_id': 'exp_20240620_164745'}
[2024-06-20 16:48:24,191][root][INFO] - Added server data: {'round': 2, 'average_norm': 5.061582565307617, 'round_time': 5.974333531813598, 'average_downlink_time': 0.8294351913333333, 'average_rtc_check_time': 0.2957247460532623, 'average_uplink_time': 0.26262784633333336, 'average_computation_time': 3.859807252883911, 'average_communication_time': 1.387787783719929, 'average_fit_time': 4.448722759882609, 'average_throughput': 9.000028668674792, 'dropouts': 0, 'experiment_id': 'exp_20240620_164745'}
[2024-06-20 16:48:24,265][utils.model][INFO] - LeNet model built
[2024-06-20 16:48:24,393][utils.model][INFO] - Size of serialized model: 279.0341796875 kbytes
[2024-06-20 16:48:24,441][utils.model][INFO] - Step 1/40 - val_loss: 0.3545 - val_accuracy: 0.9102
[2024-06-20 16:48:24,461][utils.model][INFO] - Step 2/40 - val_loss: 0.4174 - val_accuracy: 0.8828
[2024-06-20 16:48:24,482][utils.model][INFO] - Step 3/40 - val_loss: 0.4370 - val_accuracy: 0.8711
[2024-06-20 16:48:24,505][utils.model][INFO] - Step 4/40 - val_loss: 0.4351 - val_accuracy: 0.8701
[2024-06-20 16:48:24,526][utils.model][INFO] - Step 5/40 - val_loss: 0.4672 - val_accuracy: 0.8609
[2024-06-20 16:48:24,547][utils.model][INFO] - Step 6/40 - val_loss: 0.4673 - val_accuracy: 0.8607
[2024-06-20 16:48:24,570][utils.model][INFO] - Step 7/40 - val_loss: 0.4767 - val_accuracy: 0.8577
[2024-06-20 16:48:24,596][utils.model][INFO] - Step 8/40 - val_loss: 0.4726 - val_accuracy: 0.8584
[2024-06-20 16:48:24,619][utils.model][INFO] - Step 9/40 - val_loss: 0.4816 - val_accuracy: 0.8589
[2024-06-20 16:48:24,642][utils.model][INFO] - Step 10/40 - val_loss: 0.4729 - val_accuracy: 0.8613
[2024-06-20 16:48:24,665][utils.model][INFO] - Step 11/40 - val_loss: 0.4672 - val_accuracy: 0.8619
[2024-06-20 16:48:24,688][utils.model][INFO] - Step 12/40 - val_loss: 0.4627 - val_accuracy: 0.8626
[2024-06-20 16:48:24,712][utils.model][INFO] - Step 13/40 - val_loss: 0.4626 - val_accuracy: 0.8636
[2024-06-20 16:48:24,737][utils.model][INFO] - Step 14/40 - val_loss: 0.4608 - val_accuracy: 0.8627
[2024-06-20 16:48:24,761][utils.model][INFO] - Step 15/40 - val_loss: 0.4661 - val_accuracy: 0.8612
[2024-06-20 16:48:24,784][utils.model][INFO] - Step 16/40 - val_loss: 0.4675 - val_accuracy: 0.8621
[2024-06-20 16:48:24,804][utils.model][INFO] - Step 17/40 - val_loss: 0.4671 - val_accuracy: 0.8635
[2024-06-20 16:48:24,825][utils.model][INFO] - Step 18/40 - val_loss: 0.4679 - val_accuracy: 0.8628
[2024-06-20 16:48:24,845][utils.model][INFO] - Step 19/40 - val_loss: 0.4668 - val_accuracy: 0.8627
[2024-06-20 16:48:24,865][utils.model][INFO] - Step 20/40 - val_loss: 0.4638 - val_accuracy: 0.8645
[2024-06-20 16:48:24,886][utils.model][INFO] - Step 21/40 - val_loss: 0.4543 - val_accuracy: 0.8664
[2024-06-20 16:48:24,906][utils.model][INFO] - Step 22/40 - val_loss: 0.4441 - val_accuracy: 0.8695
[2024-06-20 16:48:24,925][utils.model][INFO] - Step 23/40 - val_loss: 0.4371 - val_accuracy: 0.8719
[2024-06-20 16:48:24,946][utils.model][INFO] - Step 24/40 - val_loss: 0.4364 - val_accuracy: 0.8726
[2024-06-20 16:48:24,968][utils.model][INFO] - Step 25/40 - val_loss: 0.4280 - val_accuracy: 0.8755
[2024-06-20 16:48:24,988][utils.model][INFO] - Step 26/40 - val_loss: 0.4270 - val_accuracy: 0.8767
[2024-06-20 16:48:25,007][utils.model][INFO] - Step 27/40 - val_loss: 0.4217 - val_accuracy: 0.8792
[2024-06-20 16:48:25,027][utils.model][INFO] - Step 28/40 - val_loss: 0.4139 - val_accuracy: 0.8824
[2024-06-20 16:48:25,046][utils.model][INFO] - Step 29/40 - val_loss: 0.4086 - val_accuracy: 0.8838
[2024-06-20 16:48:25,068][utils.model][INFO] - Step 30/40 - val_loss: 0.4048 - val_accuracy: 0.8850
[2024-06-20 16:48:25,090][utils.model][INFO] - Step 31/40 - val_loss: 0.4014 - val_accuracy: 0.8856
[2024-06-20 16:48:25,112][utils.model][INFO] - Step 32/40 - val_loss: 0.3956 - val_accuracy: 0.8873
[2024-06-20 16:48:25,134][utils.model][INFO] - Step 33/40 - val_loss: 0.3930 - val_accuracy: 0.8884
[2024-06-20 16:48:25,156][utils.model][INFO] - Step 34/40 - val_loss: 0.3874 - val_accuracy: 0.8902
[2024-06-20 16:48:25,177][utils.model][INFO] - Step 35/40 - val_loss: 0.3796 - val_accuracy: 0.8929
[2024-06-20 16:48:25,200][utils.model][INFO] - Step 36/40 - val_loss: 0.3786 - val_accuracy: 0.8931
[2024-06-20 16:48:25,222][utils.model][INFO] - Step 37/40 - val_loss: 0.3734 - val_accuracy: 0.8950
[2024-06-20 16:48:25,242][utils.model][INFO] - Step 38/40 - val_loss: 0.3730 - val_accuracy: 0.8944
[2024-06-20 16:48:25,262][utils.model][INFO] - Step 39/40 - val_loss: 0.3774 - val_accuracy: 0.8933
[2024-06-20 16:48:25,272][utils.model][INFO] - Step 40/40 - val_loss: 0.3769 - val_accuracy: 0.8932
[2024-06-20 16:48:25,275][utils.model][INFO] - Evaluation Results - Val Loss: 0.3769, Val Accuracy: 0.8932 in 40 steps
[2024-06-20 16:48:25,277][root][INFO] - Appended data to last row of column centralized_loss in server data for client None
[2024-06-20 16:48:25,277][root][INFO] - Appended data to last row of column centralized_acc in server data for client None
[2024-06-20 16:48:25,277][root][INFO] - Appended {'centralized_loss': 0.3769137, 'centralized_acc': 0.8932} to the last row of server data
[2024-06-20 16:48:25,277][flwr][INFO] - fit progress: (2, 0.3769137, {'accuracy': 0.8932}, 30.01580710199778)
[2024-06-20 16:48:25,277][flwr][DEBUG] - evaluate_round 2: strategy sampled 3 clients (out of 3)
[2024-06-20 16:48:25,879][flwr][DEBUG] - evaluate_round 2 received 3 results and 0 failures
[2024-06-20 16:48:25,881][root][INFO] - Added data to epoch for client 0: {'round': 2, 'epoch_steps': 83, 'total_steps': 109, 'l2_norm': 5.151935577392578, 'total_computation_time': 3.8367702960968018, 'total_rtc_check_time': 0.30223206702794414, 'total_duration': 4.448354005813599, 'val_loss': 0.3612079322338104, 'val_accuracy': 0.8960000276565552, 'experiment_id': 'exp_20240620_164745', 'client_id': '0'}
[2024-06-20 16:48:25,881][root][INFO] - Added epoch data for client 0: {'round': 2, 'epoch_steps': 83, 'total_steps': 109, 'l2_norm': 5.151935577392578, 'total_computation_time': 3.8367702960968018, 'total_rtc_check_time': 0.30223206702794414, 'total_duration': 4.448354005813599, 'val_loss': 0.3612079322338104, 'val_accuracy': 0.8960000276565552, 'experiment_id': 'exp_20240620_164745', 'client_id': '0'}
[2024-06-20 16:48:25,882][root][INFO] - Epoch data saved to /home/psklavos/fl/geom_aio/csv_logs/exp_20240620_164745/clients/client_0/epoch.csv
[2024-06-20 16:48:25,883][root][INFO] - Added data to batch for client 0: {'round': 2, 'step_no': 27, 'loss': 1.1724528074264526, 'accuracy': 0.71875, 'l2_norm': 0.12358272075653076, 'computation_time': 0.051162004470825195, 'batch_time': 0.05522094359912444, 'rtc_check_time': 0.001975876002688892, 'experiment_id': 'exp_20240620_164745', 'client_id': '0'}
[2024-06-20 16:48:25,884][root][INFO] - Added data to batch for client 0: {'round': 2, 'step_no': 28, 'loss': 1.6460926532745361, 'accuracy': 0.5, 'l2_norm': 0.14265547692775726, 'computation_time': 0.05992698669433594, 'batch_time': 0.06413512401923072, 'rtc_check_time': 0.002859165004338138, 'experiment_id': 'exp_20240620_164745', 'client_id': '0'}
[2024-06-20 16:48:25,885][root][INFO] - Added data to batch for client 0: {'round': 2, 'step_no': 29, 'loss': 1.2586866617202759, 'accuracy': 0.5416666865348816, 'l2_norm': 0.19999422132968903, 'computation_time': 0.04993796348571777, 'batch_time': 0.05610901195905171, 'rtc_check_time': 0.004761040996527299, 'experiment_id': 'exp_20240620_164745', 'client_id': '0'}
[2024-06-20 16:48:25,886][root][INFO] - Added data to batch for client 0: {'round': 2, 'step_no': 30, 'loss': 1.1338791847229004, 'accuracy': 0.5625, 'l2_norm': 0.23625397682189941, 'computation_time': 0.06003308296203613, 'batch_time': 0.06509112130152062, 'rtc_check_time': 0.0033211589907296, 'experiment_id': 'exp_20240620_164745', 'client_id': '0'}
[2024-06-20 16:48:25,887][root][INFO] - Added data to batch for client 0: {'round': 2, 'step_no': 31, 'loss': 1.470367193222046, 'accuracy': 0.5562499761581421, 'l2_norm': 0.27775657176971436, 'computation_time': 0.05861687660217285, 'batch_time': 0.06260259322880302, 'rtc_check_time': 0.002681566998944618, 'experiment_id': 'exp_20240620_164745', 'client_id': '0'}
[2024-06-20 16:48:25,888][root][INFO] - Added data to batch for client 0: {'round': 2, 'step_no': 32, 'loss': 1.119281530380249, 'accuracy': 0.5833333134651184, 'l2_norm': 0.2925476133823395, 'computation_time': 0.0618131160736084, 'batch_time': 0.0651032266614493, 'rtc_check_time': 0.0017632780072744936, 'experiment_id': 'exp_20240620_164745', 'client_id': '0'}
[2024-06-20 16:48:25,889][root][INFO] - Added data to batch for client 0: {'round': 2, 'step_no': 33, 'loss': 1.1136479377746582, 'accuracy': 0.59375, 'l2_norm': 0.355929434299469, 'computation_time': 0.06438899040222168, 'batch_time': 0.06793354378896765, 'rtc_check_time': 0.0018765770073514432, 'experiment_id': 'exp_20240620_164745', 'client_id': '0'}
[2024-06-20 16:48:25,890][root][INFO] - Added data to batch for client 0: {'round': 2, 'step_no': 34, 'loss': 1.2647361755371094, 'accuracy': 0.5859375, 'l2_norm': 0.386579692363739, 'computation_time': 0.04840421676635742, 'batch_time': 0.05111174484773073, 'rtc_check_time': 0.0014207830099621788, 'experiment_id': 'exp_20240620_164745', 'client_id': '0'}
[2024-06-20 16:48:25,891][root][INFO] - Added data to batch for client 0: {'round': 2, 'step_no': 35, 'loss': 1.3359143733978271, 'accuracy': 0.5833333134651184, 'l2_norm': 0.4796108305454254, 'computation_time': 0.04844307899475098, 'batch_time': 0.051574860961409286, 'rtc_check_time': 0.001835976989241317, 'experiment_id': 'exp_20240620_164745', 'client_id': '0'}
[2024-06-20 16:48:25,892][root][INFO] - Added data to batch for client 0: {'round': 2, 'step_no': 36, 'loss': 1.1096007823944092, 'accuracy': 0.578125, 'l2_norm': 0.5048450231552124, 'computation_time': 0.04624485969543457, 'batch_time': 0.06150247350160498, 'rtc_check_time': 0.012747543005389161, 'experiment_id': 'exp_20240620_164745', 'client_id': '0'}
[2024-06-20 16:48:25,893][root][INFO] - Added data to batch for client 0: {'round': 2, 'step_no': 37, 'loss': 1.350632905960083, 'accuracy': 0.5795454382896423, 'l2_norm': 0.5488541126251221, 'computation_time': 0.04694080352783203, 'batch_time': 0.05009838941623457, 'rtc_check_time': 0.0018834770016837865, 'experiment_id': 'exp_20240620_164745', 'client_id': '0'}
[2024-06-20 16:48:25,894][root][INFO] - Added data to batch for client 0: {'round': 2, 'step_no': 38, 'loss': 1.1533081531524658, 'accuracy': 0.5833333134651184, 'l2_norm': 0.5980737805366516, 'computation_time': 0.05670499801635742, 'batch_time': 0.059711482521379367, 'rtc_check_time': 0.0016653799975756556, 'experiment_id': 'exp_20240620_164745', 'client_id': '0'}
[2024-06-20 16:48:25,895][root][INFO] - Added data to batch for client 0: {'round': 2, 'step_no': 39, 'loss': 1.0486810207366943, 'accuracy': 0.588942289352417, 'l2_norm': 0.6475937962532043, 'computation_time': 0.055632829666137695, 'batch_time': 0.06272080491180532, 'rtc_check_time': 0.0057168299972545356, 'experiment_id': 'exp_20240620_164745', 'client_id': '0'}
[2024-06-20 16:48:25,896][root][INFO] - Added data to batch for client 0: {'round': 2, 'step_no': 40, 'loss': 1.0362282991409302, 'accuracy': 0.5959821343421936, 'l2_norm': 0.6951510310173035, 'computation_time': 0.05608987808227539, 'batch_time': 0.05906136773410253, 'rtc_check_time': 0.001664479001192376, 'experiment_id': 'exp_20240620_164745', 'client_id': '0'}
[2024-06-20 16:48:25,898][root][INFO] - Added data to batch for client 0: {'round': 2, 'step_no': 41, 'loss': 0.6731857657432556, 'accuracy': 0.6166666746139526, 'l2_norm': 0.7646557092666626, 'computation_time': 0.05195498466491699, 'batch_time': 0.055952979921130463, 'rtc_check_time': 0.002708865999011323, 'experiment_id': 'exp_20240620_164745', 'client_id': '0'}
[2024-06-20 16:48:25,899][root][INFO] - Added data to batch for client 0: {'round': 2, 'step_no': 42, 'loss': 0.6942228078842163, 'accuracy': 0.626953125, 'l2_norm': 0.8121016025543213, 'computation_time': 0.04636883735656738, 'batch_time': 0.05742387377540581, 'rtc_check_time': 0.009745880000991747, 'experiment_id': 'exp_20240620_164745', 'client_id': '0'}
[2024-06-20 16:48:25,900][root][INFO] - Added data to batch for client 0: {'round': 2, 'step_no': 43, 'loss': 0.8557217121124268, 'accuracy': 0.6341911554336548, 'l2_norm': 0.8707804679870605, 'computation_time': 0.047618865966796875, 'batch_time': 0.05099083036475349, 'rtc_check_time': 0.0018987759976880625, 'experiment_id': 'exp_20240620_164745', 'client_id': '0'}
[2024-06-20 16:48:25,901][root][INFO] - Added data to batch for client 0: {'round': 2, 'step_no': 44, 'loss': 0.5725745558738708, 'accuracy': 0.6458333134651184, 'l2_norm': 0.9203584790229797, 'computation_time': 0.047177791595458984, 'batch_time': 0.052668332209577784, 'rtc_check_time': 0.003981351008405909, 'experiment_id': 'exp_20240620_164745', 'client_id': '0'}
[2024-06-20 16:48:25,902][root][INFO] - Added data to batch for client 0: {'round': 2, 'step_no': 45, 'loss': 0.8692108392715454, 'accuracy': 0.6447368264198303, 'l2_norm': 0.9860033392906189, 'computation_time': 0.04493403434753418, 'batch_time': 0.05445853162382264, 'rtc_check_time': 0.008191499000531621, 'experiment_id': 'exp_20240620_164745', 'client_id': '0'}
[2024-06-20 16:48:25,903][root][INFO] - Added data to batch for client 0: {'round': 2, 'step_no': 46, 'loss': 1.0485954284667969, 'accuracy': 0.645312488079071, 'l2_norm': 1.0492806434631348, 'computation_time': 0.04710507392883301, 'batch_time': 0.0520884887810098, 'rtc_check_time': 0.0036506549949990585, 'experiment_id': 'exp_20240620_164745', 'client_id': '0'}
[2024-06-20 16:48:25,904][root][INFO] - Added data to batch for client 0: {'round': 2, 'step_no': 47, 'loss': 0.8017116785049438, 'accuracy': 0.6473214030265808, 'l2_norm': 1.1024401187896729, 'computation_time': 0.04947400093078613, 'batch_time': 0.0564680219249567, 'rtc_check_time': 0.005384934003814124, 'experiment_id': 'exp_20240620_164745', 'client_id': '0'}
[2024-06-20 16:48:25,905][root][INFO] - Added data to batch for client 0: {'round': 2, 'step_no': 48, 'loss': 0.9161230325698853, 'accuracy': 0.6505681872367859, 'l2_norm': 1.1560659408569336, 'computation_time': 0.06287980079650879, 'batch_time': 0.06565658716135658, 'rtc_check_time': 0.0015684810059610754, 'experiment_id': 'exp_20240620_164745', 'client_id': '0'}
[2024-06-20 16:48:25,906][root][INFO] - Added data to batch for client 0: {'round': 2, 'step_no': 49, 'loss': 1.038468360900879, 'accuracy': 0.6508151888847351, 'l2_norm': 1.2266048192977905, 'computation_time': 0.04845309257507324, 'batch_time': 0.055027606067596935, 'rtc_check_time': 0.005120636997162364, 'experiment_id': 'exp_20240620_164745', 'client_id': '0'}
[2024-06-20 16:48:25,907][root][INFO] - Added data to batch for client 0: {'round': 2, 'step_no': 50, 'loss': 1.260399580001831, 'accuracy': 0.6458333134651184, 'l2_norm': 1.300973892211914, 'computation_time': 0.04920005798339844, 'batch_time': 0.054011708227335475, 'rtc_check_time': 0.003450756994425319, 'experiment_id': 'exp_20240620_164745', 'client_id': '0'}
[2024-06-20 16:48:25,908][root][INFO] - Added data to batch for client 0: {'round': 2, 'step_no': 51, 'loss': 0.7646178007125854, 'accuracy': 0.6512500047683716, 'l2_norm': 1.3646724224090576, 'computation_time': 0.049523115158081055, 'batch_time': 0.05390378904121462, 'rtc_check_time': 0.0028986639954382554, 'experiment_id': 'exp_20240620_164745', 'client_id': '0'}
[2024-06-20 16:48:25,910][root][INFO] - Added data to batch for client 0: {'round': 2, 'step_no': 52, 'loss': 0.6575126647949219, 'accuracy': 0.6550480723381042, 'l2_norm': 1.435238242149353, 'computation_time': 0.047773122787475586, 'batch_time': 0.051901663493481465, 'rtc_check_time': 0.002471769999829121, 'experiment_id': 'exp_20240620_164745', 'client_id': '0'}
[2024-06-20 16:48:25,911][root][INFO] - Added data to batch for client 0: {'round': 2, 'step_no': 53, 'loss': 0.8432670831680298, 'accuracy': 0.6585648059844971, 'l2_norm': 1.4744737148284912, 'computation_time': 0.053063154220581055, 'batch_time': 0.06842337454145309, 'rtc_check_time': 0.01372133100812789, 'experiment_id': 'exp_20240620_164745', 'client_id': '0'}
[2024-06-20 16:48:25,912][root][INFO] - Added data to batch for client 0: {'round': 2, 'step_no': 54, 'loss': 0.7499397993087769, 'accuracy': 0.6640625, 'l2_norm': 1.5389103889465332, 'computation_time': 0.04182100296020508, 'batch_time': 0.04501437932776753, 'rtc_check_time': 0.002005575006478466, 'experiment_id': 'exp_20240620_164745', 'client_id': '0'}
[2024-06-20 16:48:25,913][root][INFO] - Added data to batch for client 0: {'round': 2, 'step_no': 55, 'loss': 0.8153557777404785, 'accuracy': 0.6670258641242981, 'l2_norm': 1.6031042337417603, 'computation_time': 0.038803815841674805, 'batch_time': 0.04223079583607614, 'rtc_check_time': 0.002366970991715789, 'experiment_id': 'exp_20240620_164745', 'client_id': '0'}
[2024-06-20 16:48:25,914][root][INFO] - Added data to batch for client 0: {'round': 2, 'step_no': 56, 'loss': 0.5873062610626221, 'accuracy': 0.6739583611488342, 'l2_norm': 1.6665832996368408, 'computation_time': 0.03896903991699219, 'batch_time': 0.04271622897067573, 'rtc_check_time': 0.002535068997531198, 'experiment_id': 'exp_20240620_164745', 'client_id': '0'}
[2024-06-20 16:48:25,915][root][INFO] - Added data to batch for client 0: {'round': 2, 'step_no': 57, 'loss': 0.7277029156684875, 'accuracy': 0.6774193644523621, 'l2_norm': 1.7649213075637817, 'computation_time': 0.04304099082946777, 'batch_time': 0.06030160667432938, 'rtc_check_time': 0.015917603988782503, 'experiment_id': 'exp_20240620_164745', 'client_id': '0'}
[2024-06-20 16:48:25,916][root][INFO] - Added data to batch for client 0: {'round': 2, 'step_no': 58, 'loss': 0.9197278022766113, 'accuracy': 0.6787109375, 'l2_norm': 1.792778730392456, 'computation_time': 0.05843091011047363, 'batch_time': 0.06364551780279726, 'rtc_check_time': 0.0032166599994525313, 'experiment_id': 'exp_20240620_164745', 'client_id': '0'}
[2024-06-20 16:48:25,917][root][INFO] - Added data to batch for client 0: {'round': 2, 'step_no': 59, 'loss': 0.5679718852043152, 'accuracy': 0.6827651262283325, 'l2_norm': 1.8502206802368164, 'computation_time': 0.04496002197265625, 'batch_time': 0.04754472040804103, 'rtc_check_time': 0.0014805819955654442, 'experiment_id': 'exp_20240620_164745', 'client_id': '0'}
[2024-06-20 16:48:25,918][root][INFO] - Added data to batch for client 0: {'round': 2, 'step_no': 60, 'loss': 0.5046571493148804, 'accuracy': 0.6865808963775635, 'l2_norm': 1.913930892944336, 'computation_time': 0.03808903694152832, 'batch_time': 0.04101725624059327, 'rtc_check_time': 0.0018822769925463945, 'experiment_id': 'exp_20240620_164745', 'client_id': '0'}
[2024-06-20 16:48:25,919][root][INFO] - Added data to batch for client 0: {'round': 2, 'step_no': 61, 'loss': 0.36910271644592285, 'accuracy': 0.6928571462631226, 'l2_norm': 1.9867852926254272, 'computation_time': 0.04320120811462402, 'batch_time': 0.04837910071364604, 'rtc_check_time': 0.0026730670069810003, 'experiment_id': 'exp_20240620_164745', 'client_id': '0'}
[2024-06-20 16:48:25,920][root][INFO] - Added data to batch for client 0: {'round': 2, 'step_no': 62, 'loss': 0.7737513780593872, 'accuracy': 0.6935763955116272, 'l2_norm': 2.030578851699829, 'computation_time': 0.04070901870727539, 'batch_time': 0.04512677442107815, 'rtc_check_time': 0.0032895589974941686, 'experiment_id': 'exp_20240620_164745', 'client_id': '0'}
[2024-06-20 16:48:25,922][root][INFO] - Added data to batch for client 0: {'round': 2, 'step_no': 63, 'loss': 0.326299250125885, 'accuracy': 0.7010135054588318, 'l2_norm': 2.081934928894043, 'computation_time': 0.041166067123413086, 'batch_time': 0.04718818418041337, 'rtc_check_time': 0.0047792410041438416, 'experiment_id': 'exp_20240620_164745', 'client_id': '0'}
[2024-06-20 16:48:25,923][root][INFO] - Added data to batch for client 0: {'round': 2, 'step_no': 64, 'loss': 0.5198990702629089, 'accuracy': 0.7047697305679321, 'l2_norm': 2.14335560798645, 'computation_time': 0.044248104095458984, 'batch_time': 0.049271958545432426, 'rtc_check_time': 0.0037938530003884807, 'experiment_id': 'exp_20240620_164745', 'client_id': '0'}
[2024-06-20 16:48:25,924][root][INFO] - Added data to batch for client 0: {'round': 2, 'step_no': 65, 'loss': 0.5373729467391968, 'accuracy': 0.7083333134651184, 'l2_norm': 2.211996078491211, 'computation_time': 0.03902316093444824, 'batch_time': 0.04307113404502161, 'rtc_check_time': 0.00299416299094446, 'experiment_id': 'exp_20240620_164745', 'client_id': '0'}
[2024-06-20 16:48:25,926][root][INFO] - Added data to batch for client 0: {'round': 2, 'step_no': 66, 'loss': 0.9471673965454102, 'accuracy': 0.707812488079071, 'l2_norm': 2.309971332550049, 'computation_time': 0.04111194610595703, 'batch_time': 0.044516155059682205, 'rtc_check_time': 0.0021522729948628694, 'experiment_id': 'exp_20240620_164745', 'client_id': '0'}
[2024-06-20 16:48:25,927][root][INFO] - Added data to batch for client 0: {'round': 2, 'step_no': 67, 'loss': 0.6638401746749878, 'accuracy': 0.7103658318519592, 'l2_norm': 2.3912553787231445, 'computation_time': 0.042449951171875, 'batch_time': 0.045168274198658764, 'rtc_check_time': 0.0013552840100601315, 'experiment_id': 'exp_20240620_164745', 'client_id': '0'}
[2024-06-20 16:48:25,928][root][INFO] - Added data to batch for client 0: {'round': 2, 'step_no': 68, 'loss': 0.5550782084465027, 'accuracy': 0.7135416865348816, 'l2_norm': 2.411541223526001, 'computation_time': 0.04093003273010254, 'batch_time': 0.04631123683066107, 'rtc_check_time': 0.004289247008273378, 'experiment_id': 'exp_20240620_164745', 'client_id': '0'}
[2024-06-20 16:48:25,929][root][INFO] - Added data to batch for client 0: {'round': 2, 'step_no': 69, 'loss': 0.443470299243927, 'accuracy': 0.7165697813034058, 'l2_norm': 2.475736379623413, 'computation_time': 0.041554927825927734, 'batch_time': 0.04591731741675176, 'rtc_check_time': 0.0032513590122107416, 'experiment_id': 'exp_20240620_164745', 'client_id': '0'}
[2024-06-20 16:48:25,930][root][INFO] - Added data to batch for client 0: {'round': 2, 'step_no': 70, 'loss': 0.5216423273086548, 'accuracy': 0.7194602489471436, 'l2_norm': 2.537351131439209, 'computation_time': 0.04709005355834961, 'batch_time': 0.050297038062126376, 'rtc_check_time': 0.0016579789953539148, 'experiment_id': 'exp_20240620_164745', 'client_id': '0'}
[2024-06-20 16:48:25,931][root][INFO] - Added data to batch for client 0: {'round': 2, 'step_no': 71, 'loss': 0.626171350479126, 'accuracy': 0.7208333611488342, 'l2_norm': 2.6139955520629883, 'computation_time': 0.04837489128112793, 'batch_time': 0.05208335496718064, 'rtc_check_time': 0.0023444709950126708, 'experiment_id': 'exp_20240620_164745', 'client_id': '0'}
[2024-06-20 16:48:25,932][root][INFO] - Added data to batch for client 0: {'round': 2, 'step_no': 72, 'loss': 0.5222296714782715, 'accuracy': 0.7241848111152649, 'l2_norm': 2.6768991947174072, 'computation_time': 0.05074906349182129, 'batch_time': 0.05395848402986303, 'rtc_check_time': 0.0017805779934860766, 'experiment_id': 'exp_20240620_164745', 'client_id': '0'}
[2024-06-20 16:48:25,933][root][INFO] - Added data to batch for client 0: {'round': 2, 'step_no': 73, 'loss': 0.5223844051361084, 'accuracy': 0.7267287373542786, 'l2_norm': 2.724193572998047, 'computation_time': 0.046998023986816406, 'batch_time': 0.05004344473127276, 'rtc_check_time': 0.0017884779954329133, 'experiment_id': 'exp_20240620_164745', 'client_id': '0'}
[2024-06-20 16:48:25,934][root][INFO] - Added data to batch for client 0: {'round': 2, 'step_no': 74, 'loss': 0.5072011947631836, 'accuracy': 0.7291666865348816, 'l2_norm': 2.806304693222046, 'computation_time': 0.046690940856933594, 'batch_time': 0.05013640293327626, 'rtc_check_time': 0.0021894730016356334, 'experiment_id': 'exp_20240620_164745', 'client_id': '0'}
[2024-06-20 16:48:25,935][root][INFO] - Added data to batch for client 0: {'round': 2, 'step_no': 75, 'loss': 0.728937029838562, 'accuracy': 0.730867326259613, 'l2_norm': 2.865701675415039, 'computation_time': 0.045738935470581055, 'batch_time': 0.05284898432728369, 'rtc_check_time': 0.005726029005018063, 'experiment_id': 'exp_20240620_164745', 'client_id': '0'}
[2024-06-20 16:48:25,936][root][INFO] - Added data to batch for client 0: {'round': 2, 'step_no': 76, 'loss': 0.6731494069099426, 'accuracy': 0.7318750023841858, 'l2_norm': 2.8986291885375977, 'computation_time': 0.03960895538330078, 'batch_time': 0.04293729468190577, 'rtc_check_time': 0.0021593730052700266, 'experiment_id': 'exp_20240620_164745', 'client_id': '0'}
[2024-06-20 16:48:25,937][root][INFO] - Added data to batch for client 0: {'round': 2, 'step_no': 77, 'loss': 0.6464129686355591, 'accuracy': 0.7334558963775635, 'l2_norm': 2.995556116104126, 'computation_time': 0.04470014572143555, 'batch_time': 0.04744098296214361, 'rtc_check_time': 0.001516080999863334, 'experiment_id': 'exp_20240620_164745', 'client_id': '0'}
[2024-06-20 16:48:25,938][root][INFO] - Added data to batch for client 0: {'round': 2, 'step_no': 78, 'loss': 0.43836504220962524, 'accuracy': 0.7361778616905212, 'l2_norm': 3.0325379371643066, 'computation_time': 0.0505061149597168, 'batch_time': 0.05379175581037998, 'rtc_check_time': 0.0021197739988565445, 'experiment_id': 'exp_20240620_164745', 'client_id': '0'}
[2024-06-20 16:48:25,939][root][INFO] - Added data to batch for client 0: {'round': 2, 'step_no': 79, 'loss': 0.40701180696487427, 'accuracy': 0.7387971878051758, 'l2_norm': 3.095773458480835, 'computation_time': 0.04753398895263672, 'batch_time': 0.0530372905486729, 'rtc_check_time': 0.004130248998990282, 'experiment_id': 'exp_20240620_164745', 'client_id': '0'}
[2024-06-20 16:48:25,940][root][INFO] - Added data to batch for client 0: {'round': 2, 'step_no': 80, 'loss': 0.5387563705444336, 'accuracy': 0.7401620149612427, 'l2_norm': 3.1640625, 'computation_time': 0.04378485679626465, 'batch_time': 0.04671382652304601, 'rtc_check_time': 0.0016338800051016733, 'experiment_id': 'exp_20240620_164745', 'client_id': '0'}
[2024-06-20 16:48:25,941][root][INFO] - Added data to batch for client 0: {'round': 2, 'step_no': 81, 'loss': 0.3045450448989868, 'accuracy': 0.7437499761581421, 'l2_norm': 3.250277519226074, 'computation_time': 0.04576396942138672, 'batch_time': 0.0495057395164622, 'rtc_check_time': 0.002097873992170207, 'experiment_id': 'exp_20240620_164745', 'client_id': '0'}
[2024-06-20 16:48:25,942][root][INFO] - Added data to batch for client 0: {'round': 2, 'step_no': 82, 'loss': 0.501214861869812, 'accuracy': 0.7444196343421936, 'l2_norm': 3.3234381675720215, 'computation_time': 0.053323984146118164, 'batch_time': 0.05576958172605373, 'rtc_check_time': 0.0014165829925332218, 'experiment_id': 'exp_20240620_164745', 'client_id': '0'}
[2024-06-20 16:48:25,944][root][INFO] - Added data to batch for client 0: {'round': 2, 'step_no': 83, 'loss': 0.43652939796447754, 'accuracy': 0.7456140518188477, 'l2_norm': 3.394665002822876, 'computation_time': 0.03862404823303223, 'batch_time': 0.042723901075078174, 'rtc_check_time': 0.0030188630043994635, 'experiment_id': 'exp_20240620_164745', 'client_id': '0'}
[2024-06-20 16:48:25,945][root][INFO] - Added data to batch for client 0: {'round': 2, 'step_no': 84, 'loss': 0.5174146294593811, 'accuracy': 0.7478448152542114, 'l2_norm': 3.4780454635620117, 'computation_time': 0.03717184066772461, 'batch_time': 0.05448043454089202, 'rtc_check_time': 0.01625549900927581, 'experiment_id': 'exp_20240620_164745', 'client_id': '0'}
[2024-06-20 16:48:25,946][root][INFO] - Added data to batch for client 0: {'round': 2, 'step_no': 85, 'loss': 0.6890967488288879, 'accuracy': 0.7484109997749329, 'l2_norm': 3.5190320014953613, 'computation_time': 0.03907489776611328, 'batch_time': 0.04349208176427055, 'rtc_check_time': 0.003275159004260786, 'experiment_id': 'exp_20240620_164745', 'client_id': '0'}
[2024-06-20 16:48:25,947][root][INFO] - Added data to batch for client 0: {'round': 2, 'step_no': 86, 'loss': 0.7036622762680054, 'accuracy': 0.7494791746139526, 'l2_norm': 3.5764212608337402, 'computation_time': 0.03793001174926758, 'batch_time': 0.04399203564389609, 'rtc_check_time': 0.004910938994726166, 'experiment_id': 'exp_20240620_164745', 'client_id': '0'}
[2024-06-20 16:48:25,948][root][INFO] - Added data to batch for client 0: {'round': 2, 'step_no': 87, 'loss': 0.7296733856201172, 'accuracy': 0.75, 'l2_norm': 3.6474270820617676, 'computation_time': 0.039904117584228516, 'batch_time': 0.04516185542161111, 'rtc_check_time': 0.004176747999736108, 'experiment_id': 'exp_20240620_164745', 'client_id': '0'}
[2024-06-20 16:48:25,949][root][INFO] - Added data to batch for client 0: {'round': 2, 'step_no': 88, 'loss': 0.9622714519500732, 'accuracy': 0.7505040168762207, 'l2_norm': 3.6939635276794434, 'computation_time': 0.04084420204162598, 'batch_time': 0.04603968943411019, 'rtc_check_time': 0.0041278489952674136, 'experiment_id': 'exp_20240620_164745', 'client_id': '0'}
[2024-06-20 16:48:25,950][root][INFO] - Added data to batch for client 0: {'round': 2, 'step_no': 89, 'loss': 1.0453741550445557, 'accuracy': 0.7490079402923584, 'l2_norm': 3.803252935409546, 'computation_time': 0.04083108901977539, 'batch_time': 0.04806414636550471, 'rtc_check_time': 0.006089125003200024, 'experiment_id': 'exp_20240620_164745', 'client_id': '0'}
[2024-06-20 16:48:25,951][root][INFO] - Added data to batch for client 0: {'round': 2, 'step_no': 90, 'loss': 0.4940665662288666, 'accuracy': 0.75146484375, 'l2_norm': 3.844409942626953, 'computation_time': 0.03872990608215332, 'batch_time': 0.05001353942498099, 'rtc_check_time': 0.010252472988213412, 'experiment_id': 'exp_20240620_164745', 'client_id': '0'}
[2024-06-20 16:48:25,952][root][INFO] - Added data to batch for client 0: {'round': 2, 'step_no': 91, 'loss': 0.518108069896698, 'accuracy': 0.7528846263885498, 'l2_norm': 3.8987345695495605, 'computation_time': 0.0387880802154541, 'batch_time': 0.04215264265076257, 'rtc_check_time': 0.0021476740075740963, 'experiment_id': 'exp_20240620_164745', 'client_id': '0'}
[2024-06-20 16:48:25,953][root][INFO] - Added data to batch for client 0: {'round': 2, 'step_no': 92, 'loss': 0.387189656496048, 'accuracy': 0.7542613744735718, 'l2_norm': 3.9499008655548096, 'computation_time': 0.04196500778198242, 'batch_time': 0.045137726643588394, 'rtc_check_time': 0.001734577992465347, 'experiment_id': 'exp_20240620_164745', 'client_id': '0'}
[2024-06-20 16:48:25,954][root][INFO] - Added data to batch for client 0: {'round': 2, 'step_no': 93, 'loss': 0.8324804306030273, 'accuracy': 0.7546641826629639, 'l2_norm': 3.9898200035095215, 'computation_time': 0.039649009704589844, 'batch_time': 0.04345965643005911, 'rtc_check_time': 0.0027644660003716126, 'experiment_id': 'exp_20240620_164745', 'client_id': '0'}
[2024-06-20 16:48:25,955][root][INFO] - Added data to batch for client 0: {'round': 2, 'step_no': 94, 'loss': 0.606367826461792, 'accuracy': 0.7568933963775635, 'l2_norm': 4.051510810852051, 'computation_time': 0.04270005226135254, 'batch_time': 0.045358832299825735, 'rtc_check_time': 0.0015007809997769073, 'experiment_id': 'exp_20240620_164745', 'client_id': '0'}
[2024-06-20 16:48:25,956][root][INFO] - Added data to batch for client 0: {'round': 2, 'step_no': 95, 'loss': 0.4739393889904022, 'accuracy': 0.758152186870575, 'l2_norm': 4.103930473327637, 'computation_time': 0.03903818130493164, 'batch_time': 0.044681062587187625, 'rtc_check_time': 0.004569044001982547, 'experiment_id': 'exp_20240620_164745', 'client_id': '0'}
[2024-06-20 16:48:25,957][root][INFO] - Added data to batch for client 0: {'round': 2, 'step_no': 96, 'loss': 0.648890495300293, 'accuracy': 0.7589285969734192, 'l2_norm': 4.1869215965271, 'computation_time': 0.03895211219787598, 'batch_time': 0.042081279927515425, 'rtc_check_time': 0.002021475011133589, 'experiment_id': 'exp_20240620_164745', 'client_id': '0'}
[2024-06-20 16:48:25,958][root][INFO] - Added data to batch for client 0: {'round': 2, 'step_no': 97, 'loss': 0.4962419867515564, 'accuracy': 0.7596830725669861, 'l2_norm': 4.242561340332031, 'computation_time': 0.0401759147644043, 'batch_time': 0.044868016251712106, 'rtc_check_time': 0.003353858002810739, 'experiment_id': 'exp_20240620_164745', 'client_id': '0'}
[2024-06-20 16:48:25,959][root][INFO] - Added data to batch for client 0: {'round': 2, 'step_no': 98, 'loss': 0.24870213866233826, 'accuracy': 0.76171875, 'l2_norm': 4.305361747741699, 'computation_time': 0.04571700096130371, 'batch_time': 0.04868059337604791, 'rtc_check_time': 0.001623680000193417, 'experiment_id': 'exp_20240620_164745', 'client_id': '0'}
[2024-06-20 16:48:25,960][root][INFO] - Added data to batch for client 0: {'round': 2, 'step_no': 99, 'loss': 0.6347636580467224, 'accuracy': 0.7624143958091736, 'l2_norm': 4.3820271492004395, 'computation_time': 0.03901195526123047, 'batch_time': 0.04281142468971666, 'rtc_check_time': 0.0027084660105174407, 'experiment_id': 'exp_20240620_164745', 'client_id': '0'}
[2024-06-20 16:48:25,961][root][INFO] - Added data to batch for client 0: {'round': 2, 'step_no': 100, 'loss': 0.37041720747947693, 'accuracy': 0.7647804021835327, 'l2_norm': 4.463212966918945, 'computation_time': 0.04288983345031738, 'batch_time': 0.045966978039359674, 'rtc_check_time': 0.0018299770017620176, 'experiment_id': 'exp_20240620_164745', 'client_id': '0'}
[2024-06-20 16:48:25,962][root][INFO] - Added data to batch for client 0: {'round': 2, 'step_no': 101, 'loss': 0.46505796909332275, 'accuracy': 0.7649999856948853, 'l2_norm': 4.549533367156982, 'computation_time': 0.0440831184387207, 'batch_time': 0.04721795508521609, 'rtc_check_time': 0.0018380779947619885, 'experiment_id': 'exp_20240620_164745', 'client_id': '0'}
[2024-06-20 16:48:25,963][root][INFO] - Added data to batch for client 0: {'round': 2, 'step_no': 102, 'loss': 0.3333844840526581, 'accuracy': 0.7664473652839661, 'l2_norm': 4.6077799797058105, 'computation_time': 0.03992295265197754, 'batch_time': 0.04346877586795017, 'rtc_check_time': 0.002480569004546851, 'experiment_id': 'exp_20240620_164745', 'client_id': '0'}
[2024-06-20 16:48:25,964][root][INFO] - Added data to batch for client 0: {'round': 2, 'step_no': 103, 'loss': 0.39687302708625793, 'accuracy': 0.767451286315918, 'l2_norm': 4.700023651123047, 'computation_time': 0.03802204132080078, 'batch_time': 0.043785864603705704, 'rtc_check_time': 0.004720741999335587, 'experiment_id': 'exp_20240620_164745', 'client_id': '0'}
[2024-06-20 16:48:25,965][root][INFO] - Added data to batch for client 0: {'round': 2, 'step_no': 104, 'loss': 0.5338857769966125, 'accuracy': 0.7684294581413269, 'l2_norm': 4.784818649291992, 'computation_time': 0.040940046310424805, 'batch_time': 0.04390207763935905, 'rtc_check_time': 0.0019029760005651042, 'experiment_id': 'exp_20240620_164745', 'client_id': '0'}
[2024-06-20 16:48:25,966][root][INFO] - Added data to batch for client 0: {'round': 2, 'step_no': 105, 'loss': 0.3328620195388794, 'accuracy': 0.7709652185440063, 'l2_norm': 4.873124122619629, 'computation_time': 0.04828286170959473, 'batch_time': 0.051002537220483646, 'rtc_check_time': 0.0016274800000246614, 'experiment_id': 'exp_20240620_164745', 'client_id': '0'}
[2024-06-20 16:48:25,967][root][INFO] - Added data to batch for client 0: {'round': 2, 'step_no': 106, 'loss': 0.1426309198141098, 'accuracy': 0.7734375, 'l2_norm': 4.9344024658203125, 'computation_time': 0.0574190616607666, 'batch_time': 0.061875910600065254, 'rtc_check_time': 0.002188772996305488, 'experiment_id': 'exp_20240620_164745', 'client_id': '0'}
[2024-06-20 16:48:25,968][root][INFO] - Added data to batch for client 0: {'round': 2, 'step_no': 107, 'loss': 0.7325097322463989, 'accuracy': 0.7746913433074951, 'l2_norm': 5.00272274017334, 'computation_time': 0.05030202865600586, 'batch_time': 0.05636506975861266, 'rtc_check_time': 0.00441914499970153, 'experiment_id': 'exp_20240620_164745', 'client_id': '0'}
[2024-06-20 16:48:25,969][root][INFO] - Added data to batch for client 0: {'round': 2, 'step_no': 108, 'loss': 0.5306710004806519, 'accuracy': 0.7751524448394775, 'l2_norm': 5.056719779968262, 'computation_time': 0.05235910415649414, 'batch_time': 0.05900777749775443, 'rtc_check_time': 0.005463733003125526, 'experiment_id': 'exp_20240620_164745', 'client_id': '0'}
[2024-06-20 16:48:25,970][root][INFO] - Added data to batch for client 0: {'round': 2, 'step_no': 109, 'loss': 0.550075888633728, 'accuracy': 0.7759789228439331, 'l2_norm': 5.151935577392578, 'computation_time': 0.04420304298400879, 'batch_time': 0.047276600103941746, 'rtc_check_time': 0.0017195780092151836, 'experiment_id': 'exp_20240620_164745', 'client_id': '0'}
[2024-06-20 16:48:25,970][root][INFO] - Added batch data list for client 0. New Data Added: 83
[2024-06-20 16:48:25,972][root][INFO] - Batch data saved to /home/psklavos/fl/geom_aio/csv_logs/exp_20240620_164745/clients/client_0/batch.csv
[2024-06-20 16:48:25,972][root][INFO] - Appended data to last row of column distributed_loss in server data for client None
[2024-06-20 16:48:25,973][root][INFO] - Appended data to last row of column distributed_acc in server data for client None
[2024-06-20 16:48:25,973][root][INFO] - Appended {'distributed_loss': 0.38379011551539105, 'distributed_acc': 0.8853333393732706} to the last row of server data
[2024-06-20 16:48:25,973][root][INFO] - Server data saved to /home/psklavos/fl/geom_aio/csv_logs/exp_20240620_164745/server/server.csv
