[2024-06-20 18:40:34,503][root][INFO] - Initialized DataManager for experiment exp_20240620_184034
[2024-06-20 18:40:34,509][root][INFO] - Added data to info for client None: {'experiment_id': 'exp_20240620_184034', 'algorithm': 'fda', 'num_clients': 3, 'dataset': 'mnist', 'ann': 'lenet', 'threshold': 5, 'thres_discount_factor': 1.0, 'steps_threshold': 500, 'train_batch_size': 32, 'eval_batch_size': 64, 'network_template': 1, 'client_mobility': True, 'non_iid': False}
[2024-06-20 18:40:34,509][root][INFO] - Added info data: {'experiment_id': 'exp_20240620_184034', 'algorithm': 'fda', 'num_clients': 3, 'dataset': 'mnist', 'ann': 'lenet', 'threshold': 5, 'thres_discount_factor': 1.0, 'steps_threshold': 500, 'train_batch_size': 32, 'eval_batch_size': 64, 'network_template': 1, 'client_mobility': True, 'non_iid': False}
[2024-06-20 18:40:34,517][root][INFO] - Info data saved to /home/psklavos/fl/geom_aio/csv_logs/exp_20240620_184034/info.csv
[2024-06-20 18:40:34,519][flwr][INFO] - Starting Flower server, config: ServerConfig(num_rounds=5, round_timeout=None)
[2024-06-20 18:40:34,525][flwr][INFO] - Flower ECE: gRPC server running (5 rounds), SSL is disabled
[2024-06-20 18:40:34,525][flwr][INFO] - Initializing global parameters
[2024-06-20 18:40:34,526][flwr][INFO] - Requesting initial parameters from one random client
[2024-06-20 18:40:41,989][flwr][INFO] - Received initial parameters from one random client
[2024-06-20 18:40:42,020][flwr][INFO] - Evaluating initial parameters
[2024-06-20 18:40:44,772][utils.model][INFO] - LeNet model built
[2024-06-20 18:40:46,070][utils.model][INFO] - Size of serialized model: 279.0341796875 kbytes
[2024-06-20 18:40:46,316][utils.model][INFO] - Step 1/40 - val_loss: 2.3055 - val_accuracy: 0.0781
[2024-06-20 18:40:46,353][utils.model][INFO] - Step 2/40 - val_loss: 2.3039 - val_accuracy: 0.0820
[2024-06-20 18:40:46,383][utils.model][INFO] - Step 3/40 - val_loss: 2.3022 - val_accuracy: 0.0742
[2024-06-20 18:40:46,423][utils.model][INFO] - Step 4/40 - val_loss: 2.3021 - val_accuracy: 0.0781
[2024-06-20 18:40:46,463][utils.model][INFO] - Step 5/40 - val_loss: 2.3020 - val_accuracy: 0.0805
[2024-06-20 18:40:46,497][utils.model][INFO] - Step 6/40 - val_loss: 2.3026 - val_accuracy: 0.0768
[2024-06-20 18:40:46,529][utils.model][INFO] - Step 7/40 - val_loss: 2.3027 - val_accuracy: 0.0737
[2024-06-20 18:40:46,558][utils.model][INFO] - Step 8/40 - val_loss: 2.3024 - val_accuracy: 0.0762
[2024-06-20 18:40:46,592][utils.model][INFO] - Step 9/40 - val_loss: 2.3025 - val_accuracy: 0.0768
[2024-06-20 18:40:46,626][utils.model][INFO] - Step 10/40 - val_loss: 2.3025 - val_accuracy: 0.0766
[2024-06-20 18:40:46,663][utils.model][INFO] - Step 11/40 - val_loss: 2.3021 - val_accuracy: 0.0771
[2024-06-20 18:40:46,696][utils.model][INFO] - Step 12/40 - val_loss: 2.3023 - val_accuracy: 0.0775
[2024-06-20 18:40:46,731][utils.model][INFO] - Step 13/40 - val_loss: 2.3020 - val_accuracy: 0.0775
[2024-06-20 18:40:46,773][utils.model][INFO] - Step 14/40 - val_loss: 2.3020 - val_accuracy: 0.0776
[2024-06-20 18:40:46,807][utils.model][INFO] - Step 15/40 - val_loss: 2.3019 - val_accuracy: 0.0771
[2024-06-20 18:40:46,842][utils.model][INFO] - Step 16/40 - val_loss: 2.3021 - val_accuracy: 0.0781
[2024-06-20 18:40:46,870][utils.model][INFO] - Step 17/40 - val_loss: 2.3024 - val_accuracy: 0.0774
[2024-06-20 18:40:46,905][utils.model][INFO] - Step 18/40 - val_loss: 2.3022 - val_accuracy: 0.0783
[2024-06-20 18:40:46,943][utils.model][INFO] - Step 19/40 - val_loss: 2.3021 - val_accuracy: 0.0794
[2024-06-20 18:40:46,974][utils.model][INFO] - Step 20/40 - val_loss: 2.3023 - val_accuracy: 0.0801
[2024-06-20 18:40:47,007][utils.model][INFO] - Step 21/40 - val_loss: 2.3022 - val_accuracy: 0.0785
[2024-06-20 18:40:47,037][utils.model][INFO] - Step 22/40 - val_loss: 2.3021 - val_accuracy: 0.0783
[2024-06-20 18:40:47,071][utils.model][INFO] - Step 23/40 - val_loss: 2.3020 - val_accuracy: 0.0786
[2024-06-20 18:40:47,103][utils.model][INFO] - Step 24/40 - val_loss: 2.3017 - val_accuracy: 0.0794
[2024-06-20 18:40:47,137][utils.model][INFO] - Step 25/40 - val_loss: 2.3017 - val_accuracy: 0.0786
[2024-06-20 18:40:47,169][utils.model][INFO] - Step 26/40 - val_loss: 2.3018 - val_accuracy: 0.0777
[2024-06-20 18:40:47,202][utils.model][INFO] - Step 27/40 - val_loss: 2.3016 - val_accuracy: 0.0797
[2024-06-20 18:40:47,234][utils.model][INFO] - Step 28/40 - val_loss: 2.3016 - val_accuracy: 0.0799
[2024-06-20 18:40:47,266][utils.model][INFO] - Step 29/40 - val_loss: 2.3014 - val_accuracy: 0.0799
[2024-06-20 18:40:47,301][utils.model][INFO] - Step 30/40 - val_loss: 2.3013 - val_accuracy: 0.0794
[2024-06-20 18:40:47,344][utils.model][INFO] - Step 31/40 - val_loss: 2.3011 - val_accuracy: 0.0818
[2024-06-20 18:40:47,382][utils.model][INFO] - Step 32/40 - val_loss: 2.3010 - val_accuracy: 0.0813
[2024-06-20 18:40:47,419][utils.model][INFO] - Step 33/40 - val_loss: 2.3011 - val_accuracy: 0.0814
[2024-06-20 18:40:47,457][utils.model][INFO] - Step 34/40 - val_loss: 2.3010 - val_accuracy: 0.0816
[2024-06-20 18:40:47,499][utils.model][INFO] - Step 35/40 - val_loss: 2.3011 - val_accuracy: 0.0809
[2024-06-20 18:40:47,531][utils.model][INFO] - Step 36/40 - val_loss: 2.3011 - val_accuracy: 0.0815
[2024-06-20 18:40:47,568][utils.model][INFO] - Step 37/40 - val_loss: 2.3010 - val_accuracy: 0.0809
[2024-06-20 18:40:47,612][utils.model][INFO] - Step 38/40 - val_loss: 2.3010 - val_accuracy: 0.0806
[2024-06-20 18:40:47,654][utils.model][INFO] - Step 39/40 - val_loss: 2.3010 - val_accuracy: 0.0809
[2024-06-20 18:40:47,665][utils.model][INFO] - Step 40/40 - val_loss: 2.3009 - val_accuracy: 0.0809
[2024-06-20 18:40:47,668][utils.model][INFO] - Evaluation Results - Val Loss: 2.3009, Val Accuracy: 0.0809 in 40 steps
[2024-06-20 18:40:47,917][root][INFO] - Added data to server for client None: {'round': 0, 'experiment_id': 'exp_20240620_184034', 'centralized_loss': 0.0, 'centralized_acc': 0.0, 'distributed_loss': 0.0, 'distributed_acc': 0.0, 'dropouts': 0, 'average_norm': 0.0, 'round_time': 0.0, 'average_downlink_time': 0.0, 'average_rtc_check_time': 0.0, 'average_uplink_time': 0.0, 'average_computation_time': 0.0, 'average_communication_time': 0.0, 'average_fit_time': 0.0, 'average_throughput': 0.0}
[2024-06-20 18:40:47,918][root][INFO] - Added server data: {'round': 0, 'experiment_id': 'exp_20240620_184034', 'centralized_loss': 0.0, 'centralized_acc': 0.0, 'distributed_loss': 0.0, 'distributed_acc': 0.0, 'dropouts': 0, 'average_norm': 0.0, 'round_time': 0.0, 'average_downlink_time': 0.0, 'average_rtc_check_time': 0.0, 'average_uplink_time': 0.0, 'average_computation_time': 0.0, 'average_communication_time': 0.0, 'average_fit_time': 0.0, 'average_throughput': 0.0}
[2024-06-20 18:40:47,975][root][INFO] - Appended data to last row of column centralized_loss in server data for client None
[2024-06-20 18:40:47,975][root][INFO] - Appended data to last row of column centralized_acc in server data for client None
[2024-06-20 18:40:47,977][root][INFO] - Appended {'centralized_loss': 2.3009193, 'centralized_acc': 0.0809} to the last row of server data
[2024-06-20 18:40:47,978][flwr][INFO] - initial parameters (loss, other metrics): 2.3009193, {'accuracy': 0.0809}
[2024-06-20 18:40:47,979][flwr][INFO] - FL starting
