[2024-06-22 11:38:52,131][root][INFO] - Initialized DataManager for experiment exp_20240622_113852
[2024-06-22 11:38:52,137][root][INFO] - Info data saved to /home/psklavos/fl/geom_aio/csv_logs/exp_20240622_113852/info.csv
[2024-06-22 11:38:52,138][flwr][INFO] - Starting Flower server, config: ServerConfig(num_rounds=3, round_timeout=None)
[2024-06-22 11:38:52,141][flwr][INFO] - Flower ECE: gRPC server running (3 rounds), SSL is disabled
[2024-06-22 11:38:52,141][flwr][INFO] - Initializing global parameters
[2024-06-22 11:38:52,141][flwr][INFO] - Requesting initial parameters from one random client
[2024-06-22 11:38:59,333][flwr][INFO] - Received initial parameters from one random client
[2024-06-22 11:38:59,334][flwr][INFO] - Evaluating initial parameters
[2024-06-22 11:38:59,446][utils.model][INFO] - LeNet model built
[2024-06-22 11:38:59,703][utils.model][INFO] - Size of serialized model: 279.0341796875 kbytes
[2024-06-22 11:38:59,767][utils.model][INFO] - Step 1/40 - val_loss: 2.3026 - val_accuracy: 0.0859
[2024-06-22 11:38:59,789][utils.model][INFO] - Step 2/40 - val_loss: 2.2975 - val_accuracy: 0.0938
[2024-06-22 11:38:59,813][utils.model][INFO] - Step 3/40 - val_loss: 2.2970 - val_accuracy: 0.1029
[2024-06-22 11:38:59,836][utils.model][INFO] - Step 4/40 - val_loss: 2.2973 - val_accuracy: 0.0996
[2024-06-22 11:38:59,855][utils.model][INFO] - Step 5/40 - val_loss: 2.2987 - val_accuracy: 0.1000
[2024-06-22 11:38:59,874][utils.model][INFO] - Step 6/40 - val_loss: 2.2988 - val_accuracy: 0.0996
[2024-06-22 11:38:59,893][utils.model][INFO] - Step 7/40 - val_loss: 2.2981 - val_accuracy: 0.1032
[2024-06-22 11:38:59,914][utils.model][INFO] - Step 8/40 - val_loss: 2.2979 - val_accuracy: 0.1030
[2024-06-22 11:38:59,934][utils.model][INFO] - Step 9/40 - val_loss: 2.2992 - val_accuracy: 0.1016
[2024-06-22 11:38:59,952][utils.model][INFO] - Step 10/40 - val_loss: 2.2989 - val_accuracy: 0.1035
[2024-06-22 11:38:59,971][utils.model][INFO] - Step 11/40 - val_loss: 2.2979 - val_accuracy: 0.1072
[2024-06-22 11:38:59,990][utils.model][INFO] - Step 12/40 - val_loss: 2.2979 - val_accuracy: 0.1077
[2024-06-22 11:39:00,009][utils.model][INFO] - Step 13/40 - val_loss: 2.2976 - val_accuracy: 0.1097
[2024-06-22 11:39:00,034][utils.model][INFO] - Step 14/40 - val_loss: 2.2981 - val_accuracy: 0.1105
[2024-06-22 11:39:00,054][utils.model][INFO] - Step 15/40 - val_loss: 2.2982 - val_accuracy: 0.1122
[2024-06-22 11:39:00,072][utils.model][INFO] - Step 16/40 - val_loss: 2.2978 - val_accuracy: 0.1133
[2024-06-22 11:39:00,091][utils.model][INFO] - Step 17/40 - val_loss: 2.2977 - val_accuracy: 0.1117
[2024-06-22 11:39:00,111][utils.model][INFO] - Step 18/40 - val_loss: 2.2978 - val_accuracy: 0.1118
[2024-06-22 11:39:00,132][utils.model][INFO] - Step 19/40 - val_loss: 2.2977 - val_accuracy: 0.1125
[2024-06-22 11:39:00,152][utils.model][INFO] - Step 20/40 - val_loss: 2.2978 - val_accuracy: 0.1129
[2024-06-22 11:39:00,170][utils.model][INFO] - Step 21/40 - val_loss: 2.2978 - val_accuracy: 0.1155
[2024-06-22 11:39:00,188][utils.model][INFO] - Step 22/40 - val_loss: 2.2979 - val_accuracy: 0.1152
[2024-06-22 11:39:00,207][utils.model][INFO] - Step 23/40 - val_loss: 2.2979 - val_accuracy: 0.1155
[2024-06-22 11:39:00,224][utils.model][INFO] - Step 24/40 - val_loss: 2.2976 - val_accuracy: 0.1162
[2024-06-22 11:39:00,244][utils.model][INFO] - Step 25/40 - val_loss: 2.2979 - val_accuracy: 0.1166
[2024-06-22 11:39:00,262][utils.model][INFO] - Step 26/40 - val_loss: 2.2979 - val_accuracy: 0.1176
[2024-06-22 11:39:00,279][utils.model][INFO] - Step 27/40 - val_loss: 2.2978 - val_accuracy: 0.1175
[2024-06-22 11:39:00,296][utils.model][INFO] - Step 28/40 - val_loss: 2.2976 - val_accuracy: 0.1182
[2024-06-22 11:39:00,319][utils.model][INFO] - Step 29/40 - val_loss: 2.2977 - val_accuracy: 0.1180
[2024-06-22 11:39:00,337][utils.model][INFO] - Step 30/40 - val_loss: 2.2980 - val_accuracy: 0.1180
[2024-06-22 11:39:00,357][utils.model][INFO] - Step 31/40 - val_loss: 2.2978 - val_accuracy: 0.1183
[2024-06-22 11:39:00,374][utils.model][INFO] - Step 32/40 - val_loss: 2.2977 - val_accuracy: 0.1187
[2024-06-22 11:39:00,392][utils.model][INFO] - Step 33/40 - val_loss: 2.2979 - val_accuracy: 0.1194
[2024-06-22 11:39:00,409][utils.model][INFO] - Step 34/40 - val_loss: 2.2978 - val_accuracy: 0.1196
[2024-06-22 11:39:00,429][utils.model][INFO] - Step 35/40 - val_loss: 2.2979 - val_accuracy: 0.1204
[2024-06-22 11:39:00,449][utils.model][INFO] - Step 36/40 - val_loss: 2.2979 - val_accuracy: 0.1200
[2024-06-22 11:39:00,469][utils.model][INFO] - Step 37/40 - val_loss: 2.2977 - val_accuracy: 0.1207
[2024-06-22 11:39:00,489][utils.model][INFO] - Step 38/40 - val_loss: 2.2979 - val_accuracy: 0.1209
[2024-06-22 11:39:00,508][utils.model][INFO] - Step 39/40 - val_loss: 2.2982 - val_accuracy: 0.1210
[2024-06-22 11:39:00,517][utils.model][INFO] - Step 40/40 - val_loss: 2.2984 - val_accuracy: 0.1209
[2024-06-22 11:39:00,519][utils.model][INFO] - Evaluation Results - Val Loss: 2.2984, Val Accuracy: 0.1209 in 40 steps
[2024-06-22 11:39:00,524][flwr][INFO] - initial parameters (loss, other metrics): 2.2983565, {'accuracy': 0.1209}
[2024-06-22 11:39:00,524][flwr][INFO] - FL starting
[2024-06-22 11:39:04,307][flwr][DEBUG] - fit_round 1: strategy sampled 3 clients (out of 3)
[2024-06-22 11:39:06,941][flwr][DEBUG] - fit_round 1 received 3 results and 0 failures
[2024-06-22 11:39:06,996][utils.model][INFO] - LeNet model built
[2024-06-22 11:39:07,102][utils.model][INFO] - Size of serialized model: 279.0341796875 kbytes
[2024-06-22 11:39:07,141][utils.model][INFO] - Step 1/40 - val_loss: 0.6266 - val_accuracy: 0.8281
[2024-06-22 11:39:07,158][utils.model][INFO] - Step 2/40 - val_loss: 0.6842 - val_accuracy: 0.8105
[2024-06-22 11:39:07,176][utils.model][INFO] - Step 3/40 - val_loss: 0.7021 - val_accuracy: 0.8021
[2024-06-22 11:39:07,194][utils.model][INFO] - Step 4/40 - val_loss: 0.6922 - val_accuracy: 0.8076
[2024-06-22 11:39:07,211][utils.model][INFO] - Step 5/40 - val_loss: 0.7173 - val_accuracy: 0.7977
[2024-06-22 11:39:07,235][utils.model][INFO] - Step 6/40 - val_loss: 0.7277 - val_accuracy: 0.7949
[2024-06-22 11:39:07,255][utils.model][INFO] - Step 7/40 - val_loss: 0.7326 - val_accuracy: 0.7963
[2024-06-22 11:39:07,277][utils.model][INFO] - Step 8/40 - val_loss: 0.7281 - val_accuracy: 0.8003
[2024-06-22 11:39:07,298][utils.model][INFO] - Step 9/40 - val_loss: 0.7388 - val_accuracy: 0.7990
[2024-06-22 11:39:07,317][utils.model][INFO] - Step 10/40 - val_loss: 0.7342 - val_accuracy: 0.7977
[2024-06-22 11:39:07,336][utils.model][INFO] - Step 11/40 - val_loss: 0.7333 - val_accuracy: 0.7990
[2024-06-22 11:39:07,354][utils.model][INFO] - Step 12/40 - val_loss: 0.7268 - val_accuracy: 0.8011
[2024-06-22 11:39:07,373][utils.model][INFO] - Step 13/40 - val_loss: 0.7233 - val_accuracy: 0.8035
[2024-06-22 11:39:07,391][utils.model][INFO] - Step 14/40 - val_loss: 0.7200 - val_accuracy: 0.8052
[2024-06-22 11:39:07,409][utils.model][INFO] - Step 15/40 - val_loss: 0.7261 - val_accuracy: 0.8031
[2024-06-22 11:39:07,427][utils.model][INFO] - Step 16/40 - val_loss: 0.7279 - val_accuracy: 0.8022
[2024-06-22 11:39:07,446][utils.model][INFO] - Step 17/40 - val_loss: 0.7316 - val_accuracy: 0.8006
[2024-06-22 11:39:07,466][utils.model][INFO] - Step 18/40 - val_loss: 0.7323 - val_accuracy: 0.8001
[2024-06-22 11:39:07,484][utils.model][INFO] - Step 19/40 - val_loss: 0.7316 - val_accuracy: 0.8012
[2024-06-22 11:39:07,502][utils.model][INFO] - Step 20/40 - val_loss: 0.7290 - val_accuracy: 0.8002
[2024-06-22 11:39:07,520][utils.model][INFO] - Step 21/40 - val_loss: 0.7162 - val_accuracy: 0.8049
[2024-06-22 11:39:07,538][utils.model][INFO] - Step 22/40 - val_loss: 0.7049 - val_accuracy: 0.8095
[2024-06-22 11:39:07,555][utils.model][INFO] - Step 23/40 - val_loss: 0.6979 - val_accuracy: 0.8118
[2024-06-22 11:39:07,573][utils.model][INFO] - Step 24/40 - val_loss: 0.6968 - val_accuracy: 0.8125
[2024-06-22 11:39:07,591][utils.model][INFO] - Step 25/40 - val_loss: 0.6856 - val_accuracy: 0.8167
[2024-06-22 11:39:07,608][utils.model][INFO] - Step 26/40 - val_loss: 0.6844 - val_accuracy: 0.8173
[2024-06-22 11:39:07,627][utils.model][INFO] - Step 27/40 - val_loss: 0.6815 - val_accuracy: 0.8168
[2024-06-22 11:39:07,646][utils.model][INFO] - Step 28/40 - val_loss: 0.6725 - val_accuracy: 0.8203
[2024-06-22 11:39:07,664][utils.model][INFO] - Step 29/40 - val_loss: 0.6666 - val_accuracy: 0.8235
[2024-06-22 11:39:07,683][utils.model][INFO] - Step 30/40 - val_loss: 0.6677 - val_accuracy: 0.8224
[2024-06-22 11:39:07,702][utils.model][INFO] - Step 31/40 - val_loss: 0.6646 - val_accuracy: 0.8231
[2024-06-22 11:39:07,722][utils.model][INFO] - Step 32/40 - val_loss: 0.6572 - val_accuracy: 0.8256
[2024-06-22 11:39:07,740][utils.model][INFO] - Step 33/40 - val_loss: 0.6535 - val_accuracy: 0.8272
[2024-06-22 11:39:07,758][utils.model][INFO] - Step 34/40 - val_loss: 0.6471 - val_accuracy: 0.8289
[2024-06-22 11:39:07,776][utils.model][INFO] - Step 35/40 - val_loss: 0.6382 - val_accuracy: 0.8319
[2024-06-22 11:39:07,794][utils.model][INFO] - Step 36/40 - val_loss: 0.6372 - val_accuracy: 0.8314
[2024-06-22 11:39:07,813][utils.model][INFO] - Step 37/40 - val_loss: 0.6332 - val_accuracy: 0.8330
[2024-06-22 11:39:07,831][utils.model][INFO] - Step 38/40 - val_loss: 0.6331 - val_accuracy: 0.8326
[2024-06-22 11:39:07,852][utils.model][INFO] - Step 39/40 - val_loss: 0.6380 - val_accuracy: 0.8308
[2024-06-22 11:39:07,862][utils.model][INFO] - Step 40/40 - val_loss: 0.6342 - val_accuracy: 0.8308
[2024-06-22 11:39:07,864][utils.model][INFO] - Evaluation Results - Val Loss: 0.6342, Val Accuracy: 0.8308 in 40 steps
[2024-06-22 11:39:07,865][flwr][INFO] - fit progress: (1, 0.6341748, {'accuracy': 0.8308}, 7.340891610016115)
[2024-06-22 11:39:07,866][flwr][DEBUG] - evaluate_round 1: strategy sampled 3 clients (out of 3)
[2024-06-22 11:39:08,431][flwr][DEBUG] - evaluate_round 1 received 3 results and 0 failures
[2024-06-22 11:39:08,435][root][INFO] - Epoch data saved to /home/psklavos/fl/geom_aio/csv_logs/exp_20240622_113852/clients/client_0/epoch.csv
[2024-06-22 11:39:08,481][root][INFO] - Batch data saved to /home/psklavos/fl/geom_aio/csv_logs/exp_20240622_113852/clients/client_0/batch.csv
[2024-06-22 11:39:08,482][root][INFO] - Server data saved to /home/psklavos/fl/geom_aio/csv_logs/exp_20240622_113852/server/server.csv
[2024-06-22 11:39:11,897][flwr][DEBUG] - fit_round 2: strategy sampled 3 clients (out of 3)
[2024-06-22 11:39:20,830][flwr][DEBUG] - fit_round 2 received 3 results and 0 failures
[2024-06-22 11:39:20,887][utils.model][INFO] - LeNet model built
[2024-06-22 11:39:20,993][utils.model][INFO] - Size of serialized model: 279.0341796875 kbytes
[2024-06-22 11:39:21,027][utils.model][INFO] - Step 1/40 - val_loss: 0.1058 - val_accuracy: 0.9766
[2024-06-22 11:39:21,047][utils.model][INFO] - Step 2/40 - val_loss: 0.1611 - val_accuracy: 0.9453
[2024-06-22 11:39:21,067][utils.model][INFO] - Step 3/40 - val_loss: 0.1804 - val_accuracy: 0.9388
[2024-06-22 11:39:21,086][utils.model][INFO] - Step 4/40 - val_loss: 0.1857 - val_accuracy: 0.9395
[2024-06-22 11:39:21,107][utils.model][INFO] - Step 5/40 - val_loss: 0.2081 - val_accuracy: 0.9352
[2024-06-22 11:39:21,127][utils.model][INFO] - Step 6/40 - val_loss: 0.2175 - val_accuracy: 0.9349
[2024-06-22 11:39:21,148][utils.model][INFO] - Step 7/40 - val_loss: 0.2226 - val_accuracy: 0.9358
[2024-06-22 11:39:21,168][utils.model][INFO] - Step 8/40 - val_loss: 0.2211 - val_accuracy: 0.9351
[2024-06-22 11:39:21,189][utils.model][INFO] - Step 9/40 - val_loss: 0.2308 - val_accuracy: 0.9319
[2024-06-22 11:39:21,208][utils.model][INFO] - Step 10/40 - val_loss: 0.2267 - val_accuracy: 0.9324
[2024-06-22 11:39:21,228][utils.model][INFO] - Step 11/40 - val_loss: 0.2214 - val_accuracy: 0.9336
[2024-06-22 11:39:21,249][utils.model][INFO] - Step 12/40 - val_loss: 0.2187 - val_accuracy: 0.9349
[2024-06-22 11:39:21,269][utils.model][INFO] - Step 13/40 - val_loss: 0.2177 - val_accuracy: 0.9348
[2024-06-22 11:39:21,289][utils.model][INFO] - Step 14/40 - val_loss: 0.2166 - val_accuracy: 0.9344
[2024-06-22 11:39:21,311][utils.model][INFO] - Step 15/40 - val_loss: 0.2208 - val_accuracy: 0.9328
[2024-06-22 11:39:21,329][utils.model][INFO] - Step 16/40 - val_loss: 0.2243 - val_accuracy: 0.9314
[2024-06-22 11:39:21,350][utils.model][INFO] - Step 17/40 - val_loss: 0.2263 - val_accuracy: 0.9304
[2024-06-22 11:39:21,369][utils.model][INFO] - Step 18/40 - val_loss: 0.2264 - val_accuracy: 0.9308
[2024-06-22 11:39:21,389][utils.model][INFO] - Step 19/40 - val_loss: 0.2271 - val_accuracy: 0.9301
[2024-06-22 11:39:21,409][utils.model][INFO] - Step 20/40 - val_loss: 0.2256 - val_accuracy: 0.9307
[2024-06-22 11:39:21,428][utils.model][INFO] - Step 21/40 - val_loss: 0.2192 - val_accuracy: 0.9323
[2024-06-22 11:39:21,449][utils.model][INFO] - Step 22/40 - val_loss: 0.2119 - val_accuracy: 0.9348
[2024-06-22 11:39:21,470][utils.model][INFO] - Step 23/40 - val_loss: 0.2092 - val_accuracy: 0.9356
[2024-06-22 11:39:21,492][utils.model][INFO] - Step 24/40 - val_loss: 0.2090 - val_accuracy: 0.9359
[2024-06-22 11:39:21,512][utils.model][INFO] - Step 25/40 - val_loss: 0.2045 - val_accuracy: 0.9375
[2024-06-22 11:39:21,530][utils.model][INFO] - Step 26/40 - val_loss: 0.2052 - val_accuracy: 0.9377
[2024-06-22 11:39:21,551][utils.model][INFO] - Step 27/40 - val_loss: 0.2022 - val_accuracy: 0.9387
[2024-06-22 11:39:21,570][utils.model][INFO] - Step 28/40 - val_loss: 0.1976 - val_accuracy: 0.9400
[2024-06-22 11:39:21,589][utils.model][INFO] - Step 29/40 - val_loss: 0.1937 - val_accuracy: 0.9414
[2024-06-22 11:39:21,609][utils.model][INFO] - Step 30/40 - val_loss: 0.1910 - val_accuracy: 0.9426
[2024-06-22 11:39:21,629][utils.model][INFO] - Step 31/40 - val_loss: 0.1874 - val_accuracy: 0.9437
[2024-06-22 11:39:21,648][utils.model][INFO] - Step 32/40 - val_loss: 0.1838 - val_accuracy: 0.9446
[2024-06-22 11:39:21,668][utils.model][INFO] - Step 33/40 - val_loss: 0.1814 - val_accuracy: 0.9454
[2024-06-22 11:39:21,688][utils.model][INFO] - Step 34/40 - val_loss: 0.1771 - val_accuracy: 0.9468
[2024-06-22 11:39:21,707][utils.model][INFO] - Step 35/40 - val_loss: 0.1727 - val_accuracy: 0.9482
[2024-06-22 11:39:21,728][utils.model][INFO] - Step 36/40 - val_loss: 0.1723 - val_accuracy: 0.9486
[2024-06-22 11:39:21,750][utils.model][INFO] - Step 37/40 - val_loss: 0.1691 - val_accuracy: 0.9496
[2024-06-22 11:39:21,774][utils.model][INFO] - Step 38/40 - val_loss: 0.1689 - val_accuracy: 0.9496
[2024-06-22 11:39:21,801][utils.model][INFO] - Step 39/40 - val_loss: 0.1727 - val_accuracy: 0.9487
[2024-06-22 11:39:21,818][utils.model][INFO] - Step 40/40 - val_loss: 0.1697 - val_accuracy: 0.9488
[2024-06-22 11:39:21,821][utils.model][INFO] - Evaluation Results - Val Loss: 0.1697, Val Accuracy: 0.9488 in 40 steps
[2024-06-22 11:39:21,823][flwr][INFO] - fit progress: (2, 0.16972968, {'accuracy': 0.9488}, 21.298650229000486)
[2024-06-22 11:39:21,824][flwr][DEBUG] - evaluate_round 2: strategy sampled 3 clients (out of 3)
[2024-06-22 11:39:22,404][flwr][DEBUG] - evaluate_round 2 received 3 results and 0 failures
[2024-06-22 11:39:22,406][root][INFO] - Epoch data saved to /home/psklavos/fl/geom_aio/csv_logs/exp_20240622_113852/clients/client_0/epoch.csv
[2024-06-22 11:39:22,570][root][INFO] - Batch data saved to /home/psklavos/fl/geom_aio/csv_logs/exp_20240622_113852/clients/client_0/batch.csv
[2024-06-22 11:39:22,571][root][INFO] - Server data saved to /home/psklavos/fl/geom_aio/csv_logs/exp_20240622_113852/server/server.csv
[2024-06-22 11:39:26,395][flwr][DEBUG] - fit_round 3: strategy sampled 3 clients (out of 3)
