[2024-06-18 21:13:09,885][root][INFO] - Initialized DataManager for experiment exp_20240618_211309
[2024-06-18 21:13:28,642][utils.model][INFO] - LeNet model built
[2024-06-18 21:13:28,629][utils.model][INFO] - LeNet model built
[2024-06-18 21:13:30,713][utils.model][INFO] - Size of serialized model: 279.0341796875 kbytes
[2024-06-18 21:13:30,725][utils.model][INFO] - Size of serialized model: 279.0341796875 kbytes
[2024-06-18 21:13:30,779][flwr][INFO] - Opened insecure gRPC connection (no certificates were passed)
[2024-06-18 21:13:30,791][flwr][INFO] - Opened insecure gRPC connection (no certificates were passed)
[2024-06-18 21:13:30,803][flwr][DEBUG] - ChannelConnectivity.IDLE
[2024-06-18 21:13:30,818][flwr][DEBUG] - ChannelConnectivity.CONNECTING
[2024-06-18 21:13:30,831][flwr][DEBUG] - ChannelConnectivity.IDLE
[2024-06-18 21:13:30,839][flwr][DEBUG] - ChannelConnectivity.READY
[2024-06-18 21:13:30,843][flwr][DEBUG] - ChannelConnectivity.READY
[2024-06-18 21:13:44,136][utils.model][INFO] - ========================== Epoch Start ==========================
[2024-06-18 21:13:44,303][utils.model][INFO] - ========================== Epoch Start ==========================
[2024-06-18 21:13:49,713][utils.model][INFO] - (In epoch/Overall): (1/1)| inst_loss: 2.2825 - Mean loss: 2.2825 - acc: 0.1250 - norm: 0.19 - 5.41s
[2024-06-18 21:13:49,714][utils.model][INFO] - (In epoch/Overall): (1/1)| inst_loss: 2.3000 - Mean loss: 2.3000 - acc: 0.0938 - norm: 0.19 - 5.57s
[2024-06-18 21:13:50,364][utils.model][INFO] - (In epoch/Overall): (11/11)| inst_loss: 1.8282 - Mean loss: 2.1108 - acc: 0.2898 - norm: 2.47 - 6.06s
[2024-06-18 21:13:50,364][utils.model][INFO] - (In epoch/Overall): (11/11)| inst_loss: 2.2251 - Mean loss: 2.1680 - acc: 0.2443 - norm: 2.10 - 6.22s
[2024-06-18 21:13:50,993][utils.model][INFO] - (In epoch/Overall): (21/21)| inst_loss: 1.3612 - Mean loss: 1.7987 - acc: 0.4271 - norm: 5.26 - 6.69s
[2024-06-18 21:13:50,993][utils.model][INFO] - (In epoch/Overall): (21/21)| inst_loss: 1.3174 - Mean loss: 1.9067 - acc: 0.3899 - norm: 4.75 - 6.85s
[2024-06-18 21:13:51,091][utils.model][INFO] - Epoch Results:
[2024-06-18 21:13:51,091][utils.model][INFO] - Epoch Results:
[2024-06-18 21:13:51,095][utils.model][INFO] - (In epoch/Overall): (22/22)| inst_loss: 1.3194 - Mean loss: 1.8800 - acc: 0.4006 - norm: 4.95 - 6.96s
[2024-06-18 21:13:51,095][utils.model][INFO] - (In epoch/Overall): (22/22)| inst_loss: 1.2864 - Mean loss: 1.7754 - acc: 0.4332 - norm: 5.47 - 6.79s
[2024-06-18 21:13:53,270][utils.model][INFO] - Evaluation Results - Val Loss: 1.2413, Val Accuracy: 0.5855 in 32 steps
[2024-06-18 21:13:53,276][utils.model][INFO] - Evaluation Results - Val Loss: 1.2221, Val Accuracy: 0.6065 in 32 steps
[2024-06-18 21:13:53,290][root][INFO] - Added epoch data: {'round': 1, 'epoch_steps': 22, 'total_steps': 22, 'l2_norm': 5.472841739654541, 'total_computation_time': 6.344948768615723, 'total_rtc_check_time': 0.25686529200083896, 'total_duration': 6.789088010787964, 'val_loss': 1.2220908403396606, 'val_accuracy': 0.6065000295639038, 'experiment_id': 'exp_20240618_211309'}
[2024-06-18 21:13:53,312][flwr][DEBUG] - gRPC channel closed
