[2024-06-19 17:13:15,324][root][INFO] - Initialized DataManager for experiment exp_20240619_171315
[2024-06-19 17:13:15,326][flwr][INFO] - Starting Flower server, config: ServerConfig(num_rounds=5, round_timeout=None)
[2024-06-19 17:13:15,327][flwr][INFO] - Flower ECE: gRPC server running (5 rounds), SSL is disabled
[2024-06-19 17:13:15,327][flwr][INFO] - Initializing global parameters
[2024-06-19 17:13:15,328][flwr][INFO] - Requesting initial parameters from one random client
[2024-06-19 17:13:19,795][flwr][INFO] - Received initial parameters from one random client
[2024-06-19 17:13:19,795][flwr][INFO] - Evaluating initial parameters
[2024-06-19 17:13:19,925][utils.model][INFO] - LeNet model built
[2024-06-19 17:13:20,163][utils.model][INFO] - Size of serialized model: 279.0341796875 kbytes
[2024-06-19 17:13:20,219][utils.model][INFO] - Step 1/40 - val_loss: 2.3229 - val_accuracy: 0.1602
[2024-06-19 17:13:20,241][utils.model][INFO] - Step 2/40 - val_loss: 2.3133 - val_accuracy: 0.1680
[2024-06-19 17:13:20,263][utils.model][INFO] - Step 3/40 - val_loss: 2.3155 - val_accuracy: 0.1615
[2024-06-19 17:13:20,286][utils.model][INFO] - Step 4/40 - val_loss: 2.3152 - val_accuracy: 0.1729
[2024-06-19 17:13:20,308][utils.model][INFO] - Step 5/40 - val_loss: 2.3178 - val_accuracy: 0.1703
[2024-06-19 17:13:20,329][utils.model][INFO] - Step 6/40 - val_loss: 2.3168 - val_accuracy: 0.1699
[2024-06-19 17:13:20,350][utils.model][INFO] - Step 7/40 - val_loss: 2.3151 - val_accuracy: 0.1724
[2024-06-19 17:13:20,369][utils.model][INFO] - Step 8/40 - val_loss: 2.3132 - val_accuracy: 0.1724
[2024-06-19 17:13:20,390][utils.model][INFO] - Step 9/40 - val_loss: 2.3143 - val_accuracy: 0.1680
[2024-06-19 17:13:20,411][utils.model][INFO] - Step 10/40 - val_loss: 2.3139 - val_accuracy: 0.1691
[2024-06-19 17:13:20,433][utils.model][INFO] - Step 11/40 - val_loss: 2.3121 - val_accuracy: 0.1683
[2024-06-19 17:13:20,453][utils.model][INFO] - Step 12/40 - val_loss: 2.3113 - val_accuracy: 0.1680
[2024-06-19 17:13:20,471][utils.model][INFO] - Step 13/40 - val_loss: 2.3120 - val_accuracy: 0.1656
[2024-06-19 17:13:20,489][utils.model][INFO] - Step 14/40 - val_loss: 2.3123 - val_accuracy: 0.1646
[2024-06-19 17:13:20,508][utils.model][INFO] - Step 15/40 - val_loss: 2.3122 - val_accuracy: 0.1646
[2024-06-19 17:13:20,528][utils.model][INFO] - Step 16/40 - val_loss: 2.3104 - val_accuracy: 0.1689
[2024-06-19 17:13:20,549][utils.model][INFO] - Step 17/40 - val_loss: 2.3092 - val_accuracy: 0.1705
[2024-06-19 17:13:20,568][utils.model][INFO] - Step 18/40 - val_loss: 2.3094 - val_accuracy: 0.1680
[2024-06-19 17:13:20,586][utils.model][INFO] - Step 19/40 - val_loss: 2.3088 - val_accuracy: 0.1676
[2024-06-19 17:13:20,604][utils.model][INFO] - Step 20/40 - val_loss: 2.3086 - val_accuracy: 0.1703
[2024-06-19 17:13:20,623][utils.model][INFO] - Step 21/40 - val_loss: 2.3087 - val_accuracy: 0.1708
[2024-06-19 17:13:20,645][utils.model][INFO] - Step 22/40 - val_loss: 2.3090 - val_accuracy: 0.1717
[2024-06-19 17:13:20,664][utils.model][INFO] - Step 23/40 - val_loss: 2.3089 - val_accuracy: 0.1717
[2024-06-19 17:13:20,685][utils.model][INFO] - Step 24/40 - val_loss: 2.3090 - val_accuracy: 0.1702
[2024-06-19 17:13:20,704][utils.model][INFO] - Step 25/40 - val_loss: 2.3102 - val_accuracy: 0.1694
[2024-06-19 17:13:20,724][utils.model][INFO] - Step 26/40 - val_loss: 2.3102 - val_accuracy: 0.1693
[2024-06-19 17:13:20,741][utils.model][INFO] - Step 27/40 - val_loss: 2.3105 - val_accuracy: 0.1680
[2024-06-19 17:13:20,762][utils.model][INFO] - Step 28/40 - val_loss: 2.3108 - val_accuracy: 0.1669
[2024-06-19 17:13:20,780][utils.model][INFO] - Step 29/40 - val_loss: 2.3108 - val_accuracy: 0.1670
[2024-06-19 17:13:20,799][utils.model][INFO] - Step 30/40 - val_loss: 2.3110 - val_accuracy: 0.1659
[2024-06-19 17:13:20,818][utils.model][INFO] - Step 31/40 - val_loss: 2.3107 - val_accuracy: 0.1663
[2024-06-19 17:13:20,836][utils.model][INFO] - Step 32/40 - val_loss: 2.3111 - val_accuracy: 0.1659
[2024-06-19 17:13:20,855][utils.model][INFO] - Step 33/40 - val_loss: 2.3112 - val_accuracy: 0.1665
[2024-06-19 17:13:20,873][utils.model][INFO] - Step 34/40 - val_loss: 2.3115 - val_accuracy: 0.1662
[2024-06-19 17:13:20,891][utils.model][INFO] - Step 35/40 - val_loss: 2.3116 - val_accuracy: 0.1657
[2024-06-19 17:13:20,909][utils.model][INFO] - Step 36/40 - val_loss: 2.3115 - val_accuracy: 0.1650
[2024-06-19 17:13:20,926][utils.model][INFO] - Step 37/40 - val_loss: 2.3114 - val_accuracy: 0.1656
[2024-06-19 17:13:20,944][utils.model][INFO] - Step 38/40 - val_loss: 2.3115 - val_accuracy: 0.1651
[2024-06-19 17:13:20,962][utils.model][INFO] - Step 39/40 - val_loss: 2.3115 - val_accuracy: 0.1646
[2024-06-19 17:13:20,971][utils.model][INFO] - Step 40/40 - val_loss: 2.3123 - val_accuracy: 0.1645
[2024-06-19 17:13:20,973][utils.model][INFO] - Evaluation Results - Val Loss: 2.3123, Val Accuracy: 0.1645 in 40 steps
[2024-06-19 17:13:20,976][root][INFO] - Added server data: {'round': 0, 'experiment_id': 'exp_20240619_171315'}
[2024-06-19 17:13:20,984][root][INFO] - Appended data to last row of column centralized_loss in server data
[2024-06-19 17:13:20,985][root][INFO] - Appended data to last row of column centralized_acc in server data
[2024-06-19 17:13:20,985][root][INFO] - Appended data to last row of column round in server data
[2024-06-19 17:13:20,986][root][INFO] - Appended data to last row of column experiment_id in server data
[2024-06-19 17:13:20,987][root][INFO] - Appended data to last row of column distributed_loss in server data
[2024-06-19 17:13:20,987][root][INFO] - Appended data to last row of column distributed_acc in server data
[2024-06-19 17:13:20,988][root][INFO] - Appended data to last row of column average_norm in server data
[2024-06-19 17:13:20,989][root][INFO] - Appended data to last row of column round_time in server data
[2024-06-19 17:13:20,989][root][INFO] - Appended data to last row of column average_downlink_time in server data
[2024-06-19 17:13:20,990][root][INFO] - Appended data to last row of column average_rtc_check_time in server data
[2024-06-19 17:13:20,990][root][INFO] - Appended data to last row of column average_uplink_time in server data
[2024-06-19 17:13:20,991][root][INFO] - Appended data to last row of column average_computation_time in server data
[2024-06-19 17:13:20,991][root][INFO] - Appended data to last row of column average_communication_time in server data
[2024-06-19 17:13:20,992][root][INFO] - Appended data to last row of column average_fit_time in server data
[2024-06-19 17:13:20,993][root][INFO] - Appended data to last row of column average_throughput in server data
[2024-06-19 17:13:20,993][root][INFO] - Appended {'centralized_loss': 2.3122573, 'centralized_acc': 0.1645, 'round': None, 'experiment_id': None, 'distributed_loss': None, 'distributed_acc': None, 'average_norm': None, 'round_time': None, 'average_downlink_time': None, 'average_rtc_check_time': None, 'average_uplink_time': None, 'average_computation_time': None, 'average_communication_time': None, 'average_fit_time': None, 'average_throughput': None} to the last row of server data
[2024-06-19 17:13:20,993][flwr][INFO] - initial parameters (loss, other metrics): 2.3122573, {'accuracy': 0.1645}
[2024-06-19 17:13:20,993][flwr][INFO] - FL starting
[2024-06-19 17:13:26,149][flwr][DEBUG] - fit_round 1: strategy sampled 3 clients (out of 3)
[2024-06-19 17:13:27,751][flwr][DEBUG] - fit_round 1 received 3 results and 0 failures
[2024-06-19 17:13:27,766][root][INFO] - Added server data: {'round': 1, 'average_norm': 5.095313707987468, 'round_time': 2.929178608765259, 'average_downlink_time': 0.6706665773333333, 'average_rtc_check_time': 0.08890655401046388, 'average_uplink_time': 0.6063125326666666, 'average_computation_time': 1.3124004205067952, 'average_communication_time': 1.3658856640104637, 'average_fit_time': 1.5570822556813557, 'average_throughput': 3.695221445904219, 'dropouts': 0, 'experiment_id': 'exp_20240619_171315'}
[2024-06-19 17:13:27,830][utils.model][INFO] - LeNet model built
[2024-06-19 17:13:27,941][utils.model][INFO] - Size of serialized model: 279.0341796875 kbytes
[2024-06-19 17:13:27,973][utils.model][INFO] - Step 1/40 - val_loss: 1.0923 - val_accuracy: 0.7734
[2024-06-19 17:13:27,991][utils.model][INFO] - Step 2/40 - val_loss: 1.1077 - val_accuracy: 0.7676
[2024-06-19 17:13:28,011][utils.model][INFO] - Step 3/40 - val_loss: 1.1136 - val_accuracy: 0.7539
[2024-06-19 17:13:28,029][utils.model][INFO] - Step 4/40 - val_loss: 1.1074 - val_accuracy: 0.7568
[2024-06-19 17:13:28,047][utils.model][INFO] - Step 5/40 - val_loss: 1.1327 - val_accuracy: 0.7422
[2024-06-19 17:13:28,065][utils.model][INFO] - Step 6/40 - val_loss: 1.1322 - val_accuracy: 0.7441
[2024-06-19 17:13:28,083][utils.model][INFO] - Step 7/40 - val_loss: 1.1354 - val_accuracy: 0.7461
[2024-06-19 17:13:28,101][utils.model][INFO] - Step 8/40 - val_loss: 1.1349 - val_accuracy: 0.7422
[2024-06-19 17:13:28,120][utils.model][INFO] - Step 9/40 - val_loss: 1.1399 - val_accuracy: 0.7422
[2024-06-19 17:13:28,138][utils.model][INFO] - Step 10/40 - val_loss: 1.1341 - val_accuracy: 0.7441
[2024-06-19 17:13:28,158][utils.model][INFO] - Step 11/40 - val_loss: 1.1356 - val_accuracy: 0.7436
[2024-06-19 17:13:28,176][utils.model][INFO] - Step 12/40 - val_loss: 1.1320 - val_accuracy: 0.7458
[2024-06-19 17:13:28,194][utils.model][INFO] - Step 13/40 - val_loss: 1.1281 - val_accuracy: 0.7485
[2024-06-19 17:13:28,212][utils.model][INFO] - Step 14/40 - val_loss: 1.1288 - val_accuracy: 0.7480
[2024-06-19 17:13:28,231][utils.model][INFO] - Step 15/40 - val_loss: 1.1293 - val_accuracy: 0.7461
[2024-06-19 17:13:28,249][utils.model][INFO] - Step 16/40 - val_loss: 1.1282 - val_accuracy: 0.7480
[2024-06-19 17:13:28,268][utils.model][INFO] - Step 17/40 - val_loss: 1.1288 - val_accuracy: 0.7479
[2024-06-19 17:13:28,286][utils.model][INFO] - Step 18/40 - val_loss: 1.1295 - val_accuracy: 0.7472
[2024-06-19 17:13:28,304][utils.model][INFO] - Step 19/40 - val_loss: 1.1278 - val_accuracy: 0.7477
[2024-06-19 17:13:28,323][utils.model][INFO] - Step 20/40 - val_loss: 1.1249 - val_accuracy: 0.7496
[2024-06-19 17:13:28,341][utils.model][INFO] - Step 21/40 - val_loss: 1.1174 - val_accuracy: 0.7554
[2024-06-19 17:13:28,360][utils.model][INFO] - Step 22/40 - val_loss: 1.1080 - val_accuracy: 0.7598
[2024-06-19 17:13:28,378][utils.model][INFO] - Step 23/40 - val_loss: 1.1017 - val_accuracy: 0.7614
[2024-06-19 17:13:28,396][utils.model][INFO] - Step 24/40 - val_loss: 1.0979 - val_accuracy: 0.7619
[2024-06-19 17:13:28,415][utils.model][INFO] - Step 25/40 - val_loss: 1.0911 - val_accuracy: 0.7653
[2024-06-19 17:13:28,433][utils.model][INFO] - Step 26/40 - val_loss: 1.0918 - val_accuracy: 0.7677
[2024-06-19 17:13:28,452][utils.model][INFO] - Step 27/40 - val_loss: 1.0904 - val_accuracy: 0.7675
[2024-06-19 17:13:28,471][utils.model][INFO] - Step 28/40 - val_loss: 1.0850 - val_accuracy: 0.7719
[2024-06-19 17:13:28,490][utils.model][INFO] - Step 29/40 - val_loss: 1.0833 - val_accuracy: 0.7738
[2024-06-19 17:13:28,507][utils.model][INFO] - Step 30/40 - val_loss: 1.0856 - val_accuracy: 0.7729
[2024-06-19 17:13:28,526][utils.model][INFO] - Step 31/40 - val_loss: 1.0836 - val_accuracy: 0.7733
[2024-06-19 17:13:28,544][utils.model][INFO] - Step 32/40 - val_loss: 1.0802 - val_accuracy: 0.7745
[2024-06-19 17:13:28,561][utils.model][INFO] - Step 33/40 - val_loss: 1.0799 - val_accuracy: 0.7752
[2024-06-19 17:13:28,579][utils.model][INFO] - Step 34/40 - val_loss: 1.0737 - val_accuracy: 0.7780
[2024-06-19 17:13:28,596][utils.model][INFO] - Step 35/40 - val_loss: 1.0667 - val_accuracy: 0.7828
[2024-06-19 17:13:28,615][utils.model][INFO] - Step 36/40 - val_loss: 1.0656 - val_accuracy: 0.7836
[2024-06-19 17:13:28,635][utils.model][INFO] - Step 37/40 - val_loss: 1.0621 - val_accuracy: 0.7852
[2024-06-19 17:13:28,657][utils.model][INFO] - Step 38/40 - val_loss: 1.0628 - val_accuracy: 0.7856
[2024-06-19 17:13:28,677][utils.model][INFO] - Step 39/40 - val_loss: 1.0680 - val_accuracy: 0.7846
[2024-06-19 17:13:28,688][utils.model][INFO] - Step 40/40 - val_loss: 1.0624 - val_accuracy: 0.7846
[2024-06-19 17:13:28,690][utils.model][INFO] - Evaluation Results - Val Loss: 1.0624, Val Accuracy: 0.7846 in 40 steps
[2024-06-19 17:13:28,692][root][INFO] - Appended data to last row of column centralized_loss in server data
[2024-06-19 17:13:28,692][root][INFO] - Appended data to last row of column centralized_acc in server data
[2024-06-19 17:13:28,693][root][INFO] - Appended data to last row of column round in server data
[2024-06-19 17:13:28,693][root][INFO] - Appended data to last row of column experiment_id in server data
[2024-06-19 17:13:28,693][root][INFO] - Appended data to last row of column distributed_loss in server data
[2024-06-19 17:13:28,693][root][INFO] - Appended data to last row of column distributed_acc in server data
[2024-06-19 17:13:28,694][root][INFO] - Appended data to last row of column average_norm in server data
[2024-06-19 17:13:28,694][root][INFO] - Appended data to last row of column round_time in server data
[2024-06-19 17:13:28,694][root][INFO] - Appended data to last row of column average_downlink_time in server data
[2024-06-19 17:13:28,695][root][INFO] - Appended data to last row of column average_rtc_check_time in server data
[2024-06-19 17:13:28,695][root][INFO] - Appended data to last row of column average_uplink_time in server data
[2024-06-19 17:13:28,696][root][INFO] - Appended data to last row of column average_computation_time in server data
[2024-06-19 17:13:28,696][root][INFO] - Appended data to last row of column average_communication_time in server data
[2024-06-19 17:13:28,697][root][INFO] - Appended data to last row of column average_fit_time in server data
[2024-06-19 17:13:28,697][root][INFO] - Appended data to last row of column average_throughput in server data
[2024-06-19 17:13:28,697][root][INFO] - Appended {'centralized_loss': 1.0623981, 'centralized_acc': 0.7846, 'round': None, 'experiment_id': None, 'distributed_loss': None, 'distributed_acc': None, 'average_norm': None, 'round_time': None, 'average_downlink_time': None, 'average_rtc_check_time': None, 'average_uplink_time': None, 'average_computation_time': None, 'average_communication_time': None, 'average_fit_time': None, 'average_throughput': None} to the last row of server data
[2024-06-19 17:13:28,697][flwr][INFO] - fit progress: (1, 1.0623981, {'accuracy': 0.7846}, 7.704136387998005)
[2024-06-19 17:13:28,698][flwr][DEBUG] - evaluate_round 1: strategy sampled 3 clients (out of 3)
[2024-06-19 17:13:29,264][flwr][DEBUG] - evaluate_round 1 received 3 results and 0 failures
[2024-06-19 17:13:29,265][root][INFO] - Added epoch data: {'round': 1, 'epoch_steps': 24, 'total_steps': 24, 'l2_norm': 5.091391563415527, 'total_computation_time': 1.3181219100952148, 'total_rtc_check_time': 0.07942846801597625, 'total_duration': 1.5562269687652588, 'val_loss': 1.0649991035461426, 'val_accuracy': 0.7760000228881836, 'experiment_id': 'exp_20240619_171315'}
[2024-06-19 17:13:29,268][root][INFO] - Epoch data saved to /home/psklavos/fl/geom_aio/csv_logs/exp_20240619_171315/clients/client_0/epoch.csv
[2024-06-19 17:13:29,280][root][INFO] - Added training data List. New Data Added: 24
[2024-06-19 17:13:29,281][root][INFO] - Training data saved to /home/psklavos/fl/geom_aio/csv_logs/exp_20240619_171315/clients/client_0/training.csv
[2024-06-19 17:13:29,282][root][INFO] - Appended data to last row of column distributed_loss in server data
[2024-06-19 17:13:29,282][root][INFO] - Appended data to last row of column distributed_acc in server data
[2024-06-19 17:13:29,282][root][INFO] - Appended data to last row of column round in server data
[2024-06-19 17:13:29,282][root][INFO] - Appended data to last row of column experiment_id in server data
[2024-06-19 17:13:29,283][root][INFO] - Appended data to last row of column centralized_loss in server data
[2024-06-19 17:13:29,283][root][INFO] - Appended data to last row of column centralized_acc in server data
[2024-06-19 17:13:29,283][root][INFO] - Appended data to last row of column average_norm in server data
[2024-06-19 17:13:29,284][root][INFO] - Appended data to last row of column round_time in server data
[2024-06-19 17:13:29,284][root][INFO] - Appended data to last row of column average_downlink_time in server data
[2024-06-19 17:13:29,285][root][INFO] - Appended data to last row of column average_rtc_check_time in server data
[2024-06-19 17:13:29,285][root][INFO] - Appended data to last row of column average_uplink_time in server data
[2024-06-19 17:13:29,285][root][INFO] - Appended data to last row of column average_computation_time in server data
[2024-06-19 17:13:29,286][root][INFO] - Appended data to last row of column average_communication_time in server data
[2024-06-19 17:13:29,286][root][INFO] - Appended data to last row of column average_fit_time in server data
[2024-06-19 17:13:29,286][root][INFO] - Appended data to last row of column average_throughput in server data
[2024-06-19 17:13:29,286][root][INFO] - Appended {'distributed_loss': 1.0816529989242554, 'distributed_acc': 0.7730000217755636, 'round': None, 'experiment_id': None, 'centralized_loss': None, 'centralized_acc': None, 'average_norm': None, 'round_time': None, 'average_downlink_time': None, 'average_rtc_check_time': None, 'average_uplink_time': None, 'average_computation_time': None, 'average_communication_time': None, 'average_fit_time': None, 'average_throughput': None} to the last row of server data
[2024-06-19 17:13:29,288][root][INFO] - Server data saved to /home/psklavos/fl/geom_aio/csv_logs/exp_20240619_171315/server/server.csv
[2024-06-19 17:13:33,981][flwr][DEBUG] - fit_round 2: strategy sampled 3 clients (out of 3)
[2024-06-19 17:13:38,087][flwr][DEBUG] - fit_round 2 received 3 results and 0 failures
[2024-06-19 17:13:38,092][root][INFO] - Added server data: {'round': 2, 'average_norm': 5.0357292493184405, 'round_time': 5.560625428954834, 'average_downlink_time': 0.7907028973333334, 'average_rtc_check_time': 0.2867489779916165, 'average_uplink_time': 0.5791610963333333, 'average_computation_time': 3.5439815521240234, 'average_communication_time': 1.6566129716582834, 'average_fit_time': 4.087220271428426, 'average_throughput': 3.8746694150314904, 'dropouts': 0, 'experiment_id': 'exp_20240619_171315'}
[2024-06-19 17:13:38,154][utils.model][INFO] - LeNet model built
[2024-06-19 17:13:38,259][utils.model][INFO] - Size of serialized model: 279.0341796875 kbytes
[2024-06-19 17:13:38,289][utils.model][INFO] - Step 1/40 - val_loss: 0.2923 - val_accuracy: 0.9297
[2024-06-19 17:13:38,308][utils.model][INFO] - Step 2/40 - val_loss: 0.3498 - val_accuracy: 0.9023
[2024-06-19 17:13:38,328][utils.model][INFO] - Step 3/40 - val_loss: 0.3514 - val_accuracy: 0.9023
[2024-06-19 17:13:38,347][utils.model][INFO] - Step 4/40 - val_loss: 0.3398 - val_accuracy: 0.9062
[2024-06-19 17:13:38,366][utils.model][INFO] - Step 5/40 - val_loss: 0.3715 - val_accuracy: 0.9008
[2024-06-19 17:13:38,384][utils.model][INFO] - Step 6/40 - val_loss: 0.3763 - val_accuracy: 0.8997
[2024-06-19 17:13:38,403][utils.model][INFO] - Step 7/40 - val_loss: 0.3831 - val_accuracy: 0.8990
[2024-06-19 17:13:38,421][utils.model][INFO] - Step 8/40 - val_loss: 0.3824 - val_accuracy: 0.8999
[2024-06-19 17:13:38,440][utils.model][INFO] - Step 9/40 - val_loss: 0.3890 - val_accuracy: 0.8984
[2024-06-19 17:13:38,458][utils.model][INFO] - Step 10/40 - val_loss: 0.3845 - val_accuracy: 0.8977
[2024-06-19 17:13:38,477][utils.model][INFO] - Step 11/40 - val_loss: 0.3868 - val_accuracy: 0.8956
[2024-06-19 17:13:38,496][utils.model][INFO] - Step 12/40 - val_loss: 0.3831 - val_accuracy: 0.8949
[2024-06-19 17:13:38,514][utils.model][INFO] - Step 13/40 - val_loss: 0.3811 - val_accuracy: 0.8960
[2024-06-19 17:13:38,533][utils.model][INFO] - Step 14/40 - val_loss: 0.3804 - val_accuracy: 0.8959
[2024-06-19 17:13:38,551][utils.model][INFO] - Step 15/40 - val_loss: 0.3858 - val_accuracy: 0.8935
[2024-06-19 17:13:38,569][utils.model][INFO] - Step 16/40 - val_loss: 0.3899 - val_accuracy: 0.8931
[2024-06-19 17:13:38,597][utils.model][INFO] - Step 17/40 - val_loss: 0.3932 - val_accuracy: 0.8915
[2024-06-19 17:13:38,616][utils.model][INFO] - Step 18/40 - val_loss: 0.3941 - val_accuracy: 0.8911
[2024-06-19 17:13:38,635][utils.model][INFO] - Step 19/40 - val_loss: 0.3915 - val_accuracy: 0.8919
[2024-06-19 17:13:38,655][utils.model][INFO] - Step 20/40 - val_loss: 0.3898 - val_accuracy: 0.8926
[2024-06-19 17:13:38,674][utils.model][INFO] - Step 21/40 - val_loss: 0.3801 - val_accuracy: 0.8949
[2024-06-19 17:13:38,694][utils.model][INFO] - Step 22/40 - val_loss: 0.3678 - val_accuracy: 0.8993
[2024-06-19 17:13:38,714][utils.model][INFO] - Step 23/40 - val_loss: 0.3619 - val_accuracy: 0.9001
[2024-06-19 17:13:38,733][utils.model][INFO] - Step 24/40 - val_loss: 0.3637 - val_accuracy: 0.8996
[2024-06-19 17:13:38,753][utils.model][INFO] - Step 25/40 - val_loss: 0.3566 - val_accuracy: 0.9022
[2024-06-19 17:13:38,774][utils.model][INFO] - Step 26/40 - val_loss: 0.3562 - val_accuracy: 0.9022
[2024-06-19 17:13:38,793][utils.model][INFO] - Step 27/40 - val_loss: 0.3541 - val_accuracy: 0.9023
[2024-06-19 17:13:38,812][utils.model][INFO] - Step 28/40 - val_loss: 0.3458 - val_accuracy: 0.9050
[2024-06-19 17:13:38,833][utils.model][INFO] - Step 29/40 - val_loss: 0.3406 - val_accuracy: 0.9068
[2024-06-19 17:13:38,854][utils.model][INFO] - Step 30/40 - val_loss: 0.3388 - val_accuracy: 0.9081
[2024-06-19 17:13:38,876][utils.model][INFO] - Step 31/40 - val_loss: 0.3372 - val_accuracy: 0.9085
[2024-06-19 17:13:38,899][utils.model][INFO] - Step 32/40 - val_loss: 0.3317 - val_accuracy: 0.9095
[2024-06-19 17:13:38,919][utils.model][INFO] - Step 33/40 - val_loss: 0.3284 - val_accuracy: 0.9102
[2024-06-19 17:13:38,939][utils.model][INFO] - Step 34/40 - val_loss: 0.3215 - val_accuracy: 0.9125
[2024-06-19 17:13:38,960][utils.model][INFO] - Step 35/40 - val_loss: 0.3143 - val_accuracy: 0.9145
[2024-06-19 17:13:38,980][utils.model][INFO] - Step 36/40 - val_loss: 0.3157 - val_accuracy: 0.9146
[2024-06-19 17:13:39,001][utils.model][INFO] - Step 37/40 - val_loss: 0.3108 - val_accuracy: 0.9164
[2024-06-19 17:13:39,019][utils.model][INFO] - Step 38/40 - val_loss: 0.3112 - val_accuracy: 0.9160
[2024-06-19 17:13:39,036][utils.model][INFO] - Step 39/40 - val_loss: 0.3159 - val_accuracy: 0.9140
[2024-06-19 17:13:39,045][utils.model][INFO] - Step 40/40 - val_loss: 0.3129 - val_accuracy: 0.9139
[2024-06-19 17:13:39,046][utils.model][INFO] - Evaluation Results - Val Loss: 0.3129, Val Accuracy: 0.9139 in 40 steps
[2024-06-19 17:13:39,048][root][INFO] - Appended data to last row of column centralized_loss in server data
[2024-06-19 17:13:39,048][root][INFO] - Appended data to last row of column centralized_acc in server data
[2024-06-19 17:13:39,049][root][INFO] - Appended data to last row of column round in server data
[2024-06-19 17:13:39,049][root][INFO] - Appended data to last row of column experiment_id in server data
[2024-06-19 17:13:39,049][root][INFO] - Appended data to last row of column distributed_loss in server data
[2024-06-19 17:13:39,049][root][INFO] - Appended data to last row of column distributed_acc in server data
[2024-06-19 17:13:39,049][root][INFO] - Appended data to last row of column average_norm in server data
[2024-06-19 17:13:39,050][root][INFO] - Appended data to last row of column round_time in server data
[2024-06-19 17:13:39,050][root][INFO] - Appended data to last row of column average_downlink_time in server data
[2024-06-19 17:13:39,050][root][INFO] - Appended data to last row of column average_rtc_check_time in server data
[2024-06-19 17:13:39,051][root][INFO] - Appended data to last row of column average_uplink_time in server data
[2024-06-19 17:13:39,051][root][INFO] - Appended data to last row of column average_computation_time in server data
[2024-06-19 17:13:39,051][root][INFO] - Appended data to last row of column average_communication_time in server data
[2024-06-19 17:13:39,052][root][INFO] - Appended data to last row of column average_fit_time in server data
[2024-06-19 17:13:39,052][root][INFO] - Appended data to last row of column average_throughput in server data
[2024-06-19 17:13:39,052][root][INFO] - Appended {'centralized_loss': 0.3128882, 'centralized_acc': 0.9139, 'round': None, 'experiment_id': None, 'distributed_loss': None, 'distributed_acc': None, 'average_norm': None, 'round_time': None, 'average_downlink_time': None, 'average_rtc_check_time': None, 'average_uplink_time': None, 'average_computation_time': None, 'average_communication_time': None, 'average_fit_time': None, 'average_throughput': None} to the last row of server data
[2024-06-19 17:13:39,052][flwr][INFO] - fit progress: (2, 0.3128882, {'accuracy': 0.9139}, 18.05903242700151)
[2024-06-19 17:13:39,052][flwr][DEBUG] - evaluate_round 2: strategy sampled 3 clients (out of 3)
[2024-06-19 17:13:39,591][flwr][DEBUG] - evaluate_round 2 received 3 results and 0 failures
[2024-06-19 17:13:39,592][root][INFO] - Added epoch data: {'round': 2, 'epoch_steps': 81, 'total_steps': 105, 'l2_norm': 4.880172252655029, 'total_computation_time': 3.5556302070617676, 'total_rtc_check_time': 0.27730078902095556, 'total_duration': 4.088529109954834, 'val_loss': 0.29538825154304504, 'val_accuracy': 0.9139999747276306, 'experiment_id': 'exp_20240619_171315'}
[2024-06-19 17:13:39,593][root][INFO] - Epoch data saved to /home/psklavos/fl/geom_aio/csv_logs/exp_20240619_171315/clients/client_0/epoch.csv
[2024-06-19 17:13:39,631][root][INFO] - Added training data List. New Data Added: 81
[2024-06-19 17:13:39,634][root][INFO] - Training data saved to /home/psklavos/fl/geom_aio/csv_logs/exp_20240619_171315/clients/client_0/training.csv
[2024-06-19 17:13:39,634][root][INFO] - Appended data to last row of column distributed_loss in server data
[2024-06-19 17:13:39,635][root][INFO] - Appended data to last row of column distributed_acc in server data
[2024-06-19 17:13:39,635][root][INFO] - Appended data to last row of column round in server data
[2024-06-19 17:13:39,635][root][INFO] - Appended data to last row of column experiment_id in server data
[2024-06-19 17:13:39,636][root][INFO] - Appended data to last row of column centralized_loss in server data
[2024-06-19 17:13:39,636][root][INFO] - Appended data to last row of column centralized_acc in server data
[2024-06-19 17:13:39,637][root][INFO] - Appended data to last row of column average_norm in server data
[2024-06-19 17:13:39,637][root][INFO] - Appended data to last row of column round_time in server data
[2024-06-19 17:13:39,637][root][INFO] - Appended data to last row of column average_downlink_time in server data
[2024-06-19 17:13:39,638][root][INFO] - Appended data to last row of column average_rtc_check_time in server data
[2024-06-19 17:13:39,638][root][INFO] - Appended data to last row of column average_uplink_time in server data
[2024-06-19 17:13:39,639][root][INFO] - Appended data to last row of column average_computation_time in server data
[2024-06-19 17:13:39,639][root][INFO] - Appended data to last row of column average_communication_time in server data
[2024-06-19 17:13:39,639][root][INFO] - Appended data to last row of column average_fit_time in server data
[2024-06-19 17:13:39,640][root][INFO] - Appended data to last row of column average_throughput in server data
[2024-06-19 17:13:39,640][root][INFO] - Appended {'distributed_loss': 0.32399576902389526, 'distributed_acc': 0.9091666539510092, 'round': None, 'experiment_id': None, 'centralized_loss': None, 'centralized_acc': None, 'average_norm': None, 'round_time': None, 'average_downlink_time': None, 'average_rtc_check_time': None, 'average_uplink_time': None, 'average_computation_time': None, 'average_communication_time': None, 'average_fit_time': None, 'average_throughput': None} to the last row of server data
[2024-06-19 17:13:39,641][root][INFO] - Server data saved to /home/psklavos/fl/geom_aio/csv_logs/exp_20240619_171315/server/server.csv
[2024-06-19 17:13:43,987][flwr][DEBUG] - fit_round 3: strategy sampled 3 clients (out of 3)
