[2024-06-19 03:02:21,400][utils.model][INFO] - LeNet model built
[2024-06-19 03:02:21,644][utils.model][INFO] - Size of serialized model: 279.0341796875 kbytes
[2024-06-19 03:02:21,673][flwr][INFO] - Opened insecure gRPC connection (no certificates were passed)
[2024-06-19 03:02:21,675][flwr][DEBUG] - ChannelConnectivity.IDLE
[2024-06-19 03:02:21,676][flwr][DEBUG] - ChannelConnectivity.CONNECTING
[2024-06-19 03:02:21,678][flwr][DEBUG] - ChannelConnectivity.READY
[2024-06-19 03:02:22,269][utils.model][INFO] - LeNet model built
[2024-06-19 03:02:22,630][utils.model][INFO] - Size of serialized model: 279.0341796875 kbytes
[2024-06-19 03:02:22,644][flwr][INFO] - Opened insecure gRPC connection (no certificates were passed)
[2024-06-19 03:02:22,648][flwr][DEBUG] - ChannelConnectivity.IDLE
[2024-06-19 03:02:22,649][flwr][DEBUG] - ChannelConnectivity.READY
[2024-06-19 03:02:27,383][utils.model][INFO] - ========================== Epoch Start ==========================
[2024-06-19 03:02:27,388][utils.model][INFO] - ========================== Epoch Start ==========================
[2024-06-19 03:02:27,740][utils.model][INFO] - (In epoch/Overall): (1/1)| inst_loss: 2.3059 - Mean loss: 2.3059 - acc: 0.0938 - norm: 0.26 - 0.36s
[2024-06-19 03:02:27,740][utils.model][INFO] - (In epoch/Overall): (1/1)| inst_loss: 2.2975 - Mean loss: 2.2975 - acc: 0.0938 - norm: 0.24 - 0.35s
[2024-06-19 03:02:28,230][utils.model][INFO] - (In epoch/Overall): (11/11)| inst_loss: 2.0610 - Mean loss: 2.1555 - acc: 0.2784 - norm: 2.05 - 0.84s
[2024-06-19 03:02:28,231][utils.model][INFO] - (In epoch/Overall): (11/11)| inst_loss: 2.0673 - Mean loss: 2.2019 - acc: 0.2188 - norm: 1.84 - 0.85s
[2024-06-19 03:02:28,796][utils.model][INFO] - (In epoch/Overall): (21/21)| inst_loss: 1.5405 - Mean loss: 1.9711 - acc: 0.3512 - norm: 4.38 - 1.41s
[2024-06-19 03:02:28,796][utils.model][INFO] - (In epoch/Overall): (21/21)| inst_loss: 1.2368 - Mean loss: 1.8756 - acc: 0.4033 - norm: 4.77 - 1.41s
[2024-06-19 03:02:28,910][utils.model][INFO] - Epoch Results:
[2024-06-19 03:02:28,910][utils.model][INFO] - Epoch Results:
[2024-06-19 03:02:28,913][utils.model][INFO] - (In epoch/Overall): (23/23)| Mean loss: 1.9354 - acc: 0.3655 - norm: 4.85 - 1.53s
[2024-06-19 03:02:28,914][utils.model][INFO] - (In epoch/Overall): (23/23)| Mean loss: 1.8348 - acc: 0.4130 - norm: 5.15 - 1.52s
