[2024-06-22 14:41:00,602][root][INFO] - Initialized DataManager for experiment exp_20240622_144100
[2024-06-22 14:41:00,609][root][INFO] - Info data saved to /home/psklavos/fl/geom_aio/csv_logs/exp_20240622_144100/info.csv
[2024-06-22 14:41:00,610][flwr][INFO] - Starting Flower server, config: ServerConfig(num_rounds=3, round_timeout=None)
[2024-06-22 14:41:00,612][flwr][INFO] - Flower ECE: gRPC server running (3 rounds), SSL is disabled
[2024-06-22 14:41:00,612][flwr][INFO] - Initializing global parameters
[2024-06-22 14:41:00,614][flwr][INFO] - Requesting initial parameters from one random client
[2024-06-22 14:41:09,787][flwr][INFO] - Received initial parameters from one random client
[2024-06-22 14:41:09,788][flwr][INFO] - Evaluating initial parameters
[2024-06-22 14:41:10,063][utils.model][INFO] - LeNet model built
[2024-06-22 14:41:10,650][utils.model][INFO] - Size of serialized model: 279.0341796875 kbytes
[2024-06-22 14:41:10,790][utils.model][INFO] - Step 1/40 - val_loss: 2.3001 - val_accuracy: 0.0781
[2024-06-22 14:41:10,819][utils.model][INFO] - Step 2/40 - val_loss: 2.3087 - val_accuracy: 0.0781
[2024-06-22 14:41:10,861][utils.model][INFO] - Step 3/40 - val_loss: 2.3128 - val_accuracy: 0.0820
[2024-06-22 14:41:10,905][utils.model][INFO] - Step 4/40 - val_loss: 2.3141 - val_accuracy: 0.0742
[2024-06-22 14:41:10,934][utils.model][INFO] - Step 5/40 - val_loss: 2.3136 - val_accuracy: 0.0719
[2024-06-22 14:41:10,962][utils.model][INFO] - Step 6/40 - val_loss: 2.3138 - val_accuracy: 0.0755
[2024-06-22 14:41:10,997][utils.model][INFO] - Step 7/40 - val_loss: 2.3147 - val_accuracy: 0.0787
[2024-06-22 14:41:11,032][utils.model][INFO] - Step 8/40 - val_loss: 2.3143 - val_accuracy: 0.0786
[2024-06-22 14:41:11,070][utils.model][INFO] - Step 9/40 - val_loss: 2.3152 - val_accuracy: 0.0790
[2024-06-22 14:41:11,105][utils.model][INFO] - Step 10/40 - val_loss: 2.3147 - val_accuracy: 0.0781
[2024-06-22 14:41:11,129][utils.model][INFO] - Step 11/40 - val_loss: 2.3148 - val_accuracy: 0.0781
[2024-06-22 14:41:11,162][utils.model][INFO] - Step 12/40 - val_loss: 2.3143 - val_accuracy: 0.0798
[2024-06-22 14:41:11,191][utils.model][INFO] - Step 13/40 - val_loss: 2.3155 - val_accuracy: 0.0772
[2024-06-22 14:41:11,226][utils.model][INFO] - Step 14/40 - val_loss: 2.3152 - val_accuracy: 0.0770
[2024-06-22 14:41:11,255][utils.model][INFO] - Step 15/40 - val_loss: 2.3158 - val_accuracy: 0.0755
[2024-06-22 14:41:11,286][utils.model][INFO] - Step 16/40 - val_loss: 2.3155 - val_accuracy: 0.0764
[2024-06-22 14:41:11,312][utils.model][INFO] - Step 17/40 - val_loss: 2.3153 - val_accuracy: 0.0779
[2024-06-22 14:41:11,337][utils.model][INFO] - Step 18/40 - val_loss: 2.3152 - val_accuracy: 0.0777
[2024-06-22 14:41:11,364][utils.model][INFO] - Step 19/40 - val_loss: 2.3159 - val_accuracy: 0.0771
[2024-06-22 14:41:11,392][utils.model][INFO] - Step 20/40 - val_loss: 2.3158 - val_accuracy: 0.0752
[2024-06-22 14:41:11,418][utils.model][INFO] - Step 21/40 - val_loss: 2.3158 - val_accuracy: 0.0757
[2024-06-22 14:41:11,443][utils.model][INFO] - Step 22/40 - val_loss: 2.3163 - val_accuracy: 0.0744
[2024-06-22 14:41:11,466][utils.model][INFO] - Step 23/40 - val_loss: 2.3166 - val_accuracy: 0.0737
[2024-06-22 14:41:11,492][utils.model][INFO] - Step 24/40 - val_loss: 2.3167 - val_accuracy: 0.0724
[2024-06-22 14:41:11,513][utils.model][INFO] - Step 25/40 - val_loss: 2.3173 - val_accuracy: 0.0717
[2024-06-22 14:41:11,532][utils.model][INFO] - Step 26/40 - val_loss: 2.3175 - val_accuracy: 0.0726
[2024-06-22 14:41:11,552][utils.model][INFO] - Step 27/40 - val_loss: 2.3170 - val_accuracy: 0.0734
[2024-06-22 14:41:11,573][utils.model][INFO] - Step 28/40 - val_loss: 2.3172 - val_accuracy: 0.0731
[2024-06-22 14:41:11,593][utils.model][INFO] - Step 29/40 - val_loss: 2.3172 - val_accuracy: 0.0733
[2024-06-22 14:41:11,612][utils.model][INFO] - Step 30/40 - val_loss: 2.3171 - val_accuracy: 0.0747
[2024-06-22 14:41:11,636][utils.model][INFO] - Step 31/40 - val_loss: 2.3176 - val_accuracy: 0.0746
[2024-06-22 14:41:11,655][utils.model][INFO] - Step 32/40 - val_loss: 2.3175 - val_accuracy: 0.0753
[2024-06-22 14:41:11,678][utils.model][INFO] - Step 33/40 - val_loss: 2.3174 - val_accuracy: 0.0758
[2024-06-22 14:41:11,702][utils.model][INFO] - Step 34/40 - val_loss: 2.3178 - val_accuracy: 0.0746
[2024-06-22 14:41:11,722][utils.model][INFO] - Step 35/40 - val_loss: 2.3180 - val_accuracy: 0.0748
[2024-06-22 14:41:11,744][utils.model][INFO] - Step 36/40 - val_loss: 2.3178 - val_accuracy: 0.0754
[2024-06-22 14:41:11,764][utils.model][INFO] - Step 37/40 - val_loss: 2.3183 - val_accuracy: 0.0761
[2024-06-22 14:41:11,783][utils.model][INFO] - Step 38/40 - val_loss: 2.3182 - val_accuracy: 0.0768
[2024-06-22 14:41:11,803][utils.model][INFO] - Step 39/40 - val_loss: 2.3179 - val_accuracy: 0.0775
[2024-06-22 14:41:11,816][utils.model][INFO] - Step 40/40 - val_loss: 2.3175 - val_accuracy: 0.0774
[2024-06-22 14:41:11,819][utils.model][INFO] - Evaluation Results - Val Loss: 2.3175, Val Accuracy: 0.0774 in 40 steps
[2024-06-22 14:41:11,827][flwr][INFO] - initial parameters (loss, other metrics): 2.317528, {'accuracy': 0.0774}
[2024-06-22 14:41:11,827][flwr][INFO] - FL starting
[2024-06-22 14:41:16,704][flwr][DEBUG] - fit_round 1: strategy sampled 4 clients (out of 5)
[2024-06-22 14:41:18,807][flwr][DEBUG] - fit_round 1 received 4 results and 0 failures
[2024-06-22 14:41:18,864][utils.model][INFO] - LeNet model built
[2024-06-22 14:41:18,971][utils.model][INFO] - Size of serialized model: 279.0341796875 kbytes
[2024-06-22 14:41:19,007][utils.model][INFO] - Step 1/40 - val_loss: 1.1651 - val_accuracy: 0.7383
[2024-06-22 14:41:19,025][utils.model][INFO] - Step 2/40 - val_loss: 1.2005 - val_accuracy: 0.7305
[2024-06-22 14:41:19,043][utils.model][INFO] - Step 3/40 - val_loss: 1.2213 - val_accuracy: 0.7135
[2024-06-22 14:41:19,061][utils.model][INFO] - Step 4/40 - val_loss: 1.2147 - val_accuracy: 0.7178
[2024-06-22 14:41:19,079][utils.model][INFO] - Step 5/40 - val_loss: 1.2373 - val_accuracy: 0.7039
[2024-06-22 14:41:19,100][utils.model][INFO] - Step 6/40 - val_loss: 1.2414 - val_accuracy: 0.7025
[2024-06-22 14:41:19,121][utils.model][INFO] - Step 7/40 - val_loss: 1.2459 - val_accuracy: 0.7009
[2024-06-22 14:41:19,141][utils.model][INFO] - Step 8/40 - val_loss: 1.2393 - val_accuracy: 0.7046
[2024-06-22 14:41:19,162][utils.model][INFO] - Step 9/40 - val_loss: 1.2499 - val_accuracy: 0.7010
[2024-06-22 14:41:19,182][utils.model][INFO] - Step 10/40 - val_loss: 1.2438 - val_accuracy: 0.7070
[2024-06-22 14:41:19,204][utils.model][INFO] - Step 11/40 - val_loss: 1.2432 - val_accuracy: 0.7077
[2024-06-22 14:41:19,228][utils.model][INFO] - Step 12/40 - val_loss: 1.2366 - val_accuracy: 0.7126
[2024-06-22 14:41:19,252][utils.model][INFO] - Step 13/40 - val_loss: 1.2372 - val_accuracy: 0.7097
[2024-06-22 14:41:19,274][utils.model][INFO] - Step 14/40 - val_loss: 1.2376 - val_accuracy: 0.7073
[2024-06-22 14:41:19,296][utils.model][INFO] - Step 15/40 - val_loss: 1.2398 - val_accuracy: 0.7052
[2024-06-22 14:41:19,318][utils.model][INFO] - Step 16/40 - val_loss: 1.2387 - val_accuracy: 0.7058
[2024-06-22 14:41:19,341][utils.model][INFO] - Step 17/40 - val_loss: 1.2412 - val_accuracy: 0.7020
[2024-06-22 14:41:19,361][utils.model][INFO] - Step 18/40 - val_loss: 1.2440 - val_accuracy: 0.7007
[2024-06-22 14:41:19,381][utils.model][INFO] - Step 19/40 - val_loss: 1.2441 - val_accuracy: 0.6996
[2024-06-22 14:41:19,400][utils.model][INFO] - Step 20/40 - val_loss: 1.2408 - val_accuracy: 0.7004
[2024-06-22 14:41:19,417][utils.model][INFO] - Step 21/40 - val_loss: 1.2317 - val_accuracy: 0.7048
[2024-06-22 14:41:19,434][utils.model][INFO] - Step 22/40 - val_loss: 1.2224 - val_accuracy: 0.7092
[2024-06-22 14:41:19,451][utils.model][INFO] - Step 23/40 - val_loss: 1.2161 - val_accuracy: 0.7109
[2024-06-22 14:41:19,468][utils.model][INFO] - Step 24/40 - val_loss: 1.2118 - val_accuracy: 0.7103
[2024-06-22 14:41:19,485][utils.model][INFO] - Step 25/40 - val_loss: 1.2024 - val_accuracy: 0.7145
[2024-06-22 14:41:19,503][utils.model][INFO] - Step 26/40 - val_loss: 1.2027 - val_accuracy: 0.7138
[2024-06-22 14:41:19,521][utils.model][INFO] - Step 27/40 - val_loss: 1.1982 - val_accuracy: 0.7150
[2024-06-22 14:41:19,539][utils.model][INFO] - Step 28/40 - val_loss: 1.1942 - val_accuracy: 0.7176
[2024-06-22 14:41:19,557][utils.model][INFO] - Step 29/40 - val_loss: 1.1913 - val_accuracy: 0.7210
[2024-06-22 14:41:19,574][utils.model][INFO] - Step 30/40 - val_loss: 1.1912 - val_accuracy: 0.7217
[2024-06-22 14:41:19,590][utils.model][INFO] - Step 31/40 - val_loss: 1.1873 - val_accuracy: 0.7219
[2024-06-22 14:41:19,609][utils.model][INFO] - Step 32/40 - val_loss: 1.1817 - val_accuracy: 0.7244
[2024-06-22 14:41:19,628][utils.model][INFO] - Step 33/40 - val_loss: 1.1796 - val_accuracy: 0.7241
[2024-06-22 14:41:19,645][utils.model][INFO] - Step 34/40 - val_loss: 1.1746 - val_accuracy: 0.7261
[2024-06-22 14:41:19,664][utils.model][INFO] - Step 35/40 - val_loss: 1.1680 - val_accuracy: 0.7294
[2024-06-22 14:41:19,682][utils.model][INFO] - Step 36/40 - val_loss: 1.1651 - val_accuracy: 0.7304
[2024-06-22 14:41:19,699][utils.model][INFO] - Step 37/40 - val_loss: 1.1620 - val_accuracy: 0.7315
[2024-06-22 14:41:19,717][utils.model][INFO] - Step 38/40 - val_loss: 1.1618 - val_accuracy: 0.7315
[2024-06-22 14:41:19,734][utils.model][INFO] - Step 39/40 - val_loss: 1.1645 - val_accuracy: 0.7293
[2024-06-22 14:41:19,742][utils.model][INFO] - Step 40/40 - val_loss: 1.1585 - val_accuracy: 0.7293
[2024-06-22 14:41:19,744][utils.model][INFO] - Evaluation Results - Val Loss: 1.1585, Val Accuracy: 0.7293 in 40 steps
[2024-06-22 14:41:19,746][flwr][INFO] - fit progress: (1, 1.1585414, {'accuracy': 0.7293}, 7.919204014993738)
[2024-06-22 14:41:19,747][flwr][DEBUG] - evaluate_round 1: strategy sampled 5 clients (out of 5)
[2024-06-22 14:41:20,222][flwr][DEBUG] - evaluate_round 1 received 5 results and 0 failures
[2024-06-22 14:41:20,227][root][INFO] - Epoch data saved to /home/psklavos/fl/geom_aio/csv_logs/exp_20240622_144100/clients/client_0/epoch.csv
[2024-06-22 14:41:20,254][root][INFO] - Batch data saved to /home/psklavos/fl/geom_aio/csv_logs/exp_20240622_144100/clients/client_0/batch.csv
[2024-06-22 14:41:20,255][root][INFO] - Server data saved to /home/psklavos/fl/geom_aio/csv_logs/exp_20240622_144100/server/server.csv
[2024-06-22 14:41:25,031][flwr][DEBUG] - fit_round 2: strategy sampled 5 clients (out of 5)
[2024-06-22 14:41:30,462][flwr][DEBUG] - fit_round 2 received 5 results and 0 failures
[2024-06-22 14:41:30,528][utils.model][INFO] - LeNet model built
[2024-06-22 14:41:30,647][utils.model][INFO] - Size of serialized model: 279.0341796875 kbytes
[2024-06-22 14:41:30,676][utils.model][INFO] - Step 1/40 - val_loss: 0.2888 - val_accuracy: 0.9180
[2024-06-22 14:41:30,694][utils.model][INFO] - Step 2/40 - val_loss: 0.3385 - val_accuracy: 0.8965
[2024-06-22 14:41:30,712][utils.model][INFO] - Step 3/40 - val_loss: 0.3572 - val_accuracy: 0.8880
[2024-06-22 14:41:30,731][utils.model][INFO] - Step 4/40 - val_loss: 0.3440 - val_accuracy: 0.8916
[2024-06-22 14:41:30,749][utils.model][INFO] - Step 5/40 - val_loss: 0.3698 - val_accuracy: 0.8813
[2024-06-22 14:41:30,769][utils.model][INFO] - Step 6/40 - val_loss: 0.3776 - val_accuracy: 0.8796
[2024-06-22 14:41:30,787][utils.model][INFO] - Step 7/40 - val_loss: 0.3870 - val_accuracy: 0.8823
[2024-06-22 14:41:30,805][utils.model][INFO] - Step 8/40 - val_loss: 0.3820 - val_accuracy: 0.8867
[2024-06-22 14:41:30,823][utils.model][INFO] - Step 9/40 - val_loss: 0.3951 - val_accuracy: 0.8841
[2024-06-22 14:41:30,841][utils.model][INFO] - Step 10/40 - val_loss: 0.3900 - val_accuracy: 0.8852
[2024-06-22 14:41:30,859][utils.model][INFO] - Step 11/40 - val_loss: 0.3855 - val_accuracy: 0.8853
[2024-06-22 14:41:30,876][utils.model][INFO] - Step 12/40 - val_loss: 0.3804 - val_accuracy: 0.8870
[2024-06-22 14:41:30,894][utils.model][INFO] - Step 13/40 - val_loss: 0.3815 - val_accuracy: 0.8873
[2024-06-22 14:41:30,913][utils.model][INFO] - Step 14/40 - val_loss: 0.3799 - val_accuracy: 0.8878
[2024-06-22 14:41:30,933][utils.model][INFO] - Step 15/40 - val_loss: 0.3852 - val_accuracy: 0.8862
[2024-06-22 14:41:30,955][utils.model][INFO] - Step 16/40 - val_loss: 0.3893 - val_accuracy: 0.8845
[2024-06-22 14:41:30,979][utils.model][INFO] - Step 17/40 - val_loss: 0.3928 - val_accuracy: 0.8840
[2024-06-22 14:41:31,005][utils.model][INFO] - Step 18/40 - val_loss: 0.3946 - val_accuracy: 0.8835
[2024-06-22 14:41:31,033][utils.model][INFO] - Step 19/40 - val_loss: 0.3926 - val_accuracy: 0.8843
[2024-06-22 14:41:31,055][utils.model][INFO] - Step 20/40 - val_loss: 0.3913 - val_accuracy: 0.8859
[2024-06-22 14:41:31,080][utils.model][INFO] - Step 21/40 - val_loss: 0.3832 - val_accuracy: 0.8878
[2024-06-22 14:41:31,103][utils.model][INFO] - Step 22/40 - val_loss: 0.3721 - val_accuracy: 0.8913
[2024-06-22 14:41:31,126][utils.model][INFO] - Step 23/40 - val_loss: 0.3662 - val_accuracy: 0.8935
[2024-06-22 14:41:31,147][utils.model][INFO] - Step 24/40 - val_loss: 0.3651 - val_accuracy: 0.8929
[2024-06-22 14:41:31,169][utils.model][INFO] - Step 25/40 - val_loss: 0.3572 - val_accuracy: 0.8955
[2024-06-22 14:41:31,188][utils.model][INFO] - Step 26/40 - val_loss: 0.3566 - val_accuracy: 0.8959
[2024-06-22 14:41:31,208][utils.model][INFO] - Step 27/40 - val_loss: 0.3535 - val_accuracy: 0.8970
[2024-06-22 14:41:31,227][utils.model][INFO] - Step 28/40 - val_loss: 0.3469 - val_accuracy: 0.8990
[2024-06-22 14:41:31,243][utils.model][INFO] - Step 29/40 - val_loss: 0.3415 - val_accuracy: 0.9011
[2024-06-22 14:41:31,261][utils.model][INFO] - Step 30/40 - val_loss: 0.3392 - val_accuracy: 0.9020
[2024-06-22 14:41:31,281][utils.model][INFO] - Step 31/40 - val_loss: 0.3371 - val_accuracy: 0.9020
[2024-06-22 14:41:31,301][utils.model][INFO] - Step 32/40 - val_loss: 0.3315 - val_accuracy: 0.9036
[2024-06-22 14:41:31,321][utils.model][INFO] - Step 33/40 - val_loss: 0.3296 - val_accuracy: 0.9044
[2024-06-22 14:41:31,340][utils.model][INFO] - Step 34/40 - val_loss: 0.3236 - val_accuracy: 0.9066
[2024-06-22 14:41:31,359][utils.model][INFO] - Step 35/40 - val_loss: 0.3166 - val_accuracy: 0.9090
[2024-06-22 14:41:31,377][utils.model][INFO] - Step 36/40 - val_loss: 0.3144 - val_accuracy: 0.9094
[2024-06-22 14:41:31,394][utils.model][INFO] - Step 37/40 - val_loss: 0.3101 - val_accuracy: 0.9111
[2024-06-22 14:41:31,411][utils.model][INFO] - Step 38/40 - val_loss: 0.3095 - val_accuracy: 0.9111
[2024-06-22 14:41:31,429][utils.model][INFO] - Step 39/40 - val_loss: 0.3141 - val_accuracy: 0.9094
[2024-06-22 14:41:31,437][utils.model][INFO] - Step 40/40 - val_loss: 0.3114 - val_accuracy: 0.9094
[2024-06-22 14:41:31,439][utils.model][INFO] - Evaluation Results - Val Loss: 0.3114, Val Accuracy: 0.9094 in 40 steps
[2024-06-22 14:41:31,441][flwr][INFO] - fit progress: (2, 0.31141606, {'accuracy': 0.9094}, 19.613833292998606)
[2024-06-22 14:41:31,441][flwr][DEBUG] - evaluate_round 2: strategy sampled 5 clients (out of 5)
[2024-06-22 14:41:31,903][flwr][DEBUG] - evaluate_round 2 received 5 results and 0 failures
[2024-06-22 14:41:31,905][root][INFO] - Epoch data saved to /home/psklavos/fl/geom_aio/csv_logs/exp_20240622_144100/clients/client_0/epoch.csv
[2024-06-22 14:41:31,976][root][INFO] - Batch data saved to /home/psklavos/fl/geom_aio/csv_logs/exp_20240622_144100/clients/client_0/batch.csv
[2024-06-22 14:41:31,977][root][INFO] - Server data saved to /home/psklavos/fl/geom_aio/csv_logs/exp_20240622_144100/server/server.csv
[2024-06-22 14:41:36,788][flwr][DEBUG] - fit_round 3: strategy sampled 5 clients (out of 5)
[2024-06-22 14:41:46,561][flwr][DEBUG] - fit_round 3 received 5 results and 0 failures
[2024-06-22 14:41:46,629][utils.model][INFO] - LeNet model built
[2024-06-22 14:41:46,733][utils.model][INFO] - Size of serialized model: 279.0341796875 kbytes
[2024-06-22 14:41:46,764][utils.model][INFO] - Step 1/40 - val_loss: 0.1290 - val_accuracy: 0.9727
[2024-06-22 14:41:46,782][utils.model][INFO] - Step 2/40 - val_loss: 0.1676 - val_accuracy: 0.9473
[2024-06-22 14:41:46,800][utils.model][INFO] - Step 3/40 - val_loss: 0.1809 - val_accuracy: 0.9362
[2024-06-22 14:41:46,818][utils.model][INFO] - Step 4/40 - val_loss: 0.1786 - val_accuracy: 0.9395
[2024-06-22 14:41:46,838][utils.model][INFO] - Step 5/40 - val_loss: 0.2007 - val_accuracy: 0.9312
[2024-06-22 14:41:46,857][utils.model][INFO] - Step 6/40 - val_loss: 0.2063 - val_accuracy: 0.9310
[2024-06-22 14:41:46,875][utils.model][INFO] - Step 7/40 - val_loss: 0.2148 - val_accuracy: 0.9297
[2024-06-22 14:41:46,894][utils.model][INFO] - Step 8/40 - val_loss: 0.2134 - val_accuracy: 0.9312
[2024-06-22 14:41:46,913][utils.model][INFO] - Step 9/40 - val_loss: 0.2224 - val_accuracy: 0.9301
[2024-06-22 14:41:46,931][utils.model][INFO] - Step 10/40 - val_loss: 0.2168 - val_accuracy: 0.9316
[2024-06-22 14:41:46,949][utils.model][INFO] - Step 11/40 - val_loss: 0.2131 - val_accuracy: 0.9329
[2024-06-22 14:41:46,967][utils.model][INFO] - Step 12/40 - val_loss: 0.2115 - val_accuracy: 0.9342
[2024-06-22 14:41:46,985][utils.model][INFO] - Step 13/40 - val_loss: 0.2144 - val_accuracy: 0.9342
[2024-06-22 14:41:47,004][utils.model][INFO] - Step 14/40 - val_loss: 0.2129 - val_accuracy: 0.9342
[2024-06-22 14:41:47,022][utils.model][INFO] - Step 15/40 - val_loss: 0.2184 - val_accuracy: 0.9326
[2024-06-22 14:41:47,040][utils.model][INFO] - Step 16/40 - val_loss: 0.2227 - val_accuracy: 0.9316
[2024-06-22 14:41:47,058][utils.model][INFO] - Step 17/40 - val_loss: 0.2233 - val_accuracy: 0.9313
[2024-06-22 14:41:47,076][utils.model][INFO] - Step 18/40 - val_loss: 0.2238 - val_accuracy: 0.9310
[2024-06-22 14:41:47,095][utils.model][INFO] - Step 19/40 - val_loss: 0.2232 - val_accuracy: 0.9311
[2024-06-22 14:41:47,113][utils.model][INFO] - Step 20/40 - val_loss: 0.2220 - val_accuracy: 0.9318
[2024-06-22 14:41:47,133][utils.model][INFO] - Step 21/40 - val_loss: 0.2163 - val_accuracy: 0.9330
[2024-06-22 14:41:47,151][utils.model][INFO] - Step 22/40 - val_loss: 0.2096 - val_accuracy: 0.9352
[2024-06-22 14:41:47,170][utils.model][INFO] - Step 23/40 - val_loss: 0.2084 - val_accuracy: 0.9351
[2024-06-22 14:41:47,189][utils.model][INFO] - Step 24/40 - val_loss: 0.2112 - val_accuracy: 0.9336
[2024-06-22 14:41:47,207][utils.model][INFO] - Step 25/40 - val_loss: 0.2058 - val_accuracy: 0.9356
[2024-06-22 14:41:47,225][utils.model][INFO] - Step 26/40 - val_loss: 0.2056 - val_accuracy: 0.9358
[2024-06-22 14:41:47,245][utils.model][INFO] - Step 27/40 - val_loss: 0.2019 - val_accuracy: 0.9371
[2024-06-22 14:41:47,265][utils.model][INFO] - Step 28/40 - val_loss: 0.1967 - val_accuracy: 0.9388
[2024-06-22 14:41:47,284][utils.model][INFO] - Step 29/40 - val_loss: 0.1919 - val_accuracy: 0.9406
[2024-06-22 14:41:47,302][utils.model][INFO] - Step 30/40 - val_loss: 0.1891 - val_accuracy: 0.9415
[2024-06-22 14:41:47,321][utils.model][INFO] - Step 31/40 - val_loss: 0.1863 - val_accuracy: 0.9422
[2024-06-22 14:41:47,340][utils.model][INFO] - Step 32/40 - val_loss: 0.1822 - val_accuracy: 0.9436
[2024-06-22 14:41:47,359][utils.model][INFO] - Step 33/40 - val_loss: 0.1793 - val_accuracy: 0.9447
[2024-06-22 14:41:47,379][utils.model][INFO] - Step 34/40 - val_loss: 0.1753 - val_accuracy: 0.9460
[2024-06-22 14:41:47,397][utils.model][INFO] - Step 35/40 - val_loss: 0.1707 - val_accuracy: 0.9475
[2024-06-22 14:41:47,415][utils.model][INFO] - Step 36/40 - val_loss: 0.1704 - val_accuracy: 0.9480
[2024-06-22 14:41:47,432][utils.model][INFO] - Step 37/40 - val_loss: 0.1670 - val_accuracy: 0.9491
[2024-06-22 14:41:47,450][utils.model][INFO] - Step 38/40 - val_loss: 0.1662 - val_accuracy: 0.9496
[2024-06-22 14:41:47,468][utils.model][INFO] - Step 39/40 - val_loss: 0.1698 - val_accuracy: 0.9482
[2024-06-22 14:41:47,477][utils.model][INFO] - Step 40/40 - val_loss: 0.1672 - val_accuracy: 0.9483
[2024-06-22 14:41:47,479][utils.model][INFO] - Evaluation Results - Val Loss: 0.1672, Val Accuracy: 0.9483 in 40 steps
[2024-06-22 14:41:47,481][flwr][INFO] - fit progress: (3, 0.167242, {'accuracy': 0.9483}, 35.653736156004015)
[2024-06-22 14:41:47,481][flwr][DEBUG] - evaluate_round 3: strategy sampled 5 clients (out of 5)
[2024-06-22 14:41:47,956][flwr][DEBUG] - evaluate_round 3 received 5 results and 0 failures
[2024-06-22 14:41:47,959][root][INFO] - Epoch data saved to /home/psklavos/fl/geom_aio/csv_logs/exp_20240622_144100/clients/client_0/epoch.csv
[2024-06-22 14:41:48,114][root][INFO] - Batch data saved to /home/psklavos/fl/geom_aio/csv_logs/exp_20240622_144100/clients/client_0/batch.csv
[2024-06-22 14:41:48,115][root][INFO] - Server data saved to /home/psklavos/fl/geom_aio/csv_logs/exp_20240622_144100/server/server.csv
[2024-06-22 14:41:48,115][flwr][INFO] - FL finished in 36.288324861990986
[2024-06-22 14:41:48,116][flwr][INFO] - app_fit: losses_distributed [(1, 1.1794299602508544), (2, 0.3371711432933807), (3, 0.1878947913646698)]
[2024-06-22 14:41:48,116][flwr][INFO] - app_fit: metrics_distributed_fit {'average_norm': [(1, 5.156338214874268), (2, 5.029653835296631), (3, 5.014695358276367)], 'round_time': [(1, 2.4119145742542725), (2, 8.736635513849732), (3, 12.945739654582765)], 'average_downlink_time': [(1, 0.20227657450000003), (2, 1.3972727092), (3, 0.749023965)], 'average_rtc_check_time': [(1, 0.16183797249686904), (2, 0.6024489227565937), (3, 0.9492839117825497)], 'average_uplink_time': [(1, 0.11931220249999999), (2, 0.089972556), (3, 0.052282677)], 'average_computation_time': [(1, 1.754472017288208), (2, 4.527288913726807), (3, 8.329430198669433)], 'average_communication_time': [(1, 0.48342674949686903), (2, 2.0896941879565936), (3, 1.75059055378255)], 'average_fit_time': [(1, 2.0557456612586975), (2, 5.404689502716065), (3, 9.74964780807495)], 'average_throughput': [(1, 18.98696905891047), (2, 29.255173990997974), (3, 59.83691330768501)], 'dropouts': [(1, 1), (2, 0), (3, 0)]}
[2024-06-22 14:41:48,116][flwr][INFO] - app_fit: metrics_distributed {'accuracy': [(1, 0.715999984741211), (2, 0.9051666498184204), (3, 0.9414999961853028)]}
[2024-06-22 14:41:48,116][flwr][INFO] - app_fit: losses_centralized [(0, 2.317528), (1, 1.1585414), (2, 0.31141606), (3, 0.167242)]
[2024-06-22 14:41:48,116][flwr][INFO] - app_fit: metrics_centralized {'accuracy': [(0, 0.0774), (1, 0.7293), (2, 0.9094), (3, 0.9483)]}
