[2024-02-22 16:49:23,861][tensorflow][WARNING] - Skipping full serialization of Keras layer <client.model.CustomModel object at 0x7f82278dca30>, because it is not built.
[2024-02-22 16:49:23,869][tensorflow][WARNING] - Skipping full serialization of Keras layer <keras.src.layers.convolutional.conv2d.Conv2D object at 0x7f82277aa980>, because it is not built.
[2024-02-22 16:49:23,872][tensorflow][WARNING] - Skipping full serialization of Keras layer <keras.src.layers.pooling.max_pooling2d.MaxPooling2D object at 0x7f82277aa530>, because it is not built.
[2024-02-22 16:49:23,874][tensorflow][WARNING] - Skipping full serialization of Keras layer <keras.src.layers.reshaping.flatten.Flatten object at 0x7f82277a96f0>, because it is not built.
[2024-02-22 16:49:23,875][tensorflow][WARNING] - Skipping full serialization of Keras layer <keras.src.layers.core.dense.Dense object at 0x7f82277b5240>, because it is not built.
[2024-02-22 16:49:23,877][tensorflow][WARNING] - Skipping full serialization of Keras layer <keras.src.layers.core.dense.Dense object at 0x7f82277988e0>, because it is not built.
[2024-02-22 16:49:23,965][tensorflow][INFO] - Assets written to: /tmp/tmpnrpx1_n3/assets
[2024-02-22 16:49:23,975][flwr][INFO] - Opened insecure gRPC connection (no certificates were passed)
[2024-02-22 16:49:23,977][flwr][DEBUG] - ChannelConnectivity.IDLE
[2024-02-22 16:49:23,980][flwr][DEBUG] - ChannelConnectivity.CONNECTING
[2024-02-22 16:49:23,981][flwr][DEBUG] - ChannelConnectivity.READY
[2024-02-22 16:49:24,356][tensorflow][WARNING] - Skipping full serialization of Keras layer <client.model.CustomModel object at 0x7f78028f54b0>, because it is not built.
[2024-02-22 16:49:24,364][tensorflow][WARNING] - Skipping full serialization of Keras layer <keras.src.layers.convolutional.conv2d.Conv2D object at 0x7f78027a2c50>, because it is not built.
[2024-02-22 16:49:24,366][tensorflow][WARNING] - Skipping full serialization of Keras layer <keras.src.layers.pooling.max_pooling2d.MaxPooling2D object at 0x7f78027a00a0>, because it is not built.
[2024-02-22 16:49:24,368][tensorflow][WARNING] - Skipping full serialization of Keras layer <keras.src.layers.reshaping.flatten.Flatten object at 0x7f78027a1990>, because it is not built.
[2024-02-22 16:49:24,370][tensorflow][WARNING] - Skipping full serialization of Keras layer <keras.src.layers.core.dense.Dense object at 0x7f78027afd60>, because it is not built.
[2024-02-22 16:49:24,371][tensorflow][WARNING] - Skipping full serialization of Keras layer <keras.src.layers.core.dense.Dense object at 0x7f78027ad660>, because it is not built.
[2024-02-22 16:49:24,455][tensorflow][INFO] - Assets written to: /tmp/tmpwiew3klg/assets
[2024-02-22 16:49:24,469][flwr][INFO] - Opened insecure gRPC connection (no certificates were passed)
[2024-02-22 16:49:24,471][flwr][DEBUG] - ChannelConnectivity.IDLE
[2024-02-22 16:49:24,472][flwr][DEBUG] - ChannelConnectivity.READY
[2024-02-22 16:50:09,127][flwr][DEBUG] - gRPC channel closed
[2024-02-22 16:50:09,386][flwr][DEBUG] - gRPC channel closed
