[2024-06-19 03:09:29,071][utils.model][INFO] - LeNet model built
[2024-06-19 03:09:29,189][utils.model][INFO] - LeNet model built
[2024-06-19 03:09:29,313][utils.model][INFO] - Size of serialized model: 279.0341796875 kbytes
[2024-06-19 03:09:29,326][flwr][INFO] - Opened insecure gRPC connection (no certificates were passed)
[2024-06-19 03:09:29,330][flwr][DEBUG] - ChannelConnectivity.IDLE
[2024-06-19 03:09:29,335][flwr][DEBUG] - ChannelConnectivity.READY
[2024-06-19 03:09:29,461][utils.model][INFO] - Size of serialized model: 279.0341796875 kbytes
[2024-06-19 03:09:29,474][flwr][INFO] - Opened insecure gRPC connection (no certificates were passed)
[2024-06-19 03:09:29,478][flwr][DEBUG] - ChannelConnectivity.IDLE
[2024-06-19 03:09:29,483][flwr][DEBUG] - ChannelConnectivity.CONNECTING
[2024-06-19 03:09:29,484][flwr][DEBUG] - ChannelConnectivity.READY
[2024-06-19 03:09:29,855][utils.model][INFO] - LeNet model built
[2024-06-19 03:09:30,127][utils.model][INFO] - Size of serialized model: 279.0341796875 kbytes
[2024-06-19 03:09:30,137][flwr][INFO] - Opened insecure gRPC connection (no certificates were passed)
[2024-06-19 03:09:30,142][flwr][DEBUG] - ChannelConnectivity.IDLE
[2024-06-19 03:09:30,146][flwr][DEBUG] - ChannelConnectivity.READY
[2024-06-19 03:09:34,998][utils.model][INFO] - ========================== Epoch Start ==========================
[2024-06-19 03:09:35,000][utils.model][INFO] - ========================== Epoch Start ==========================
[2024-06-19 03:09:35,001][utils.model][INFO] - ========================== Epoch Start ==========================
[2024-06-19 03:09:35,374][utils.model][INFO] - (In epoch/Overall): (1/1)| inst_loss: 0.3713 - Mean loss: 2.3029 - acc: 0.0938 - norm: 0.12 - 2.30s
[2024-06-19 03:09:35,374][utils.model][INFO] - (In epoch/Overall): (1/1)| inst_loss: 0.3725 - Mean loss: 2.3106 - acc: 0.0938 - norm: 0.11 - 2.31s
[2024-06-19 03:09:35,374][utils.model][INFO] - (In epoch/Overall): (1/1)| inst_loss: 0.3747 - Mean loss: 2.3087 - acc: 0.0625 - norm: 0.13 - 2.31s
[2024-06-19 03:09:35,863][utils.model][INFO] - (In epoch/Overall): (11/11)| inst_loss: 0.8621 - Mean loss: 2.2438 - acc: 0.2017 - norm: 1.63 - 2.17s
[2024-06-19 03:09:35,863][utils.model][INFO] - (In epoch/Overall): (11/11)| inst_loss: 0.8609 - Mean loss: 2.2502 - acc: 0.1960 - norm: 1.55 - 2.16s
[2024-06-19 03:09:35,864][utils.model][INFO] - (In epoch/Overall): (11/11)| inst_loss: 0.8640 - Mean loss: 2.2362 - acc: 0.2102 - norm: 1.69 - 2.21s
[2024-06-19 03:09:36,327][utils.model][INFO] - (In epoch/Overall): (21/21)| inst_loss: 1.3244 - Mean loss: 2.1127 - acc: 0.2902 - norm: 4.50 - 1.97s
[2024-06-19 03:09:36,327][utils.model][INFO] - (In epoch/Overall): (21/21)| inst_loss: 1.3257 - Mean loss: 2.0936 - acc: 0.3006 - norm: 4.34 - 1.54s
[2024-06-19 03:09:36,327][utils.model][INFO] - (In epoch/Overall): (21/21)| inst_loss: 1.3276 - Mean loss: 2.0921 - acc: 0.3199 - norm: 4.73 - 1.71s
[2024-06-19 03:09:36,428][utils.model][INFO] - Epoch Results:
[2024-06-19 03:09:36,429][utils.model][INFO] - Epoch Results:
[2024-06-19 03:09:36,429][utils.model][INFO] - Epoch Results:
[2024-06-19 03:09:36,431][utils.model][INFO] - (In epoch/Overall): (23/23)| inst_loss: 1.7063 - Mean loss: 2.0603 - acc: 0.3383 - norm: 5.29 - 1.43s
[2024-06-19 03:09:36,432][utils.model][INFO] - (In epoch/Overall): (23/23)| inst_loss: 1.6287 - Mean loss: 2.0685 - acc: 0.3152 - norm: 5.08 - 1.43s
[2024-06-19 03:09:36,432][utils.model][INFO] - (In epoch/Overall): (23/23)| inst_loss: 1.5844 - Mean loss: 2.0575 - acc: 0.3207 - norm: 4.84 - 1.43s
