[2024-06-22 14:41:10,205][utils.model][INFO] - LeNet model built
[2024-06-22 14:41:10,729][utils.model][INFO] - Size of serialized model: 279.0341796875 kbytes
[2024-06-22 14:41:10,754][flwr][INFO] - Opened insecure gRPC connection (no certificates were passed)
[2024-06-22 14:41:10,758][flwr][DEBUG] - ChannelConnectivity.IDLE
[2024-06-22 14:41:10,759][flwr][DEBUG] - ChannelConnectivity.CONNECTING
[2024-06-22 14:41:10,763][flwr][DEBUG] - ChannelConnectivity.READY
[2024-06-22 14:41:10,771][utils.model][INFO] - LeNet model built
[2024-06-22 14:41:11,092][utils.model][INFO] - LeNet model built
[2024-06-22 14:41:11,205][utils.model][INFO] - Size of serialized model: 279.0341796875 kbytes
[2024-06-22 14:41:11,234][flwr][INFO] - Opened insecure gRPC connection (no certificates were passed)
[2024-06-22 14:41:11,239][flwr][DEBUG] - ChannelConnectivity.IDLE
[2024-06-22 14:41:11,241][flwr][DEBUG] - ChannelConnectivity.CONNECTING
[2024-06-22 14:41:11,242][flwr][DEBUG] - ChannelConnectivity.READY
[2024-06-22 14:41:11,456][utils.model][INFO] - Size of serialized model: 279.0341796875 kbytes
[2024-06-22 14:41:11,467][flwr][INFO] - Opened insecure gRPC connection (no certificates were passed)
[2024-06-22 14:41:11,470][flwr][DEBUG] - ChannelConnectivity.IDLE
[2024-06-22 14:41:11,475][flwr][DEBUG] - ChannelConnectivity.CONNECTING
[2024-06-22 14:41:11,477][flwr][DEBUG] - ChannelConnectivity.READY
[2024-06-22 14:41:16,727][utils.model][INFO] - ========================== Epoch Start ==========================
[2024-06-22 14:41:16,731][utils.model][INFO] - ========================== Epoch Start ==========================
[2024-06-22 14:41:17,164][utils.model][INFO] - (In epoch/Overall): (1/1)| inst_loss: 0.4356 - Mean loss: 2.2907 - acc: 0.1250 - norm: 0.22 - 2.29s
[2024-06-22 14:41:17,165][utils.model][INFO] - (In epoch/Overall): (1/1)| inst_loss: 0.4309 - Mean loss: 2.3065 - acc: 0.0625 - norm: 0.22 - 2.31s
[2024-06-22 14:41:17,831][utils.model][INFO] - (In epoch/Overall): (11/11)| inst_loss: 1.0982 - Mean loss: 2.1494 - acc: 0.2926 - norm: 1.87 - 1.96s
[2024-06-22 14:41:17,832][utils.model][INFO] - (In epoch/Overall): (11/11)| inst_loss: 1.1027 - Mean loss: 2.1472 - acc: 0.3182 - norm: 2.07 - 2.02s
[2024-06-22 14:41:18,442][utils.model][INFO] - (In epoch/Overall): (21/21)| inst_loss: 1.7087 - Mean loss: 1.9016 - acc: 0.4003 - norm: 4.14 - 1.57s
[2024-06-22 14:41:18,443][utils.model][INFO] - (In epoch/Overall): (21/21)| inst_loss: 1.7132 - Mean loss: 1.9028 - acc: 0.4107 - norm: 4.26 - 1.32s
[2024-06-22 14:41:18,783][utils.model][INFO] - Epoch Results:
[2024-06-22 14:41:18,783][utils.model][INFO] - Epoch Results:
[2024-06-22 14:41:18,786][utils.model][INFO] - (In epoch/Overall): (26/26)| inst_loss: 1.2289 - Mean loss: 1.7542 - acc: 0.4712 - norm: 5.37 - 2.06s
[2024-06-22 14:41:18,787][utils.model][INFO] - (In epoch/Overall): (26/26)| inst_loss: 1.2958 - Mean loss: 1.7514 - acc: 0.4603 - norm: 5.16 - 2.05s
[2024-06-22 14:41:20,202][utils.model][INFO] - Evaluation Results - Val Loss: 1.1742, Val Accuracy: 0.7075 in 19 steps
[2024-06-22 14:41:20,214][utils.model][INFO] - Evaluation Results - Val Loss: 1.1605, Val Accuracy: 0.7358 in 19 steps
[2024-06-22 14:41:20,218][utils.model][INFO] - Evaluation Results - Val Loss: 1.1956, Val Accuracy: 0.7150 in 19 steps
[2024-06-22 14:41:25,042][utils.model][INFO] - ========================== Epoch Start ==========================
[2024-06-22 14:41:25,045][utils.model][INFO] - ========================== Epoch Start ==========================
[2024-06-22 14:41:25,046][utils.model][INFO] - ========================== Epoch Start ==========================
[2024-06-22 14:41:25,324][utils.model][INFO] - (In epoch/Overall): (1/27)| inst_loss: 0.2770 - Mean loss: 1.3515 - acc: 0.6250 - norm: 0.10 - 1.35s
[2024-06-22 14:41:25,325][utils.model][INFO] - (In epoch/Overall): (1/27)| inst_loss: 0.2804 - Mean loss: 1.2753 - acc: 0.6250 - norm: 0.08 - 1.28s
[2024-06-22 14:41:25,325][utils.model][INFO] - (In epoch/Overall): (1/1)| inst_loss: 0.2770 - Mean loss: 1.1984 - acc: 0.6875 - norm: 0.37 - 1.20s
[2024-06-22 14:41:26,086][utils.model][INFO] - (In epoch/Overall): (11/37)| inst_loss: 1.0386 - Mean loss: 1.0808 - acc: 0.6847 - norm: 0.56 - 1.09s
[2024-06-22 14:41:26,086][utils.model][INFO] - (In epoch/Overall): (11/37)| inst_loss: 1.0418 - Mean loss: 1.1108 - acc: 0.6591 - norm: 0.57 - 0.85s
[2024-06-22 14:41:26,089][utils.model][INFO] - (In epoch/Overall): (11/11)| inst_loss: 1.0382 - Mean loss: 1.0693 - acc: 0.6818 - norm: 1.02 - 1.01s
[2024-06-22 14:41:26,742][utils.model][INFO] - (In epoch/Overall): (21/21)| inst_loss: 1.6948 - Mean loss: 0.9121 - acc: 0.7277 - norm: 1.68 - 0.66s
[2024-06-22 14:41:26,743][utils.model][INFO] - (In epoch/Overall): (21/47)| inst_loss: 1.6987 - Mean loss: 0.9507 - acc: 0.7113 - norm: 1.20 - 0.55s
[2024-06-22 14:41:26,743][utils.model][INFO] - (In epoch/Overall): (21/47)| inst_loss: 1.6959 - Mean loss: 0.9173 - acc: 0.7277 - norm: 1.22 - 0.55s
[2024-06-22 14:41:27,390][utils.model][INFO] - (In epoch/Overall): (31/31)| inst_loss: 2.3413 - Mean loss: 0.8163 - acc: 0.7591 - norm: 2.41 - 0.36s
[2024-06-22 14:41:27,390][utils.model][INFO] - (In epoch/Overall): (31/57)| inst_loss: 2.3453 - Mean loss: 0.8859 - acc: 0.7308 - norm: 1.86 - 0.57s
[2024-06-22 14:41:27,390][utils.model][INFO] - (In epoch/Overall): (31/57)| inst_loss: 2.3422 - Mean loss: 0.8682 - acc: 0.7349 - norm: 1.80 - 0.61s
[2024-06-22 14:41:28,058][utils.model][INFO] - (In epoch/Overall): (41/67)| inst_loss: 3.0145 - Mean loss: 0.8104 - acc: 0.7553 - norm: 2.60 - 0.61s
[2024-06-22 14:41:28,058][utils.model][INFO] - (In epoch/Overall): (41/67)| inst_loss: 3.0114 - Mean loss: 0.8126 - acc: 0.7538 - norm: 2.49 - 0.53s
[2024-06-22 14:41:28,059][utils.model][INFO] - (In epoch/Overall): (41/41)| inst_loss: 3.0107 - Mean loss: 0.7720 - acc: 0.7630 - norm: 3.10 - 0.72s
[2024-06-22 14:41:28,804][utils.model][INFO] - (In epoch/Overall): (51/77)| inst_loss: 3.7612 - Mean loss: 0.7595 - acc: 0.7665 - norm: 3.31 - 0.57s
[2024-06-22 14:41:28,804][utils.model][INFO] - (In epoch/Overall): (51/77)| inst_loss: 3.7579 - Mean loss: 0.7787 - acc: 0.7641 - norm: 3.17 - 0.30s
[2024-06-22 14:41:28,805][utils.model][INFO] - (In epoch/Overall): (51/51)| inst_loss: 3.7574 - Mean loss: 0.7106 - acc: 0.7819 - norm: 3.88 - 0.26s
[2024-06-22 14:41:29,553][utils.model][INFO] - (In epoch/Overall): (61/61)| inst_loss: 4.5057 - Mean loss: 0.6627 - acc: 0.7946 - norm: 4.71 - 0.34s
[2024-06-22 14:41:29,553][utils.model][INFO] - (In epoch/Overall): (61/87)| inst_loss: 4.5100 - Mean loss: 0.7271 - acc: 0.7807 - norm: 4.00 - 0.37s
[2024-06-22 14:41:29,554][utils.model][INFO] - (In epoch/Overall): (61/87)| inst_loss: 4.5069 - Mean loss: 0.7412 - acc: 0.7756 - norm: 3.93 - 0.51s
[2024-06-22 14:41:30,243][utils.model][INFO] - (In epoch/Overall): (71/97)| inst_loss: 5.1958 - Mean loss: 0.6923 - acc: 0.7901 - norm: 4.62 - 0.25s
[2024-06-22 14:41:30,243][utils.model][INFO] - (In epoch/Overall): (71/71)| inst_loss: 5.1951 - Mean loss: 0.6220 - acc: 0.8085 - norm: 5.32 - 0.38s
[2024-06-22 14:41:30,243][utils.model][INFO] - (In epoch/Overall): (71/97)| inst_loss: 5.1991 - Mean loss: 0.6860 - acc: 0.7949 - norm: 4.83 - 0.44s
[2024-06-22 14:41:30,445][utils.model][INFO] - Epoch Results:
[2024-06-22 14:41:30,446][utils.model][INFO] - Epoch Results:
[2024-06-22 14:41:30,448][utils.model][INFO] - Epoch Results:
[2024-06-22 14:41:30,451][utils.model][INFO] - (In epoch/Overall): (74/74)| inst_loss: 0.2861 - Mean loss: 0.6076 - acc: 0.8117 - norm: 5.54 - 5.40s
[2024-06-22 14:41:30,451][utils.model][INFO] - (In epoch/Overall): (74/100)| inst_loss: 0.2871 - Mean loss: 0.6791 - acc: 0.7931 - norm: 4.81 - 5.40s
[2024-06-22 14:41:30,452][utils.model][INFO] - (In epoch/Overall): (74/100)| inst_loss: 0.2688 - Mean loss: 0.6737 - acc: 0.7986 - norm: 5.04 - 5.41s
[2024-06-22 14:41:31,887][utils.model][INFO] - Evaluation Results - Val Loss: 0.3361, Val Accuracy: 0.9042 in 19 steps
[2024-06-22 14:41:31,894][utils.model][INFO] - Evaluation Results - Val Loss: 0.3289, Val Accuracy: 0.9025 in 19 steps
[2024-06-22 14:41:31,900][utils.model][INFO] - Evaluation Results - Val Loss: 0.3432, Val Accuracy: 0.9017 in 19 steps
[2024-06-22 14:41:36,796][utils.model][INFO] - ========================== Epoch Start ==========================
[2024-06-22 14:41:36,800][utils.model][INFO] - ========================== Epoch Start ==========================
[2024-06-22 14:41:36,803][utils.model][INFO] - ========================== Epoch Start ==========================
[2024-06-22 14:41:36,913][utils.model][INFO] - (In epoch/Overall): (1/101)| inst_loss: 0.1107 - Mean loss: 0.3382 - acc: 0.9375 - norm: 0.03 - 0.34s
[2024-06-22 14:41:36,913][utils.model][INFO] - (In epoch/Overall): (1/75)| inst_loss: 0.1083 - Mean loss: 0.6219 - acc: 0.8125 - norm: 0.04 - 0.62s
[2024-06-22 14:41:36,913][utils.model][INFO] - (In epoch/Overall): (1/101)| inst_loss: 0.1150 - Mean loss: 0.1968 - acc: 0.9688 - norm: 0.02 - 0.20s
[2024-06-22 14:41:37,616][utils.model][INFO] - (In epoch/Overall): (11/85)| inst_loss: 0.8118 - Mean loss: 0.4055 - acc: 0.8807 - norm: 0.26 - 0.64s
[2024-06-22 14:41:37,617][utils.model][INFO] - (In epoch/Overall): (11/111)| inst_loss: 0.8182 - Mean loss: 0.2718 - acc: 0.8977 - norm: 0.20 - 0.27s
[2024-06-22 14:41:37,617][utils.model][INFO] - (In epoch/Overall): (11/111)| inst_loss: 0.8146 - Mean loss: 0.4136 - acc: 0.8750 - norm: 0.25 - 0.46s
[2024-06-22 14:41:38,260][utils.model][INFO] - (In epoch/Overall): (21/121)| inst_loss: 1.4624 - Mean loss: 0.3926 - acc: 0.8646 - norm: 0.46 - 0.60s
[2024-06-22 14:41:38,261][utils.model][INFO] - (In epoch/Overall): (21/95)| inst_loss: 1.4560 - Mean loss: 0.3753 - acc: 0.8929 - norm: 0.47 - 0.20s
[2024-06-22 14:41:38,261][utils.model][INFO] - (In epoch/Overall): (21/121)| inst_loss: 1.4592 - Mean loss: 0.3823 - acc: 0.8839 - norm: 0.44 - 0.36s
[2024-06-22 14:41:38,928][utils.model][INFO] - (In epoch/Overall): (31/105)| inst_loss: 2.1240 - Mean loss: 0.3720 - acc: 0.8891 - norm: 0.75 - 0.66s
[2024-06-22 14:41:38,929][utils.model][INFO] - (In epoch/Overall): (31/131)| inst_loss: 2.1266 - Mean loss: 0.3991 - acc: 0.8810 - norm: 0.83 - 0.65s
[2024-06-22 14:41:38,930][utils.model][INFO] - (In epoch/Overall): (31/131)| inst_loss: 2.1304 - Mean loss: 0.3829 - acc: 0.8710 - norm: 0.65 - 0.37s
[2024-06-22 14:41:39,642][utils.model][INFO] - (In epoch/Overall): (41/141)| inst_loss: 2.8440 - Mean loss: 0.3759 - acc: 0.8727 - norm: 0.94 - 0.52s
[2024-06-22 14:41:39,642][utils.model][INFO] - (In epoch/Overall): (41/141)| inst_loss: 2.8404 - Mean loss: 0.3865 - acc: 0.8834 - norm: 1.10 - 0.19s
[2024-06-22 14:41:39,642][utils.model][INFO] - (In epoch/Overall): (41/115)| inst_loss: 2.8380 - Mean loss: 0.3475 - acc: 0.8933 - norm: 0.95 - 0.24s
[2024-06-22 14:41:40,293][utils.model][INFO] - (In epoch/Overall): (51/151)| inst_loss: 3.4950 - Mean loss: 0.3799 - acc: 0.8768 - norm: 1.26 - 0.29s
[2024-06-22 14:41:40,294][utils.model][INFO] - (In epoch/Overall): (51/151)| inst_loss: 3.4908 - Mean loss: 0.3741 - acc: 0.8909 - norm: 1.39 - 0.21s
[2024-06-22 14:41:40,294][utils.model][INFO] - (In epoch/Overall): (51/125)| inst_loss: 3.4884 - Mean loss: 0.3369 - acc: 0.8952 - norm: 1.36 - 0.19s
[2024-06-22 14:41:40,956][utils.model][INFO] - (In epoch/Overall): (61/135)| inst_loss: 4.1517 - Mean loss: 0.3271 - acc: 0.8965 - norm: 1.71 - 0.47s
[2024-06-22 14:41:40,956][utils.model][INFO] - (In epoch/Overall): (61/161)| inst_loss: 4.1542 - Mean loss: 0.3608 - acc: 0.8950 - norm: 1.77 - 0.22s
[2024-06-22 14:41:40,958][utils.model][INFO] - (In epoch/Overall): (61/161)| inst_loss: 4.1581 - Mean loss: 0.3699 - acc: 0.8827 - norm: 1.55 - 0.12s
[2024-06-22 14:41:41,592][utils.model][INFO] - (In epoch/Overall): (71/171)| inst_loss: 4.7933 - Mean loss: 0.3541 - acc: 0.8886 - norm: 1.89 - 0.20s
[2024-06-22 14:41:41,592][utils.model][INFO] - (In epoch/Overall): (71/145)| inst_loss: 4.7868 - Mean loss: 0.3198 - acc: 0.9005 - norm: 2.05 - 0.37s
[2024-06-22 14:41:41,592][utils.model][INFO] - (In epoch/Overall): (71/171)| inst_loss: 4.7891 - Mean loss: 0.3515 - acc: 0.8948 - norm: 2.23 - 0.19s
[2024-06-22 14:41:42,305][utils.model][INFO] - (In epoch/Overall): (81/155)| inst_loss: 5.5004 - Mean loss: 0.3229 - acc: 0.8978 - norm: 2.52 - 0.20s
[2024-06-22 14:41:42,305][utils.model][INFO] - (In epoch/Overall): (81/181)| inst_loss: 5.5031 - Mean loss: 0.3499 - acc: 0.8935 - norm: 2.61 - 0.39s
[2024-06-22 14:41:42,307][utils.model][INFO] - (In epoch/Overall): (81/181)| inst_loss: 5.5073 - Mean loss: 0.3503 - acc: 0.8900 - norm: 2.43 - 0.20s
[2024-06-22 14:41:43,020][utils.model][INFO] - (In epoch/Overall): (91/165)| inst_loss: 6.2148 - Mean loss: 0.3111 - acc: 0.9025 - norm: 2.81 - 0.49s
[2024-06-22 14:41:43,020][utils.model][INFO] - (In epoch/Overall): (91/191)| inst_loss: 6.2210 - Mean loss: 0.3374 - acc: 0.8946 - norm: 2.90 - 0.16s
[2024-06-22 14:41:43,021][utils.model][INFO] - (In epoch/Overall): (91/191)| inst_loss: 6.2182 - Mean loss: 0.3465 - acc: 0.8935 - norm: 3.04 - 0.31s
[2024-06-22 14:41:43,904][utils.model][INFO] - (In epoch/Overall): (101/201)| inst_loss: 7.1060 - Mean loss: 0.3325 - acc: 0.8954 - norm: 3.31 - 0.08s
[2024-06-22 14:41:43,904][utils.model][INFO] - (In epoch/Overall): (101/201)| inst_loss: 7.1020 - Mean loss: 0.3355 - acc: 0.8957 - norm: 3.34 - 0.30s
[2024-06-22 14:41:43,906][utils.model][INFO] - (In epoch/Overall): (101/175)| inst_loss: 7.1002 - Mean loss: 0.3099 - acc: 0.9035 - norm: 3.30 - 0.21s
[2024-06-22 14:41:44,630][utils.model][INFO] - (In epoch/Overall): (111/185)| inst_loss: 7.8256 - Mean loss: 0.2994 - acc: 0.9062 - norm: 3.73 - 0.30s
[2024-06-22 14:41:44,630][utils.model][INFO] - (In epoch/Overall): (111/211)| inst_loss: 7.8320 - Mean loss: 0.3249 - acc: 0.8998 - norm: 3.69 - 0.43s
[2024-06-22 14:41:44,631][utils.model][INFO] - (In epoch/Overall): (111/211)| inst_loss: 7.8284 - Mean loss: 0.3311 - acc: 0.8964 - norm: 3.88 - 0.49s
[2024-06-22 14:41:45,288][utils.model][INFO] - (In epoch/Overall): (121/221)| inst_loss: 8.4857 - Mean loss: 0.3262 - acc: 0.8982 - norm: 4.35 - 0.14s
[2024-06-22 14:41:45,289][utils.model][INFO] - (In epoch/Overall): (121/221)| inst_loss: 8.4902 - Mean loss: 0.3177 - acc: 0.9032 - norm: 4.14 - 0.06s
[2024-06-22 14:41:45,289][utils.model][INFO] - (In epoch/Overall): (121/195)| inst_loss: 8.4837 - Mean loss: 0.2941 - acc: 0.9086 - norm: 4.19 - 0.25s
[2024-06-22 14:41:45,986][utils.model][INFO] - (In epoch/Overall): (131/231)| inst_loss: 9.1839 - Mean loss: 0.3209 - acc: 0.8986 - norm: 4.81 - 0.18s
[2024-06-22 14:41:45,986][utils.model][INFO] - (In epoch/Overall): (131/231)| inst_loss: 9.1878 - Mean loss: 0.3114 - acc: 0.9062 - norm: 4.56 - 0.23s
[2024-06-22 14:41:45,986][utils.model][INFO] - (In epoch/Overall): (131/205)| inst_loss: 9.1815 - Mean loss: 0.2900 - acc: 0.9094 - norm: 4.70 - 0.35s
[2024-06-22 14:41:46,548][utils.model][INFO] - Epoch Results:
[2024-06-22 14:41:46,548][utils.model][INFO] - Epoch Results:
[2024-06-22 14:41:46,548][utils.model][INFO] - Epoch Results:
[2024-06-22 14:41:46,551][utils.model][INFO] - (In epoch/Overall): (139/239)| inst_loss: 0.1016 - Mean loss: 0.3163 - acc: 0.9006 - norm: 5.21 - 9.75s
[2024-06-22 14:41:46,551][utils.model][INFO] - (In epoch/Overall): (139/239)| inst_loss: 0.1959 - Mean loss: 0.3115 - acc: 0.9062 - norm: 5.15 - 9.75s
[2024-06-22 14:41:46,552][utils.model][INFO] - (In epoch/Overall): (139/213)| inst_loss: 0.2021 - Mean loss: 0.2884 - acc: 0.9103 - norm: 5.14 - 9.75s
[2024-06-22 14:41:47,928][utils.model][INFO] - Evaluation Results - Val Loss: 0.1925, Val Accuracy: 0.9417 in 19 steps
[2024-06-22 14:41:47,947][utils.model][INFO] - Evaluation Results - Val Loss: 0.1724, Val Accuracy: 0.9417 in 19 steps
[2024-06-22 14:41:47,952][utils.model][INFO] - Evaluation Results - Val Loss: 0.1909, Val Accuracy: 0.9400 in 19 steps
[2024-06-22 14:41:48,123][flwr][DEBUG] - gRPC channel closed
[2024-06-22 14:41:48,123][flwr][DEBUG] - gRPC channel closed
[2024-06-22 14:41:48,123][flwr][INFO] - Disconnect and shut down
[2024-06-22 14:41:48,123][flwr][DEBUG] - gRPC channel closed
[2024-06-22 14:41:48,123][flwr][INFO] - Disconnect and shut down
[2024-06-22 14:41:48,123][flwr][INFO] - Disconnect and shut down
