[2024-06-20 16:47:54,415][utils.model][INFO] - LeNet model built
[2024-06-20 16:47:54,790][utils.model][INFO] - Size of serialized model: 279.0341796875 kbytes
[2024-06-20 16:47:54,805][flwr][INFO] - Opened insecure gRPC connection (no certificates were passed)
[2024-06-20 16:47:54,810][flwr][DEBUG] - ChannelConnectivity.IDLE
[2024-06-20 16:47:54,813][flwr][DEBUG] - ChannelConnectivity.READY
[2024-06-20 16:48:05,222][utils.model][INFO] - ========================== Epoch Start ==========================
[2024-06-20 16:48:05,694][utils.model][INFO] - (In epoch/Overall): (1/1)| inst_loss: 0.4711 - Mean loss: 2.2839 - acc: 0.0938 - norm: 0.20 - 2.28s
[2024-06-20 16:48:06,176][utils.model][INFO] - (In epoch/Overall): (11/11)| inst_loss: 0.9529 - Mean loss: 2.2066 - acc: 0.2699 - norm: 1.75 - 2.00s
[2024-06-20 16:48:06,636][utils.model][INFO] - (In epoch/Overall): (21/21)| inst_loss: 1.4125 - Mean loss: 1.9985 - acc: 0.3557 - norm: 3.87 - 1.44s
[2024-06-20 16:48:06,891][utils.model][INFO] - Epoch Results:
[2024-06-20 16:48:06,895][utils.model][INFO] - (In epoch/Overall): (26/26)| inst_loss: 1.4669 - Mean loss: 1.8998 - acc: 0.3954 - norm: 4.91 - 1.67s
[2024-06-20 16:48:08,552][utils.model][INFO] - Evaluation Results - Val Loss: 1.2698, Val Accuracy: 0.7035 in 32 steps
[2024-06-20 16:48:19,726][utils.model][INFO] - ========================== Epoch Start ==========================
[2024-06-20 16:48:19,839][utils.model][INFO] - (In epoch/Overall): (1/27)| inst_loss: 0.1112 - Mean loss: 1.2369 - acc: 0.6562 - norm: 0.07 - 1.24s
[2024-06-20 16:48:20,453][utils.model][INFO] - (In epoch/Overall): (11/37)| inst_loss: 0.7247 - Mean loss: 1.1595 - acc: 0.6534 - norm: 0.47 - 0.95s
[2024-06-20 16:48:21,031][utils.model][INFO] - (In epoch/Overall): (21/47)| inst_loss: 1.3032 - Mean loss: 0.9895 - acc: 0.7024 - norm: 1.01 - 0.69s
[2024-06-20 16:48:21,588][utils.model][INFO] - (In epoch/Overall): (31/57)| inst_loss: 1.8599 - Mean loss: 0.9264 - acc: 0.7167 - norm: 1.58 - 0.95s
[2024-06-20 16:48:22,080][utils.model][INFO] - (In epoch/Overall): (41/67)| inst_loss: 2.3526 - Mean loss: 0.8562 - acc: 0.7302 - norm: 2.15 - 0.51s
[2024-06-20 16:48:22,586][utils.model][INFO] - (In epoch/Overall): (51/77)| inst_loss: 2.8582 - Mean loss: 0.7990 - acc: 0.7482 - norm: 2.78 - 0.67s
[2024-06-20 16:48:23,089][utils.model][INFO] - (In epoch/Overall): (61/87)| inst_loss: 3.3612 - Mean loss: 0.7576 - acc: 0.7623 - norm: 3.43 - 0.56s
[2024-06-20 16:48:23,555][utils.model][INFO] - (In epoch/Overall): (71/97)| inst_loss: 3.8276 - Mean loss: 0.7205 - acc: 0.7746 - norm: 4.02 - 0.23s
[2024-06-20 16:48:24,058][utils.model][INFO] - (In epoch/Overall): (81/107)| inst_loss: 4.3291 - Mean loss: 0.6991 - acc: 0.7785 - norm: 4.82 - 0.37s
[2024-06-20 16:48:24,173][utils.model][INFO] - Epoch Results:
[2024-06-20 16:48:24,176][utils.model][INFO] - (In epoch/Overall): (83/109)| inst_loss: 0.5398 - Mean loss: 0.6946 - acc: 0.7805 - norm: 4.98 - 4.45s
[2024-06-20 16:48:25,866][utils.model][INFO] - Evaluation Results - Val Loss: 0.3842, Val Accuracy: 0.8815 in 32 steps
